ACTION[Main]: GRUG_WP40_PROFILE_PROBE phase=disk event=start engine=5.17.0 lua=LuaJIT_2.1.1784272936 seed=531802985935182545 cases=24 manifest=114f03c2a5607c669382f300cd15fa6aad4573a1428ecca8331b35bb829dc621 full_digest=false
ACTION[Emerge-0]: GRUG_WP40_PROFILE_PROBE phase=disk event=emerge case=owner_48:-32:2608 mapchunk=48,-32,2608 elapsed_us=8767748 generated=0 disk=125 memory=0 cancelled=0 errored=0
ACTION[Emerge-0]: GRUG_WP40_PROFILE_PROBE phase=disk event=emerge case=owner_48:-32:2528 mapchunk=48,-32,2528 elapsed_us=2438 generated=0 disk=125 memory=0 cancelled=0 errored=0
ACTION[Emerge-0]: GRUG_WP40_PROFILE_PROBE phase=disk event=emerge case=owner_48:-32:2448 mapchunk=48,-32,2448 elapsed_us=2707 generated=0 disk=125 memory=0 cancelled=0 errored=0
ACTION[Emerge-0]: GRUG_WP40_PROFILE_PROBE phase=disk event=emerge case=owner_48:-32:-2672 mapchunk=48,-32,-2672 elapsed_us=2583 generated=0 disk=125 memory=0 cancelled=0 errored=0
ACTION[Emerge-0]: GRUG_WP40_PROFILE_PROBE phase=disk event=emerge case=owner_48:-32:-2592 mapchunk=48,-32,-2592 elapsed_us=3525 generated=0 disk=125 memory=0 cancelled=0 errored=0
ACTION[Emerge-0]: GRUG_WP40_PROFILE_PROBE phase=disk event=emerge case=owner_48:-32:-2512 mapchunk=48,-32,-2512 elapsed_us=3167 generated=0 disk=125 memory=0 cancelled=0 errored=0
ACTION[Emerge-0]: GRUG_WP40_PROFILE_PROBE phase=disk event=emerge case=owner_-32:-32:2608 mapchunk=-32,-32,2608 elapsed_us=2512 generated=0 disk=125 memory=0 cancelled=0 errored=0
ACTION[Emerge-0]: GRUG_WP40_PROFILE_PROBE phase=disk event=emerge case=owner_-32:-32:2528 mapchunk=-32,-32,2528 elapsed_us=2944 generated=0 disk=125 memory=0 cancelled=0 errored=0
ACTION[Emerge-0]: GRUG_WP40_PROFILE_PROBE phase=disk event=emerge case=owner_-32:-32:2448 mapchunk=-32,-32,2448 elapsed_us=2836 generated=0 disk=125 memory=0 cancelled=0 errored=0
ACTION[Emerge-0]: GRUG_WP40_PROFILE_PROBE phase=disk event=emerge case=owner_-32:-32:-2672 mapchunk=-32,-32,-2672 elapsed_us=2633 generated=0 disk=125 memory=0 cancelled=0 errored=0
ACTION[Emerge-0]: GRUG_WP40_PROFILE_PROBE phase=disk event=emerge case=owner_-32:-32:-2592 mapchunk=-32,-32,-2592 elapsed_us=2867 generated=0 disk=125 memory=0 cancelled=0 errored=0
ACTION[Emerge-0]: GRUG_WP40_PROFILE_PROBE phase=disk event=emerge case=owner_-32:-32:-2512 mapchunk=-32,-32,-2512 elapsed_us=2739 generated=0 disk=125 memory=0 cancelled=0 errored=0
ACTION[Emerge-0]: GRUG_WP40_PROFILE_PROBE phase=disk event=emerge case=owner_-1872:-32:-2672 mapchunk=-1872,-32,-2672 elapsed_us=2603 generated=0 disk=125 memory=0 cancelled=0 errored=0
ACTION[Emerge-0]: GRUG_WP40_PROFILE_PROBE phase=disk event=emerge case=owner_-1872:-32:-2592 mapchunk=-1872,-32,-2592 elapsed_us=2875 generated=0 disk=125 memory=0 cancelled=0 errored=0
ACTION[Emerge-0]: GRUG_WP40_PROFILE_PROBE phase=disk event=emerge case=owner_-1872:-32:-2512 mapchunk=-1872,-32,-2512 elapsed_us=2746 generated=0 disk=125 memory=0 cancelled=0 errored=0
ACTION[Emerge-0]: GRUG_WP40_PROFILE_PROBE phase=disk event=emerge case=owner_-1792:-32:-2672 mapchunk=-1792,-32,-2672 elapsed_us=2481 generated=0 disk=125 memory=0 cancelled=0 errored=0
ACTION[Emerge-0]: GRUG_WP40_PROFILE_PROBE phase=disk event=emerge case=owner_-1792:-32:-2592 mapchunk=-1792,-32,-2592 elapsed_us=3354 generated=0 disk=125 memory=0 cancelled=0 errored=0
ACTION[Emerge-0]: GRUG_WP40_PROFILE_PROBE phase=disk event=emerge case=owner_-1792:-32:-2512 mapchunk=-1792,-32,-2512 elapsed_us=2876 generated=0 disk=125 memory=0 cancelled=0 errored=0
ACTION[Emerge-0]: GRUG_WP40_PROFILE_PROBE phase=disk event=emerge case=owner_-112:-32:2608 mapchunk=-112,-32,2608 elapsed_us=2615 generated=0 disk=125 memory=0 cancelled=0 errored=0
ACTION[Emerge-0]: GRUG_WP40_PROFILE_PROBE phase=disk event=emerge case=owner_-112:-32:2528 mapchunk=-112,-32,2528 elapsed_us=2550 generated=0 disk=125 memory=0 cancelled=0 errored=0
ACTION[Emerge-0]: GRUG_WP40_PROFILE_PROBE phase=disk event=emerge case=owner_-112:-32:2448 mapchunk=-112,-32,2448 elapsed_us=3685 generated=0 disk=125 memory=0 cancelled=0 errored=0
ACTION[Emerge-0]: GRUG_WP40_PROFILE_PROBE phase=disk event=emerge case=owner_-112:-32:-2672 mapchunk=-112,-32,-2672 elapsed_us=2574 generated=0 disk=125 memory=0 cancelled=0 errored=0
ACTION[Emerge-0]: GRUG_WP40_PROFILE_PROBE phase=disk event=emerge case=owner_-112:-32:-2592 mapchunk=-112,-32,-2592 elapsed_us=2524 generated=0 disk=125 memory=0 cancelled=0 errored=0
ACTION[Emerge-0]: GRUG_WP40_PROFILE_PROBE phase=disk event=emerge case=owner_-112:-32:-2512 mapchunk=-112,-32,-2512 elapsed_us=2530 generated=0 disk=125 memory=0 cancelled=0 errored=0
ACTION[Server]: GRUG_WP40_PROFILE_PROBE phase=disk event=complete requested=24 completed=24 callbacks=0 generated=0 disk=3000 memory=0 cancelled=0 errored=0 samples=888 expected_nodes=0 digest=c6943001e4b7bd2b60ee58cd4c8b747c23bee3d5728eb6f4bf50cd497d135891 full_digest=disabled full_vocabulary_digest=- full_voxels=0 measured_elapsed_us=9994655 diagnostic_us=625
