mods/PLAYER/grug_abilities/init.lua
2	[6]	SETGLOBAL	0 -1	; grug_abilities
tools/r9_mounts/mounts_kat.lua
62	[41]	SETGLOBAL	13 -23	; ItemStack
156	[228]	SETGLOBAL	16 -30	; core
174	[257]	SETGLOBAL	16 -61	; vector
180	[258]	SETGLOBAL	16 -67	; player_api
193	[274]	SETGLOBAL	16 -70	; grug_core
197	[281]	SETGLOBAL	16 -75	; grug_visuals
201	[282]	SETGLOBAL	16 -77	; grug_xp
207	[290]	SETGLOBAL	16 -79	; grug_money
218	[301]	SETGLOBAL	16 -82	; grug_factions
224	[303]	SETGLOBAL	16 -87	; grug_mobs
231	[307]	SETGLOBAL	16 -90	; grug_classes
233	[308]	SETGLOBAL	16 -93	; grug_jobs
247	[347]	SETGLOBAL	16 -94	; grug_zones
1435	[594]	SETGLOBAL	57 -94	; grug_zones
1493	[602]	SETGLOBAL	56 -94	; grug_zones
2160	[739]	SETGLOBAL	65 -311	; grug_projectiles
tools/wp39/combat_integration_test.lua
9	[8]	SETGLOBAL	1 -4	; player_api
13	[9]	SETGLOBAL	1 -6	; grug_inventory
42	[35]	SETGLOBAL	11 -17	; vector
81	[81]	SETGLOBAL	12 -30	; ItemStack
223	[206]	SETGLOBAL	13 -38	; core
225	[208]	SETGLOBAL	13 -93	; grug_core
258	[235]	SETGLOBAL	14 -94	; grug_classes
260	[237]	SETGLOBAL	14 -112	; grug_factions
273	[247]	SETGLOBAL	14 -116	; grug_xp
283	[255]	SETGLOBAL	15 -118	; grug_mobs
295	[267]	SETGLOBAL	18 -122	; grug_projectiles
1705	[806]	SETGLOBAL	63 -305	; grug_mounts
tools/wp39/swing_aim_test.lua
17	[14]	SETGLOBAL	11 -5	; player_api
19	[16]	SETGLOBAL	11 -7	; vector
53	[43]	SETGLOBAL	13 -18	; ItemStack
174	[132]	SETGLOBAL	14 -32	; core
199	[145]	SETGLOBAL	14 -77	; grug_classes
207	[150]	SETGLOBAL	14 -91	; grug_factions
211	[151]	SETGLOBAL	14 -95	; grug_xp
219	[158]	SETGLOBAL	14 -97	; grug_mobs
227	[163]	SETGLOBAL	14 -101	; grug_projectiles
237	[169]	SETGLOBAL	14 -105	; grug_inventory
243	[173]	SETGLOBAL	14 -110	; grug_repair
318	[223]	SETGLOBAL	18 -113	; grug_core
