INFO[Main]: Profiler:
INFO[Main]:   Server::RunStep() (max) [ms] ____________________    1x       51
INFO[Main]: Profiler:
INFO[Main]:   Server: map saving (sum) [ms] 
INFO[Main]:   Server::RunStep() (max) [ms] ____________________    1x       51
INFO[Main]: Profiler:
INFO[Main]:   Server: map saving (sum) [ms] 
INFO[Main]:   Server::RunStep() (max) [ms] ____________________    1x       51
INFO[Main]: Profiler:
INFO[Main]:   Server: map saving (sum) [ms] 
INFO[Main]:   Server::RunStep() (max) [ms] ____________________    1x       51
INFO[Main]: Profiler:
INFO[Main]:   Server: map saving (sum) [ms] 
INFO[Main]:   Server::RunStep() (max) [ms] ____________________    1x       51
INFO[Main]: Profiler:
INFO[Main]:   Server: map saving (sum) [ms] 
INFO[Main]:   Server::RunStep() (max) [ms] ____________________    1x       51
INFO[Main]: Profiler:
INFO[Main]:   Server: map saving (sum) [ms] 
INFO[Main]:   Server::RunStep() (max) [ms] ____________________    1x       51
INFO[Main]: Profiler:
INFO[Main]:   Server: map saving (sum) [ms] 
INFO[Main]:   Server::RunStep() (max) [ms] ____________________    1x       51
INFO[Main]: Profiler:
INFO[Main]:   EmergeThread: Mapgen::makeChunk [ms] ____________    1x       30
INFO[Main]:   EmergeThread: load block - async (sum) [ms] 
INFO[Main]:   EmergeThread: update lighting [ms] ______________    1x        3
INFO[Main]:   Server: map saving (sum) [ms] 
INFO[Main]:   Server::RunStep() (max) [ms] ____________________    1x       51
INFO[Main]: Profiler:
INFO[Main]:   EmergeThread: Lua on_generated [ms] _____________    2x    528.5
INFO[Main]:   EmergeThread: Mapgen::makeChunk [ms] ____________    2x       30
INFO[Main]:   EmergeThread: after Mapgen::makeChunk [ms] ______    2x        1
INFO[Main]:   EmergeThread: load block - async (sum) [ms] 
INFO[Main]:   EmergeThread: update lighting [ms] ______________  181x    0.082
INFO[Main]:   Server: map saving (sum) [ms] ___________________    1x        5
INFO[Main]:   Server::RunStep() (max) [ms] ____________________    1x       51
INFO[Main]: Profiler:
INFO[Main]:   EmergeThread: Lua on_generated [ms] _____________    2x      497
INFO[Main]:   EmergeThread: Mapgen::makeChunk [ms] ____________    2x     30.5
INFO[Main]:   EmergeThread: after Mapgen::makeChunk [ms] ______    2x      0.5
INFO[Main]:   EmergeThread: load block - async (sum) [ms] 
INFO[Main]:   EmergeThread: update lighting [ms] ______________  196x    0.091
INFO[Main]:   Server: map saving (sum) [ms] ___________________    1x       10
INFO[Main]:   Server::RunStep() (max) [ms] ____________________    1x       51
INFO[Main]: Profiler:
INFO[Main]:   EmergeThread: Lua on_generated [ms] _____________    2x      416
INFO[Main]:   EmergeThread: Mapgen::makeChunk [ms] ____________    2x       29
INFO[Main]:   EmergeThread: after Mapgen::makeChunk [ms] ______    2x        1
INFO[Main]:   EmergeThread: load block - async (sum) [ms] 
INFO[Main]:   EmergeThread: update lighting [ms] ______________    6x      3.5
INFO[Main]:   Server: map saving (sum) [ms] ___________________    1x       10
INFO[Main]:   Server::RunStep() (max) [ms] ____________________    1x       51
INFO[Main]: Profiler:
INFO[Main]:   EmergeThread: Lua on_generated [ms] _____________    2x      503
INFO[Main]:   EmergeThread: Mapgen::makeChunk [ms] ____________    2x     29.5
INFO[Main]:   EmergeThread: after Mapgen::makeChunk [ms] ______    2x      0.5
INFO[Main]:   EmergeThread: load block - async (sum) [ms] 
INFO[Main]:   EmergeThread: update lighting [ms] ______________    6x    2.666
INFO[Main]:   Server: map saving (sum) [ms] ___________________    1x       12
INFO[Main]:   Server::RunStep() (max) [ms] ____________________    1x       51
INFO[Main]: Profiler:
INFO[Main]:   EmergeThread: Lua on_generated [ms] _____________    2x      492
INFO[Main]:   EmergeThread: Mapgen::makeChunk [ms] ____________    1x       30
INFO[Main]:   EmergeThread: after Mapgen::makeChunk [ms] 
INFO[Main]:   EmergeThread: load block - async (sum) [ms] 
INFO[Main]:   EmergeThread: update lighting [ms] ______________    5x      2.2
INFO[Main]:   Server: map saving (sum) [ms] ___________________    1x       12
INFO[Main]:   Server::RunStep() (max) [ms] ____________________    1x       51
INFO[Main]: Profiler:
INFO[Main]:   EmergeThread: Lua on_generated [ms] _____________    2x      411
INFO[Main]:   EmergeThread: Mapgen::makeChunk [ms] ____________    3x       31
INFO[Main]:   EmergeThread: after Mapgen::makeChunk [ms] ______    3x        1
INFO[Main]:   EmergeThread: load block - async (sum) [ms] 
INFO[Main]:   EmergeThread: update lighting [ms] ______________    7x    3.428
INFO[Main]:   Server: map saving (sum) [ms] ___________________    1x        9
INFO[Main]:   Server::RunStep() (max) [ms] ____________________    1x       51
INFO[Main]: Profiler:
INFO[Main]:   EmergeThread: Lua on_generated [ms] _____________    1x      602
INFO[Main]:   EmergeThread: Mapgen::makeChunk [ms] ____________    1x       31
INFO[Main]:   EmergeThread: after Mapgen::makeChunk [ms] ______    1x        1
INFO[Main]:   EmergeThread: load block - async (sum) [ms] 
INFO[Main]:   EmergeThread: update lighting [ms] ______________   98x    0.102
INFO[Main]:   Server: map saving (sum) [ms] ___________________    1x       11
INFO[Main]:   Server::RunStep() (max) [ms] ____________________    1x       51
INFO[Main]: Profiler:
INFO[Main]:   EmergeThread: Lua on_generated [ms] _____________    2x    499.5
INFO[Main]:   EmergeThread: Mapgen::makeChunk [ms] ____________    1x       32
INFO[Main]:   EmergeThread: after Mapgen::makeChunk [ms] ______    2x        1
INFO[Main]:   EmergeThread: load block - async (sum) [ms] 
INFO[Main]:   EmergeThread: update lighting [ms] ______________  100x     0.16
INFO[Main]:   Server: map saving (sum) [ms] ___________________    1x        7
INFO[Main]:   Server::RunStep() (max) [ms] ____________________    1x       51
