ACTION[Main]: GRUG_WP40_PROFILE_PROBE phase=cold event=start engine=5.17.0 lua=LuaJIT_2.1.1784272936 seed=4074524248646631899 cases=10 manifest=7296cd02edf7e7eeb73d537790f1e3ddbc2fd02424590a717c28b44b14fab625 full_digest=true
ACTION[Emerge-0]: GRUG_WP40_PROFILE_CALLBACK callback=1 minp=-1712,-112,128 maxp=-1633,-33,207 blockseed=2050597289 plan_us=407739 writer_us=3251588 total_us=3659327 columns=6400 candidate_cells=49 candidates=208 r5_runs=6400 result=applied_c vm_get_emerged_area_calls=1 vm_get_emerged_area_us=2 vm_get_data_calls=1 vm_get_data_us=4989 vm_get_param2_data_calls=1 vm_get_param2_data_us=4929 vm_get_light_data_calls=0 vm_get_light_data_us=0 vm_set_data_calls=1 vm_set_data_us=7322 vm_set_param2_data_calls=0 vm_set_param2_data_us=0 vm_set_lighting_calls=0 vm_set_lighting_us=0 vm_calc_lighting_calls=0 vm_calc_lighting_us=0 vm_set_light_data_calls=0 vm_set_light_data_us=0 vm_update_liquids_calls=0 vm_update_liquids_us=0
ACTION[Emerge-0]: GRUG_WP40_PROFILE_PROBE phase=cold event=emerge case=west_t1_t2 mapchunk=-1712,-112,128 elapsed_us=11381454 generated=1 disk=0 memory=124 cancelled=0 errored=0
ACTION[Emerge-0]: GRUG_WP40_PROFILE_CALLBACK callback=2 minp=-1712,-192,128 maxp=-1633,-113,207 blockseed=3044957281 plan_us=98579 writer_us=3769736 total_us=3868315 columns=6400 candidate_cells=49 candidates=208 r5_runs=0 result=applied_c vm_get_emerged_area_calls=1 vm_get_emerged_area_us=2 vm_get_data_calls=1 vm_get_data_us=4344 vm_get_param2_data_calls=1 vm_get_param2_data_us=4341 vm_get_light_data_calls=0 vm_get_light_data_us=0 vm_set_data_calls=1 vm_set_data_us=7298 vm_set_param2_data_calls=0 vm_set_param2_data_us=0 vm_set_lighting_calls=0 vm_set_lighting_us=0 vm_calc_lighting_calls=0 vm_calc_lighting_us=0 vm_set_light_data_calls=0 vm_set_light_data_us=0 vm_update_liquids_calls=0 vm_update_liquids_us=0
ACTION[Emerge-0]: GRUG_WP40_PROFILE_PROBE phase=cold event=emerge case=west_t2 mapchunk=-1712,-192,128 elapsed_us=3894879 generated=1 disk=0 memory=124 cancelled=0 errored=0
ACTION[Emerge-0]: GRUG_WP40_PROFILE_CALLBACK callback=3 minp=-1712,-432,128 maxp=-1633,-353,207 blockseed=3573069817 plan_us=101811 writer_us=4441121 total_us=4542932 columns=6400 candidate_cells=49 candidates=208 r5_runs=0 result=applied_c vm_get_emerged_area_calls=1 vm_get_emerged_area_us=3 vm_get_data_calls=1 vm_get_data_us=4341 vm_get_param2_data_calls=1 vm_get_param2_data_us=4334 vm_get_light_data_calls=0 vm_get_light_data_us=0 vm_set_data_calls=1 vm_set_data_us=7286 vm_set_param2_data_calls=0 vm_set_param2_data_us=0 vm_set_lighting_calls=0 vm_set_lighting_us=0 vm_calc_lighting_calls=0 vm_calc_lighting_us=0 vm_set_light_data_calls=0 vm_set_light_data_us=0 vm_update_liquids_calls=0 vm_update_liquids_us=0
ACTION[Emerge-0]: GRUG_WP40_PROFILE_PROBE phase=cold event=emerge case=west_t3 mapchunk=-1712,-432,128 elapsed_us=4575270 generated=1 disk=0 memory=124 cancelled=0 errored=0
ACTION[Emerge-0]: GRUG_WP40_PROFILE_CALLBACK callback=4 minp=-1712,-672,128 maxp=-1633,-593,207 blockseed=1893520249 plan_us=269665 writer_us=5400121 total_us=5669786 columns=6400 candidate_cells=49 candidates=208 r5_runs=0 result=applied_c vm_get_emerged_area_calls=1 vm_get_emerged_area_us=4 vm_get_data_calls=1 vm_get_data_us=4347 vm_get_param2_data_calls=1 vm_get_param2_data_us=4334 vm_get_light_data_calls=0 vm_get_light_data_us=0 vm_set_data_calls=1 vm_set_data_us=7433 vm_set_param2_data_calls=0 vm_set_param2_data_us=0 vm_set_lighting_calls=0 vm_set_lighting_us=0 vm_calc_lighting_calls=0 vm_calc_lighting_us=0 vm_set_light_data_calls=0 vm_set_light_data_us=0 vm_update_liquids_calls=0 vm_update_liquids_us=0
ACTION[Emerge-0]: GRUG_WP40_PROFILE_PROBE phase=cold event=emerge case=west_t4 mapchunk=-1712,-672,128 elapsed_us=5709745 generated=1 disk=0 memory=124 cancelled=0 errored=0
ACTION[Emerge-0]: GRUG_WP40_PROFILE_CALLBACK callback=5 minp=-1712,-912,128 maxp=-1633,-833,207 blockseed=3063448913 plan_us=100012 writer_us=6374461 total_us=6474473 columns=6400 candidate_cells=49 candidates=208 r5_runs=0 result=applied_c vm_get_emerged_area_calls=1 vm_get_emerged_area_us=2 vm_get_data_calls=1 vm_get_data_us=4383 vm_get_param2_data_calls=1 vm_get_param2_data_us=4206 vm_get_light_data_calls=0 vm_get_light_data_us=0 vm_set_data_calls=1 vm_set_data_us=7305 vm_set_param2_data_calls=0 vm_set_param2_data_us=0 vm_set_lighting_calls=0 vm_set_lighting_us=0 vm_calc_lighting_calls=0 vm_calc_lighting_us=0 vm_set_light_data_calls=0 vm_set_light_data_us=0 vm_update_liquids_calls=0 vm_update_liquids_us=0
ACTION[Emerge-0]: GRUG_WP40_PROFILE_PROBE phase=cold event=emerge case=west_t5 mapchunk=-1712,-912,128 elapsed_us=6507360 generated=1 disk=0 memory=124 cancelled=0 errored=0
ACTION[Emerge-0]: GRUG_WP40_PROFILE_CALLBACK callback=6 minp=-1712,-1072,128 maxp=-1633,-993,207 blockseed=3620568217 plan_us=97736 writer_us=2058873 total_us=2156609 columns=6400 candidate_cells=49 candidates=208 r5_runs=0 result=applied_c vm_get_emerged_area_calls=1 vm_get_emerged_area_us=2 vm_get_data_calls=1 vm_get_data_us=4354 vm_get_param2_data_calls=1 vm_get_param2_data_us=4358 vm_get_light_data_calls=0 vm_get_light_data_us=0 vm_set_data_calls=1 vm_set_data_us=7293 vm_set_param2_data_calls=0 vm_set_param2_data_us=0 vm_set_lighting_calls=0 vm_set_lighting_us=0 vm_calc_lighting_calls=0 vm_calc_lighting_us=0 vm_set_light_data_calls=0 vm_set_light_data_us=0 vm_update_liquids_calls=0 vm_update_liquids_us=0
ACTION[Emerge-0]: GRUG_WP40_PROFILE_PROBE phase=cold event=emerge case=west_t5_t6 mapchunk=-1712,-1072,128 elapsed_us=2191022 generated=1 disk=0 memory=124 cancelled=0 errored=0
ACTION[Emerge-0]: GRUG_WP40_PROFILE_CALLBACK callback=7 minp=-1712,-1552,128 maxp=-1633,-1473,207 blockseed=2242887921 plan_us=95927 writer_us=4661802 total_us=4757729 columns=6400 candidate_cells=49 candidates=208 r5_runs=0 result=applied_c vm_get_emerged_area_calls=1 vm_get_emerged_area_us=2 vm_get_data_calls=1 vm_get_data_us=4345 vm_get_param2_data_calls=1 vm_get_param2_data_us=4333 vm_get_light_data_calls=0 vm_get_light_data_us=0 vm_set_data_calls=1 vm_set_data_us=7310 vm_set_param2_data_calls=0 vm_set_param2_data_us=0 vm_set_lighting_calls=0 vm_set_lighting_us=0 vm_calc_lighting_calls=0 vm_calc_lighting_us=0 vm_set_light_data_calls=0 vm_set_light_data_us=0 vm_update_liquids_calls=0 vm_update_liquids_us=0
ACTION[Emerge-0]: GRUG_WP40_PROFILE_PROBE phase=cold event=emerge case=west_deep_1500 mapchunk=-1712,-1552,128 elapsed_us=4791352 generated=1 disk=0 memory=124 cancelled=0 errored=0
ACTION[Emerge-0]: GRUG_WP40_PROFILE_CALLBACK callback=8 minp=-1712,-2032,128 maxp=-1633,-1953,207 blockseed=2677937609 plan_us=102125 writer_us=6617659 total_us=6719784 columns=6400 candidate_cells=49 candidates=208 r5_runs=0 result=applied_c vm_get_emerged_area_calls=1 vm_get_emerged_area_us=2 vm_get_data_calls=1 vm_get_data_us=4359 vm_get_param2_data_calls=1 vm_get_param2_data_us=4356 vm_get_light_data_calls=0 vm_get_light_data_us=0 vm_set_data_calls=1 vm_set_data_us=7348 vm_set_param2_data_calls=0 vm_set_param2_data_us=0 vm_set_lighting_calls=0 vm_set_lighting_us=0 vm_calc_lighting_calls=0 vm_calc_lighting_us=0 vm_set_light_data_calls=0 vm_set_light_data_us=0 vm_update_liquids_calls=0 vm_update_liquids_us=0
ACTION[Emerge-0]: GRUG_WP40_PROFILE_PROBE phase=cold event=emerge case=west_deep_2000 mapchunk=-1712,-2032,128 elapsed_us=6752429 generated=1 disk=0 memory=124 cancelled=0 errored=0
ACTION[Emerge-0]: GRUG_WP40_PROFILE_CALLBACK callback=9 minp=1648,-672,128 maxp=1727,-593,207 blockseed=216479561 plan_us=380687 writer_us=5715176 total_us=6095863 columns=6400 candidate_cells=49 candidates=965 r5_runs=0 result=applied_c vm_get_emerged_area_calls=1 vm_get_emerged_area_us=2 vm_get_data_calls=1 vm_get_data_us=4433 vm_get_param2_data_calls=1 vm_get_param2_data_us=4409 vm_get_light_data_calls=0 vm_get_light_data_us=0 vm_set_data_calls=1 vm_set_data_us=7376 vm_set_param2_data_calls=0 vm_set_param2_data_us=0 vm_set_lighting_calls=0 vm_set_lighting_us=0 vm_calc_lighting_calls=0 vm_calc_lighting_us=0 vm_set_light_data_calls=0 vm_set_light_data_us=0 vm_update_liquids_calls=0 vm_update_liquids_us=0
ACTION[Emerge-0]: GRUG_WP40_PROFILE_PROBE phase=cold event=emerge case=east_t4 mapchunk=1648,-672,128 elapsed_us=6129247 generated=1 disk=0 memory=124 cancelled=0 errored=0
ACTION[Emerge-0]: GRUG_WP40_PROFILE_CALLBACK callback=10 minp=1648,-2032,128 maxp=1727,-1953,207 blockseed=3056811865 plan_us=146824 writer_us=6506329 total_us=6653153 columns=6400 candidate_cells=49 candidates=965 r5_runs=0 result=applied_c vm_get_emerged_area_calls=1 vm_get_emerged_area_us=3 vm_get_data_calls=1 vm_get_data_us=4473 vm_get_param2_data_calls=1 vm_get_param2_data_us=4469 vm_get_light_data_calls=0 vm_get_light_data_us=0 vm_set_data_calls=1 vm_set_data_us=7371 vm_set_param2_data_calls=0 vm_set_param2_data_us=0 vm_set_lighting_calls=0 vm_set_lighting_us=0 vm_calc_lighting_calls=0 vm_calc_lighting_us=0 vm_set_light_data_calls=0 vm_set_light_data_us=0 vm_update_liquids_calls=0 vm_update_liquids_us=0
ACTION[Emerge-0]: GRUG_WP40_PROFILE_PROBE phase=cold event=emerge case=east_deep_2000 mapchunk=1648,-2032,128 elapsed_us=6692756 generated=1 disk=0 memory=124 cancelled=0 errored=0
ACTION[Server]: GRUG_WP40_PROFILE_PROBE phase=cold event=ore_count case=west_t1_t2 resource=citrine nodes=8
ACTION[Server]: GRUG_WP40_PROFILE_PROBE phase=cold event=ore_count case=west_t1_t2 resource=coal nodes=3860
ACTION[Server]: GRUG_WP40_PROFILE_PROBE phase=cold event=ore_count case=west_t1_t2 resource=copper nodes=1939
ACTION[Server]: GRUG_WP40_PROFILE_PROBE phase=cold event=ore_count case=west_t1_t2 resource=gold nodes=72
ACTION[Server]: GRUG_WP40_PROFILE_PROBE phase=cold event=ore_count case=west_t1_t2 resource=iron nodes=3868
ACTION[Server]: GRUG_WP40_PROFILE_PROBE phase=cold event=ore_count case=west_t1_t2 resource=quartz nodes=1941
ACTION[Server]: GRUG_WP40_PROFILE_PROBE phase=cold event=ore_count case=west_t1_t2 resource=tin nodes=1281
ACTION[Server]: GRUG_WP40_PROFILE_PROBE phase=cold event=normalized_owner case=west_t1_t2 normalized=d5946aaaf0dbbf9de6595db5f0d09994f3cfd88196ebc47f46e78cad39d832cb param2=a3e59e9470b32c661d8e641ab11759a5667037f4d3d8256be466615875d4f918 light=a3e59e9470b32c661d8e641ab11759a5667037f4d3d8256be466615875d4f918
ACTION[Server]: GRUG_WP40_PROFILE_PROBE phase=cold event=ore_count case=west_t2 resource=citrine nodes=40
ACTION[Server]: GRUG_WP40_PROFILE_PROBE phase=cold event=ore_count case=west_t2 resource=coal nodes=3815
ACTION[Server]: GRUG_WP40_PROFILE_PROBE phase=cold event=ore_count case=west_t2 resource=copper nodes=1911
ACTION[Server]: GRUG_WP40_PROFILE_PROBE phase=cold event=ore_count case=west_t2 resource=gold nodes=478
ACTION[Server]: GRUG_WP40_PROFILE_PROBE phase=cold event=ore_count case=west_t2 resource=iron nodes=3818
ACTION[Server]: GRUG_WP40_PROFILE_PROBE phase=cold event=ore_count case=west_t2 resource=quartz nodes=1903
ACTION[Server]: GRUG_WP40_PROFILE_PROBE phase=cold event=ore_count case=west_t2 resource=tin nodes=1271
ACTION[Server]: GRUG_WP40_PROFILE_PROBE phase=cold event=normalized_owner case=west_t2 normalized=4e2123cde70bb7bb40f68dd9c98fab78f014aac89368b81de26a300428c114e3 param2=7faee8087b2f7d554935618e85e55ce2ad8b194b61c1c4455e39158ab45cc0b3 light=a3e59e9470b32c661d8e641ab11759a5667037f4d3d8256be466615875d4f918
ACTION[Server]: GRUG_WP40_PROFILE_PROBE phase=cold event=ore_count case=west_t3 resource=citrine nodes=84
ACTION[Server]: GRUG_WP40_PROFILE_PROBE phase=cold event=ore_count case=west_t3 resource=coal nodes=3855
ACTION[Server]: GRUG_WP40_PROFILE_PROBE phase=cold event=ore_count case=west_t3 resource=copper nodes=1929
ACTION[Server]: GRUG_WP40_PROFILE_PROBE phase=cold event=ore_count case=west_t3 resource=gold nodes=486
ACTION[Server]: GRUG_WP40_PROFILE_PROBE phase=cold event=ore_count case=west_t3 resource=iron nodes=3856
ACTION[Server]: GRUG_WP40_PROFILE_PROBE phase=cold event=ore_count case=west_t3 resource=quartz nodes=1931
ACTION[Server]: GRUG_WP40_PROFILE_PROBE phase=cold event=ore_count case=west_t3 resource=silver nodes=482
ACTION[Server]: GRUG_WP40_PROFILE_PROBE phase=cold event=ore_count case=west_t3 resource=tin nodes=1276
ACTION[Server]: GRUG_WP40_PROFILE_PROBE phase=cold event=normalized_owner case=west_t3 normalized=aa1aed92efe000ac603470ecc6a5c2f899e4c1ffbcdadfbe901c41b063e8a150 param2=a3e59e9470b32c661d8e641ab11759a5667037f4d3d8256be466615875d4f918 light=a3e59e9470b32c661d8e641ab11759a5667037f4d3d8256be466615875d4f918
ACTION[Server]: GRUG_WP40_PROFILE_PROBE phase=cold event=ore_count case=west_t4 resource=citrine nodes=157
ACTION[Server]: GRUG_WP40_PROFILE_PROBE phase=cold event=ore_count case=west_t4 resource=coal nodes=3717
ACTION[Server]: GRUG_WP40_PROFILE_PROBE phase=cold event=ore_count case=west_t4 resource=copper nodes=1862
ACTION[Server]: GRUG_WP40_PROFILE_PROBE phase=cold event=ore_count case=west_t4 resource=emberglass nodes=231
ACTION[Server]: GRUG_WP40_PROFILE_PROBE phase=cold event=ore_count case=west_t4 resource=gold nodes=463
ACTION[Server]: GRUG_WP40_PROFILE_PROBE phase=cold event=ore_count case=west_t4 resource=iron nodes=3735
ACTION[Server]: GRUG_WP40_PROFILE_PROBE phase=cold event=ore_count case=west_t4 resource=quartz nodes=1865
ACTION[Server]: GRUG_WP40_PROFILE_PROBE phase=cold event=ore_count case=west_t4 resource=ruby nodes=28
ACTION[Server]: GRUG_WP40_PROFILE_PROBE phase=cold event=ore_count case=west_t4 resource=silver nodes=465
ACTION[Server]: GRUG_WP40_PROFILE_PROBE phase=cold event=ore_count case=west_t4 resource=tin nodes=1238
ACTION[Server]: GRUG_WP40_PROFILE_PROBE phase=cold event=normalized_owner case=west_t4 normalized=a9469d5de2e7edf34366dfda37c1d151709320b39e8ea625a16f4b30afb36fb0 param2=c86f3d32ceea34fcb5666359be5aafde9f9e98e8269cf8b66fffb2ecaaeafde7 light=ec7f63ac3969b2e6a049b92c9de4bb96cfc45eb4b664c13d92af39de20394d59
ACTION[Server]: GRUG_WP40_PROFILE_PROBE phase=cold event=ore_count case=west_t5 resource=abyssal_crystal nodes=245
ACTION[Server]: GRUG_WP40_PROFILE_PROBE phase=cold event=ore_count case=west_t5 resource=citrine nodes=175
ACTION[Server]: GRUG_WP40_PROFILE_PROBE phase=cold event=ore_count case=west_t5 resource=coal nodes=3890
ACTION[Server]: GRUG_WP40_PROFILE_PROBE phase=cold event=ore_count case=west_t5 resource=copper nodes=1945
ACTION[Server]: GRUG_WP40_PROFILE_PROBE phase=cold event=ore_count case=west_t5 resource=emberglass nodes=242
ACTION[Server]: GRUG_WP40_PROFILE_PROBE phase=cold event=ore_count case=west_t5 resource=gold nodes=484
ACTION[Server]: GRUG_WP40_PROFILE_PROBE phase=cold event=ore_count case=west_t5 resource=iron nodes=3900
ACTION[Server]: GRUG_WP40_PROFILE_PROBE phase=cold event=ore_count case=west_t5 resource=quartz nodes=1954
ACTION[Server]: GRUG_WP40_PROFILE_PROBE phase=cold event=ore_count case=west_t5 resource=ruby nodes=84
ACTION[Server]: GRUG_WP40_PROFILE_PROBE phase=cold event=ore_count case=west_t5 resource=silver nodes=487
ACTION[Server]: GRUG_WP40_PROFILE_PROBE phase=cold event=ore_count case=west_t5 resource=tin nodes=1296
ACTION[Server]: GRUG_WP40_PROFILE_PROBE phase=cold event=normalized_owner case=west_t5 normalized=04ffbf15043f3d57b71c4eb0ff04e81201956070b0e37cfa18d632fbea300f0a param2=a3e59e9470b32c661d8e641ab11759a5667037f4d3d8256be466615875d4f918 light=a3e59e9470b32c661d8e641ab11759a5667037f4d3d8256be466615875d4f918
ACTION[Server]: GRUG_WP40_PROFILE_PROBE phase=cold event=ore_count case=west_t5_t6 resource=abyssal_crystal nodes=72
ACTION[Server]: GRUG_WP40_PROFILE_PROBE phase=cold event=ore_count case=west_t5_t6 resource=citrine nodes=55
ACTION[Server]: GRUG_WP40_PROFILE_PROBE phase=cold event=ore_count case=west_t5_t6 resource=coal nodes=1161
ACTION[Server]: GRUG_WP40_PROFILE_PROBE phase=cold event=ore_count case=west_t5_t6 resource=copper nodes=576
ACTION[Server]: GRUG_WP40_PROFILE_PROBE phase=cold event=ore_count case=west_t5_t6 resource=emberglass nodes=70
ACTION[Server]: GRUG_WP40_PROFILE_PROBE phase=cold event=ore_count case=west_t5_t6 resource=gold nodes=145
ACTION[Server]: GRUG_WP40_PROFILE_PROBE phase=cold event=ore_count case=west_t5_t6 resource=iron nodes=1160
ACTION[Server]: GRUG_WP40_PROFILE_PROBE phase=cold event=ore_count case=west_t5_t6 resource=quartz nodes=582
ACTION[Server]: GRUG_WP40_PROFILE_PROBE phase=cold event=ore_count case=west_t5_t6 resource=ruby nodes=47
ACTION[Server]: GRUG_WP40_PROFILE_PROBE phase=cold event=ore_count case=west_t5_t6 resource=silver nodes=150
ACTION[Server]: GRUG_WP40_PROFILE_PROBE phase=cold event=ore_count case=west_t5_t6 resource=tin nodes=384
ACTION[Server]: GRUG_WP40_PROFILE_PROBE phase=cold event=normalized_owner case=west_t5_t6 normalized=8ff5ea1c1a2559aa1d566d0e674bd84afc51e1b2ad718a72e0f9fd81d0bbeca6 param2=a3e59e9470b32c661d8e641ab11759a5667037f4d3d8256be466615875d4f918 light=a3e59e9470b32c661d8e641ab11759a5667037f4d3d8256be466615875d4f918
ACTION[Server]: GRUG_WP40_PROFILE_PROBE phase=cold event=ore_count case=west_deep_1500 resource=abyssal_crystal nodes=206
ACTION[Server]: GRUG_WP40_PROFILE_PROBE phase=cold event=ore_count case=west_deep_1500 resource=citrine nodes=136
ACTION[Server]: GRUG_WP40_PROFILE_PROBE phase=cold event=ore_count case=west_deep_1500 resource=coal nodes=3334
ACTION[Server]: GRUG_WP40_PROFILE_PROBE phase=cold event=ore_count case=west_deep_1500 resource=copper nodes=1667
ACTION[Server]: GRUG_WP40_PROFILE_PROBE phase=cold event=ore_count case=west_deep_1500 resource=emberglass nodes=212
ACTION[Server]: GRUG_WP40_PROFILE_PROBE phase=cold event=ore_count case=west_deep_1500 resource=gold nodes=417
ACTION[Server]: GRUG_WP40_PROFILE_PROBE phase=cold event=ore_count case=west_deep_1500 resource=iron nodes=3347
ACTION[Server]: GRUG_WP40_PROFILE_PROBE phase=cold event=ore_count case=west_deep_1500 resource=quartz nodes=1673
ACTION[Server]: GRUG_WP40_PROFILE_PROBE phase=cold event=ore_count case=west_deep_1500 resource=ruby nodes=151
ACTION[Server]: GRUG_WP40_PROFILE_PROBE phase=cold event=ore_count case=west_deep_1500 resource=silver nodes=420
ACTION[Server]: GRUG_WP40_PROFILE_PROBE phase=cold event=ore_count case=west_deep_1500 resource=tin nodes=1113
ACTION[Server]: GRUG_WP40_PROFILE_PROBE phase=cold event=normalized_owner case=west_deep_1500 normalized=64df841c7143bd4fe559c831ed99a4b3534d15a89ee1f6890bd6c251bdaf0495 param2=a3e59e9470b32c661d8e641ab11759a5667037f4d3d8256be466615875d4f918 light=a3e59e9470b32c661d8e641ab11759a5667037f4d3d8256be466615875d4f918
ACTION[Server]: GRUG_WP40_PROFILE_PROBE phase=cold event=ore_count case=west_deep_2000 resource=abyssal_crystal nodes=306
ACTION[Server]: GRUG_WP40_PROFILE_PROBE phase=cold event=ore_count case=west_deep_2000 resource=citrine nodes=212
ACTION[Server]: GRUG_WP40_PROFILE_PROBE phase=cold event=ore_count case=west_deep_2000 resource=coal nodes=4895
ACTION[Server]: GRUG_WP40_PROFILE_PROBE phase=cold event=ore_count case=west_deep_2000 resource=copper nodes=2442
ACTION[Server]: GRUG_WP40_PROFILE_PROBE phase=cold event=ore_count case=west_deep_2000 resource=emberglass nodes=305
ACTION[Server]: GRUG_WP40_PROFILE_PROBE phase=cold event=ore_count case=west_deep_2000 resource=gold nodes=610
ACTION[Server]: GRUG_WP40_PROFILE_PROBE phase=cold event=ore_count case=west_deep_2000 resource=iron nodes=4902
ACTION[Server]: GRUG_WP40_PROFILE_PROBE phase=cold event=ore_count case=west_deep_2000 resource=quartz nodes=2444
ACTION[Server]: GRUG_WP40_PROFILE_PROBE phase=cold event=ore_count case=west_deep_2000 resource=ruby nodes=218
ACTION[Server]: GRUG_WP40_PROFILE_PROBE phase=cold event=ore_count case=west_deep_2000 resource=silver nodes=612
ACTION[Server]: GRUG_WP40_PROFILE_PROBE phase=cold event=ore_count case=west_deep_2000 resource=tin nodes=1637
ACTION[Server]: GRUG_WP40_PROFILE_PROBE phase=cold event=normalized_owner case=west_deep_2000 normalized=cf60de81828e292c0a350730ebaf4c47ea2d1dd89c2d008b75f92e4e284669a0 param2=a3e59e9470b32c661d8e641ab11759a5667037f4d3d8256be466615875d4f918 light=a3e59e9470b32c661d8e641ab11759a5667037f4d3d8256be466615875d4f918
ACTION[Server]: GRUG_WP40_PROFILE_PROBE phase=cold event=ore_count case=east_t4 resource=coal nodes=3851
ACTION[Server]: GRUG_WP40_PROFILE_PROBE phase=cold event=ore_count case=east_t4 resource=copper nodes=1929
ACTION[Server]: GRUG_WP40_PROFILE_PROBE phase=cold event=ore_count case=east_t4 resource=emberglass nodes=234
ACTION[Server]: GRUG_WP40_PROFILE_PROBE phase=cold event=ore_count case=east_t4 resource=gold nodes=481
ACTION[Server]: GRUG_WP40_PROFILE_PROBE phase=cold event=ore_count case=east_t4 resource=iron nodes=3856
ACTION[Server]: GRUG_WP40_PROFILE_PROBE phase=cold event=ore_count case=east_t4 resource=jade nodes=157
ACTION[Server]: GRUG_WP40_PROFILE_PROBE phase=cold event=ore_count case=east_t4 resource=quartz nodes=1928
ACTION[Server]: GRUG_WP40_PROFILE_PROBE phase=cold event=ore_count case=east_t4 resource=sapphire nodes=42
ACTION[Server]: GRUG_WP40_PROFILE_PROBE phase=cold event=ore_count case=east_t4 resource=silver nodes=478
ACTION[Server]: GRUG_WP40_PROFILE_PROBE phase=cold event=ore_count case=east_t4 resource=tin nodes=1280
ACTION[Server]: GRUG_WP40_PROFILE_PROBE phase=cold event=normalized_owner case=east_t4 normalized=42b8d7f7923b4e0ba29f2deb015dbf5746107efe293561d9e25a98ef04532a4c param2=60569ccf3908a2d6d0e32c91e359980c4a87e0d97a3f600a27e426a278f3ed09 light=a3e59e9470b32c661d8e641ab11759a5667037f4d3d8256be466615875d4f918
ACTION[Server]: GRUG_WP40_PROFILE_PROBE phase=cold event=ore_count case=east_deep_2000 resource=abyssal_crystal nodes=325
ACTION[Server]: GRUG_WP40_PROFILE_PROBE phase=cold event=ore_count case=east_deep_2000 resource=coal nodes=5177
ACTION[Server]: GRUG_WP40_PROFILE_PROBE phase=cold event=ore_count case=east_deep_2000 resource=copper nodes=2583
ACTION[Server]: GRUG_WP40_PROFILE_PROBE phase=cold event=ore_count case=east_deep_2000 resource=emberglass nodes=323
ACTION[Server]: GRUG_WP40_PROFILE_PROBE phase=cold event=ore_count case=east_deep_2000 resource=gold nodes=644
ACTION[Server]: GRUG_WP40_PROFILE_PROBE phase=cold event=ore_count case=east_deep_2000 resource=iron nodes=5172
ACTION[Server]: GRUG_WP40_PROFILE_PROBE phase=cold event=ore_count case=east_deep_2000 resource=jade nodes=226
ACTION[Server]: GRUG_WP40_PROFILE_PROBE phase=cold event=ore_count case=east_deep_2000 resource=quartz nodes=2592
ACTION[Server]: GRUG_WP40_PROFILE_PROBE phase=cold event=ore_count case=east_deep_2000 resource=sapphire nodes=222
ACTION[Server]: GRUG_WP40_PROFILE_PROBE phase=cold event=ore_count case=east_deep_2000 resource=silver nodes=654
ACTION[Server]: GRUG_WP40_PROFILE_PROBE phase=cold event=ore_count case=east_deep_2000 resource=tin nodes=1721
ACTION[Server]: GRUG_WP40_PROFILE_PROBE phase=cold event=normalized_owner case=east_deep_2000 normalized=88a65b7f76319c6f31b63faf0163253c1ee0fa95970376b222f79514814f6d9a param2=03a6e31a767178b20e0cda6b1e2992cd1c7e2d89dd0ad39d9739e3354e28db79 light=a3e59e9470b32c661d8e641ab11759a5667037f4d3d8256be466615875d4f918
ACTION[Server]: GRUG_WP40_PROFILE_PROBE phase=cold event=complete requested=10 completed=10 callbacks=10 generated=10 disk=0 memory=1240 cancelled=0 errored=0 samples=370 expected_nodes=0 digest=d0f94d73c5734e9749f1aa02d7b46c2477698e4450914351192e05b22da33a6c full_digest=fcaeb7a6e11328a4e1124fe0e8b8dd509ec59af2e5ed4186476992081474235d full_vocabulary_digest=b91b8197fb574561aa33c8cc7c56d3e935d9d4842f99019afc713a8bc5f56c22 full_voxels=5120000 measured_elapsed_us=58846578 diagnostic_us=956722
