

-------------
  Separator
-------------

INFO[Main]: Gettext: domainname="luanti" path="/app/share/locale"
INFO[Main]: Message locale is now set to: C
INFO[Main]: Using commanded gameid [grudgelands]
INFO[Main]: Server created for gameid "grudgelands"
INFO[Main]: - world:  /tmp/grudgelands-wp40-profile-run.3hEhjiWj/world
INFO[Main]: - game:   /tmp/grudgelands-wp40-profile-run.3hEhjiWj/user/games/grudgelands
INFO[Main]: Initializing world at /tmp/grudgelands-wp40-profile-run.3hEhjiWj/world
INFO[Main]: ObjDefManager: added biome: name="default" index=0 uid=60
INFO[Main]: BanManager: loading from /tmp/grudgelands-wp40-profile-run.3hEhjiWj/world/ipban.txt
WARNING[Main]: /!\ You are using the old mod storage files backend. This backend is deprecated and may be removed in a future release /!\
WARNING[Main]: Switching to SQLite3 is advised, please read https://docs.luanti.org/for-server-hosts/database-backends.
INFO[Main]: Creating map database with backend "sqlite3"
INFO[Main]: MapDatabaseSQLite3: split column format = yes
INFO[Main]: ServerMap: Metadata loaded from /tmp/grudgelands-wp40-profile-run.3hEhjiWj/world
INFO[Main]: Server: Initializing Lua
INFO[Main]: SCRIPTAPI: Initialized game modules
INFO[Main]: Server: Loading mods: sfinv creative player_api default stairs mobs grug_trees grug_materials grug_nodes grug_gear grug_core grug_xp grug_money grug_gathering grug_mapgen grug_wp40_profile_probe grug_factions grug_projectiles grug_mobs grug_classes grug_in
INFO[Main]: ventory grug_traders grug_abilities 
INFO[Main]: Mod "sfinv" loaded after 0 ms
INFO[Main]: Server creating detached inventory "trash"
INFO[Main]: Mod "creative" loaded after 0 ms
INFO[Main]: Mod "player_api" loaded after 1 ms
INFO[Main]: Mod "default" loaded after 5 ms
INFO[Main]: Mod "stairs" loaded after 5 ms
INFO[Main]: Mod "mobs" loaded after 2 ms
INFO[Main]: ObjDefManager: added schematic: name="" index=0 uid=88
INFO[Main]: ObjDefManager: added schematic: name="" index=1 uid=103
INFO[Main]: ObjDefManager: added schematic: name="" index=2 uid=24
INFO[Main]: Mod "grug_trees" loaded after 0 ms
WARNING[Main]: No craft recipe matches input (type: fuel, items: ['default:pick_mese'])
WARNING[Main]: No craft recipe matches input (type: fuel, items: ['default:shovel_mese'])
WARNING[Main]: No craft recipe matches input (type: fuel, items: ['default:axe_mese'])
WARNING[Main]: No craft recipe matches input (type: fuel, items: ['default:sword_mese'])
WARNING[Main]: No craft recipe matches input (type: fuel, items: ['default:pick_diamond'])
WARNING[Main]: No craft recipe matches input (type: fuel, items: ['default:shovel_diamond'])
WARNING[Main]: No craft recipe matches input (type: fuel, items: ['default:axe_diamond'])
WARNING[Main]: No craft recipe matches input (type: fuel, items: ['default:sword_diamond'])
WARNING[Main]: No craft recipe matches input (type: fuel, items: ['default:copper_ingot'])
WARNING[Main]: No craft recipe matches input (type: fuel, items: ['default:copperblock'])
WARNING[Main]: No craft recipe matches input (type: fuel, items: ['default:tin_ingot'])
WARNING[Main]: No craft recipe matches input (type: fuel, items: ['default:tinblock'])
WARNING[Main]: No craft recipe matches input (type: fuel, items: ['default:bronze_ingot'])
WARNING[Main]: No craft recipe matches input (type: fuel, items: ['default:bronzeblock'])
WARNING[Main]: No craft recipe matches input (type: fuel, items: ['default:steel_ingot'])
WARNING[Main]: No craft recipe matches input (type: fuel, items: ['default:steelblock'])
WARNING[Main]: No craft recipe matches input (type: fuel, items: ['default:gold_ingot'])
WARNING[Main]: No craft recipe matches input (type: fuel, items: ['default:goldblock'])
WARNING[Main]: No craft recipe known for output 'default:stone_with_mese'
WARNING[Main]: No craft recipe matches input (type: fuel, items: ['default:stone_with_mese'])
WARNING[Main]: No craft recipe matches input (type: fuel, items: ['default:mese'])
WARNING[Main]: No craft recipe matches input (type: fuel, items: ['default:mese_crystal'])
WARNING[Main]: No craft recipe matches input (type: fuel, items: ['default:mese_crystal_fragment'])
WARNING[Main]: No craft recipe matches input (type: fuel, items: ['default:meselamp'])
WARNING[Main]: No craft recipe matches input (type: fuel, items: ['default:mese_post_light'])
WARNING[Main]: No craft recipe matches input (type: fuel, items: ['default:mese_post_light_acacia_wood'])
WARNING[Main]: No craft recipe matches input (type: fuel, items: ['default:mese_post_light_junglewood'])
WARNING[Main]: No craft recipe matches input (type: fuel, items: ['default:mese_post_light_pine_wood'])
WARNING[Main]: No craft recipe matches input (type: fuel, items: ['default:mese_post_light_aspen_wood'])
WARNING[Main]: No craft recipe known for output 'default:stone_with_diamond'
WARNING[Main]: No craft recipe matches input (type: fuel, items: ['default:stone_with_diamond'])
WARNING[Main]: No craft recipe matches input (type: fuel, items: ['default:diamond'])
WARNING[Main]: No craft recipe matches input (type: fuel, items: ['default:diamondblock'])
WARNING[Main]: No craft recipe matches input (type: fuel, items: ['default:sign_wall_steel'])
WARNING[Main]: No craft recipe matches input (type: fuel, items: ['default:ladder_steel'])
WARNING[Main]: No craft recipe matches input (type: fuel, items: ['stairs:stair_steelblock'])
WARNING[Main]: No craft recipe matches input (type: fuel, items: ['stairs:stair_inner_steelblock'])
WARNING[Main]: No craft recipe matches input (type: fuel, items: ['stairs:stair_outer_steelblock'])
WARNING[Main]: No craft recipe matches input (type: fuel, items: ['stairs:slab_steelblock'])
WARNING[Main]: No craft recipe matches input (type: fuel, items: ['stairs:stair_tinblock'])
WARNING[Main]: No craft recipe matches input (type: fuel, items: ['stairs:stair_inner_tinblock'])
WARNING[Main]: No craft recipe matches input (type: fuel, items: ['stairs:stair_outer_tinblock'])
WARNING[Main]: No craft recipe matches input (type: fuel, items: ['stairs:slab_tinblock'])
WARNING[Main]: No craft recipe matches input (type: fuel, items: ['stairs:stair_copperblock'])
WARNING[Main]: No craft recipe matches input (type: fuel, items: ['stairs:stair_inner_copperblock'])
WARNING[Main]: No craft recipe matches input (type: fuel, items: ['stairs:stair_outer_copperblock'])
WARNING[Main]: No craft recipe matches input (type: fuel, items: ['stairs:slab_copperblock'])
WARNING[Main]: No craft recipe matches input (type: fuel, items: ['stairs:stair_bronzeblock'])
WARNING[Main]: No craft recipe matches input (type: fuel, items: ['stairs:stair_inner_bronzeblock'])
WARNING[Main]: No craft recipe matches input (type: fuel, items: ['stairs:stair_outer_bronzeblock'])
WARNING[Main]: No craft recipe matches input (type: fuel, items: ['stairs:slab_bronzeblock'])
WARNING[Main]: No craft recipe matches input (type: fuel, items: ['stairs:stair_goldblock'])
WARNING[Main]: No craft recipe matches input (type: fuel, items: ['stairs:stair_inner_goldblock'])
WARNING[Main]: No craft recipe matches input (type: fuel, items: ['stairs:stair_outer_goldblock'])
WARNING[Main]: No craft recipe matches input (type: fuel, items: ['stairs:slab_goldblock'])
INFO[Main]: Mod "grug_materials" loaded after 4 ms
INFO[Main]: Mod "grug_nodes" loaded after 0 ms
ACTION[Main]: [grug_gear] 6 bracket catalogs: 24 weapons + 48 armor pieces
INFO[Main]: Mod "grug_gear" loaded after 1 ms
INFO[Main]: Mod "grug_core" loaded after 1 ms
INFO[Main]: Mod "grug_xp" loaded after 0 ms
INFO[Main]: Mod "grug_money" loaded after 0 ms
INFO[Main]: Mod "grug_gathering" loaded after 2 ms
INFO[Main]: ObjDefManager: added ore: name="grug_mapgen:native_gravel_blob_v1" index=0 uid=53
INFO[Main]: ObjDefManager: added ore: name="grug_mapgen:native_stratum_iron_v1" index=1 uid=56
INFO[Main]: ObjDefManager: added ore: name="grug_mapgen:native_stratum_steel_v1" index=2 uid=126
INFO[Main]: ObjDefManager: added ore: name="grug_mapgen:native_stratum_silversteel_v1" index=3 uid=23
INFO[Main]: ObjDefManager: added ore: name="grug_mapgen:native_stratum_embersteel_v1" index=4 uid=52
INFO[Main]: ObjDefManager: added ore: name="grug_mapgen:native_stratum_abyssal_steel_v1" index=5 uid=3
INFO[Main]: Mod "grug_mapgen" loaded after 7001 ms
INFO[Main]: Mod "grug_wp40_profile_probe" loaded after 1 ms
INFO[Main]: Mod "grug_factions" loaded after 0 ms
INFO[Main]: Mod "grug_projectiles" loaded after 0 ms
INFO[Main]: Mod "grug_mobs" loaded after 3 ms
INFO[Main]: Mod "grug_classes" loaded after 0 ms
INFO[Main]: Mod "grug_inventory" loaded after 0 ms
INFO[Main]: Mod "grug_traders" loaded after 1 ms
INFO[Main]: Mod "grug_abilities" loaded after 1 ms
ACTION[Main]: [grug_materials] registry audit passed: 6 tiers, 15 resources, 12 processed forms, 6 race regions
ACTION[Main]: GRUG_WP40_PROFILE_PROBE phase=disk event=start engine=5.17.0 lua=LuaJIT_2.1.1784272936 seed=4655649881628627392 cases=10 manifest=a011803334a83390f153b5269d8cc3a8042a0c0317c4a3b7b9d2372f4a875b16 full_digest=true
ACTION[Main]: [grug_traders] drop audit: 1 mob(s) use a `drops` FUNCTION and cannot be walked statically (grug_mobs:bandit); their items are audited from the hardcoded FUNCTION_DROPS list
INFO[Main]: All mods loaded after 7029 ms
INFO[Main]: Server: Calculating media file checksums
INFO[Main]: Server: ignoring unsupported file extension: "template.txt"
INFO[Main]: Server: ignoring unsupported file extension: "template.txt"
INFO[Main]: Server: ignoring unsupported file extension: "template.txt"
INFO[Main]: Server: ignoring unsupported file extension: "template.txt"
INFO[Main]: Server: ignoring unsupported file extension: "character.blend"
INFO[Main]: Server: ignoring unsupported file extension: "template.txt"
INFO[Main]: Server: ignoring unsupported file extension: "template.txt"
INFO[Main]: Server: 671 media files collected
INFO[Main]: EmergeManager: initializing for mapgen=v7 and chunksize=(5,5,5)
INFO[Main]: EmergeManager: using 1 thread(s)
INFO[Main]: SCRIPTAPI: Initializing async engine
INFO[Main]: AsyncEngine: using at most 14 threads with automatic scaling
INFO[Main]: Initializing asynchronous environment (game)
INFO[Main]: ServerEnvironment: 52 ABMs are registered
INFO[Main]: ServerEnvironment: Loading environment metadata from file
INFO[Main]: LBMManager: 1 unique times in lookup table
INFO[Main]: Starting server thread...
ACTION[Main]: World at [/tmp/grudgelands-wp40-profile-run.3hEhjiWj/world]
ACTION[Main]: Server for gameid="grudgelands" listening on 127.0.0.1:32665.
INFO[Emerge-0]: Initialized emerge Lua environment
INFO[Main]: Profiler:
INFO[Main]:   ActiveObjectMgr: SAO count [#] 
INFO[Main]:   Server: send SAO messages [ms] 
INFO[Main]:   Server: update objects within range [ms] 
INFO[Main]:   Server::AsyncRunStep() [ms] _____________________   20x      0.1
INFO[Main]:   Server::RunStep() (max) [ms] ____________________    1x       51
INFO[Main]:   Server::SendBlocks(): Collect list [ms] 
INFO[Main]:   Server::SendBlocks(): Send to clients [ms] 
INFO[Main]:   ServerEnv: Run SAO::step() [ms] 
INFO[Main]:   ServerEnv: Run node timers [ms] 
INFO[Main]:   ServerEnv::step() [ms] 
INFO[Main]:   ServerEnvironment::removeRemovedObjects() [ms] 
INFO[Main]: Profiler:
INFO[Main]:   ActiveObjectMgr: SAO count [#] 
INFO[Main]:   SEnv: modify in blocks avg per interval [ms] 
INFO[Main]:   Server: map saving (sum) [ms] 
INFO[Main]:   Server: send SAO messages [ms] 
INFO[Main]:   Server: update objects within range [ms] 
INFO[Main]:   Server::AsyncRunStep() [ms] _____________________   20x     0.05
INFO[Main]:   Server::RunStep() (max) [ms] ____________________    1x       51
INFO[Main]:   Server::SendBlocks(): Collect list [ms] 
INFO[Main]:   Server::SendBlocks(): Send to clients [ms] 
INFO[Main]:   ServerEnv: ABMs run 
INFO[Main]:   ServerEnv: Run SAO::step() [ms] 
INFO[Main]:   ServerEnv: Run node timers [ms] 
INFO[Main]:   ServerEnv: active blocks 
INFO[Main]:   ServerEnv: active blocks cached 
INFO[Main]:   ServerEnv: active blocks scanned for ABMs 
INFO[Main]:   ServerEnv::step() [ms] __________________________   20x     0.05
INFO[Main]:   ServerEnvironment::removeRemovedObjects() [ms] 
INFO[Main]: Profiler:
INFO[Main]:   ActiveObjectMgr: SAO count [#] 
INFO[Main]:   SEnv: modify in blocks avg per interval [ms] 
INFO[Main]:   Server: map saving (sum) [ms] 
INFO[Main]:   Server: map timer and unload [ms] 
INFO[Main]:   Server: send SAO messages [ms] 
INFO[Main]:   Server: update objects within range [ms] 
INFO[Main]:   Server::AsyncRunStep() [ms] 
INFO[Main]:   Server::RunStep() (max) [ms] ____________________    1x       51
INFO[Main]:   Server::SendBlocks(): Collect list [ms] 
INFO[Main]:   Server::SendBlocks(): Send to clients [ms] 
INFO[Main]:   ServerEnv: ABMs run 
INFO[Main]:   ServerEnv: Run SAO::step() [ms] 
INFO[Main]:   ServerEnv: Run node timers [ms] 
INFO[Main]:   ServerEnv: active blocks 
INFO[Main]:   ServerEnv: active blocks cached 
INFO[Main]:   ServerEnv: active blocks scanned for ABMs 
INFO[Main]:   ServerEnv: update active blocks [ms] 
INFO[Main]:   ServerEnv::step() [ms] 
INFO[Main]:   ServerEnvironment::removeRemovedObjects() [ms] 
INFO[Main]: Profiler:
INFO[Main]:   ActiveObjectMgr: SAO count [#] 
INFO[Main]:   SEnv: modify in blocks avg per interval [ms] 
INFO[Main]:   Server: map saving (sum) [ms] 
INFO[Main]:   Server: map timer and unload [ms] 
INFO[Main]:   Server: send SAO messages [ms] 
INFO[Main]:   Server: update objects within range [ms] 
INFO[Main]:   Server::AsyncRunStep() [ms] 
INFO[Main]:   Server::RunStep() (max) [ms] ____________________    1x       51
INFO[Main]:   Server::SendBlocks(): Collect list [ms] 
INFO[Main]:   Server::SendBlocks(): Send to clients [ms] 
INFO[Main]:   ServerEnv: ABMs run 
INFO[Main]:   ServerEnv: Run SAO::step() [ms] 
INFO[Main]:   ServerEnv: Run node timers [ms] 
INFO[Main]:   ServerEnv: active blocks 
INFO[Main]:   ServerEnv: active blocks cached 
INFO[Main]:   ServerEnv: active blocks scanned for ABMs 
INFO[Main]:   ServerEnv: update active blocks [ms] 
INFO[Main]:   ServerEnv::step() [ms] 
INFO[Main]:   ServerEnvironment::removeRemovedObjects() [ms] 
INFO[Main]: Profiler:
INFO[Main]:   ActiveObjectMgr: SAO count [#] 
INFO[Main]:   SEnv: modify in blocks avg per interval [ms] 
INFO[Main]:   Server: map saving (sum) [ms] 
INFO[Main]:   Server: map timer and unload [ms] 
INFO[Main]:   Server: send SAO messages [ms] 
INFO[Main]:   Server: update objects within range [ms] 
INFO[Main]:   Server::AsyncRunStep() [ms] _____________________   20x     0.05
INFO[Main]:   Server::RunStep() (max) [ms] ____________________    1x       51
INFO[Main]:   Server::SendBlocks(): Collect list [ms] 
INFO[Main]:   Server::SendBlocks(): Send to clients [ms] 
INFO[Main]:   ServerEnv: ABMs run 
INFO[Main]:   ServerEnv: Run SAO::step() [ms] 
INFO[Main]:   ServerEnv: Run node timers [ms] 
INFO[Main]:   ServerEnv: active blocks 
INFO[Main]:   ServerEnv: active blocks cached 
INFO[Main]:   ServerEnv: active blocks scanned for ABMs 
INFO[Main]:   ServerEnv: update active blocks [ms] 
INFO[Main]:   ServerEnv::step() [ms] __________________________   20x     0.05
INFO[Main]:   ServerEnvironment::removeRemovedObjects() [ms] 
INFO[Main]: Profiler:
INFO[Main]:   ActiveObjectMgr: SAO count [#] 
INFO[Main]:   SEnv: modify in blocks avg per interval [ms] 
INFO[Main]:   Server: map saving (sum) [ms] 
INFO[Main]:   Server: map timer and unload [ms] 
INFO[Main]:   Server: send SAO messages [ms] 
INFO[Main]:   Server: update objects within range [ms] 
INFO[Main]:   Server::AsyncRunStep() [ms] 
INFO[Main]:   Server::RunStep() (max) [ms] ____________________    1x       50
INFO[Main]:   Server::SendBlocks(): Collect list [ms] 
INFO[Main]:   Server::SendBlocks(): Send to clients [ms] 
INFO[Main]:   ServerEnv: ABMs run 
INFO[Main]:   ServerEnv: Run SAO::step() [ms] 
INFO[Main]:   ServerEnv: Run node timers [ms] 
INFO[Main]:   ServerEnv: active blocks 
INFO[Main]:   ServerEnv: active blocks cached 
INFO[Main]:   ServerEnv: active blocks scanned for ABMs 
INFO[Main]:   ServerEnv: update active blocks [ms] 
INFO[Main]:   ServerEnv::step() [ms] 
INFO[Main]:   ServerEnvironment::removeRemovedObjects() [ms] 
INFO[Main]: Profiler:
INFO[Main]:   ActiveObjectMgr: SAO count [#] 
INFO[Main]:   SEnv: modify in blocks avg per interval [ms] 
INFO[Main]:   Server: map saving (sum) [ms] 
INFO[Main]:   Server: map timer and unload [ms] 
INFO[Main]:   Server: send SAO messages [ms] 
INFO[Main]:   Server: update objects within range [ms] 
INFO[Main]:   Server::AsyncRunStep() [ms] 
INFO[Main]:   Server::RunStep() (max) [ms] ____________________    1x       51
INFO[Main]:   Server::SendBlocks(): Collect list [ms] 
INFO[Main]:   Server::SendBlocks(): Send to clients [ms] 
INFO[Main]:   ServerEnv: ABMs run 
INFO[Main]:   ServerEnv: Run SAO::step() [ms] 
INFO[Main]:   ServerEnv: Run node timers [ms] 
INFO[Main]:   ServerEnv: active blocks 
INFO[Main]:   ServerEnv: active blocks cached 
INFO[Main]:   ServerEnv: active blocks scanned for ABMs 
INFO[Main]:   ServerEnv: update active blocks [ms] 
INFO[Main]:   ServerEnv::step() [ms] 
INFO[Main]:   ServerEnvironment::removeRemovedObjects() [ms] 
ACTION[Emerge-0]: GRUG_WP40_PROFILE_PROBE phase=disk event=emerge case=west_t1_t2 mapchunk=-1712,-112,128 elapsed_us=7493760 generated=0 disk=125 memory=0 cancelled=0 errored=0
ACTION[Emerge-0]: GRUG_WP40_PROFILE_PROBE phase=disk event=emerge case=west_t2 mapchunk=-1712,-192,128 elapsed_us=2937 generated=0 disk=125 memory=0 cancelled=0 errored=0
ACTION[Emerge-0]: GRUG_WP40_PROFILE_PROBE phase=disk event=emerge case=west_t3 mapchunk=-1712,-432,128 elapsed_us=3506 generated=0 disk=125 memory=0 cancelled=0 errored=0
ACTION[Emerge-0]: GRUG_WP40_PROFILE_PROBE phase=disk event=emerge case=west_t4 mapchunk=-1712,-672,128 elapsed_us=3384 generated=0 disk=125 memory=0 cancelled=0 errored=0
ACTION[Emerge-0]: GRUG_WP40_PROFILE_PROBE phase=disk event=emerge case=west_t5 mapchunk=-1712,-912,128 elapsed_us=3385 generated=0 disk=125 memory=0 cancelled=0 errored=0
ACTION[Emerge-0]: GRUG_WP40_PROFILE_PROBE phase=disk event=emerge case=west_t5_t6 mapchunk=-1712,-1072,128 elapsed_us=3590 generated=0 disk=125 memory=0 cancelled=0 errored=0
ACTION[Emerge-0]: GRUG_WP40_PROFILE_PROBE phase=disk event=emerge case=west_deep_1500 mapchunk=-1712,-1552,128 elapsed_us=3317 generated=0 disk=125 memory=0 cancelled=0 errored=0
ACTION[Emerge-0]: GRUG_WP40_PROFILE_PROBE phase=disk event=emerge case=west_deep_2000 mapchunk=-1712,-2032,128 elapsed_us=3641 generated=0 disk=125 memory=0 cancelled=0 errored=0
ACTION[Emerge-0]: GRUG_WP40_PROFILE_PROBE phase=disk event=emerge case=east_t4 mapchunk=1648,-672,128 elapsed_us=3177 generated=0 disk=125 memory=0 cancelled=0 errored=0
ACTION[Emerge-0]: GRUG_WP40_PROFILE_PROBE phase=disk event=emerge case=east_deep_2000 mapchunk=1648,-2032,128 elapsed_us=3041 generated=0 disk=125 memory=0 cancelled=0 errored=0
ACTION[Server]: GRUG_WP40_PROFILE_PROBE phase=disk event=ore_count case=west_t1_t2 resource=citrine nodes=5
ACTION[Server]: GRUG_WP40_PROFILE_PROBE phase=disk event=ore_count case=west_t1_t2 resource=coal nodes=3873
ACTION[Server]: GRUG_WP40_PROFILE_PROBE phase=disk event=ore_count case=west_t1_t2 resource=copper nodes=1939
ACTION[Server]: GRUG_WP40_PROFILE_PROBE phase=disk event=ore_count case=west_t1_t2 resource=gold nodes=72
ACTION[Server]: GRUG_WP40_PROFILE_PROBE phase=disk event=ore_count case=west_t1_t2 resource=iron nodes=3874
ACTION[Server]: GRUG_WP40_PROFILE_PROBE phase=disk event=ore_count case=west_t1_t2 resource=quartz nodes=1929
ACTION[Server]: GRUG_WP40_PROFILE_PROBE phase=disk event=ore_count case=west_t1_t2 resource=tin nodes=1303
INFO[Main]: Profiler:
INFO[Main]:   ActiveObjectMgr: SAO count [#] 
INFO[Main]:   Emerge-0: processed [#] _________________________    1x     1250
INFO[Main]:   EmergeThread: load block - async (sum) [ms] _____    1x        1
INFO[Main]:   SEnv: modify in blocks avg per interval [ms] 
INFO[Main]:   Server: map saving (sum) [ms] 
INFO[Main]:   Server: map timer and unload [ms] 
INFO[Main]:   Server: send SAO messages [ms] 
INFO[Main]:   Server: update objects within range [ms] 
INFO[Main]:   Server::AsyncRunStep() [ms] _____________________   19x    0.052
INFO[Main]:   Server::RunStep() (max) [ms] ____________________    1x       51
INFO[Main]:   Server::SendBlocks(): Collect list [ms] 
INFO[Main]:   Server::SendBlocks(): Send to clients [ms] 
INFO[Main]:   ServerEnv: ABMs run 
INFO[Main]:   ServerEnv: Run SAO::step() [ms] 
INFO[Main]:   ServerEnv: Run node timers [ms] 
INFO[Main]:   ServerEnv: active blocks 
INFO[Main]:   ServerEnv: active blocks cached 
INFO[Main]:   ServerEnv: active blocks scanned for ABMs 
INFO[Main]:   ServerEnv: update active blocks [ms] 
INFO[Main]:   ServerEnv::step() [ms] 
INFO[Main]:   ServerEnvironment::removeRemovedObjects() [ms] 
INFO[Main]:   ServerMap: deSer block [us] _____________________ 1250x   13.989
INFO[Main]:   ServerMap: load block [us] ______________________ 1250x   22.073
ACTION[Server]: GRUG_WP40_PROFILE_PROBE phase=disk event=normalized_owner case=west_t1_t2 normalized=1990bf25ac653bbce6c482d63617f6c58039d0b8f5fbddb6b42035683220a4f2 param2=a3e59e9470b32c661d8e641ab11759a5667037f4d3d8256be466615875d4f918 light=a3e59e9470b32c661d8e641ab11759a5667037f4d3d8256be466615875d4f918
ACTION[Server]: GRUG_WP40_PROFILE_PROBE phase=disk event=ore_count case=west_t2 resource=citrine nodes=31
ACTION[Server]: GRUG_WP40_PROFILE_PROBE phase=disk event=ore_count case=west_t2 resource=coal nodes=3906
ACTION[Server]: GRUG_WP40_PROFILE_PROBE phase=disk event=ore_count case=west_t2 resource=copper nodes=1951
ACTION[Server]: GRUG_WP40_PROFILE_PROBE phase=disk event=ore_count case=west_t2 resource=gold nodes=493
ACTION[Server]: GRUG_WP40_PROFILE_PROBE phase=disk event=ore_count case=west_t2 resource=iron nodes=3900
ACTION[Server]: GRUG_WP40_PROFILE_PROBE phase=disk event=ore_count case=west_t2 resource=quartz nodes=1957
ACTION[Server]: GRUG_WP40_PROFILE_PROBE phase=disk event=ore_count case=west_t2 resource=tin nodes=1294
ACTION[Server]: GRUG_WP40_PROFILE_PROBE phase=disk event=normalized_owner case=west_t2 normalized=b78d6212e393033aed18cda357e55e48105b37368cd4bc3c4b8147f9758fc8cf param2=a3e59e9470b32c661d8e641ab11759a5667037f4d3d8256be466615875d4f918 light=a3e59e9470b32c661d8e641ab11759a5667037f4d3d8256be466615875d4f918
ACTION[Server]: GRUG_WP40_PROFILE_PROBE phase=disk event=ore_count case=west_t3 resource=citrine nodes=99
ACTION[Server]: GRUG_WP40_PROFILE_PROBE phase=disk event=ore_count case=west_t3 resource=coal nodes=3805
ACTION[Server]: GRUG_WP40_PROFILE_PROBE phase=disk event=ore_count case=west_t3 resource=copper nodes=1908
ACTION[Server]: GRUG_WP40_PROFILE_PROBE phase=disk event=ore_count case=west_t3 resource=gold nodes=475
ACTION[Server]: GRUG_WP40_PROFILE_PROBE phase=disk event=ore_count case=west_t3 resource=iron nodes=3808
ACTION[Server]: GRUG_WP40_PROFILE_PROBE phase=disk event=ore_count case=west_t3 resource=quartz nodes=1905
ACTION[Server]: GRUG_WP40_PROFILE_PROBE phase=disk event=ore_count case=west_t3 resource=silver nodes=479
ACTION[Server]: GRUG_WP40_PROFILE_PROBE phase=disk event=ore_count case=west_t3 resource=tin nodes=1263
ACTION[Server]: GRUG_WP40_PROFILE_PROBE phase=disk event=normalized_owner case=west_t3 normalized=43844f8765f0bed7f4be4596237fb7f7121702bc8fdf2e78c13bc2f61f347edd param2=f8cba42f50f7a8ebb43c4287a37b7c84bfd56e4b8a7d6cbbbc0b19c57e63f918 light=4d5aa9aaafe6e54a4a8d3764e2668d334121f898492a0bd85dfddb55aad2fe54
ACTION[Server]: GRUG_WP40_PROFILE_PROBE phase=disk event=ore_count case=west_t4 resource=citrine nodes=161
ACTION[Server]: GRUG_WP40_PROFILE_PROBE phase=disk event=ore_count case=west_t4 resource=coal nodes=3862
ACTION[Server]: GRUG_WP40_PROFILE_PROBE phase=disk event=ore_count case=west_t4 resource=copper nodes=1934
ACTION[Server]: GRUG_WP40_PROFILE_PROBE phase=disk event=ore_count case=west_t4 resource=emberglass nodes=242
ACTION[Server]: GRUG_WP40_PROFILE_PROBE phase=disk event=ore_count case=west_t4 resource=gold nodes=482
ACTION[Server]: GRUG_WP40_PROFILE_PROBE phase=disk event=ore_count case=west_t4 resource=iron nodes=3860
ACTION[Server]: GRUG_WP40_PROFILE_PROBE phase=disk event=ore_count case=west_t4 resource=quartz nodes=1925
ACTION[Server]: GRUG_WP40_PROFILE_PROBE phase=disk event=ore_count case=west_t4 resource=ruby nodes=39
ACTION[Server]: GRUG_WP40_PROFILE_PROBE phase=disk event=ore_count case=west_t4 resource=silver nodes=486
ACTION[Server]: GRUG_WP40_PROFILE_PROBE phase=disk event=ore_count case=west_t4 resource=tin nodes=1287
ACTION[Server]: GRUG_WP40_PROFILE_PROBE phase=disk event=normalized_owner case=west_t4 normalized=aa3d569f03a81a92096d9fead8f330c60fe74867a1c78b1fad4753416ca49130 param2=a3e59e9470b32c661d8e641ab11759a5667037f4d3d8256be466615875d4f918 light=a3e59e9470b32c661d8e641ab11759a5667037f4d3d8256be466615875d4f918
ACTION[Server]: GRUG_WP40_PROFILE_PROBE phase=disk event=ore_count case=west_t5 resource=abyssal_crystal nodes=231
ACTION[Server]: GRUG_WP40_PROFILE_PROBE phase=disk event=ore_count case=west_t5 resource=citrine nodes=161
ACTION[Server]: GRUG_WP40_PROFILE_PROBE phase=disk event=ore_count case=west_t5 resource=coal nodes=3772
ACTION[Server]: GRUG_WP40_PROFILE_PROBE phase=disk event=ore_count case=west_t5 resource=copper nodes=1886
ACTION[Server]: GRUG_WP40_PROFILE_PROBE phase=disk event=ore_count case=west_t5 resource=emberglass nodes=239
ACTION[Server]: GRUG_WP40_PROFILE_PROBE phase=disk event=ore_count case=west_t5 resource=gold nodes=475
ACTION[Server]: GRUG_WP40_PROFILE_PROBE phase=disk event=ore_count case=west_t5 resource=iron nodes=3771
ACTION[Server]: GRUG_WP40_PROFILE_PROBE phase=disk event=ore_count case=west_t5 resource=quartz nodes=1881
ACTION[Server]: GRUG_WP40_PROFILE_PROBE phase=disk event=ore_count case=west_t5 resource=ruby nodes=79
ACTION[Server]: GRUG_WP40_PROFILE_PROBE phase=disk event=ore_count case=west_t5 resource=silver nodes=471
ACTION[Server]: GRUG_WP40_PROFILE_PROBE phase=disk event=ore_count case=west_t5 resource=tin nodes=1260
ACTION[Server]: GRUG_WP40_PROFILE_PROBE phase=disk event=normalized_owner case=west_t5 normalized=be190d186944fa94633b793ad4f9754550df8b7a68ff979e3bf4a5c78fd776e2 param2=a3e59e9470b32c661d8e641ab11759a5667037f4d3d8256be466615875d4f918 light=a3e59e9470b32c661d8e641ab11759a5667037f4d3d8256be466615875d4f918
ACTION[Server]: GRUG_WP40_PROFILE_PROBE phase=disk event=ore_count case=west_t5_t6 resource=abyssal_crystal nodes=233
ACTION[Server]: GRUG_WP40_PROFILE_PROBE phase=disk event=ore_count case=west_t5_t6 resource=citrine nodes=151
ACTION[Server]: GRUG_WP40_PROFILE_PROBE phase=disk event=ore_count case=west_t5_t6 resource=coal nodes=3776
ACTION[Server]: GRUG_WP40_PROFILE_PROBE phase=disk event=ore_count case=west_t5_t6 resource=copper nodes=1894
ACTION[Server]: GRUG_WP40_PROFILE_PROBE phase=disk event=ore_count case=west_t5_t6 resource=emberglass nodes=228
ACTION[Server]: GRUG_WP40_PROFILE_PROBE phase=disk event=ore_count case=west_t5_t6 resource=gold nodes=474
ACTION[Server]: GRUG_WP40_PROFILE_PROBE phase=disk event=ore_count case=west_t5_t6 resource=iron nodes=3783
ACTION[Server]: GRUG_WP40_PROFILE_PROBE phase=disk event=ore_count case=west_t5_t6 resource=quartz nodes=1889
ACTION[Server]: GRUG_WP40_PROFILE_PROBE phase=disk event=ore_count case=west_t5_t6 resource=ruby nodes=154
ACTION[Server]: GRUG_WP40_PROFILE_PROBE phase=disk event=ore_count case=west_t5_t6 resource=silver nodes=469
ACTION[Server]: GRUG_WP40_PROFILE_PROBE phase=disk event=ore_count case=west_t5_t6 resource=tin nodes=1263
ACTION[Server]: GRUG_WP40_PROFILE_PROBE phase=disk event=normalized_owner case=west_t5_t6 normalized=a3d25d03f544165738e963569e40748903a10bbb08cccfb9b641113d28de8070 param2=a3e59e9470b32c661d8e641ab11759a5667037f4d3d8256be466615875d4f918 light=a3e59e9470b32c661d8e641ab11759a5667037f4d3d8256be466615875d4f918
ACTION[Server]: GRUG_WP40_PROFILE_PROBE phase=disk event=ore_count case=west_deep_1500 resource=abyssal_crystal nodes=270
ACTION[Server]: GRUG_WP40_PROFILE_PROBE phase=disk event=ore_count case=west_deep_1500 resource=citrine nodes=183
ACTION[Server]: GRUG_WP40_PROFILE_PROBE phase=disk event=ore_count case=west_deep_1500 resource=coal nodes=4330
ACTION[Server]: GRUG_WP40_PROFILE_PROBE phase=disk event=ore_count case=west_deep_1500 resource=copper nodes=2162
ACTION[Server]: GRUG_WP40_PROFILE_PROBE phase=disk event=ore_count case=west_deep_1500 resource=emberglass nodes=276
ACTION[Server]: GRUG_WP40_PROFILE_PROBE phase=disk event=ore_count case=west_deep_1500 resource=gold nodes=541
ACTION[Server]: GRUG_WP40_PROFILE_PROBE phase=disk event=ore_count case=west_deep_1500 resource=iron nodes=4342
ACTION[Server]: GRUG_WP40_PROFILE_PROBE phase=disk event=ore_count case=west_deep_1500 resource=quartz nodes=2176
ACTION[Server]: GRUG_WP40_PROFILE_PROBE phase=disk event=ore_count case=west_deep_1500 resource=ruby nodes=186
ACTION[Server]: GRUG_WP40_PROFILE_PROBE phase=disk event=ore_count case=west_deep_1500 resource=silver nodes=543
ACTION[Server]: GRUG_WP40_PROFILE_PROBE phase=disk event=ore_count case=west_deep_1500 resource=tin nodes=1431
ACTION[Server]: GRUG_WP40_PROFILE_PROBE phase=disk event=normalized_owner case=west_deep_1500 normalized=a8d49ea4749a0f441c70a83e11837fa9e04acbd90ef1ad7a38ecd466032e8b46 param2=b543d84047e3f3f0b9bdd7051a48f1a254e86b928c2ecf042bd496f9126e4deb light=a3e59e9470b32c661d8e641ab11759a5667037f4d3d8256be466615875d4f918
ACTION[Server]: GRUG_WP40_PROFILE_PROBE phase=disk event=ore_count case=west_deep_2000 resource=abyssal_crystal nodes=306
ACTION[Server]: GRUG_WP40_PROFILE_PROBE phase=disk event=ore_count case=west_deep_2000 resource=citrine nodes=221
ACTION[Server]: GRUG_WP40_PROFILE_PROBE phase=disk event=ore_count case=west_deep_2000 resource=coal nodes=4942
ACTION[Server]: GRUG_WP40_PROFILE_PROBE phase=disk event=ore_count case=west_deep_2000 resource=copper nodes=2467
ACTION[Server]: GRUG_WP40_PROFILE_PROBE phase=disk event=ore_count case=west_deep_2000 resource=emberglass nodes=309
ACTION[Server]: GRUG_WP40_PROFILE_PROBE phase=disk event=ore_count case=west_deep_2000 resource=gold nodes=622
ACTION[Server]: GRUG_WP40_PROFILE_PROBE phase=disk event=ore_count case=west_deep_2000 resource=iron nodes=4947
ACTION[Server]: GRUG_WP40_PROFILE_PROBE phase=disk event=ore_count case=west_deep_2000 resource=quartz nodes=2467
ACTION[Server]: GRUG_WP40_PROFILE_PROBE phase=disk event=ore_count case=west_deep_2000 resource=ruby nodes=207
ACTION[Server]: GRUG_WP40_PROFILE_PROBE phase=disk event=ore_count case=west_deep_2000 resource=silver nodes=627
ACTION[Server]: GRUG_WP40_PROFILE_PROBE phase=disk event=ore_count case=west_deep_2000 resource=tin nodes=1649
ACTION[Server]: GRUG_WP40_PROFILE_PROBE phase=disk event=normalized_owner case=west_deep_2000 normalized=e0734f7d8e3a6bcb91911fa4e51b75a38662465f131b87f9a8240490295065a8 param2=a3e59e9470b32c661d8e641ab11759a5667037f4d3d8256be466615875d4f918 light=a3e59e9470b32c661d8e641ab11759a5667037f4d3d8256be466615875d4f918
ACTION[Server]: GRUG_WP40_PROFILE_PROBE phase=disk event=ore_count case=east_t4 resource=coal nodes=3700
ACTION[Server]: GRUG_WP40_PROFILE_PROBE phase=disk event=ore_count case=east_t4 resource=copper nodes=1847
ACTION[Server]: GRUG_WP40_PROFILE_PROBE phase=disk event=ore_count case=east_t4 resource=emberglass nodes=225
ACTION[Server]: GRUG_WP40_PROFILE_PROBE phase=disk event=ore_count case=east_t4 resource=gold nodes=461
ACTION[Server]: GRUG_WP40_PROFILE_PROBE phase=disk event=ore_count case=east_t4 resource=iron nodes=3692
ACTION[Server]: GRUG_WP40_PROFILE_PROBE phase=disk event=ore_count case=east_t4 resource=jade nodes=153
ACTION[Server]: GRUG_WP40_PROFILE_PROBE phase=disk event=ore_count case=east_t4 resource=quartz nodes=1849
ACTION[Server]: GRUG_WP40_PROFILE_PROBE phase=disk event=ore_count case=east_t4 resource=sapphire nodes=34
ACTION[Server]: GRUG_WP40_PROFILE_PROBE phase=disk event=ore_count case=east_t4 resource=silver nodes=461
ACTION[Server]: GRUG_WP40_PROFILE_PROBE phase=disk event=ore_count case=east_t4 resource=tin nodes=1239
ACTION[Server]: GRUG_WP40_PROFILE_PROBE phase=disk event=normalized_owner case=east_t4 normalized=f3e0c0fb7d0dc2cd526369da24b4231c14589d015b3ce2ef26add2c0b1285c7b param2=a3e59e9470b32c661d8e641ab11759a5667037f4d3d8256be466615875d4f918 light=a3e59e9470b32c661d8e641ab11759a5667037f4d3d8256be466615875d4f918
ACTION[Server]: GRUG_WP40_PROFILE_PROBE phase=disk event=ore_count case=east_deep_2000 resource=abyssal_crystal nodes=213
ACTION[Server]: GRUG_WP40_PROFILE_PROBE phase=disk event=ore_count case=east_deep_2000 resource=coal nodes=3238
ACTION[Server]: GRUG_WP40_PROFILE_PROBE phase=disk event=ore_count case=east_deep_2000 resource=copper nodes=1617
ACTION[Server]: GRUG_WP40_PROFILE_PROBE phase=disk event=ore_count case=east_deep_2000 resource=emberglass nodes=210
ACTION[Server]: GRUG_WP40_PROFILE_PROBE phase=disk event=ore_count case=east_deep_2000 resource=gold nodes=405
ACTION[Server]: GRUG_WP40_PROFILE_PROBE phase=disk event=ore_count case=east_deep_2000 resource=iron nodes=3235
ACTION[Server]: GRUG_WP40_PROFILE_PROBE phase=disk event=ore_count case=east_deep_2000 resource=jade nodes=134
ACTION[Server]: GRUG_WP40_PROFILE_PROBE phase=disk event=ore_count case=east_deep_2000 resource=quartz nodes=1611
ACTION[Server]: GRUG_WP40_PROFILE_PROBE phase=disk event=ore_count case=east_deep_2000 resource=sapphire nodes=133
ACTION[Server]: GRUG_WP40_PROFILE_PROBE phase=disk event=ore_count case=east_deep_2000 resource=silver nodes=397
ACTION[Server]: GRUG_WP40_PROFILE_PROBE phase=disk event=ore_count case=east_deep_2000 resource=tin nodes=1078
ACTION[Server]: GRUG_WP40_PROFILE_PROBE phase=disk event=normalized_owner case=east_deep_2000 normalized=61a7f472f601720203e1c06a45b9eede07251cc3d41e551c3c4b0315f8ca6909 param2=1f007266f5022a5f2c17d88ebbf182bd97b083c56294eb1e352f7fb6af71c446 light=a3e59e9470b32c661d8e641ab11759a5667037f4d3d8256be466615875d4f918
ACTION[Server]: GRUG_WP40_PROFILE_PROBE phase=disk event=complete requested=10 completed=10 callbacks=0 generated=0 disk=1250 memory=0 cancelled=0 errored=0 samples=370 expected_nodes=0 digest=211e3465f698168983fd99ebf727273187c69c91ec330f4cb3d469b9488b5196 full_digest=d692a923606da124d1426e0649c5dba7403f44c9912dddeac09c4dd2a6f37e2b full_vocabulary_digest=b91b8197fb574561aa33c8cc7c56d3e935d9d4842f99019afc713a8bc5f56c22 full_voxels=5120000 measured_elapsed_us=7982470 diagnostic_us=731786
INFO[Server]: *** Server shutting down in 0s.
INFO[Server]: Server: Maximum lag peaked at 0.73197 (steplen=0.05)
INFO[Main]: Dedicated server quitting
INFO[Main]: Profiler:
INFO[Main]:   ActiveObjectMgr: SAO count [#] 
INFO[Main]:   Emerge-0: processed [#] 
INFO[Main]:   EmergeThread: load block - async (sum) [ms] 
INFO[Main]:   SEnv: modify in blocks avg per interval [ms] 
INFO[Main]:   Server: map saving (sum) [ms] 
INFO[Main]:   Server: map timer and unload [ms] 
INFO[Main]:   Server: send SAO messages [ms] 
INFO[Main]:   Server: update objects within range [ms] 
INFO[Main]:   Server::AsyncRunStep() [ms] _____________________    2x      366
INFO[Main]:   Server::RunStep() (max) [ms] ____________________    1x      732
INFO[Main]:   Server::SendBlocks(): Collect list [ms] 
INFO[Main]:   Server::SendBlocks(): Send to clients [ms] 
INFO[Main]:   ServerEnv: ABMs run 
INFO[Main]:   ServerEnv: Run SAO::step() [ms] 
INFO[Main]:   ServerEnv: Run node timers [ms] 
INFO[Main]:   ServerEnv: active blocks 
INFO[Main]:   ServerEnv: active blocks cached 
INFO[Main]:   ServerEnv: active blocks scanned for ABMs 
INFO[Main]:   ServerEnv: update active blocks [ms] 
INFO[Main]:   ServerEnv::step() [ms] __________________________    2x      366
INFO[Main]:   ServerEnvironment::removeRemovedObjects() [ms] 
INFO[Main]:   ServerMap: deSer block [us] 
INFO[Main]:   ServerMap: load block [us] 
ACTION[Main]: Server: Shutting down
INFO[Main]: Server: Stopping and waiting for threads
INFO[Main]: Server: Threads stopped
INFO[Main]: Server: Executing shutdown hooks
INFO[Main]: Server: Saving players
INFO[Main]: Server: Kicking players
INFO[Main]: Server: Saving environment metadata
INFO[Main]: AsyncEngine: Waiting for 1 threads
INFO[Main]: ServerMap: Saved map to /tmp/grudgelands-wp40-profile-run.3hEhjiWj/world
INFO[Main]: BanManager: saving to /tmp/grudgelands-wp40-profile-run.3hEhjiWj/world/ipban.txt
