

-------------
  Separator
-------------

WARNING[Main]: /!\ You are using the old mod storage files backend. This backend is deprecated and may be removed in a future release /!\
WARNING[Main]: Switching to SQLite3 is advised, please read https://docs.luanti.org/for-server-hosts/database-backends.
ACTION[Main]: [grug_materials] 12 tools completing the six-tier pick/axe/shovel ladder
WARNING[Main]: No craft recipe matches input (type: fuel, items: ['default:pick_mese'])
WARNING[Main]: No craft recipe matches input (type: fuel, items: ['default:shovel_mese'])
WARNING[Main]: No craft recipe matches input (type: fuel, items: ['default:axe_mese'])
WARNING[Main]: No craft recipe matches input (type: fuel, items: ['default:sword_mese'])
WARNING[Main]: No craft recipe matches input (type: fuel, items: ['default:pick_diamond'])
WARNING[Main]: No craft recipe matches input (type: fuel, items: ['default:shovel_diamond'])
WARNING[Main]: No craft recipe matches input (type: fuel, items: ['default:axe_diamond'])
WARNING[Main]: No craft recipe matches input (type: fuel, items: ['default:sword_diamond'])
WARNING[Main]: No craft recipe matches input (type: fuel, items: ['default:sword_bronze'])
WARNING[Main]: No craft recipe matches input (type: fuel, items: ['default:sword_steel'])
WARNING[Main]: No craft recipe matches input (type: fuel, items: ['default:copper_ingot'])
WARNING[Main]: No craft recipe matches input (type: fuel, items: ['default:copperblock'])
WARNING[Main]: No craft recipe matches input (type: fuel, items: ['default:tin_ingot'])
WARNING[Main]: No craft recipe matches input (type: fuel, items: ['default:tinblock'])
WARNING[Main]: No craft recipe matches input (type: fuel, items: ['default:bronze_ingot'])
WARNING[Main]: No craft recipe matches input (type: fuel, items: ['default:bronzeblock'])
WARNING[Main]: No craft recipe matches input (type: fuel, items: ['default:steel_ingot'])
WARNING[Main]: No craft recipe matches input (type: fuel, items: ['default:steelblock'])
WARNING[Main]: No craft recipe matches input (type: fuel, items: ['default:gold_ingot'])
WARNING[Main]: No craft recipe matches input (type: fuel, items: ['default:goldblock'])
WARNING[Main]: No craft recipe known for output 'default:stone_with_mese'
WARNING[Main]: No craft recipe matches input (type: fuel, items: ['default:stone_with_mese'])
WARNING[Main]: No craft recipe matches input (type: fuel, items: ['default:mese'])
WARNING[Main]: No craft recipe matches input (type: fuel, items: ['default:mese_crystal'])
WARNING[Main]: No craft recipe matches input (type: fuel, items: ['default:mese_crystal_fragment'])
WARNING[Main]: No craft recipe matches input (type: fuel, items: ['default:meselamp'])
WARNING[Main]: No craft recipe matches input (type: fuel, items: ['default:mese_post_light'])
WARNING[Main]: No craft recipe matches input (type: fuel, items: ['default:mese_post_light_acacia_wood'])
WARNING[Main]: No craft recipe matches input (type: fuel, items: ['default:mese_post_light_junglewood'])
WARNING[Main]: No craft recipe matches input (type: fuel, items: ['default:mese_post_light_pine_wood'])
WARNING[Main]: No craft recipe matches input (type: fuel, items: ['default:mese_post_light_aspen_wood'])
WARNING[Main]: No craft recipe known for output 'default:stone_with_diamond'
WARNING[Main]: No craft recipe matches input (type: fuel, items: ['default:stone_with_diamond'])
WARNING[Main]: No craft recipe matches input (type: fuel, items: ['default:diamond'])
WARNING[Main]: No craft recipe matches input (type: fuel, items: ['default:diamondblock'])
WARNING[Main]: No craft recipe matches input (type: fuel, items: ['default:sign_wall_steel'])
WARNING[Main]: No craft recipe matches input (type: fuel, items: ['default:ladder_steel'])
WARNING[Main]: No craft recipe matches input (type: fuel, items: ['stairs:stair_steelblock'])
WARNING[Main]: No craft recipe matches input (type: fuel, items: ['stairs:stair_inner_steelblock'])
WARNING[Main]: No craft recipe matches input (type: fuel, items: ['stairs:stair_outer_steelblock'])
WARNING[Main]: No craft recipe matches input (type: fuel, items: ['stairs:slab_steelblock'])
WARNING[Main]: No craft recipe matches input (type: fuel, items: ['stairs:stair_tinblock'])
WARNING[Main]: No craft recipe matches input (type: fuel, items: ['stairs:stair_inner_tinblock'])
WARNING[Main]: No craft recipe matches input (type: fuel, items: ['stairs:stair_outer_tinblock'])
WARNING[Main]: No craft recipe matches input (type: fuel, items: ['stairs:slab_tinblock'])
WARNING[Main]: No craft recipe matches input (type: fuel, items: ['stairs:stair_copperblock'])
WARNING[Main]: No craft recipe matches input (type: fuel, items: ['stairs:stair_inner_copperblock'])
WARNING[Main]: No craft recipe matches input (type: fuel, items: ['stairs:stair_outer_copperblock'])
WARNING[Main]: No craft recipe matches input (type: fuel, items: ['stairs:slab_copperblock'])
WARNING[Main]: No craft recipe matches input (type: fuel, items: ['stairs:stair_bronzeblock'])
WARNING[Main]: No craft recipe matches input (type: fuel, items: ['stairs:stair_inner_bronzeblock'])
WARNING[Main]: No craft recipe matches input (type: fuel, items: ['stairs:stair_outer_bronzeblock'])
WARNING[Main]: No craft recipe matches input (type: fuel, items: ['stairs:slab_bronzeblock'])
WARNING[Main]: No craft recipe matches input (type: fuel, items: ['stairs:stair_goldblock'])
WARNING[Main]: No craft recipe matches input (type: fuel, items: ['stairs:stair_inner_goldblock'])
WARNING[Main]: No craft recipe matches input (type: fuel, items: ['stairs:stair_outer_goldblock'])
WARNING[Main]: No craft recipe matches input (type: fuel, items: ['stairs:slab_goldblock'])
ACTION[Main]: [grug_gear] 6 bracket catalogs: 42 weapons + 72 armor pieces
ACTION[Main]: [grug_quality] deterministic PcgRandom quality rolls enabled
WARNING[Main]: No craft recipe known for output 'grug_gear:sword_bronze'
WARNING[Main]: No craft recipe known for output 'grug_gear:dagger_bronze'
WARNING[Main]: No craft recipe known for output 'grug_gear:greataxe_bronze'
WARNING[Main]: No craft recipe known for output 'grug_gear:wand_bronze'
WARNING[Main]: No craft recipe known for output 'grug_gear:scepter_bronze'
WARNING[Main]: No craft recipe known for output 'grug_gear:orb_bronze'
WARNING[Main]: No craft recipe known for output 'grug_gear:staff_bronze'
WARNING[Main]: No craft recipe known for output 'grug_gear:legs_metal_bronze'
WARNING[Main]: No craft recipe known for output 'grug_gear:head_metal_bronze'
WARNING[Main]: No craft recipe known for output 'grug_gear:feet_metal_bronze'
WARNING[Main]: No craft recipe known for output 'grug_gear:chest_metal_bronze'
WARNING[Main]: No craft recipe known for output 'grug_gear:legs_cloth_patch'
WARNING[Main]: No craft recipe known for output 'grug_gear:head_cloth_patch'
WARNING[Main]: No craft recipe known for output 'grug_gear:feet_cloth_patch'
WARNING[Main]: No craft recipe known for output 'grug_gear:chest_cloth_patch'
WARNING[Main]: No craft recipe known for output 'grug_gear:legs_leather_light'
WARNING[Main]: No craft recipe known for output 'grug_gear:head_leather_light'
WARNING[Main]: No craft recipe known for output 'grug_gear:feet_leather_light'
WARNING[Main]: No craft recipe known for output 'grug_gear:chest_leather_light'
WARNING[Main]: No craft recipe known for output 'grug_gear:sword_iron'
WARNING[Main]: No craft recipe known for output 'grug_materials:pick_iron'
WARNING[Main]: No craft recipe known for output 'grug_materials:shovel_iron'
WARNING[Main]: No craft recipe known for output 'grug_materials:axe_iron'
WARNING[Main]: No craft recipe known for output 'grug_gear:dagger_iron'
WARNING[Main]: No craft recipe known for output 'grug_gear:greataxe_iron'
WARNING[Main]: No craft recipe known for output 'grug_gear:wand_iron'
WARNING[Main]: No craft recipe known for output 'grug_gear:scepter_iron'
WARNING[Main]: No craft recipe known for output 'grug_gear:orb_iron'
WARNING[Main]: No craft recipe known for output 'grug_gear:staff_iron'
WARNING[Main]: No craft recipe known for output 'grug_gear:legs_metal_iron'
WARNING[Main]: No craft recipe known for output 'grug_gear:head_metal_iron'
WARNING[Main]: No craft recipe known for output 'grug_gear:feet_metal_iron'
WARNING[Main]: No craft recipe known for output 'grug_gear:chest_metal_iron'
WARNING[Main]: No craft recipe known for output 'grug_gear:legs_cloth_woven'
WARNING[Main]: No craft recipe known for output 'grug_gear:head_cloth_woven'
WARNING[Main]: No craft recipe known for output 'grug_gear:feet_cloth_woven'
WARNING[Main]: No craft recipe known for output 'grug_gear:chest_cloth_woven'
WARNING[Main]: No craft recipe known for output 'grug_gear:legs_leather_cured'
WARNING[Main]: No craft recipe known for output 'grug_gear:head_leather_cured'
WARNING[Main]: No craft recipe known for output 'grug_gear:feet_leather_cured'
WARNING[Main]: No craft recipe known for output 'grug_gear:chest_leather_cured'
WARNING[Main]: No craft recipe known for output 'grug_gear:sword_steel'
WARNING[Main]: No craft recipe known for output 'default:pick_steel'
WARNING[Main]: No craft recipe known for output 'grug_gear:dagger_steel'
WARNING[Main]: No craft recipe known for output 'grug_gear:greataxe_steel'
WARNING[Main]: No craft recipe known for output 'grug_gear:wand_steel'
WARNING[Main]: No craft recipe known for output 'grug_gear:scepter_steel'
WARNING[Main]: No craft recipe known for output 'grug_gear:orb_steel'
WARNING[Main]: No craft recipe known for output 'grug_gear:staff_steel'
WARNING[Main]: No craft recipe known for output 'grug_gear:legs_metal_steel'
WARNING[Main]: No craft recipe known for output 'grug_gear:head_metal_steel'
WARNING[Main]: No craft recipe known for output 'grug_gear:feet_metal_steel'
WARNING[Main]: No craft recipe known for output 'grug_gear:chest_metal_steel'
WARNING[Main]: No craft recipe known for output 'grug_gear:legs_cloth_heavy'
WARNING[Main]: No craft recipe known for output 'grug_gear:head_cloth_heavy'
WARNING[Main]: No craft recipe known for output 'grug_gear:feet_cloth_heavy'
WARNING[Main]: No craft recipe known for output 'grug_gear:chest_cloth_heavy'
WARNING[Main]: No craft recipe known for output 'grug_gear:legs_leather_heavy'
WARNING[Main]: No craft recipe known for output 'grug_gear:head_leather_heavy'
WARNING[Main]: No craft recipe known for output 'grug_gear:feet_leather_heavy'
WARNING[Main]: No craft recipe known for output 'grug_gear:chest_leather_heavy'
WARNING[Main]: No craft recipe known for output 'grug_gear:sword_silversteel'
WARNING[Main]: No craft recipe known for output 'grug_materials:pick_silversteel'
WARNING[Main]: No craft recipe known for output 'grug_materials:shovel_silversteel'
WARNING[Main]: No craft recipe known for output 'grug_materials:axe_silversteel'
WARNING[Main]: No craft recipe known for output 'grug_gear:dagger_silversteel'
WARNING[Main]: No craft recipe known for output 'grug_gear:greataxe_silversteel'
WARNING[Main]: No craft recipe known for output 'grug_gear:wand_silversteel'
WARNING[Main]: No craft recipe known for output 'grug_gear:scepter_silversteel'
WARNING[Main]: No craft recipe known for output 'grug_gear:orb_silversteel'
WARNING[Main]: No craft recipe known for output 'grug_gear:staff_silversteel'
WARNING[Main]: No craft recipe known for output 'grug_gear:legs_metal_silversteel'
WARNING[Main]: No craft recipe known for output 'grug_gear:head_metal_silversteel'
WARNING[Main]: No craft recipe known for output 'grug_gear:feet_metal_silversteel'
WARNING[Main]: No craft recipe known for output 'grug_gear:chest_metal_silversteel'
WARNING[Main]: No craft recipe known for output 'grug_gear:legs_cloth_silkweave'
WARNING[Main]: No craft recipe known for output 'grug_gear:head_cloth_silkweave'
WARNING[Main]: No craft recipe known for output 'grug_gear:feet_cloth_silkweave'
WARNING[Main]: No craft recipe known for output 'grug_gear:chest_cloth_silkweave'
WARNING[Main]: No craft recipe known for output 'grug_gear:legs_leather_scaled'
WARNING[Main]: No craft recipe known for output 'grug_gear:head_leather_scaled'
WARNING[Main]: No craft recipe known for output 'grug_gear:feet_leather_scaled'
WARNING[Main]: No craft recipe known for output 'grug_gear:chest_leather_scaled'
WARNING[Main]: No craft recipe known for output 'grug_gear:sword_embersteel'
WARNING[Main]: No craft recipe known for output 'grug_materials:pick_embersteel'
WARNING[Main]: No craft recipe known for output 'grug_materials:shovel_embersteel'
WARNING[Main]: No craft recipe known for output 'grug_materials:axe_embersteel'
WARNING[Main]: No craft recipe known for output 'grug_gear:dagger_embersteel'
WARNING[Main]: No craft recipe known for output 'grug_gear:greataxe_embersteel'
WARNING[Main]: No craft recipe known for output 'grug_gear:wand_embersteel'
WARNING[Main]: No craft recipe known for output 'grug_gear:scepter_embersteel'
WARNING[Main]: No craft recipe known for output 'grug_gear:orb_embersteel'
WARNING[Main]: No craft recipe known for output 'grug_gear:staff_embersteel'
WARNING[Main]: No craft recipe known for output 'grug_gear:legs_metal_embersteel'
WARNING[Main]: No craft recipe known for output 'grug_gear:head_metal_embersteel'
WARNING[Main]: No craft recipe known for output 'grug_gear:feet_metal_embersteel'
WARNING[Main]: No craft recipe known for output 'grug_gear:chest_metal_embersteel'
WARNING[Main]: No craft recipe known for output 'grug_gear:legs_cloth_silk'
WARNING[Main]: No craft recipe known for output 'grug_gear:head_cloth_silk'
WARNING[Main]: No craft recipe known for output 'grug_gear:feet_cloth_silk'
WARNING[Main]: No craft recipe known for output 'grug_gear:chest_cloth_silk'
WARNING[Main]: No craft recipe known for output 'grug_gear:legs_leather_sleek'
WARNING[Main]: No craft recipe known for output 'grug_gear:head_leather_sleek'
WARNING[Main]: No craft recipe known for output 'grug_gear:feet_leather_sleek'
WARNING[Main]: No craft recipe known for output 'grug_gear:chest_leather_sleek'
WARNING[Main]: No craft recipe known for output 'grug_gear:sword_abyssal_steel'
WARNING[Main]: No craft recipe known for output 'grug_materials:pick_abyssal_steel'
WARNING[Main]: No craft recipe known for output 'grug_materials:shovel_abyssal_steel'
WARNING[Main]: No craft recipe known for output 'grug_materials:axe_abyssal_steel'
WARNING[Main]: No craft recipe known for output 'grug_gear:dagger_abyssal_steel'
WARNING[Main]: No craft recipe known for output 'grug_gear:greataxe_abyssal_steel'
WARNING[Main]: No craft recipe known for output 'grug_gear:wand_abyssal_steel'
WARNING[Main]: No craft recipe known for output 'grug_gear:scepter_abyssal_steel'
WARNING[Main]: No craft recipe known for output 'grug_gear:orb_abyssal_steel'
WARNING[Main]: No craft recipe known for output 'grug_gear:staff_abyssal_steel'
WARNING[Main]: No craft recipe known for output 'grug_gear:legs_metal_abyssal_steel'
WARNING[Main]: No craft recipe known for output 'grug_gear:head_metal_abyssal_steel'
WARNING[Main]: No craft recipe known for output 'grug_gear:feet_metal_abyssal_steel'
WARNING[Main]: No craft recipe known for output 'grug_gear:chest_metal_abyssal_steel'
WARNING[Main]: No craft recipe known for output 'grug_gear:legs_cloth_stormweave'
WARNING[Main]: No craft recipe known for output 'grug_gear:head_cloth_stormweave'
WARNING[Main]: No craft recipe known for output 'grug_gear:feet_cloth_stormweave'
WARNING[Main]: No craft recipe known for output 'grug_gear:chest_cloth_stormweave'
WARNING[Main]: No craft recipe known for output 'grug_gear:legs_leather_nightscale'
WARNING[Main]: No craft recipe known for output 'grug_gear:head_leather_nightscale'
WARNING[Main]: No craft recipe known for output 'grug_gear:feet_leather_nightscale'
WARNING[Main]: No craft recipe known for output 'grug_gear:chest_leather_nightscale'
WARNING[Main]: No craft recipe known for output 'grug_mobs:light_leather'
WARNING[Main]: No craft recipe known for output 'grug_professions:cured_leather'
WARNING[Main]: No craft recipe known for output 'grug_mobs:heavy_leather'
WARNING[Main]: No craft recipe known for output 'grug_mobs:scaled_hide'
WARNING[Main]: No craft recipe known for output 'grug_professions:sleek_leather'
WARNING[Main]: No craft recipe known for output 'grug_professions:nightscale_leather'
WARNING[Main]: No craft recipe known for output 'grug_professions:bolt_patch'
WARNING[Main]: No craft recipe known for output 'grug_professions:bolt_woven'
WARNING[Main]: No craft recipe known for output 'grug_professions:bolt_heavy'
WARNING[Main]: No craft recipe known for output 'grug_professions:bolt_silkweave'
WARNING[Main]: No craft recipe known for output 'grug_professions:bolt_silk'
WARNING[Main]: No craft recipe known for output 'grug_professions:bolt_stormweave'
ACTION[Main]: [grug_professions] registered Weaponsmith, Armorsmith, Leatherworker and Tailor catalogs
WARNING[Main]: No craft recipe known for output 'grug_artisans:seasoned_wood'
WARNING[Main]: No craft recipe known for output 'grug_artisans:polished_wood'
WARNING[Main]: No craft recipe known for output 'grug_artisans:hardened_wood'
WARNING[Main]: No craft recipe known for output 'grug_artisans:inlaid_wood'
WARNING[Main]: No craft recipe known for output 'grug_artisans:lacquered_wood'
WARNING[Main]: No craft recipe known for output 'grug_artisans:heartwood_wood'
ACTION[Main]: [grug_artisans] registered Woodcarver and Goldsmith catalogs
ACTION[Main]: [grug_materials] registry audit passed: 6 tiers, 15 resources, 12 processed forms, 6 race regions
ACTION[Main]: [grug_smelting] recipe audit passed: 5 cooking, 5 dualfurn, 12 storage pairs, 1 station
ACTION[Main]: [grug_visuals] 72 armor pieces indexed for overlays, 3 art lines x 4 slots
ACTION[Main]: [grug_mobs] settlement work activities: tools 7, weapon families 1, all registered
ACTION[Main]: [grug_fishing] tables=6 entries=18 weight=100 bite=3..10s rod_uses=64
ACTION[Main]: [grug_inventory] starter weapons: mage=grug_gear:staff_wood (2H), priest=grug_gear:staff_wood (2H), warrior=default:sword_stone
ACTION[Main]: [grug_traders] 12 profession shelves, 122 offers, all registered
ACTION[Main]: [grug_traders] dwarf capital vendors come from the sockets of dur_brannoc
ACTION[Main]: [grug_traders] elf capital vendors come from the sockets of lethariel
ACTION[Main]: [grug_traders] human capital vendors come from the sockets of highcourt
ACTION[Main]: [grug_traders] orc capital vendors come from the sockets of gor_drazhak
ACTION[Main]: [grug_traders] troll capital vendors come from the sockets of kezamba
ACTION[Main]: [grug_traders] undead capital vendors come from the sockets of nhal_veyr
ACTION[Main]: [grug_traders] 12 settlements indexed for profession vendor appearance
ACTION[Main]: [grug_traders] drop audit: 3 mob(s) use a `drops` FUNCTION and cannot be walked statically (grug_mobs:bandit, grug_mobs:bandit_archer, grug_mobs:poacher); their items are audited from the hardcoded FUNCTION_DROPS list
WARNING[Main]: [grug_traders] no vendor price for dropped item 'default:apple' (dropped by grug_mobs:ashen_treant, grug_mobs:gravewood_treant) — add a _grug_sell_price to its def or a grug_traders.set_price override; traders must buy every mob drop (economy.md §3)
WARNING[Main]: [grug_traders] no vendor price for dropped item 'default:stick' (dropped by grug_mobs:ashen_treant, grug_mobs:gravewood_treant) — add a _grug_sell_price to its def or a grug_traders.set_price override; traders must buy every mob drop (economy.md §3)
ACTION[Main]: GRUG_WP13_CAPITAL event=start engine=5.17.0 seed=531802985935182545 manifest=da00097a1ebe183092a22027f989209dc205a21ebcdef1159fff6d2964ae74f1 sockets_registered=1881 anchor=1800,66,1500 mode=full build_us=module_load=21443,core=137329,plot_shore_market=5903,plot_shore_butcher=9949,plot_shore_tailor=6422,plot_shore_store=8482,plot_shore_smokehouse=4756,plot_shore_carvers=5723,plot_shore_well=3577,plot_shore_watch=11882,plot_shore_house=33208,plot_shore_vineyard=16648,plot_shore_gardens=25120,plot_shore_logyard=16311,plot_shore_green=5880,plot_vine_house_a=21646,plot_vine_house_b=20836,plot_vine_house_c=33636,plot_vine_house_d=40089,plot_vine_longhouse=53772,plot_vine_herbalist=22906,plot_vine_moot=17160,plot_vine_well=12353,plot_vine_store=9042,plot_vine_common=4906,plot_vine_terraces=4362,plot_vine_park=2185,plot_vine_kitchen=992,plot_canopy_barracks_a=12033,plot_canopy_barracks_b=11175,plot_canopy_armoury=9162,plot_canopy_watchpost=5294,plot_canopy_stable=13406,plot_canopy_store=7384,plot_canopy_hall=7233,plot_canopy_house_a=5288,plot_canopy_house_b=4927,plot_canopy_carvers=5351,plot_canopy_well=3526,plot_canopy_muster=4357,plot_canopy_pasture=4329,plot_canopy_woodyard=2190,plot_canopy_green=894,plot_totem_scriptorium=8528,plot_totem_carvers=4599,plot_totem_shrine=13480,plot_totem_hall=5918,plot_totem_house_a=4182,plot_totem_store=6083,plot_totem_well=2981,plot_totem_graves=3960,plot_totem_posts=872,plot_totem_grove=2223,plot_totem_green=870
ACTION[Main]: GRUG_WP13_CAPITAL event=build
ACTION[Main]: GRUG_WP13_CAPITAL event=build_time module_load=21443
ACTION[Main]: GRUG_WP13_CAPITAL event=build_time core=137329
ACTION[Main]: GRUG_WP13_CAPITAL event=build_time plot_shore_market=5903
ACTION[Main]: GRUG_WP13_CAPITAL event=build_time plot_shore_butcher=9949
ACTION[Main]: GRUG_WP13_CAPITAL event=build_time plot_shore_tailor=6422
ACTION[Main]: GRUG_WP13_CAPITAL event=build_time plot_shore_store=8482
ACTION[Main]: GRUG_WP13_CAPITAL event=build_time plot_shore_smokehouse=4756
ACTION[Main]: GRUG_WP13_CAPITAL event=build_time plot_shore_carvers=5723
ACTION[Main]: GRUG_WP13_CAPITAL event=build_time plot_shore_well=3577
ACTION[Main]: GRUG_WP13_CAPITAL event=build_time plot_shore_watch=11882
ACTION[Main]: GRUG_WP13_CAPITAL event=build_time plot_shore_house=33208
ACTION[Main]: GRUG_WP13_CAPITAL event=build_time plot_shore_vineyard=16648
ACTION[Main]: GRUG_WP13_CAPITAL event=build_time plot_shore_gardens=25120
ACTION[Main]: GRUG_WP13_CAPITAL event=build_time plot_shore_logyard=16311
ACTION[Main]: GRUG_WP13_CAPITAL event=build_time plot_shore_green=5880
ACTION[Main]: GRUG_WP13_CAPITAL event=build_time plot_vine_house_a=21646
ACTION[Main]: GRUG_WP13_CAPITAL event=build_time plot_vine_house_b=20836
ACTION[Main]: GRUG_WP13_CAPITAL event=build_time plot_vine_house_c=33636
ACTION[Main]: GRUG_WP13_CAPITAL event=build_time plot_vine_house_d=40089
ACTION[Main]: GRUG_WP13_CAPITAL event=build_time plot_vine_longhouse=53772
ACTION[Main]: GRUG_WP13_CAPITAL event=build_time plot_vine_herbalist=22906
ACTION[Main]: GRUG_WP13_CAPITAL event=build_time plot_vine_moot=17160
ACTION[Main]: GRUG_WP13_CAPITAL event=build_time plot_vine_well=12353
ACTION[Main]: GRUG_WP13_CAPITAL event=build_time plot_vine_store=9042
ACTION[Main]: GRUG_WP13_CAPITAL event=build_time plot_vine_common=4906
ACTION[Main]: GRUG_WP13_CAPITAL event=build_time plot_vine_terraces=4362
ACTION[Main]: GRUG_WP13_CAPITAL event=build_time plot_vine_park=2185
ACTION[Main]: GRUG_WP13_CAPITAL event=build_time plot_vine_kitchen=992
ACTION[Main]: GRUG_WP13_CAPITAL event=build_time plot_canopy_barracks_a=12033
ACTION[Main]: GRUG_WP13_CAPITAL event=build_time plot_canopy_barracks_b=11175
ACTION[Main]: GRUG_WP13_CAPITAL event=build_time plot_canopy_armoury=9162
ACTION[Main]: GRUG_WP13_CAPITAL event=build_time plot_canopy_watchpost=5294
ACTION[Main]: GRUG_WP13_CAPITAL event=build_time plot_canopy_stable=13406
ACTION[Main]: GRUG_WP13_CAPITAL event=build_time plot_canopy_store=7384
ACTION[Main]: GRUG_WP13_CAPITAL event=build_time plot_canopy_hall=7233
ACTION[Main]: GRUG_WP13_CAPITAL event=build_time plot_canopy_house_a=5288
ACTION[Main]: GRUG_WP13_CAPITAL event=build_time plot_canopy_house_b=4927
ACTION[Main]: GRUG_WP13_CAPITAL event=build_time plot_canopy_carvers=5351
ACTION[Main]: GRUG_WP13_CAPITAL event=build_time plot_canopy_well=3526
ACTION[Main]: GRUG_WP13_CAPITAL event=build_time plot_canopy_muster=4357
ACTION[Main]: GRUG_WP13_CAPITAL event=build_time plot_canopy_pasture=4329
ACTION[Main]: GRUG_WP13_CAPITAL event=build_time plot_canopy_woodyard=2190
ACTION[Main]: GRUG_WP13_CAPITAL event=build_time plot_canopy_green=894
ACTION[Main]: GRUG_WP13_CAPITAL event=build_time plot_totem_scriptorium=8528
ACTION[Main]: GRUG_WP13_CAPITAL event=build_time plot_totem_carvers=4599
ACTION[Main]: GRUG_WP13_CAPITAL event=build_time plot_totem_shrine=13480
ACTION[Main]: GRUG_WP13_CAPITAL event=build_time plot_totem_hall=5918
ACTION[Main]: GRUG_WP13_CAPITAL event=build_time plot_totem_house_a=4182
ACTION[Main]: GRUG_WP13_CAPITAL event=build_time plot_totem_store=6083
ACTION[Main]: GRUG_WP13_CAPITAL event=build_time plot_totem_well=2981
ACTION[Main]: GRUG_WP13_CAPITAL event=build_time plot_totem_graves=3960
ACTION[Main]: GRUG_WP13_CAPITAL event=build_time plot_totem_posts=872
ACTION[Main]: GRUG_WP13_CAPITAL event=build_time plot_totem_grove=2223
ACTION[Main]: GRUG_WP13_CAPITAL event=build_time plot_totem_green=870
ACTION[Main]: GRUG_WP13_CAPITAL event=socket sockets=285
ACTION[Main]: GRUG_WP13_CAPITAL event=socket role_gear_display=3
ACTION[Main]: GRUG_WP13_CAPITAL event=socket role_guard_patrol=65
ACTION[Main]: GRUG_WP13_CAPITAL event=socket role_guard_post=13
ACTION[Main]: GRUG_WP13_CAPITAL event=socket role_idle=112
ACTION[Main]: GRUG_WP13_CAPITAL event=socket role_king=1
ACTION[Main]: GRUG_WP13_CAPITAL event=socket role_mount_display=4
ACTION[Main]: GRUG_WP13_CAPITAL event=socket role_public_station=7
ACTION[Main]: GRUG_WP13_CAPITAL event=socket role_quest=1
ACTION[Main]: GRUG_WP13_CAPITAL event=socket role_riding_trainer=1
ACTION[Main]: GRUG_WP13_CAPITAL event=socket role_trainer=8
ACTION[Main]: GRUG_WP13_CAPITAL event=socket role_vendor=7
ACTION[Main]: GRUG_WP13_CAPITAL event=socket role_waypoint=1
ACTION[Main]: GRUG_WP13_CAPITAL event=socket role_work=62
ACTION[Main]: GRUG_WP13_CAPITAL event=socket loops=5
ACTION[Main]: GRUG_WP13_CAPITAL event=socket loop_kezamba_canopy_watch=17
ACTION[Main]: GRUG_WP13_CAPITAL event=socket loop_kezamba_shore_watch=14
ACTION[Main]: GRUG_WP13_CAPITAL event=socket loop_kezamba_totem_watch=11
ACTION[Main]: GRUG_WP13_CAPITAL event=socket loop_kezamba_vine_watch=14
ACTION[Main]: GRUG_WP13_CAPITAL event=socket loop_kezamba_watch=9
ACTION[Main]: GRUG_WP13_CAPITAL event=corpus mapchunks=78
ACTION[Main]: World at [/tmp/grudgelands-wp13-capital.gFnqLJ/world]
ACTION[Main]: Server for gameid="grudgelands" listening on 127.0.0.1:31944.
ACTION[Server]: [grug_core] start preload: emerging 6 start areas (128 x 128 nodes each, 2 at a time)
ACTION[Emerge-0]: [grug_core] start area ready: dwarf (1/6, 23.9 s)
ACTION[Server]: [grug_mobs] start npcs hearthpine: grug_mobs:guard_accord placed at socket gate_west (-1804,26,-2491)
ACTION[Server]: [grug_mobs] start npcs hearthpine: grug_mobs:guard_accord placed at socket gate_east (-1796,26,-2491)
ACTION[Server]: [grug_mobs] start npcs hearthpine: grug_mobs:guard_accord placed at socket watch_gate (-1800,26,-2498)
ACTION[Server]: [grug_mobs] start npcs hearthpine: grug_traders:vendor_race_dwarf placed at socket plaza_vendor (-1793,26,-2555)
ACTION[Server]: [grug_mobs] start npcs hearthpine: grug_mobs:villager_dwarf placed at socket idle_west_door (-1816,26,-2546)
ACTION[Server]: [grug_mobs] start npcs hearthpine: grug_mobs:villager_dwarf placed at socket idle_plaza_bench (-1793,26,-2549)
ACTION[Server]: [grug_mobs] start npcs hearthpine: grug_mobs:villager_dwarf placed at socket idle_workyard (-1819,26,-2533)
ACTION[Server]: [grug_mobs] start npcs hearthpine: grug_mobs:villager_dwarf placed at socket idle_forge_door (-1798,26,-2560)
ACTION[Server]: [grug_mobs] start npcs hearthpine: grug_mobs:villager_dwarf placed at socket work_woodpile (-1812,26,-2563)
ACTION[Server]: [grug_mobs] start npcs hearthpine: grug_mobs:villager_dwarf placed at socket work_garden (-1819,26,-2529)
ACTION[Server]: [grug_mobs] start npcs hearthpine: grug_mobs:elder_dwarf placed at socket hall_quest (-1828,26,-2524)
ACTION[Server]: [grug_mobs] start npcs hearthpine: grug_mobs:villager_dwarf placed at socket trainer_cooking (-1798,26,-2540)
ACTION[Server]: [grug_mobs] start npcs dwarf hearthpine: guards 3/3 flair 7/7 vendor 1/1 quest 1/1 royal 0/0 new 12 pending 0 spare 3 residents 6 walkers 1
ACTION[Emerge-0]: [grug_core] start area ready: human (2/6, 33.1 s)
ACTION[Server]: [grug_mobs] start npcs dawnmere: grug_mobs:guard_accord placed at socket gate_west (-4,18,-2493)
ACTION[Server]: [grug_mobs] start npcs dawnmere: grug_mobs:guard_accord placed at socket gate_east (4,18,-2493)
ACTION[Server]: [grug_mobs] start npcs dawnmere: grug_mobs:guard_accord placed at socket watch_gate (0,18,-2498)
ACTION[Server]: [grug_mobs] start npcs dawnmere: grug_traders:vendor_race_human placed at socket green_vendor (6,18,-2554)
ACTION[Server]: [grug_mobs] start npcs dawnmere: grug_mobs:villager_human placed at socket idle_cottage_door (10,18,-2566)
ACTION[Server]: [grug_mobs] start npcs dawnmere: grug_mobs:villager_human placed at socket idle_green_bench (-6,18,-2543)
ACTION[Server]: [grug_mobs] start npcs dawnmere: grug_mobs:villager_human placed at socket idle_barn (-19,18,-2550)
ACTION[Server]: [grug_mobs] start npcs dawnmere: grug_mobs:villager_human placed at socket idle_smithy (22,18,-2551)
ACTION[Server]: [grug_mobs] start npcs dawnmere: grug_mobs:villager_human placed at socket work_field (18,18,-2519)
ACTION[Server]: [grug_mobs] start npcs dawnmere: grug_mobs:villager_human placed at socket work_green_seat (-5,18,-2535)
ACTION[Server]: [grug_mobs] start npcs dawnmere: grug_mobs:elder_human placed at socket hall_quest (-11,18,-2542)
ACTION[Server]: [grug_mobs] start npcs dawnmere: grug_mobs:villager_human placed at socket trainer_cooking (2,18,-2540)
ACTION[Server]: [grug_mobs] start npcs human dawnmere: guards 3/3 flair 7/7 vendor 1/1 quest 1/1 royal 0/0 new 12 pending 0 spare 3 residents 6 walkers 1
ACTION[Emerge-0]: GRUG_WP13_CAPITAL event=mapchunk case=warmup mapchunk=1488:48:688 kind=warmup elapsed_us=32941005
ACTION[Emerge-0]: [grug_core] start area ready: elf (3/6, 39.8 s)
ACTION[Server]: [grug_mobs] start npcs silverleaf: grug_mobs:guard_accord placed at socket gate_west (1796,22,-2493)
ACTION[Server]: [grug_mobs] start npcs silverleaf: grug_mobs:guard_accord placed at socket gate_east (1804,22,-2493)
ACTION[Server]: [grug_mobs] start npcs silverleaf: grug_mobs:guard_accord placed at socket watch_gate (1800,22,-2498)
ACTION[Server]: [grug_mobs] start npcs silverleaf: grug_traders:vendor_race_elf placed at socket court_vendor (1807,22,-2554)
ACTION[Server]: [grug_mobs] start npcs silverleaf: grug_mobs:villager_elf placed at socket idle_shrine_door (1779,22,-2534)
ACTION[Server]: [grug_mobs] start npcs silverleaf: grug_mobs:villager_elf placed at socket idle_court_bench (1793,22,-2545)
ACTION[Server]: [grug_mobs] start npcs silverleaf: grug_mobs:villager_elf placed at socket idle_bowyer (1828,22,-2551)
ACTION[Server]: [grug_mobs] start npcs silverleaf: grug_mobs:villager_elf placed at socket idle_market (1769,22,-2550)
ACTION[Server]: [grug_mobs] start npcs silverleaf: grug_mobs:villager_elf placed at socket work_planters (1804,22,-2539)
ACTION[Server]: [grug_mobs] start npcs silverleaf: grug_mobs:villager_elf placed at socket work_market (1767,22,-2545)
ACTION[Server]: [grug_mobs] start npcs silverleaf: grug_mobs:elder_elf placed at socket hall_quest (1820,22,-2536)
ACTION[Server]: [grug_mobs] start npcs silverleaf: grug_mobs:villager_elf placed at socket trainer_cooking (1802,22,-2540)
ACTION[Server]: [grug_mobs] start npcs elf silverleaf: guards 3/3 flair 7/7 vendor 1/1 quest 1/1 royal 0/0 new 12 pending 0 spare 3 residents 6 walkers 1
ACTION[Emerge-0]: [grug_core] start area ready: undead (4/6, 47.9 s)
ACTION[Server]: [grug_mobs] start npcs stillgrave: grug_mobs:guard_throng placed at socket gate_west (-1804,55,2494)
ACTION[Server]: [grug_mobs] start npcs stillgrave: grug_mobs:guard_throng placed at socket gate_east (-1796,55,2494)
ACTION[Server]: [grug_mobs] start npcs stillgrave: grug_mobs:guard_throng placed at socket watch_gate (-1800,55,2498)
ACTION[Server]: [grug_mobs] start npcs stillgrave: grug_traders:vendor_race_undead placed at socket court_vendor (-1793,55,2545)
ACTION[Server]: [grug_mobs] start npcs stillgrave: grug_mobs:villager_undead placed at socket idle_warden_door (-1813,55,2582)
ACTION[Server]: [grug_mobs] start npcs stillgrave: grug_mobs:villager_undead placed at socket idle_court_settle (-1810,55,2554)
ACTION[Server]: [grug_mobs] start npcs stillgrave: grug_mobs:villager_undead placed at socket idle_bone_works (-1778,55,2549)
ACTION[Server]: [grug_mobs] start npcs stillgrave: grug_mobs:villager_undead placed at socket idle_gate_brazier (-1805,55,2493)
ACTION[Server]: [grug_mobs] start npcs stillgrave: grug_mobs:villager_undead placed at socket work_gravewood (-1790,55,2544)
ACTION[Server]: [grug_mobs] start npcs stillgrave: grug_mobs:villager_undead placed at socket work_blightbed (-1822,55,2542)
ACTION[Server]: [grug_mobs] start npcs stillgrave: grug_mobs:elder_undead placed at socket hall_quest (-1798,55,2560)
ACTION[Server]: [grug_mobs] start npcs stillgrave: grug_mobs:villager_undead placed at socket trainer_cooking (-1798,55,2540)
ACTION[Server]: [grug_mobs] start npcs undead stillgrave: guards 3/3 flair 7/7 vendor 1/1 quest 1/1 royal 0/0 new 12 pending 0 spare 3 residents 6 walkers 1
ACTION[Emerge-0]: GRUG_WP13_CAPITAL event=mapchunk case=control_capital_lethariel mapchunk=1728:-32:-1552 kind=control_capital elapsed_us=15000962
ACTION[Server]: [grug_mobs] start npcs lethariel: grug_mobs:king_elf placed at socket king (1762,47,-1525)
ACTION[Server]: [grug_mobs] start npcs lethariel: grug_mobs:royal_guard_elf placed at socket throne_guard_west (1765,45,-1532)
ACTION[Server]: [grug_mobs] start npcs lethariel: grug_mobs:royal_guard_elf placed at socket throne_guard_east (1765,45,-1518)
ACTION[Server]: [grug_mobs] start npcs lethariel: grug_mobs:guard_accord placed at socket door_guard_west (1783,44,-1528)
ACTION[Server]: [grug_mobs] start npcs lethariel: grug_mobs:guard_accord placed at socket door_guard_east (1783,44,-1521)
ACTION[Server]: [grug_mobs] start npcs lethariel: grug_mobs:villager_elf placed at socket hall_idle_west (1775,44,-1538)
ACTION[Server]: [grug_mobs] start npcs lethariel: grug_mobs:villager_elf placed at socket hall_idle_east (1775,44,-1512)
ACTION[Server]: [grug_mobs] start npcs lethariel: grug_mobs:villager_elf placed at socket hall_idle_service (1766,44,-1538)
ACTION[Server]: [grug_mobs] start npcs lethariel: grug_mobs:guard_accord placed at socket gate_south_post_west (1798,42,-1548)
ACTION[Server]: [grug_mobs] start npcs lethariel: grug_mobs:guard_accord placed at socket gate_south_post_east (1802,42,-1548)
ACTION[Server]: [grug_mobs] start npcs lethariel: grug_mobs:villager_elf placed at socket gate_south_idle_west (1795,42,-1545)
ACTION[Server]: [grug_mobs] start npcs lethariel: grug_mobs:villager_elf placed at socket gate_south_idle_east (1805,42,-1545)
ACTION[Server]: [grug_mobs] start npcs lethariel: grug_mobs:guard_accord placed at socket gate_west_post_west (1752,42,-1498)
ACTION[Server]: [grug_mobs] start npcs lethariel: grug_mobs:guard_accord placed at socket gate_west_post_east (1752,42,-1502)
ACTION[Server]: [grug_mobs] start npcs lethariel: grug_mobs:villager_elf placed at socket gate_west_idle_west (1755,42,-1495)
ACTION[Server]: [grug_mobs] start npcs lethariel: grug_mobs:villager_elf placed at socket gate_west_idle_east (1755,42,-1505)
ACTION[Server]: [grug_mobs] start npcs lethariel: grug_mobs:villager_elf placed at socket colonnade_west_idle_a (1792,42,-1519)
ACTION[Server]: [grug_mobs] start npcs lethariel: grug_mobs:villager_elf placed at socket colonnade_west_idle_b (1794,42,-1529)
ACTION[Server]: [grug_mobs] start npcs lethariel: grug_mobs:guard_accord placed at socket colonnade_west_walk (1793,42,-1524)
ACTION[Server]: [grug_mobs] start npcs lethariel: grug_mobs:villager_elf placed at socket colonnade_east_idle_b (1807,42,-1519)
ACTION[Server]: [grug_mobs] start npcs lethariel: grug_mobs:villager_elf placed at socket fountain_court_idle_a (1761,42,-1490)
ACTION[Server]: [grug_mobs] start npcs lethariel: grug_mobs:villager_elf placed at socket fountain_court_idle_b (1761,42,-1484)
ACTION[Server]: [grug_mobs] start npcs lethariel: grug_mobs:villager_elf placed at socket star_hall_altar (1775,42,-1479)
ACTION[Server]: [grug_mobs] start npcs lethariel: grug_mobs:elder_elf placed at socket star_hall_quest (1775,42,-1495)
ACTION[Server]: [grug_mobs] start npcs lethariel: grug_mobs:villager_elf placed at socket bough_west_foot (1789,42,-1485)
ACTION[Server]: [grug_mobs] start npcs lethariel: grug_mobs:villager_elf placed at socket quay_idle_head (1796,42,-1481)
ACTION[Server]: [grug_mobs] start npcs lethariel: grug_mobs:villager_elf placed at socket forecourt_idle_west (1794,42,-1514)
ACTION[Server]: [grug_mobs] start npcs lethariel: grug_mobs:villager_elf placed at socket forecourt_idle_east (1807,42,-1514)
ACTION[Server]: [grug_mobs] start npcs lethariel: grug_mobs:villager_elf placed at socket shore_work_sweep (1796,42,-1481)
ACTION[Server]: [grug_mobs] start npcs lethariel: grug_mobs:villager_elf placed at socket crossing_work_west (1795,43,-1504)
ACTION[Server]: [grug_mobs] start npcs lethariel: grug_mobs:villager_elf placed at socket crossing_work_east (1805,43,-1504)
ACTION[Server]: [grug_mobs] start npcs elf lethariel: guards 9/22 flair 20/175 vendor 0/9 quest 1/2 royal 1/1 new 31 pending 178 spare 24 residents 159 walkers 22
ACTION[Emerge-0]: [grug_core] start area ready: orc (5/6, 58.5 s)
ACTION[Server]: [grug_mobs] start npcs sunscar: grug_mobs:guard_throng placed at socket gate_west (-4,28,2499)
ACTION[Server]: [grug_mobs] start npcs sunscar: grug_mobs:guard_throng placed at socket gate_east (4,28,2499)
ACTION[Server]: [grug_mobs] start npcs sunscar: grug_mobs:guard_throng placed at socket watch_gate (0,28,2510)
ACTION[Server]: [grug_mobs] start npcs sunscar: grug_traders:vendor_race_orc placed at socket yard_vendor (8,28,2545)
ACTION[Server]: [grug_mobs] start npcs sunscar: grug_mobs:villager_orc placed at socket idle_tusk_door (-11,28,2528)
ACTION[Server]: [grug_mobs] start npcs sunscar: grug_mobs:villager_orc placed at socket idle_council_seat (-3,28,2558)
ACTION[Server]: [grug_mobs] start npcs sunscar: grug_mobs:villager_orc placed at socket idle_beast_pen (-25,28,2548)
ACTION[Server]: [grug_mobs] start npcs sunscar: grug_mobs:villager_orc placed at socket idle_armoury_forge (20,28,2548)
ACTION[Server]: [grug_mobs] start npcs sunscar: grug_mobs:villager_orc placed at socket work_forge (-34,28,2552)
ACTION[Server]: [grug_mobs] start npcs sunscar: grug_mobs:villager_orc placed at socket work_acacia (-14,28,2549)
ACTION[Server]: [grug_mobs] start npcs sunscar: grug_mobs:elder_orc placed at socket hall_quest (3,28,2562)
ACTION[Server]: [grug_mobs] start npcs sunscar: grug_mobs:villager_orc placed at socket trainer_cooking (2,28,2540)
ACTION[Server]: [grug_mobs] start npcs orc sunscar: guards 3/3 flair 7/7 vendor 1/1 quest 1/1 royal 0/0 new 12 pending 0 spare 3 residents 6 walkers 1
ACTION[Emerge-0]: [grug_core] start area ready: troll (6/6, 64.8 s)
ACTION[Emerge-0]: [grug_core] all 6 start areas ready after 64.8 s
ACTION[Server]: [grug_mobs] start npcs kapok: grug_mobs:guard_throng placed at socket gate_west (1796,21,2505)
ACTION[Server]: [grug_mobs] start npcs kapok: grug_mobs:guard_throng placed at socket gate_east (1804,21,2505)
ACTION[Server]: [grug_mobs] start npcs kapok: grug_mobs:guard_throng placed at socket watch_gate (1800,21,2514)
ACTION[Server]: [grug_mobs] start npcs kapok: grug_traders:vendor_race_troll placed at socket clearing_vendor (1807,21,2546)
ACTION[Server]: [grug_mobs] start npcs kapok: grug_mobs:villager_troll placed at socket idle_lodge_door (1798,21,2567)
ACTION[Server]: [grug_mobs] start npcs kapok: grug_mobs:villager_troll placed at socket idle_terrace_settle (1788,21,2577)
ACTION[Server]: [grug_mobs] start npcs kapok: grug_mobs:villager_troll placed at socket idle_drying_shed (1783,21,2574)
ACTION[Server]: [grug_mobs] start npcs kapok: grug_mobs:villager_troll placed at socket idle_smoker (1813,21,2570)
ACTION[Server]: [grug_mobs] start npcs kapok: grug_mobs:villager_troll placed at socket work_jungle (1771,21,2563)
ACTION[Server]: [grug_mobs] start npcs kapok: grug_mobs:villager_troll placed at socket work_terrace (1784,21,2574)
ACTION[Server]: [grug_mobs] start npcs kapok: grug_mobs:elder_troll placed at socket hall_quest (1803,21,2567)
ACTION[Server]: [grug_mobs] start npcs kapok: grug_mobs:villager_troll placed at socket trainer_cooking (1802,21,2540)
ACTION[Server]: [grug_mobs] start npcs troll kapok: guards 3/3 flair 7/7 vendor 1/1 quest 1/1 royal 0/0 new 12 pending 0 spare 3 residents 6 walkers 1
ACTION[Emerge-0]: GRUG_WP13_CAPITAL event=mapchunk case=control_capital_lethariel mapchunk=1808:-32:-1552 kind=control_capital elapsed_us=16450343
ACTION[Server]: [grug_mobs] start npcs lethariel: grug_mobs:guard_accord placed at socket gate_east_post_west (1848,42,-1502)
ACTION[Server]: [grug_mobs] start npcs lethariel: grug_mobs:guard_accord placed at socket gate_east_post_east (1848,42,-1498)
ACTION[Server]: [grug_mobs] start npcs lethariel: grug_mobs:villager_elf placed at socket gate_east_idle_west (1845,42,-1505)
ACTION[Server]: [grug_mobs] start npcs lethariel: grug_mobs:villager_elf placed at socket gate_east_idle_east (1845,42,-1495)
ACTION[Server]: [grug_mobs] start npcs lethariel: grug_mobs:villager_elf placed at socket market_booth_1 (1819,42,-1543)
ACTION[Server]: [grug_mobs] start npcs lethariel: grug_mobs:villager_elf placed at socket market_booth_2 (1829,42,-1543)
ACTION[Server]: [grug_mobs] start npcs lethariel: grug_mobs:villager_elf placed at socket market_booth_3 (1819,42,-1529)
ACTION[Server]: [grug_mobs] start npcs lethariel: grug_mobs:villager_elf placed at socket market_booth_4 (1829,42,-1529)
ACTION[Server]: [grug_mobs] start npcs lethariel: grug_mobs:villager_elf placed at socket market_idle_west (1817,42,-1541)
ACTION[Server]: [grug_mobs] start npcs lethariel: grug_mobs:villager_elf placed at socket market_idle_east (1831,42,-1531)
ACTION[Server]: [grug_mobs] start npcs lethariel: grug_mobs:villager_elf placed at socket colonnade_east_idle_a (1809,42,-1529)
ACTION[Server]: [grug_mobs] start npcs lethariel: grug_mobs:villager_elf placed at socket statue_idle (1810,42,-1496)
ACTION[Server]: [grug_mobs] start npcs lethariel: grug_mobs:villager_elf placed at socket sacred_grove_idle (1833,42,-1484)
ACTION[Server]: [grug_mobs] start npcs lethariel: grug_mobs:villager_elf placed at socket mere_shrine_keeper (1818,43,-1484)
ACTION[Server]: [grug_mobs] start npcs lethariel: grug_mobs:villager_elf placed at socket mere_shrine_south (1820,43,-1486)
ACTION[Server]: [grug_mobs] start npcs lethariel: grug_mobs:villager_elf placed at socket mere_shrine_north (1820,43,-1482)
ACTION[Server]: [grug_mobs] start npcs lethariel: grug_mobs:villager_elf placed at socket bough_east_deck (1840,48,-1517)
ACTION[Server]: [grug_mobs] start npcs lethariel: grug_mobs:villager_elf placed at socket bough_east_foot (1839,42,-1515)
ACTION[Server]: [grug_mobs] start npcs lethariel: grug_traders:vendor_race_elf placed at socket vendor_race (1817,42,-1525)
ACTION[Server]: [grug_mobs] start npcs lethariel: grug_traders:vendor_general_accord placed at socket vendor_general (1824,42,-1525)
ACTION[Server]: [grug_mobs] start npcs lethariel: grug_mobs:villager_elf placed at socket grove_idle_walk (1822,42,-1491)
ACTION[Server]: [grug_mobs] start npcs lethariel: grug_mobs:villager_elf placed at socket grove_idle_shrine (1818,42,-1489)
ACTION[Server]: [grug_mobs] start npcs lethariel: grug_mobs:villager_elf placed at socket market_idle_walk (1812,42,-1524)
ACTION[Server]: [grug_mobs] start npcs lethariel: grug_mobs:villager_elf placed at socket shore_work_counter (1808,42,-1487)
ACTION[Server]: [grug_mobs] start npcs lethariel: grug_mobs:villager_elf placed at socket shore_work_pile (1813,42,-1487)
ACTION[Server]: [grug_mobs] start npcs lethariel: grug_mobs:villager_elf placed at socket shore_work_beds (1809,42,-1484)
ACTION[Server]: [grug_mobs] start npcs lethariel: grug_mobs:villager_elf placed at socket shore_work_stone (1813,42,-1484)
ACTION[Server]: [grug_mobs] start npcs elf lethariel: guards 11/22 flair 43/175 vendor 2/9 quest 1/2 royal 1/1 new 27 pending 151 spare 24 residents 159 walkers 22
ACTION[Emerge-0]: GRUG_WP13_CAPITAL event=mapchunk case=control_capital_lethariel mapchunk=1728:48:-1552 kind=control_capital elapsed_us=582409
ACTION[Emerge-0]: GRUG_WP13_CAPITAL event=mapchunk case=control_capital_lethariel mapchunk=1808:48:-1552 kind=control_capital elapsed_us=297909
ACTION[Emerge-0]: GRUG_WP13_CAPITAL event=mapchunk case=control_capital_lethariel mapchunk=1728:-32:-1472 kind=control_capital elapsed_us=641588
ACTION[Emerge-0]: GRUG_WP13_CAPITAL event=mapchunk case=control_capital_lethariel mapchunk=1808:-32:-1472 kind=control_capital elapsed_us=440959
ACTION[Emerge-0]: GRUG_WP13_CAPITAL event=mapchunk case=control_capital_lethariel mapchunk=1728:48:-1472 kind=control_capital elapsed_us=263615
ACTION[Emerge-0]: GRUG_WP13_CAPITAL event=mapchunk case=control_capital_lethariel mapchunk=1808:48:-1472 kind=control_capital elapsed_us=265738
ACTION[Emerge-0]: GRUG_WP13_CAPITAL event=mapchunk case=core mapchunk=1728:48:1408 kind=capital elapsed_us=1172521
ACTION[Emerge-0]: GRUG_WP13_CAPITAL event=mapchunk case=core mapchunk=1808:48:1408 kind=capital elapsed_us=798234
ACTION[Server]: [grug_mobs] start npcs lethariel: grug_mobs:guard_accord placed at socket gate_south_deck (1800,53,-1546)
ACTION[Server]: [grug_mobs] start npcs lethariel: grug_mobs:guard_accord placed at socket gate_west_deck (1754,53,-1500)
ACTION[Server]: [grug_mobs] start npcs lethariel: grug_mobs:guard_accord placed at socket gate_east_deck (1846,53,-1500)
ACTION[Server]: [grug_mobs] start npcs lethariel: grug_mobs:villager_elf placed at socket bough_west_deck (1790,49,-1487)
ACTION[Server]: [grug_mobs] start npcs lethariel: grug_mobs:villager_elf placed at socket quay_idle_west (1777,42,-1472)
ACTION[Server]: [grug_mobs] start npcs lethariel: grug_mobs:villager_elf placed at socket quay_idle_east (1823,42,-1472)
ACTION[Server]: [grug_mobs] start npcs lethariel: grug_mobs:villager_elf placed at socket market_granary/market_granary_work (1728,39,-1420)
ACTION[Server]: [grug_mobs] start npcs lethariel: grug_mobs:guard_accord placed at socket market_granary/market_granary_watch (1728,39,-1432)
ACTION[Server]: [grug_mobs] start npcs lethariel: grug_mobs:villager_elf placed at socket market_granary/market_granary_gate_idle (1728,39,-1432)
ACTION[Server]: [grug_mobs] start npcs elf lethariel: guards 15/22 flair 48/175 vendor 2/9 quest 1/2 royal 1/1 new 9 pending 142 spare 24 residents 159 walkers 22
ACTION[Emerge-0]: GRUG_WP13_CAPITAL event=mapchunk case=core mapchunk=1728:48:1488 kind=capital elapsed_us=829852
ACTION[Emerge-0]: GRUG_WP13_CAPITAL event=mapchunk case=core mapchunk=1808:48:1488 kind=capital elapsed_us=485816
ACTION[Emerge-0]: GRUG_WP13_CAPITAL event=mapchunk case=plot_shore_market mapchunk=1888:-32:1328 kind=capital elapsed_us=1045481
ACTION[Emerge-0]: GRUG_WP13_CAPITAL event=mapchunk case=plot_shore_butcher mapchunk=1888:48:1328 kind=capital elapsed_us=326549
ACTION[Emerge-0]: GRUG_WP13_CAPITAL event=mapchunk case=plot_shore_tailor mapchunk=1888:-32:1408 kind=capital elapsed_us=920181
ACTION[Emerge-0]: GRUG_WP13_CAPITAL event=mapchunk case=plot_shore_tailor mapchunk=1888:48:1408 kind=capital elapsed_us=477014
ACTION[Emerge-0]: GRUG_WP13_CAPITAL event=mapchunk case=plot_shore_store mapchunk=1808:-32:1328 kind=capital elapsed_us=773914
ACTION[Server]: [grug_mobs] start npcs kezamba: grug_mobs:king_troll placed at socket king (1811,72,1469)
ACTION[Server]: [grug_mobs] start npcs kezamba: grug_mobs:royal_guard_troll placed at socket throne_guard_west (1814,70,1462)
ACTION[Server]: [grug_mobs] start npcs kezamba: grug_mobs:royal_guard_troll placed at socket throne_guard_east (1814,70,1476)
ACTION[Server]: [grug_mobs] start npcs kezamba: grug_mobs:guard_throng placed at socket door_guard_west (1828,69,1466)
ACTION[Server]: [grug_mobs] start npcs kezamba: grug_mobs:guard_throng placed at socket door_guard_east (1828,69,1473)
ACTION[Server]: [grug_mobs] start npcs kezamba: grug_mobs:villager_troll placed at socket hall_idle_west (1820,69,1460)
ACTION[Server]: [grug_mobs] start npcs kezamba: grug_mobs:villager_troll placed at socket hall_idle_east (1820,69,1478)
ACTION[Server]: [grug_mobs] start npcs kezamba: grug_mobs:villager_troll placed at socket hall_idle_service (1815,69,1460)
ACTION[Server]: [grug_mobs] start npcs kezamba: grug_mobs:villager_troll placed at socket moot_house_porch (1781,71,1535)
ACTION[Server]: [grug_mobs] start npcs kezamba: grug_mobs:villager_troll placed at socket moot_house_verandah (1782,71,1539)
ACTION[Server]: [grug_mobs] start npcs kezamba: grug_mobs:villager_troll placed at socket cauldron_court_brew_1 (1757,67,1459)
ACTION[Server]: [grug_mobs] start npcs kezamba: grug_mobs:villager_troll placed at socket cauldron_court_brew_2 (1765,67,1459)
ACTION[Server]: [grug_mobs] start npcs kezamba: grug_mobs:villager_troll placed at socket cauldron_court_brew_3 (1757,67,1463)
ACTION[Server]: [grug_mobs] start npcs kezamba: grug_mobs:villager_troll placed at socket cauldron_court_brew_4 (1765,67,1463)
ACTION[Server]: [grug_mobs] start npcs kezamba: grug_mobs:villager_troll placed at socket cauldron_court_sit_south (1761,68,1456)
ACTION[Server]: [grug_mobs] start npcs kezamba: grug_mobs:villager_troll placed at socket cauldron_court_sit_north (1761,68,1466)
ACTION[Server]: [grug_mobs] start npcs kezamba: grug_mobs:guard_throng placed at socket cauldron_court_watch_a (1755,67,1461)
ACTION[Server]: [grug_mobs] start npcs kezamba: grug_mobs:villager_troll placed at socket shrine_pray (1760,67,1527)
ACTION[Server]: [grug_mobs] start npcs kezamba: grug_mobs:elder_troll placed at socket shrine_quest (1762,67,1527)
ACTION[Server]: [grug_mobs] start npcs kezamba: grug_mobs:villager_troll placed at socket shrine_idle (1756,67,1532)
ACTION[Server]: [grug_mobs] start npcs kezamba: grug_mobs:villager_troll placed at socket carver_yard_carve_1 (1757,67,1489)
ACTION[Server]: [grug_mobs] start npcs kezamba: grug_mobs:villager_troll placed at socket carver_yard_carve_2 (1760,67,1489)
ACTION[Server]: [grug_mobs] start npcs kezamba: grug_mobs:villager_troll placed at socket carver_yard_carve_3 (1763,67,1489)
ACTION[Server]: [grug_mobs] start npcs kezamba: grug_mobs:villager_troll placed at socket carver_yard_chop (1756,67,1492)
ACTION[Server]: [grug_mobs] start npcs kezamba: grug_mobs:villager_troll placed at socket carver_yard_idle (1760,67,1486)
ACTION[Server]: [grug_mobs] start npcs kezamba: grug_mobs:villager_troll placed at socket granary_work (1817,67,1489)
ACTION[Server]: [grug_mobs] start npcs kezamba: grug_mobs:villager_troll placed at socket stable_groom (1843,67,1462)
ACTION[Server]: [grug_mobs] start npcs kezamba: grug_mobs:villager_troll placed at socket stable_gate (1837,67,1462)
ACTION[Server]: [grug_mobs] start npcs kezamba: grug_traders:vendor_race_troll placed at socket vendor_race (1776,67,1487)
ACTION[Server]: [grug_mobs] start npcs kezamba: grug_traders:vendor_general_throng placed at socket vendor_general (1776,67,1493)
ACTION[Server]: [grug_mobs] start npcs kezamba: grug_mobs:guard_throng placed at socket gate_post_south (1796,67,1454)
ACTION[Server]: [grug_mobs] start npcs kezamba: grug_mobs:guard_throng placed at socket gate_post_west (1754,67,1496)
ACTION[Server]: [grug_mobs] start npcs kezamba: grug_traders:vendor_fishmonger placed at socket vendor_fishmonger (1775,67,1521)
ACTION[Server]: [grug_mobs] start npcs kezamba: grug_mobs:villager_troll placed at socket quay_stall (1778,67,1521)
ACTION[Server]: [grug_mobs] start npcs kezamba: grug_mobs:villager_troll placed at socket cenote_fish_1 (1795,67,1520)
ACTION[Server]: [grug_mobs] start npcs kezamba: grug_mobs:villager_troll placed at socket cenote_fish_2 (1791,67,1526)
ACTION[Server]: [grug_mobs] start npcs kezamba: grug_mobs:villager_troll placed at socket cenote_fish_3 (1789,67,1528)
ACTION[Server]: [grug_mobs] start npcs kezamba: grug_mobs:villager_troll placed at socket quay_idle_north (1782,67,1530)
ACTION[Server]: [grug_mobs] start npcs kezamba: grug_mobs:villager_troll placed at socket quay_idle_south (1782,67,1514)
ACTION[Server]: [grug_mobs] start npcs kezamba: grug_mobs:villager_troll placed at socket crossing_idle_west (1793,68,1504)
ACTION[Server]: [grug_mobs] start npcs kezamba: grug_mobs:villager_troll placed at socket crossing_idle_east (1805,68,1504)
ACTION[Server]: [grug_mobs] start npcs kezamba: grug_mobs:villager_troll placed at socket plaza_idle (1766,67,1472)
ACTION[Server]: [grug_mobs] start npcs kezamba: grug_mobs:villager_troll placed at socket forecourt_idle (1805,67,1476)
ACTION[Server]: [grug_mobs] start npcs kezamba: grug_mobs:villager_troll placed at socket shore_market/shore_market_brew_1 (1920,40,1386)
ACTION[Server]: [grug_mobs] start npcs kezamba: grug_mobs:villager_troll placed at socket shore_market/shore_market_brew_2 (1928,40,1386)
ACTION[Server]: [grug_mobs] start npcs kezamba: grug_mobs:villager_troll placed at socket shore_market/shore_market_brew_3 (1920,40,1390)
ACTION[Server]: [grug_mobs] start npcs kezamba: grug_mobs:villager_troll placed at socket shore_market/shore_market_brew_4 (1928,40,1390)
ACTION[Server]: [grug_mobs] start npcs kezamba: grug_mobs:villager_troll placed at socket shore_market/shore_market_sit_south (1924,41,1383)
ACTION[Server]: [grug_mobs] start npcs kezamba: grug_mobs:villager_troll placed at socket shore_market/shore_market_sit_north (1924,41,1393)
ACTION[Server]: [grug_mobs] start npcs kezamba: grug_mobs:guard_throng placed at socket shore_market/shore_market_watch (1924,40,1381)
ACTION[Server]: [grug_mobs] start npcs kezamba: grug_mobs:villager_troll placed at socket shore_market/shore_market_gate_idle (1924,40,1381)
ACTION[Server]: [grug_mobs] start npcs kezamba: grug_traders:vendor_brewer placed at socket shore_market/shore_market_vendor_brewer (1917,40,1381)
ACTION[Server]: [grug_mobs] start npcs kezamba: grug_mobs:villager_troll placed at socket shore_butcher/shore_butcher_gate_idle (1956,40,1380)
ACTION[Server]: [grug_mobs] start npcs kezamba: grug_traders:vendor_butcher placed at socket shore_butcher/shore_butcher_vendor_butcher (1951,40,1379)
ACTION[Server]: [grug_mobs] start npcs kezamba: grug_mobs:villager_troll placed at socket shore_butcher/shore_butcher_work_butcher_block (1948,40,1379)
ACTION[Server]: [grug_mobs] start npcs kezamba: grug_mobs:villager_troll placed at socket shore_tailor/shore_tailor_gate_idle (1932,40,1414)
ACTION[Server]: [grug_mobs] start npcs kezamba: grug_traders:vendor_tailor placed at socket shore_tailor/shore_tailor_vendor_tailor (1928,40,1413)
ACTION[Server]: [grug_mobs] start npcs kezamba: grug_mobs:villager_troll placed at socket shore_tailor/shore_tailor_work_tailor_bench (1926,41,1415)
ACTION[Server]: [grug_mobs] start npcs kezamba: grug_mobs:villager_troll placed at socket shore_tailor/shore_tailor_tailor (1930,40,1419)
ACTION[Server]: [grug_mobs] start npcs kezamba: grug_mobs:villager_troll placed at socket shore_store/shore_store_work (1892,34,1388)
ACTION[Server]: [grug_mobs] start npcs kezamba: grug_mobs:villager_troll placed at socket shore_store/shore_store_gate_idle (1892,34,1376)
ACTION[Server]: [grug_mobs] start npcs kezamba: grug_mobs:villager_troll placed at socket shore_store/shore_store_leatherworker (1890,34,1383)
ACTION[Server]: [grug_mobs] start npcs kezamba: grug_mobs:villager_troll placed at socket shore_smokehouse/shore_smokehouse_gate_idle (1928,40,1339)
ACTION[Server]: [grug_mobs] start npcs kezamba: grug_mobs:villager_troll placed at socket shore_smokehouse/shore_smokehouse_work_smoke_counter (1923,40,1338)
ACTION[Server]: [grug_mobs] start npcs kezamba: grug_mobs:villager_troll placed at socket shore_smokehouse/shore_smokehouse_smoke_idle (1935,40,1338)
ACTION[Server]: [grug_mobs] start npcs kezamba: grug_mobs:villager_troll placed at socket shore_smokehouse/shore_smokehouse_cooking (1926,40,1343)
ACTION[Server]: [grug_mobs] start npcs kezamba: grug_mobs:villager_troll placed at socket shore_well/shore_well_idle_a (1928,43,1449)
ACTION[Server]: [grug_mobs] start npcs kezamba: grug_mobs:villager_troll placed at socket shore_well/shore_well_idle_b (1928,43,1455)
ACTION[Server]: [grug_mobs] start npcs kezamba: grug_mobs:villager_troll placed at socket shore_well/shore_well_gate_idle (1928,43,1445)
ACTION[Server]: [grug_mobs] start npcs kezamba: grug_mobs:guard_throng placed at socket shore_watch/shore_watch_post (1960,40,1344)
ACTION[Server]: [grug_mobs] start npcs kezamba: grug_mobs:villager_troll placed at socket shore_watch/shore_watch_muster (1960,40,1359)
ACTION[Server]: [grug_mobs] start npcs kezamba: grug_mobs:villager_troll placed at socket shore_watch/shore_watch_gate_idle (1960,40,1341)
ACTION[Server]: [grug_mobs] start npcs kezamba: grug_mobs:guard_throng placed at socket shore_watch/shore_watch_post_shore_gate (1952,40,1341)
ACTION[Server]: [grug_mobs] start npcs kezamba: grug_mobs:villager_troll placed at socket shore_house/shore_house_gate_idle (1964,40,1412)
ACTION[Server]: [grug_mobs] start npcs kezamba: grug_mobs:villager_troll placed at socket shore_vineyard/shore_vineyard_gate_idle (1896,37,1343)
ACTION[Server]: [grug_mobs] start npcs kezamba: grug_mobs:villager_troll placed at socket shore_vineyard/shore_vineyard_work_vine_a (1887,37,1343)
ACTION[Server]: [grug_mobs] start npcs kezamba: grug_mobs:villager_troll placed at socket shore_vineyard/shore_vineyard_work_vine_b (1905,37,1343)
ACTION[Server]: [grug_mobs] start npcs kezamba: grug_mobs:villager_troll placed at socket shore_gardens/shore_gardens_gate_idle (1860,37,1375)
ACTION[Server]: [grug_mobs] start npcs kezamba: grug_mobs:villager_troll placed at socket shore_gardens/shore_gardens_work_garden_a (1852,37,1375)
ACTION[Server]: [grug_mobs] start npcs kezamba: grug_mobs:villager_troll placed at socket shore_gardens/shore_gardens_work_garden_b (1868,37,1375)
ACTION[Server]: [grug_mobs] start npcs kezamba: grug_mobs:villager_troll placed at socket shore_gardens/shore_gardens_garden_idle (1850,37,1375)
ACTION[Server]: [grug_mobs] start npcs kezamba: grug_mobs:villager_troll placed at socket shore_green/shore_green_gate_idle (1908,40,1409)
ACTION[Server]: [grug_mobs] start npcs kezamba: grug_mobs:villager_troll placed at socket shore_green/shore_green_work_green_sit (1906,41,1410)
ACTION[Server]: [grug_mobs] start npcs troll kezamba: guards 10/18 flair 65/179 vendor 6/7 quest 1/1 royal 1/1 new 83 pending 123 spare 11 residents 163 walkers 21
ACTION[Emerge-0]: GRUG_WP13_CAPITAL event=mapchunk case=plot_shore_carvers mapchunk=1968:-32:1328 kind=capital elapsed_us=897128
ACTION[Emerge-0]: GRUG_WP13_CAPITAL event=mapchunk case=plot_shore_carvers mapchunk=1968:48:1328 kind=capital elapsed_us=369838
ACTION[Emerge-0]: GRUG_WP13_CAPITAL event=mapchunk case=plot_shore_house mapchunk=1968:-32:1408 kind=capital elapsed_us=784175
ACTION[Emerge-0]: GRUG_WP13_CAPITAL event=mapchunk case=plot_shore_house mapchunk=1968:48:1408 kind=capital elapsed_us=371980
ACTION[Emerge-0]: GRUG_WP13_CAPITAL event=mapchunk case=plot_shore_logyard mapchunk=1888:-32:1248 kind=capital elapsed_us=887207
ACTION[Emerge-0]: GRUG_WP13_CAPITAL event=mapchunk case=plot_vine_house_a mapchunk=1648:-32:1328 kind=capital elapsed_us=1126344
ACTION[Emerge-0]: GRUG_WP13_CAPITAL event=mapchunk case=plot_vine_house_b mapchunk=1648:48:1328 kind=capital elapsed_us=317219
ACTION[Server]: [grug_mobs] start npcs kezamba: grug_mobs:villager_troll placed at socket shore_carvers/shore_carvers_carve_1 (1984,43,1387)
ACTION[Server]: [grug_mobs] start npcs kezamba: grug_mobs:villager_troll placed at socket shore_carvers/shore_carvers_carve_2 (1988,43,1387)
ACTION[Server]: [grug_mobs] start npcs kezamba: grug_mobs:villager_troll placed at socket shore_carvers/shore_carvers_carve_3 (1992,43,1387)
ACTION[Server]: [grug_mobs] start npcs kezamba: grug_mobs:villager_troll placed at socket shore_carvers/shore_carvers_chop (1983,43,1391)
ACTION[Server]: [grug_mobs] start npcs kezamba: grug_mobs:villager_troll placed at socket shore_carvers/shore_carvers_idle (1988,43,1383)
ACTION[Server]: [grug_mobs] start npcs kezamba: grug_mobs:villager_troll placed at socket shore_carvers/shore_carvers_gate_idle (1988,43,1381)
ACTION[Server]: [grug_mobs] start npcs kezamba: grug_mobs:villager_troll placed at socket shore_carvers/shore_carvers_woodcarver (1986,43,1387)
ACTION[Server]: [grug_mobs] start npcs kezamba: grug_mobs:villager_troll placed at socket shore_logyard/shore_logyard_gate_idle (1928,40,1310)
ACTION[Server]: [grug_mobs] start npcs kezamba: grug_mobs:villager_troll placed at socket shore_logyard/shore_logyard_work_log_a (1922,40,1310)
ACTION[Server]: [grug_mobs] start npcs kezamba: grug_mobs:guard_throng placed at socket vine_house_a/vine_house_a_watch (1664,37,1382)
ACTION[Server]: [grug_mobs] start npcs kezamba: grug_mobs:villager_troll placed at socket vine_house_a/vine_house_a_gate_idle (1664,37,1382)
ACTION[Server]: [grug_mobs] start npcs kezamba: grug_mobs:villager_troll placed at socket vine_house_b/vine_house_b_gate_idle (1696,40,1378)
ACTION[Server]: [grug_mobs] start npcs kezamba: grug_mobs:villager_troll placed at socket vine_longhouse/vine_longhouse_gate_idle (1672,46,1336)
ACTION[Server]: [grug_mobs] start npcs kezamba: grug_mobs:villager_troll placed at socket vine_well/vine_well_idle_a (1704,43,1349)
ACTION[Server]: [grug_mobs] start npcs kezamba: grug_mobs:villager_troll placed at socket vine_well/vine_well_idle_b (1704,43,1355)
ACTION[Server]: [grug_mobs] start npcs kezamba: grug_mobs:villager_troll placed at socket vine_well/vine_well_gate_idle (1704,43,1345)
ACTION[Server]: [grug_mobs] start npcs kezamba: grug_mobs:villager_troll placed at socket vine_common/vine_common_work_common_a (1720,40,1375)
ACTION[Server]: [grug_mobs] start npcs kezamba: grug_mobs:villager_troll placed at socket vine_common/vine_common_common_idle (1718,40,1375)
ACTION[Server]: [grug_mobs] start npcs troll kezamba: guards 11/18 flair 82/179 vendor 6/7 quest 1/1 royal 1/1 new 18 pending 105 spare 11 residents 163 walkers 21
ACTION[Emerge-0]: GRUG_WP13_CAPITAL event=mapchunk case=plot_vine_house_c mapchunk=1648:-32:1408 kind=capital elapsed_us=966854
ACTION[Emerge-0]: GRUG_WP13_CAPITAL event=mapchunk case=plot_vine_house_c mapchunk=1648:48:1408 kind=capital elapsed_us=352520
ACTION[Emerge-0]: GRUG_WP13_CAPITAL event=mapchunk case=plot_vine_house_d mapchunk=1568:-32:1328 kind=capital elapsed_us=909525
ACTION[Emerge-0]: GRUG_WP13_CAPITAL event=mapchunk case=plot_vine_house_d mapchunk=1568:48:1328 kind=capital elapsed_us=362726
ACTION[Emerge-0]: GRUG_WP13_CAPITAL event=mapchunk case=plot_vine_common mapchunk=1728:-32:1328 kind=capital elapsed_us=1023898
ACTION[Emerge-0]: GRUG_WP13_CAPITAL event=mapchunk case=plot_vine_terraces mapchunk=1568:-32:1408 kind=capital elapsed_us=790881
ACTION[Server]: [grug_mobs] start npcs kezamba: grug_mobs:villager_troll placed at socket vine_house_c/vine_house_c_gate_idle (1672,37,1414)
ACTION[Server]: [grug_mobs] start npcs kezamba: grug_mobs:villager_troll placed at socket vine_house_d/vine_house_d_gate_idle (1632,41,1386)
ACTION[Server]: [grug_mobs] start npcs kezamba: grug_mobs:villager_troll placed at socket vine_herbalist/vine_herbalist_gate_idle (1640,43,1350)
ACTION[Server]: [grug_mobs] start npcs kezamba: grug_traders:vendor_herbalist placed at socket vine_herbalist/vine_herbalist_vendor_herbalist (1636,43,1349)
ACTION[Server]: [grug_mobs] start npcs kezamba: grug_mobs:villager_troll placed at socket vine_herbalist/vine_herbalist_work_physic (1634,43,1359)
ACTION[Server]: [grug_mobs] start npcs kezamba: grug_mobs:villager_troll placed at socket vine_herbalist/vine_herbalist_alchemist (1638,43,1355)
ACTION[Server]: [grug_mobs] start npcs kezamba: grug_mobs:villager_troll placed at socket vine_moot/vine_moot_idle_a (1667,34,1451)
ACTION[Server]: [grug_mobs] start npcs kezamba: grug_mobs:villager_troll placed at socket vine_moot/vine_moot_idle_b (1677,34,1453)
ACTION[Server]: [grug_mobs] start npcs kezamba: grug_mobs:villager_troll placed at socket vine_moot/vine_moot_gate_idle (1672,34,1449)
ACTION[Server]: [grug_mobs] start npcs kezamba: grug_mobs:villager_troll placed at socket vine_moot/vine_moot_work_moot_sit (1665,35,1449)
ACTION[Server]: [grug_mobs] start npcs kezamba: grug_mobs:villager_troll placed at socket vine_store/vine_store_work (1600,40,1392)
ACTION[Server]: [grug_mobs] start npcs kezamba: grug_mobs:villager_troll placed at socket vine_store/vine_store_gate_idle (1600,40,1380)
ACTION[Server]: [grug_mobs] start npcs kezamba: grug_mobs:villager_troll placed at socket vine_common/vine_common_gate_idle (1728,40,1375)
ACTION[Server]: [grug_mobs] start npcs kezamba: grug_mobs:villager_troll placed at socket vine_common/vine_common_work_common_b (1736,40,1375)
ACTION[Server]: [grug_mobs] start npcs kezamba: grug_mobs:villager_troll placed at socket vine_terraces/vine_terraces_gate_idle (1640,40,1415)
ACTION[Server]: [grug_mobs] start npcs kezamba: grug_mobs:villager_troll placed at socket vine_terraces/vine_terraces_work_terrace_a (1631,40,1415)
ACTION[Server]: [grug_mobs] start npcs kezamba: grug_mobs:villager_troll placed at socket vine_terraces/vine_terraces_work_terrace_b (1649,40,1415)
ACTION[Server]: [grug_mobs] start npcs kezamba: grug_mobs:villager_troll placed at socket vine_kitchen/vine_kitchen_gate_idle (1716,40,1413)
ACTION[Server]: [grug_mobs] start npcs kezamba: grug_mobs:villager_troll placed at socket vine_kitchen/vine_kitchen_work_kitchen (1713,40,1413)
ACTION[Server]: [grug_mobs] start npcs troll kezamba: guards 11/18 flair 100/179 vendor 7/7 quest 1/1 royal 1/1 new 19 pending 86 spare 11 residents 163 walkers 21
ACTION[Emerge-0]: GRUG_WP13_CAPITAL event=mapchunk case=plot_vine_park mapchunk=1648:-32:1248 kind=capital elapsed_us=1092276
ACTION[Emerge-0]: GRUG_WP13_CAPITAL event=mapchunk case=plot_canopy_barracks_a mapchunk=1648:-32:1568 kind=capital elapsed_us=1409733
ACTION[Emerge-0]: GRUG_WP13_CAPITAL event=mapchunk case=plot_canopy_barracks_a mapchunk=1648:48:1568 kind=capital elapsed_us=379694
ACTION[Emerge-0]: GRUG_WP13_CAPITAL event=mapchunk case=plot_canopy_barracks_b mapchunk=1568:-32:1568 kind=capital elapsed_us=1004723
ACTION[Emerge-0]: GRUG_WP13_CAPITAL event=mapchunk case=plot_canopy_barracks_b mapchunk=1568:48:1568 kind=capital elapsed_us=382983
ACTION[Emerge-0]: GRUG_WP13_CAPITAL event=mapchunk case=plot_canopy_watchpost mapchunk=1648:-32:1648 kind=capital elapsed_us=896392
ACTION[Server]: [grug_mobs] start npcs kezamba: grug_mobs:villager_troll placed at socket vine_park/vine_park_gate_idle (1672,38,1310)
ACTION[Server]: [grug_mobs] start npcs kezamba: grug_mobs:villager_troll placed at socket vine_park/vine_park_work_park_sit (1667,39,1311)
ACTION[Server]: [grug_mobs] start npcs kezamba: grug_mobs:villager_troll placed at socket vine_park/vine_park_park_idle (1678,38,1310)
ACTION[Server]: [grug_mobs] start npcs kezamba: grug_mobs:guard_throng placed at socket canopy_barracks_a/canopy_barracks_a_post (1664,40,1604)
ACTION[Server]: [grug_mobs] start npcs kezamba: grug_mobs:villager_troll placed at socket canopy_barracks_a/canopy_barracks_a_muster (1664,40,1619)
ACTION[Server]: [grug_mobs] start npcs kezamba: grug_mobs:guard_throng placed at socket canopy_barracks_a/canopy_barracks_a_watch (1664,40,1601)
ACTION[Server]: [grug_mobs] start npcs kezamba: grug_mobs:villager_troll placed at socket canopy_barracks_a/canopy_barracks_a_gate_idle (1664,40,1601)
ACTION[Server]: [grug_mobs] start npcs kezamba: grug_mobs:guard_throng placed at socket canopy_barracks_a/canopy_barracks_a_post_canopy_a (1656,40,1601)
ACTION[Server]: [grug_mobs] start npcs kezamba: grug_mobs:guard_throng placed at socket canopy_barracks_b/canopy_barracks_b_post (1632,43,1604)
ACTION[Server]: [grug_mobs] start npcs kezamba: grug_mobs:villager_troll placed at socket canopy_barracks_b/canopy_barracks_b_muster (1632,43,1619)
ACTION[Server]: [grug_mobs] start npcs kezamba: grug_mobs:villager_troll placed at socket canopy_barracks_b/canopy_barracks_b_gate_idle (1632,43,1601)
ACTION[Server]: [grug_mobs] start npcs kezamba: grug_mobs:guard_throng placed at socket canopy_barracks_b/canopy_barracks_b_post_canopy_b (1624,43,1601)
ACTION[Server]: [grug_mobs] start npcs kezamba: grug_mobs:villager_troll placed at socket canopy_armoury/canopy_armoury_gate_idle (1664,37,1572)
ACTION[Server]: [grug_mobs] start npcs kezamba: grug_mobs:villager_troll placed at socket canopy_armoury/canopy_armoury_work_anvil (1656,37,1572)
ACTION[Server]: [grug_mobs] start npcs kezamba: grug_mobs:villager_troll placed at socket canopy_armoury/canopy_armoury_armoury_idle (1671,37,1572)
ACTION[Server]: [grug_mobs] start npcs kezamba: grug_mobs:villager_troll placed at socket canopy_armoury/canopy_armoury_weaponsmith (1662,37,1579)
ACTION[Server]: [grug_mobs] start npcs kezamba: grug_mobs:villager_troll placed at socket canopy_armoury/canopy_armoury_armorsmith (1666,37,1579)
ACTION[Main]: Server: Shutting down
ACTION[Emerge-0]: GRUG_WP13_CAPITAL event=mapchunk case=plot_canopy_watchpost mapchunk=1648:48:1648 kind=capital elapsed_us=394433
ERROR[Main]: ServerError: AsyncErr: Lua: Runtime error from mod 'grug_mobs' in callback environment_Step(): ...ser/games/grudgelands/mods/ENTITIES/grug_mobs/patrol.lua:66: attempt to call method 'set_yaw' (a nil value)
ERROR[Main]: stack traceback:
ERROR[Main]: 	...ser/games/grudgelands/mods/ENTITIES/grug_mobs/patrol.lua:66: in function 'face_yaw'
ERROR[Main]: 	...games/grudgelands/mods/ENTITIES/grug_mobs/start_npcs.lua:1150: in function 'place'
ERROR[Main]: 	...games/grudgelands/mods/ENTITIES/grug_mobs/start_npcs.lua:1252: in function 'serve'
ERROR[Main]: 	...games/grudgelands/mods/ENTITIES/grug_mobs/start_npcs.lua:1382: in function <...games/grudgelands/mods/ENTITIES/grug_mobs/start_npcs.lua:1368>
ERROR[Main]: 	/app/share/luanti/builtin/common/register.lua:27: in function </app/share/luanti/builtin/common/register.lua:13>
