ACTION[Main]: GRUG_WP40_PROFILE_PROBE phase=disk event=start engine=5.17.0 lua=LuaJIT_2.1.1784272936 seed=8675309 cases=62 manifest=fce5bcc18f0e67f99f67094187a260a395c2d990ffdae9111a7780dc0c4076c9 full_digest=false
ACTION[Emerge-0]: GRUG_WP40_PROFILE_PROBE phase=disk event=emerge case=owner_48:48:2528 mapchunk=48,48,2528 elapsed_us=8943376 generated=0 disk=125 memory=0 cancelled=0 errored=0
ACTION[Emerge-0]: GRUG_WP40_PROFILE_PROBE phase=disk event=emerge case=owner_48:48:2448 mapchunk=48,48,2448 elapsed_us=1574 generated=0 disk=125 memory=0 cancelled=0 errored=0
ACTION[Emerge-0]: GRUG_WP40_PROFILE_PROBE phase=disk event=emerge case=owner_48:-32:2608 mapchunk=48,-32,2608 elapsed_us=2550 generated=0 disk=125 memory=0 cancelled=0 errored=0
ACTION[Emerge-0]: GRUG_WP40_PROFILE_PROBE phase=disk event=emerge case=owner_48:-32:2528 mapchunk=48,-32,2528 elapsed_us=2449 generated=0 disk=125 memory=0 cancelled=0 errored=0
ACTION[Emerge-0]: GRUG_WP40_PROFILE_PROBE phase=disk event=emerge case=owner_48:-32:2448 mapchunk=48,-32,2448 elapsed_us=2688 generated=0 disk=125 memory=0 cancelled=0 errored=0
ACTION[Emerge-0]: GRUG_WP40_PROFILE_PROBE phase=disk event=emerge case=owner_48:-32:-2672 mapchunk=48,-32,-2672 elapsed_us=2301 generated=0 disk=125 memory=0 cancelled=0 errored=0
ACTION[Emerge-0]: GRUG_WP40_PROFILE_PROBE phase=disk event=emerge case=owner_48:-32:-2592 mapchunk=48,-32,-2592 elapsed_us=2327 generated=0 disk=125 memory=0 cancelled=0 errored=0
ACTION[Emerge-0]: GRUG_WP40_PROFILE_PROBE phase=disk event=emerge case=owner_48:-32:-2512 mapchunk=48,-32,-2512 elapsed_us=2410 generated=0 disk=125 memory=0 cancelled=0 errored=0
ACTION[Emerge-0]: GRUG_WP40_PROFILE_PROBE phase=disk event=emerge case=owner_1808:48:-2672 mapchunk=1808,48,-2672 elapsed_us=1563 generated=0 disk=125 memory=0 cancelled=0 errored=0
ACTION[Emerge-0]: GRUG_WP40_PROFILE_PROBE phase=disk event=emerge case=owner_1808:48:-2592 mapchunk=1808,48,-2592 elapsed_us=1977 generated=0 disk=125 memory=0 cancelled=0 errored=0
ACTION[Emerge-0]: GRUG_WP40_PROFILE_PROBE phase=disk event=emerge case=owner_1808:48:-2512 mapchunk=1808,48,-2512 elapsed_us=1773 generated=0 disk=125 memory=0 cancelled=0 errored=0
ACTION[Emerge-0]: GRUG_WP40_PROFILE_PROBE phase=disk event=emerge case=owner_1808:-32:2608 mapchunk=1808,-32,2608 elapsed_us=2527 generated=0 disk=125 memory=0 cancelled=0 errored=0
ACTION[Emerge-0]: GRUG_WP40_PROFILE_PROBE phase=disk event=emerge case=owner_1808:-32:2528 mapchunk=1808,-32,2528 elapsed_us=2808 generated=0 disk=125 memory=0 cancelled=0 errored=0
ACTION[Emerge-0]: GRUG_WP40_PROFILE_PROBE phase=disk event=emerge case=owner_1808:-32:2448 mapchunk=1808,-32,2448 elapsed_us=2541 generated=0 disk=125 memory=0 cancelled=0 errored=0
ACTION[Emerge-0]: GRUG_WP40_PROFILE_PROBE phase=disk event=emerge case=owner_1808:-32:-2672 mapchunk=1808,-32,-2672 elapsed_us=2439 generated=0 disk=125 memory=0 cancelled=0 errored=0
ACTION[Emerge-0]: GRUG_WP40_PROFILE_PROBE phase=disk event=emerge case=owner_1808:-32:-2592 mapchunk=1808,-32,-2592 elapsed_us=2538 generated=0 disk=125 memory=0 cancelled=0 errored=0
ACTION[Emerge-0]: GRUG_WP40_PROFILE_PROBE phase=disk event=emerge case=owner_1808:-32:-2512 mapchunk=1808,-32,-2512 elapsed_us=2441 generated=0 disk=125 memory=0 cancelled=0 errored=0
ACTION[Emerge-0]: GRUG_WP40_PROFILE_PROBE phase=disk event=emerge case=owner_1728:48:-2672 mapchunk=1728,48,-2672 elapsed_us=1528 generated=0 disk=125 memory=0 cancelled=0 errored=0
ACTION[Emerge-0]: GRUG_WP40_PROFILE_PROBE phase=disk event=emerge case=owner_1728:48:-2592 mapchunk=1728,48,-2592 elapsed_us=1740 generated=0 disk=125 memory=0 cancelled=0 errored=0
ACTION[Emerge-0]: GRUG_WP40_PROFILE_PROBE phase=disk event=emerge case=owner_1728:48:-2512 mapchunk=1728,48,-2512 elapsed_us=1678 generated=0 disk=125 memory=0 cancelled=0 errored=0
ACTION[Emerge-0]: GRUG_WP40_PROFILE_PROBE phase=disk event=emerge case=owner_1728:-32:2608 mapchunk=1728,-32,2608 elapsed_us=2553 generated=0 disk=125 memory=0 cancelled=0 errored=0
ACTION[Emerge-0]: GRUG_WP40_PROFILE_PROBE phase=disk event=emerge case=owner_1728:-32:2528 mapchunk=1728,-32,2528 elapsed_us=2739 generated=0 disk=125 memory=0 cancelled=0 errored=0
ACTION[Emerge-0]: GRUG_WP40_PROFILE_PROBE phase=disk event=emerge case=owner_1728:-32:2448 mapchunk=1728,-32,2448 elapsed_us=2739 generated=0 disk=125 memory=0 cancelled=0 errored=0
ACTION[Emerge-0]: GRUG_WP40_PROFILE_PROBE phase=disk event=emerge case=owner_1728:-32:-2672 mapchunk=1728,-32,-2672 elapsed_us=2482 generated=0 disk=125 memory=0 cancelled=0 errored=0
ACTION[Emerge-0]: GRUG_WP40_PROFILE_PROBE phase=disk event=emerge case=owner_1728:-32:-2592 mapchunk=1728,-32,-2592 elapsed_us=2954 generated=0 disk=125 memory=0 cancelled=0 errored=0
ACTION[Emerge-0]: GRUG_WP40_PROFILE_PROBE phase=disk event=emerge case=owner_1728:-32:-2512 mapchunk=1728,-32,-2512 elapsed_us=2665 generated=0 disk=125 memory=0 cancelled=0 errored=0
ACTION[Emerge-0]: GRUG_WP40_PROFILE_PROBE phase=disk event=emerge case=owner_-32:48:2528 mapchunk=-32,48,2528 elapsed_us=2334 generated=0 disk=125 memory=0 cancelled=0 errored=0
ACTION[Emerge-0]: GRUG_WP40_PROFILE_PROBE phase=disk event=emerge case=owner_-32:48:2448 mapchunk=-32,48,2448 elapsed_us=1778 generated=0 disk=125 memory=0 cancelled=0 errored=0
ACTION[Emerge-0]: GRUG_WP40_PROFILE_PROBE phase=disk event=emerge case=owner_-32:-32:2608 mapchunk=-32,-32,2608 elapsed_us=2509 generated=0 disk=125 memory=0 cancelled=0 errored=0
ACTION[Emerge-0]: GRUG_WP40_PROFILE_PROBE phase=disk event=emerge case=owner_-32:-32:2528 mapchunk=-32,-32,2528 elapsed_us=2653 generated=0 disk=125 memory=0 cancelled=0 errored=0
ACTION[Emerge-0]: GRUG_WP40_PROFILE_PROBE phase=disk event=emerge case=owner_-32:-32:2448 mapchunk=-32,-32,2448 elapsed_us=2693 generated=0 disk=125 memory=0 cancelled=0 errored=0
ACTION[Emerge-0]: GRUG_WP40_PROFILE_PROBE phase=disk event=emerge case=owner_-32:-32:-2672 mapchunk=-32,-32,-2672 elapsed_us=2383 generated=0 disk=125 memory=0 cancelled=0 errored=0
ACTION[Emerge-0]: GRUG_WP40_PROFILE_PROBE phase=disk event=emerge case=owner_-32:-32:-2592 mapchunk=-32,-32,-2592 elapsed_us=2660 generated=0 disk=125 memory=0 cancelled=0 errored=0
ACTION[Emerge-0]: GRUG_WP40_PROFILE_PROBE phase=disk event=emerge case=owner_-32:-32:-2512 mapchunk=-32,-32,-2512 elapsed_us=2385 generated=0 disk=125 memory=0 cancelled=0 errored=0
ACTION[Emerge-0]: GRUG_WP40_PROFILE_PROBE phase=disk event=emerge case=owner_-1872:48:2608 mapchunk=-1872,48,2608 elapsed_us=1807 generated=0 disk=125 memory=0 cancelled=0 errored=0
ACTION[Emerge-0]: GRUG_WP40_PROFILE_PROBE phase=disk event=emerge case=owner_-1872:48:2528 mapchunk=-1872,48,2528 elapsed_us=1825 generated=0 disk=125 memory=0 cancelled=0 errored=0
ACTION[Emerge-0]: GRUG_WP40_PROFILE_PROBE phase=disk event=emerge case=owner_-1872:48:2448 mapchunk=-1872,48,2448 elapsed_us=1732 generated=0 disk=125 memory=0 cancelled=0 errored=0
ACTION[Emerge-0]: GRUG_WP40_PROFILE_PROBE phase=disk event=emerge case=owner_-1872:-32:2608 mapchunk=-1872,-32,2608 elapsed_us=2237 generated=0 disk=125 memory=0 cancelled=0 errored=0
ACTION[Emerge-0]: GRUG_WP40_PROFILE_PROBE phase=disk event=emerge case=owner_-1872:-32:2528 mapchunk=-1872,-32,2528 elapsed_us=2357 generated=0 disk=125 memory=0 cancelled=0 errored=0
ACTION[Emerge-0]: GRUG_WP40_PROFILE_PROBE phase=disk event=emerge case=owner_-1872:-32:2448 mapchunk=-1872,-32,2448 elapsed_us=2424 generated=0 disk=125 memory=0 cancelled=0 errored=0
ACTION[Emerge-0]: GRUG_WP40_PROFILE_PROBE phase=disk event=emerge case=owner_-1872:-32:-2672 mapchunk=-1872,-32,-2672 elapsed_us=2368 generated=0 disk=125 memory=0 cancelled=0 errored=0
ACTION[Emerge-0]: GRUG_WP40_PROFILE_PROBE phase=disk event=emerge case=owner_-1872:-32:-2592 mapchunk=-1872,-32,-2592 elapsed_us=2885 generated=0 disk=125 memory=0 cancelled=0 errored=0
ACTION[Emerge-0]: GRUG_WP40_PROFILE_PROBE phase=disk event=emerge case=owner_-1872:-32:-2512 mapchunk=-1872,-32,-2512 elapsed_us=2672 generated=0 disk=125 memory=0 cancelled=0 errored=0
ACTION[Emerge-0]: GRUG_WP40_PROFILE_PROBE phase=disk event=emerge case=owner_-1792:48:2608 mapchunk=-1792,48,2608 elapsed_us=2230 generated=0 disk=125 memory=0 cancelled=0 errored=0
ACTION[Emerge-0]: GRUG_WP40_PROFILE_PROBE phase=disk event=emerge case=owner_-1792:48:2528 mapchunk=-1792,48,2528 elapsed_us=1830 generated=0 disk=125 memory=0 cancelled=0 errored=0
ACTION[Emerge-0]: GRUG_WP40_PROFILE_PROBE phase=disk event=emerge case=owner_-1792:48:2448 mapchunk=-1792,48,2448 elapsed_us=1753 generated=0 disk=125 memory=0 cancelled=0 errored=0
ACTION[Emerge-0]: GRUG_WP40_PROFILE_PROBE phase=disk event=emerge case=owner_-1792:-32:2608 mapchunk=-1792,-32,2608 elapsed_us=2501 generated=0 disk=125 memory=0 cancelled=0 errored=0
ACTION[Emerge-0]: GRUG_WP40_PROFILE_PROBE phase=disk event=emerge case=owner_-1792:-32:2528 mapchunk=-1792,-32,2528 elapsed_us=2343 generated=0 disk=125 memory=0 cancelled=0 errored=0
ACTION[Emerge-0]: GRUG_WP40_PROFILE_PROBE phase=disk event=emerge case=owner_-1792:-32:2448 mapchunk=-1792,-32,2448 elapsed_us=2366 generated=0 disk=125 memory=0 cancelled=0 errored=0
ACTION[Emerge-0]: GRUG_WP40_PROFILE_PROBE phase=disk event=emerge case=owner_-1792:-32:-2672 mapchunk=-1792,-32,-2672 elapsed_us=2578 generated=0 disk=125 memory=0 cancelled=0 errored=0
ACTION[Emerge-0]: GRUG_WP40_PROFILE_PROBE phase=disk event=emerge case=owner_-1792:-32:-2592 mapchunk=-1792,-32,-2592 elapsed_us=2884 generated=0 disk=125 memory=0 cancelled=0 errored=0
ACTION[Emerge-0]: GRUG_WP40_PROFILE_PROBE phase=disk event=emerge case=owner_-1792:-32:-2512 mapchunk=-1792,-32,-2512 elapsed_us=2556 generated=0 disk=125 memory=0 cancelled=0 errored=0
ACTION[Emerge-0]: GRUG_WP40_PROFILE_PROBE phase=disk event=emerge case=owner_-1792:-112:-2592 mapchunk=-1792,-112,-2592 elapsed_us=2943 generated=0 disk=125 memory=0 cancelled=0 errored=0
ACTION[Emerge-0]: GRUG_WP40_PROFILE_PROBE phase=disk event=emerge case=owner_-1712:-112:-2592 mapchunk=-1712,-112,-2592 elapsed_us=3144 generated=0 disk=125 memory=0 cancelled=0 errored=0
ACTION[Emerge-0]: GRUG_WP40_PROFILE_PROBE phase=disk event=emerge case=owner_-112:48:2528 mapchunk=-112,48,2528 elapsed_us=1845 generated=0 disk=125 memory=0 cancelled=0 errored=0
ACTION[Emerge-0]: GRUG_WP40_PROFILE_PROBE phase=disk event=emerge case=owner_-112:48:2448 mapchunk=-112,48,2448 elapsed_us=1611 generated=0 disk=125 memory=0 cancelled=0 errored=0
ACTION[Emerge-0]: GRUG_WP40_PROFILE_PROBE phase=disk event=emerge case=owner_-112:-32:2608 mapchunk=-112,-32,2608 elapsed_us=2932 generated=0 disk=125 memory=0 cancelled=0 errored=0
ACTION[Emerge-0]: GRUG_WP40_PROFILE_PROBE phase=disk event=emerge case=owner_-112:-32:2528 mapchunk=-112,-32,2528 elapsed_us=2638 generated=0 disk=125 memory=0 cancelled=0 errored=0
ACTION[Emerge-0]: GRUG_WP40_PROFILE_PROBE phase=disk event=emerge case=owner_-112:-32:2448 mapchunk=-112,-32,2448 elapsed_us=2645 generated=0 disk=125 memory=0 cancelled=0 errored=0
ACTION[Emerge-0]: GRUG_WP40_PROFILE_PROBE phase=disk event=emerge case=owner_-112:-32:-2672 mapchunk=-112,-32,-2672 elapsed_us=2402 generated=0 disk=125 memory=0 cancelled=0 errored=0
ACTION[Emerge-0]: GRUG_WP40_PROFILE_PROBE phase=disk event=emerge case=owner_-112:-32:-2592 mapchunk=-112,-32,-2592 elapsed_us=2463 generated=0 disk=125 memory=0 cancelled=0 errored=0
ACTION[Emerge-0]: GRUG_WP40_PROFILE_PROBE phase=disk event=emerge case=owner_-112:-32:-2512 mapchunk=-112,-32,-2512 elapsed_us=2277 generated=0 disk=125 memory=0 cancelled=0 errored=0
ACTION[Server]: GRUG_WP40_PROFILE_PROBE phase=disk event=complete requested=62 completed=62 callbacks=0 generated=0 disk=7750 memory=0 cancelled=0 errored=0 samples=2294 expected_nodes=0 digest=c3c5d81023424a4c52f42c8ca45f1db8f3892109133a51d9b82bf89ed1c4d45e full_digest=disabled full_vocabulary_digest=- full_voxels=0 measured_elapsed_us=12041276 diagnostic_us=1810
