

-------------
  Separator
-------------

2026-09-22 13:10:49: ACTION[Main]: [grug_materials] 12 tools completing the six-tier pick/axe/shovel ladder
2026-09-22 13:10:49: WARNING[Main]: No craft recipe matches input (type: fuel, items: ['default:pick_mese'])
2026-09-22 13:10:49: WARNING[Main]: No craft recipe matches input (type: fuel, items: ['default:shovel_mese'])
2026-09-22 13:10:49: WARNING[Main]: No craft recipe matches input (type: fuel, items: ['default:axe_mese'])
2026-09-22 13:10:49: WARNING[Main]: No craft recipe matches input (type: fuel, items: ['default:sword_mese'])
2026-09-22 13:10:49: WARNING[Main]: No craft recipe matches input (type: fuel, items: ['default:pick_diamond'])
2026-09-22 13:10:49: WARNING[Main]: No craft recipe matches input (type: fuel, items: ['default:shovel_diamond'])
2026-09-22 13:10:49: WARNING[Main]: No craft recipe matches input (type: fuel, items: ['default:axe_diamond'])
2026-09-22 13:10:49: WARNING[Main]: No craft recipe matches input (type: fuel, items: ['default:sword_diamond'])
2026-09-22 13:10:49: WARNING[Main]: No craft recipe matches input (type: fuel, items: ['default:sword_bronze'])
2026-09-22 13:10:49: WARNING[Main]: No craft recipe matches input (type: fuel, items: ['default:sword_steel'])
2026-09-22 13:10:49: WARNING[Main]: No craft recipe matches input (type: fuel, items: ['default:sword_stone'])
2026-09-22 13:10:49: WARNING[Main]: No craft recipe matches input (type: fuel, items: ['default:copper_ingot'])
2026-09-22 13:10:49: WARNING[Main]: No craft recipe matches input (type: fuel, items: ['default:copperblock'])
2026-09-22 13:10:49: WARNING[Main]: No craft recipe matches input (type: fuel, items: ['default:tin_ingot'])
2026-09-22 13:10:49: WARNING[Main]: No craft recipe matches input (type: fuel, items: ['default:tinblock'])
2026-09-22 13:10:49: WARNING[Main]: No craft recipe matches input (type: fuel, items: ['default:bronze_ingot'])
2026-09-22 13:10:49: WARNING[Main]: No craft recipe matches input (type: fuel, items: ['default:bronzeblock'])
2026-09-22 13:10:49: WARNING[Main]: No craft recipe matches input (type: fuel, items: ['default:steel_ingot'])
2026-09-22 13:10:49: WARNING[Main]: No craft recipe matches input (type: fuel, items: ['default:steelblock'])
2026-09-22 13:10:49: WARNING[Main]: No craft recipe matches input (type: fuel, items: ['default:gold_ingot'])
2026-09-22 13:10:49: WARNING[Main]: No craft recipe matches input (type: fuel, items: ['default:goldblock'])
2026-09-22 13:10:49: WARNING[Main]: No craft recipe known for output 'default:stone_with_mese'
2026-09-22 13:10:49: WARNING[Main]: No craft recipe matches input (type: fuel, items: ['default:stone_with_mese'])
2026-09-22 13:10:49: WARNING[Main]: No craft recipe matches input (type: fuel, items: ['default:mese'])
2026-09-22 13:10:49: WARNING[Main]: No craft recipe matches input (type: fuel, items: ['default:mese_crystal'])
2026-09-22 13:10:49: WARNING[Main]: No craft recipe matches input (type: fuel, items: ['default:mese_crystal_fragment'])
2026-09-22 13:10:49: WARNING[Main]: No craft recipe matches input (type: fuel, items: ['default:meselamp'])
2026-09-22 13:10:49: WARNING[Main]: No craft recipe matches input (type: fuel, items: ['default:mese_post_light'])
2026-09-22 13:10:49: WARNING[Main]: No craft recipe matches input (type: fuel, items: ['default:mese_post_light_acacia_wood'])
2026-09-22 13:10:49: WARNING[Main]: No craft recipe matches input (type: fuel, items: ['default:mese_post_light_junglewood'])
2026-09-22 13:10:49: WARNING[Main]: No craft recipe matches input (type: fuel, items: ['default:mese_post_light_pine_wood'])
2026-09-22 13:10:49: WARNING[Main]: No craft recipe matches input (type: fuel, items: ['default:mese_post_light_aspen_wood'])
2026-09-22 13:10:49: WARNING[Main]: No craft recipe known for output 'default:stone_with_diamond'
2026-09-22 13:10:49: WARNING[Main]: No craft recipe matches input (type: fuel, items: ['default:stone_with_diamond'])
2026-09-22 13:10:49: WARNING[Main]: No craft recipe matches input (type: fuel, items: ['default:diamond'])
2026-09-22 13:10:49: WARNING[Main]: No craft recipe matches input (type: fuel, items: ['default:diamondblock'])
2026-09-22 13:10:49: WARNING[Main]: No craft recipe matches input (type: fuel, items: ['default:sign_wall_steel'])
2026-09-22 13:10:49: WARNING[Main]: No craft recipe matches input (type: fuel, items: ['default:ladder_steel'])
2026-09-22 13:10:49: WARNING[Main]: No craft recipe matches input (type: fuel, items: ['stairs:stair_steelblock'])
2026-09-22 13:10:49: WARNING[Main]: No craft recipe matches input (type: fuel, items: ['stairs:stair_inner_steelblock'])
2026-09-22 13:10:49: WARNING[Main]: No craft recipe matches input (type: fuel, items: ['stairs:stair_outer_steelblock'])
2026-09-22 13:10:49: WARNING[Main]: No craft recipe matches input (type: fuel, items: ['stairs:slab_steelblock'])
2026-09-22 13:10:49: WARNING[Main]: No craft recipe matches input (type: fuel, items: ['stairs:stair_tinblock'])
2026-09-22 13:10:49: WARNING[Main]: No craft recipe matches input (type: fuel, items: ['stairs:stair_inner_tinblock'])
2026-09-22 13:10:49: WARNING[Main]: No craft recipe matches input (type: fuel, items: ['stairs:stair_outer_tinblock'])
2026-09-22 13:10:49: WARNING[Main]: No craft recipe matches input (type: fuel, items: ['stairs:slab_tinblock'])
2026-09-22 13:10:49: WARNING[Main]: No craft recipe matches input (type: fuel, items: ['stairs:stair_copperblock'])
2026-09-22 13:10:49: WARNING[Main]: No craft recipe matches input (type: fuel, items: ['stairs:stair_inner_copperblock'])
2026-09-22 13:10:49: WARNING[Main]: No craft recipe matches input (type: fuel, items: ['stairs:stair_outer_copperblock'])
2026-09-22 13:10:49: WARNING[Main]: No craft recipe matches input (type: fuel, items: ['stairs:slab_copperblock'])
2026-09-22 13:10:49: WARNING[Main]: No craft recipe matches input (type: fuel, items: ['stairs:stair_bronzeblock'])
2026-09-22 13:10:49: WARNING[Main]: No craft recipe matches input (type: fuel, items: ['stairs:stair_inner_bronzeblock'])
2026-09-22 13:10:49: WARNING[Main]: No craft recipe matches input (type: fuel, items: ['stairs:stair_outer_bronzeblock'])
2026-09-22 13:10:49: WARNING[Main]: No craft recipe matches input (type: fuel, items: ['stairs:slab_bronzeblock'])
2026-09-22 13:10:49: WARNING[Main]: No craft recipe matches input (type: fuel, items: ['stairs:stair_goldblock'])
2026-09-22 13:10:49: WARNING[Main]: No craft recipe matches input (type: fuel, items: ['stairs:stair_inner_goldblock'])
2026-09-22 13:10:49: WARNING[Main]: No craft recipe matches input (type: fuel, items: ['stairs:stair_outer_goldblock'])
2026-09-22 13:10:49: WARNING[Main]: No craft recipe matches input (type: fuel, items: ['stairs:slab_goldblock'])
2026-09-22 13:10:49: ACTION[Main]: [grug_gear] 6 bracket catalogs: 36 weapons + 72 armor pieces
2026-09-22 13:11:08: ACTION[Main]: [grug_quality] deterministic PcgRandom quality rolls enabled
2026-09-22 13:11:08: WARNING[Main]: No craft recipe known for output 'grug_gear:sword_bronze'
2026-09-22 13:11:08: WARNING[Main]: No craft recipe known for output 'grug_gear:dagger_bronze'
2026-09-22 13:11:08: WARNING[Main]: No craft recipe known for output 'grug_gear:greataxe_bronze'
2026-09-22 13:11:08: WARNING[Main]: No craft recipe known for output 'grug_gear:wand_bronze'
2026-09-22 13:11:08: WARNING[Main]: No craft recipe known for output 'grug_gear:staff_bronze'
2026-09-22 13:11:08: WARNING[Main]: No craft recipe known for output 'grug_gear:bow_bronze'
2026-09-22 13:11:08: WARNING[Main]: No craft recipe known for output 'grug_gear:shield_bronze'
2026-09-22 13:11:08: WARNING[Main]: No craft recipe known for output 'grug_gear:head_metal_bronze'
2026-09-22 13:11:08: WARNING[Main]: No craft recipe known for output 'grug_gear:feet_metal_bronze'
2026-09-22 13:11:08: WARNING[Main]: No craft recipe known for output 'grug_gear:legs_metal_bronze'
2026-09-22 13:11:08: WARNING[Main]: No craft recipe known for output 'grug_gear:chest_metal_bronze'
2026-09-22 13:11:08: WARNING[Main]: No craft recipe known for output 'grug_gear:head_cloth_patch'
2026-09-22 13:11:08: WARNING[Main]: No craft recipe known for output 'grug_gear:feet_cloth_patch'
2026-09-22 13:11:08: WARNING[Main]: No craft recipe known for output 'grug_gear:legs_cloth_patch'
2026-09-22 13:11:08: WARNING[Main]: No craft recipe known for output 'grug_gear:chest_cloth_patch'
2026-09-22 13:11:08: WARNING[Main]: No craft recipe known for output 'grug_gear:head_leather_light'
2026-09-22 13:11:08: WARNING[Main]: No craft recipe known for output 'grug_gear:feet_leather_light'
2026-09-22 13:11:08: WARNING[Main]: No craft recipe known for output 'grug_gear:legs_leather_light'
2026-09-22 13:11:08: WARNING[Main]: No craft recipe known for output 'grug_gear:chest_leather_light'
2026-09-22 13:11:08: WARNING[Main]: No craft recipe known for output 'grug_gear:sword_iron'
2026-09-22 13:11:08: WARNING[Main]: No craft recipe known for output 'grug_materials:pick_iron'
2026-09-22 13:11:08: WARNING[Main]: No craft recipe known for output 'grug_materials:shovel_iron'
2026-09-22 13:11:08: WARNING[Main]: No craft recipe known for output 'grug_materials:axe_iron'
2026-09-22 13:11:08: WARNING[Main]: No craft recipe known for output 'grug_gear:dagger_iron'
2026-09-22 13:11:08: WARNING[Main]: No craft recipe known for output 'grug_gear:greataxe_iron'
2026-09-22 13:11:08: WARNING[Main]: No craft recipe known for output 'grug_gear:wand_iron'
2026-09-22 13:11:08: WARNING[Main]: No craft recipe known for output 'grug_gear:staff_iron'
2026-09-22 13:11:08: WARNING[Main]: No craft recipe known for output 'grug_gear:bow_iron'
2026-09-22 13:11:08: WARNING[Main]: No craft recipe known for output 'grug_gear:shield_iron'
2026-09-22 13:11:08: WARNING[Main]: No craft recipe known for output 'grug_gear:head_metal_iron'
2026-09-22 13:11:08: WARNING[Main]: No craft recipe known for output 'grug_gear:feet_metal_iron'
2026-09-22 13:11:08: WARNING[Main]: No craft recipe known for output 'grug_gear:legs_metal_iron'
2026-09-22 13:11:08: WARNING[Main]: No craft recipe known for output 'grug_gear:chest_metal_iron'
2026-09-22 13:11:08: WARNING[Main]: No craft recipe known for output 'grug_gear:head_cloth_woven'
2026-09-22 13:11:08: WARNING[Main]: No craft recipe known for output 'grug_gear:feet_cloth_woven'
2026-09-22 13:11:08: WARNING[Main]: No craft recipe known for output 'grug_gear:legs_cloth_woven'
2026-09-22 13:11:08: WARNING[Main]: No craft recipe known for output 'grug_gear:chest_cloth_woven'
2026-09-22 13:11:08: WARNING[Main]: No craft recipe known for output 'grug_gear:head_leather_cured'
2026-09-22 13:11:08: WARNING[Main]: No craft recipe known for output 'grug_gear:feet_leather_cured'
2026-09-22 13:11:08: WARNING[Main]: No craft recipe known for output 'grug_gear:legs_leather_cured'
2026-09-22 13:11:08: WARNING[Main]: No craft recipe known for output 'grug_gear:chest_leather_cured'
2026-09-22 13:11:08: WARNING[Main]: No craft recipe known for output 'grug_gear:sword_steel'
2026-09-22 13:11:08: WARNING[Main]: No craft recipe known for output 'default:pick_steel'
2026-09-22 13:11:08: WARNING[Main]: No craft recipe known for output 'grug_gear:dagger_steel'
2026-09-22 13:11:08: WARNING[Main]: No craft recipe known for output 'grug_gear:greataxe_steel'
2026-09-22 13:11:08: WARNING[Main]: No craft recipe known for output 'grug_gear:wand_steel'
2026-09-22 13:11:08: WARNING[Main]: No craft recipe known for output 'grug_gear:staff_steel'
2026-09-22 13:11:08: WARNING[Main]: No craft recipe known for output 'grug_gear:bow_steel'
2026-09-22 13:11:08: WARNING[Main]: No craft recipe known for output 'grug_gear:shield_steel'
2026-09-22 13:11:08: WARNING[Main]: No craft recipe known for output 'grug_gear:head_metal_steel'
2026-09-22 13:11:08: WARNING[Main]: No craft recipe known for output 'grug_gear:feet_metal_steel'
2026-09-22 13:11:08: WARNING[Main]: No craft recipe known for output 'grug_gear:legs_metal_steel'
2026-09-22 13:11:08: WARNING[Main]: No craft recipe known for output 'grug_gear:chest_metal_steel'
2026-09-22 13:11:08: WARNING[Main]: No craft recipe known for output 'grug_gear:head_cloth_heavy'
2026-09-22 13:11:08: WARNING[Main]: No craft recipe known for output 'grug_gear:feet_cloth_heavy'
2026-09-22 13:11:08: WARNING[Main]: No craft recipe known for output 'grug_gear:legs_cloth_heavy'
2026-09-22 13:11:08: WARNING[Main]: No craft recipe known for output 'grug_gear:chest_cloth_heavy'
2026-09-22 13:11:08: WARNING[Main]: No craft recipe known for output 'grug_gear:head_leather_heavy'
2026-09-22 13:11:08: WARNING[Main]: No craft recipe known for output 'grug_gear:feet_leather_heavy'
2026-09-22 13:11:08: WARNING[Main]: No craft recipe known for output 'grug_gear:legs_leather_heavy'
2026-09-22 13:11:08: WARNING[Main]: No craft recipe known for output 'grug_gear:chest_leather_heavy'
2026-09-22 13:11:08: WARNING[Main]: No craft recipe known for output 'grug_gear:sword_silversteel'
2026-09-22 13:11:08: WARNING[Main]: No craft recipe known for output 'grug_materials:pick_silversteel'
2026-09-22 13:11:08: WARNING[Main]: No craft recipe known for output 'grug_materials:shovel_silversteel'
2026-09-22 13:11:08: WARNING[Main]: No craft recipe known for output 'grug_materials:axe_silversteel'
2026-09-22 13:11:08: WARNING[Main]: No craft recipe known for output 'grug_gear:dagger_silversteel'
2026-09-22 13:11:08: WARNING[Main]: No craft recipe known for output 'grug_gear:greataxe_silversteel'
2026-09-22 13:11:08: WARNING[Main]: No craft recipe known for output 'grug_gear:wand_silversteel'
2026-09-22 13:11:08: WARNING[Main]: No craft recipe known for output 'grug_gear:staff_silversteel'
2026-09-22 13:11:08: WARNING[Main]: No craft recipe known for output 'grug_gear:bow_silversteel'
2026-09-22 13:11:08: WARNING[Main]: No craft recipe known for output 'grug_gear:shield_silversteel'
2026-09-22 13:11:08: WARNING[Main]: No craft recipe known for output 'grug_gear:head_metal_silversteel'
2026-09-22 13:11:08: WARNING[Main]: No craft recipe known for output 'grug_gear:feet_metal_silversteel'
2026-09-22 13:11:08: WARNING[Main]: No craft recipe known for output 'grug_gear:legs_metal_silversteel'
2026-09-22 13:11:08: WARNING[Main]: No craft recipe known for output 'grug_gear:chest_metal_silversteel'
2026-09-22 13:11:08: WARNING[Main]: No craft recipe known for output 'grug_gear:head_cloth_silkweave'
2026-09-22 13:11:08: WARNING[Main]: No craft recipe known for output 'grug_gear:feet_cloth_silkweave'
2026-09-22 13:11:08: WARNING[Main]: No craft recipe known for output 'grug_gear:legs_cloth_silkweave'
2026-09-22 13:11:08: WARNING[Main]: No craft recipe known for output 'grug_gear:chest_cloth_silkweave'
2026-09-22 13:11:08: WARNING[Main]: No craft recipe known for output 'grug_gear:head_leather_scaled'
2026-09-22 13:11:08: WARNING[Main]: No craft recipe known for output 'grug_gear:feet_leather_scaled'
2026-09-22 13:11:08: WARNING[Main]: No craft recipe known for output 'grug_gear:legs_leather_scaled'
2026-09-22 13:11:08: WARNING[Main]: No craft recipe known for output 'grug_gear:chest_leather_scaled'
2026-09-22 13:11:08: WARNING[Main]: No craft recipe known for output 'grug_gear:sword_embersteel'
2026-09-22 13:11:08: WARNING[Main]: No craft recipe known for output 'grug_materials:pick_embersteel'
2026-09-22 13:11:08: WARNING[Main]: No craft recipe known for output 'grug_materials:shovel_embersteel'
2026-09-22 13:11:08: WARNING[Main]: No craft recipe known for output 'grug_materials:axe_embersteel'
2026-09-22 13:11:08: WARNING[Main]: No craft recipe known for output 'grug_gear:dagger_embersteel'
2026-09-22 13:11:08: WARNING[Main]: No craft recipe known for output 'grug_gear:greataxe_embersteel'
2026-09-22 13:11:08: WARNING[Main]: No craft recipe known for output 'grug_gear:wand_embersteel'
2026-09-22 13:11:08: WARNING[Main]: No craft recipe known for output 'grug_gear:staff_embersteel'
2026-09-22 13:11:08: WARNING[Main]: No craft recipe known for output 'grug_gear:bow_embersteel'
2026-09-22 13:11:08: WARNING[Main]: No craft recipe known for output 'grug_gear:shield_embersteel'
2026-09-22 13:11:08: WARNING[Main]: No craft recipe known for output 'grug_gear:head_metal_embersteel'
2026-09-22 13:11:08: WARNING[Main]: No craft recipe known for output 'grug_gear:feet_metal_embersteel'
2026-09-22 13:11:08: WARNING[Main]: No craft recipe known for output 'grug_gear:legs_metal_embersteel'
2026-09-22 13:11:08: WARNING[Main]: No craft recipe known for output 'grug_gear:chest_metal_embersteel'
2026-09-22 13:11:08: WARNING[Main]: No craft recipe known for output 'grug_gear:head_cloth_silk'
2026-09-22 13:11:08: WARNING[Main]: No craft recipe known for output 'grug_gear:feet_cloth_silk'
2026-09-22 13:11:08: WARNING[Main]: No craft recipe known for output 'grug_gear:legs_cloth_silk'
2026-09-22 13:11:08: WARNING[Main]: No craft recipe known for output 'grug_gear:chest_cloth_silk'
2026-09-22 13:11:08: WARNING[Main]: No craft recipe known for output 'grug_gear:head_leather_sleek'
2026-09-22 13:11:08: WARNING[Main]: No craft recipe known for output 'grug_gear:feet_leather_sleek'
2026-09-22 13:11:08: WARNING[Main]: No craft recipe known for output 'grug_gear:legs_leather_sleek'
2026-09-22 13:11:08: WARNING[Main]: No craft recipe known for output 'grug_gear:chest_leather_sleek'
2026-09-22 13:11:08: WARNING[Main]: No craft recipe known for output 'grug_gear:sword_abyssal_steel'
2026-09-22 13:11:08: WARNING[Main]: No craft recipe known for output 'grug_materials:pick_abyssal_steel'
2026-09-22 13:11:08: WARNING[Main]: No craft recipe known for output 'grug_materials:shovel_abyssal_steel'
2026-09-22 13:11:08: WARNING[Main]: No craft recipe known for output 'grug_materials:axe_abyssal_steel'
2026-09-22 13:11:08: WARNING[Main]: No craft recipe known for output 'grug_gear:dagger_abyssal_steel'
2026-09-22 13:11:08: WARNING[Main]: No craft recipe known for output 'grug_gear:greataxe_abyssal_steel'
2026-09-22 13:11:08: WARNING[Main]: No craft recipe known for output 'grug_gear:wand_abyssal_steel'
2026-09-22 13:11:08: WARNING[Main]: No craft recipe known for output 'grug_gear:staff_abyssal_steel'
2026-09-22 13:11:08: WARNING[Main]: No craft recipe known for output 'grug_gear:bow_abyssal_steel'
2026-09-22 13:11:08: WARNING[Main]: No craft recipe known for output 'grug_gear:shield_abyssal_steel'
2026-09-22 13:11:08: WARNING[Main]: No craft recipe known for output 'grug_gear:head_metal_abyssal_steel'
2026-09-22 13:11:08: WARNING[Main]: No craft recipe known for output 'grug_gear:feet_metal_abyssal_steel'
2026-09-22 13:11:08: WARNING[Main]: No craft recipe known for output 'grug_gear:legs_metal_abyssal_steel'
2026-09-22 13:11:08: WARNING[Main]: No craft recipe known for output 'grug_gear:chest_metal_abyssal_steel'
2026-09-22 13:11:08: WARNING[Main]: No craft recipe known for output 'grug_gear:head_cloth_stormweave'
2026-09-22 13:11:08: WARNING[Main]: No craft recipe known for output 'grug_gear:feet_cloth_stormweave'
2026-09-22 13:11:08: WARNING[Main]: No craft recipe known for output 'grug_gear:legs_cloth_stormweave'
2026-09-22 13:11:08: WARNING[Main]: No craft recipe known for output 'grug_gear:chest_cloth_stormweave'
2026-09-22 13:11:08: WARNING[Main]: No craft recipe known for output 'grug_gear:head_leather_nightscale'
2026-09-22 13:11:08: WARNING[Main]: No craft recipe known for output 'grug_gear:feet_leather_nightscale'
2026-09-22 13:11:08: WARNING[Main]: No craft recipe known for output 'grug_gear:legs_leather_nightscale'
2026-09-22 13:11:08: WARNING[Main]: No craft recipe known for output 'grug_gear:chest_leather_nightscale'
2026-09-22 13:11:08: WARNING[Main]: No craft recipe known for output 'grug_gear:arrow'
2026-09-22 13:11:08: WARNING[Main]: No craft recipe known for output 'grug_mobs:light_leather'
2026-09-22 13:11:08: WARNING[Main]: No craft recipe known for output 'grug_professions:cured_leather'
2026-09-22 13:11:08: WARNING[Main]: No craft recipe known for output 'grug_mobs:heavy_leather'
2026-09-22 13:11:08: WARNING[Main]: No craft recipe known for output 'grug_mobs:scaled_hide'
2026-09-22 13:11:08: WARNING[Main]: No craft recipe known for output 'grug_professions:sleek_leather'
2026-09-22 13:11:08: WARNING[Main]: No craft recipe known for output 'grug_professions:nightscale_leather'
2026-09-22 13:11:08: WARNING[Main]: No craft recipe known for output 'grug_professions:bolt_patch'
2026-09-22 13:11:08: WARNING[Main]: No craft recipe known for output 'grug_professions:bolt_woven'
2026-09-22 13:11:08: WARNING[Main]: No craft recipe known for output 'grug_professions:bolt_heavy'
2026-09-22 13:11:08: WARNING[Main]: No craft recipe known for output 'grug_professions:bolt_silkweave'
2026-09-22 13:11:08: WARNING[Main]: No craft recipe known for output 'grug_professions:bolt_silk'
2026-09-22 13:11:08: WARNING[Main]: No craft recipe known for output 'grug_professions:bolt_stormweave'
2026-09-22 13:11:08: ACTION[Main]: [grug_professions] registered Weaponsmith, Armorsmith, Leatherworker and Tailor catalogs
2026-09-22 13:11:08: WARNING[Main]: No craft recipe known for output 'grug_artisans:seasoned_wood'
2026-09-22 13:11:08: WARNING[Main]: No craft recipe known for output 'grug_artisans:polished_wood'
2026-09-22 13:11:08: WARNING[Main]: No craft recipe known for output 'grug_artisans:hardened_wood'
2026-09-22 13:11:08: WARNING[Main]: No craft recipe known for output 'grug_artisans:inlaid_wood'
2026-09-22 13:11:08: WARNING[Main]: No craft recipe known for output 'grug_artisans:lacquered_wood'
2026-09-22 13:11:08: WARNING[Main]: No craft recipe known for output 'grug_artisans:heartwood_wood'
2026-09-22 13:11:08: ACTION[Main]: [grug_artisans] registered Woodcarver and Goldsmith catalogs
2026-09-22 13:11:08: ACTION[Main]: [grug_materials] registry audit passed: 6 tiers, 15 resources, 12 processed forms, 6 race regions
2026-09-22 13:11:08: ACTION[Main]: [grug_smelting] recipe audit passed: 5 cooking, 5 dualfurn, 12 storage pairs, 1 station
2026-09-22 13:11:08: ACTION[Main]: [grug_core] world preparation mode=full cursor=0/8811
2026-09-22 13:11:08: ACTION[Main]: [r16_surface] column=-3952,-3552 ground=-23 water=1 low=-10 high=34 reach=4
2026-09-22 13:11:08: ACTION[Main]: [r16_surface] column=0,0 ground=9 water=nil low=6 high=42 reach=4
2026-09-22 13:11:08: ACTION[Main]: [r16_surface] column=-1700,-2500 ground=18 water=nil low=15 high=51 reach=4
2026-09-22 13:11:08: ACTION[Main]: [r16_surface] column=1600,1900 ground=74 water=nil low=71 high=107 reach=4
2026-09-22 13:11:08: ACTION[Main]: [r16_surface] column=2600,-1400 ground=-2 water=1 low=-5 high=34 reach=4
2026-09-22 13:11:08: ACTION[Main]: [r16_surface] authority=grug_surface_v1:71c1fec7f8a9f8f2a49e71f8191fde1d81f0537eba25317a624a3a8ab23d084a
2026-09-22 13:11:08: ACTION[Main]: [grug_visuals] 72 armor pieces indexed for overlays, 3 art lines x 4 slots
2026-09-22 13:11:08: ACTION[Main]: [grug_mobs] settlement work activities: tools 7, weapon families 1, all registered
2026-09-22 13:11:08: ACTION[Main]: [grug_inventory] starter weapons: mage=grug_gear:staff_bronze (2H), priest=grug_gear:staff_bronze (2H), scout=grug_gear:bow_bronze (2H), warrior=grug_gear:sword_bronze
2026-09-22 13:11:08: ACTION[Main]: [grug_traders] 12 profession shelves, 98 offers, all registered
2026-09-22 13:11:08: ACTION[Main]: [grug_traders] dwarf capital vendors come from the sockets of dur_brannoc
2026-09-22 13:11:08: ACTION[Main]: [grug_traders] elf capital vendors come from the sockets of lethariel
2026-09-22 13:11:08: ACTION[Main]: [grug_traders] human capital vendors come from the sockets of highcourt
2026-09-22 13:11:08: ACTION[Main]: [grug_traders] orc capital vendors come from the sockets of gor_drazhak
2026-09-22 13:11:08: ACTION[Main]: [grug_traders] troll capital vendors come from the sockets of kezamba
2026-09-22 13:11:08: ACTION[Main]: [grug_traders] undead capital vendors come from the sockets of nhal_veyr
2026-09-22 13:11:08: ACTION[Main]: [grug_traders] 30 settlements indexed for profession vendor appearance
2026-09-22 13:11:08: ACTION[Main]: [grug_traders] drop audit: 3 mob(s) use a `drops` FUNCTION and cannot be walked statically (grug_mobs:bandit, grug_mobs:bandit_archer, grug_mobs:poacher); their items are audited from the hardcoded FUNCTION_DROPS list
2026-09-22 13:11:08: WARNING[Main]: [grug_traders] no vendor price for dropped item 'default:apple' (dropped by grug_mobs:gravewood_treant, grug_mobs:ashen_treant) — add a _grug_sell_price to its def or a grug_traders.set_price override; traders must buy every mob drop (economy.md §3)
2026-09-22 13:11:08: WARNING[Main]: [grug_traders] no vendor price for dropped item 'default:stick' (dropped by grug_mobs:gravewood_treant, grug_mobs:ashen_treant) — add a _grug_sell_price to its def or a grug_traders.set_price override; traders must buy every mob drop (economy.md §3)
2026-09-22 13:11:08: ACTION[Main]: [grug_fishing] tables=6 entries=18 weight=100 bite=3..10s rod_uses=64
2026-09-22 13:11:08: ACTION[Main]: World at [/tmp/grug-r16-surface-native-rykgws8f/world]
2026-09-22 13:11:08: ACTION[Main]: Server for gameid="grudgelands" listening on 127.0.0.1:32987.
2026-09-22 13:11:12: ACTION[Server]: [r16_surface] dispatch=1 lo=(-3952,-32,-3552) hi=(-3873,47,-3473)
2026-09-22 13:11:23: ACTION[Emerge-0]: [r16_surface] settled status=return {completed=1,ready=false,failed=false,percent=0.011349449551696743,mode="full",total=8811}
2026-09-22 13:11:28: ACTION[Server]: [r16_surface] dispatch=2 lo=(-3872,-32,-3552) hi=(-3793,47,-3473)
2026-09-22 13:11:28: ACTION[Main]: Server: Shutting down
2026-09-22 13:11:28: ACTION[Emerge-0]: [r16_surface] settled status=return {completed=2,ready=false,failed=false,percent=0.022698899103393486,mode="full",total=8811}
2026-09-22 13:11:28: ACTION[Main]: [r16_surface] shutdown requests=2
