parser PASS mods/BASE/default/furnace.lua
parser PASS mods/CORE/grug_core/settlement_sockets.lua
parser PASS mods/ENTITIES/grug_mobs/capital_displays.lua
parser PASS mods/ENTITIES/grug_mobs/init.lua
	2	[1]	SETGLOBAL	0 -1	; grug_mobs
parser PASS mods/ENTITIES/grug_mobs/start_npcs.lua
parser PASS mods/ENTITIES/grug_mobs/start_villagers.lua
parser PASS mods/ITEMS/grug_alchemy/recipes.lua
parser PASS mods/ITEMS/grug_decor/capital.lua
parser PASS mods/ITEMS/grug_decor/init.lua
	2	[14]	SETGLOBAL	0 -1	; grug_decor
parser PASS mods/MAPGEN/grug_mapgen/wp13/capital_services.lua
parser PASS mods/MAPGEN/grug_mapgen/wp13/dur_brannoc.lua
parser PASS mods/MAPGEN/grug_mapgen/wp13/dur_brannoc_plot.lua
parser PASS mods/MAPGEN/grug_mapgen/wp13/gor_drazhak.lua
parser PASS mods/MAPGEN/grug_mapgen/wp13/gor_drazhak_plot.lua
parser PASS mods/MAPGEN/grug_mapgen/wp13/gor_drazhak_quadrants.lua
parser PASS mods/MAPGEN/grug_mapgen/wp13/highcourt.lua
parser PASS mods/MAPGEN/grug_mapgen/wp13/highcourt_plot.lua
parser PASS mods/MAPGEN/grug_mapgen/wp13/kezamba.lua
parser PASS mods/MAPGEN/grug_mapgen/wp13/kezamba_plot.lua
parser PASS mods/MAPGEN/grug_mapgen/wp13/lethariel.lua
parser PASS mods/MAPGEN/grug_mapgen/wp13/lethariel_plot.lua
parser PASS mods/MAPGEN/grug_mapgen/wp13/nhal_veyr.lua
parser PASS mods/MAPGEN/grug_mapgen/wp13/nhal_veyr_plot.lua
parser PASS mods/MAPGEN/grug_mapgen/wp13/parts.lua
parser PASS mods/MAPGEN/grug_mapgen/wp13/precinct_ring.lua
parser PASS mods/MAPGEN/grug_mapgen/wp40/r7_settlement.lua
parser PASS mods/PLAYER/grug_jobs/station_nodes.lua
parser PASS mods/PLAYER/grug_jobs/trainers.lua
parser PASS mods/PLAYER/grug_mounts/trainer.lua
parser PASS tools/r10_cap/decor_geometry.lua
	8	[10]	SETGLOBAL	1 -4	; core
	27	[15]	SETGLOBAL	1 -10	; default
	36	[17]	SETGLOBAL	1 -16	; grug_brewing
parser PASS tools/r10_cap/furnace_micro.lua
	2	[18]	SETGLOBAL	0 -1	; ItemStack
	80	[57]	SETGLOBAL	9 -10	; core
	99	[71]	SETGLOBAL	9 -39	; default
	101	[72]	SETGLOBAL	9 -47	; grug_items
	103	[72]	SETGLOBAL	9 -48	; grug_brewing
	107	[72]	SETGLOBAL	9 -49	; grug_jobs
	111	[73]	SETGLOBAL	9 -51	; vector
	115	[74]	SETGLOBAL	9 -53	; grug_xp
	122	[76]	SETGLOBAL	9 -55	; grug_core
parser PASS tools/r10_cap/gear_visuals.lua
	27	[7]	SETGLOBAL	2 -4	; core
parser PASS tools/r10_cap/geometry_micro.lua
parser PASS tools/r10_cap/mount_catalog.lua
	6	[3]	SETGLOBAL	1 -4	; grug_mounts
parser PASS tools/r10_cap/public_socket_oracle.lua
parser PASS tools/r10_cap/purchase_micro.lua
	18	[27]	SETGLOBAL	1 -8	; ItemStack
	67	[67]	SETGLOBAL	5 -15	; core
	73	[68]	SETGLOBAL	5 -31	; grug_mobs
	78	[69]	SETGLOBAL	5 -34	; mobs
	84	[72]	SETGLOBAL	5 -36	; grug_core
	90	[74]	SETGLOBAL	5 -39	; grug_factions
	96	[76]	SETGLOBAL	5 -42	; grug_classes
	100	[77]	SETGLOBAL	5 -45	; grug_xp
	150	[87]	SETGLOBAL	9 -63	; grug_mounts
	428	[127]	SETGLOBAL	14 -102	; grug_jobs
parser PASS tools/r10_cap/services_micro.lua
	70	[27]	SETGLOBAL	11 -16	; core
	74	[31]	SETGLOBAL	11 -34	; grug_core
	78	[32]	SETGLOBAL	11 -36	; grug_factions
	82	[33]	SETGLOBAL	11 -38	; grug_xp
	86	[34]	SETGLOBAL	11 -40	; grug_money
	97	[37]	SETGLOBAL	11 -43	; grug_mounts
	118	[40]	SETGLOBAL	13 -52	; grug_mobs
	124	[41]	SETGLOBAL	13 -54	; mobs
	446	[85]	SETGLOBAL	20 -100	; grug_gear
parser PASS tools/r10_cap/stable_geometry.lua
parser PASS tools/r8_alch/capital_kat.lua
	31	[10]	SETGLOBAL	3 -14	; core
	149	[111]	SETGLOBAL	11 -16	; dofile
	155	[116]	SETGLOBAL	6 -16	; dofile
parser PASS tools/r8_prof/trainer_sockets_kat.lua
	20	[6]	SETGLOBAL	2 -1	; core
	24	[7]	SETGLOBAL	2 -4	; vector
	26	[8]	SETGLOBAL	2 -5	; grug_core
parser PASS tools/r9_mounts/mounts_kat.lua
	62	[41]	SETGLOBAL	13 -23	; ItemStack
	156	[220]	SETGLOBAL	16 -30	; core
	174	[249]	SETGLOBAL	16 -61	; vector
	180	[250]	SETGLOBAL	16 -67	; player_api
	193	[265]	SETGLOBAL	16 -70	; grug_core
	197	[272]	SETGLOBAL	16 -75	; grug_visuals
	201	[273]	SETGLOBAL	16 -77	; grug_xp
	207	[281]	SETGLOBAL	16 -79	; grug_money
	218	[292]	SETGLOBAL	16 -82	; grug_factions
	224	[294]	SETGLOBAL	16 -87	; grug_mobs
	231	[298]	SETGLOBAL	16 -90	; grug_classes
	233	[299]	SETGLOBAL	16 -93	; grug_jobs
	247	[338]	SETGLOBAL	16 -94	; grug_zones
	1134	[511]	SETGLOBAL	40 -94	; grug_zones
	1180	[519]	SETGLOBAL	39 -94	; grug_zones
	1678	[639]	SETGLOBAL	47 -279	; grug_projectiles
parser PASS tools/r9_prof/stations_kat.lua
	49	[36]	SETGLOBAL	5 -5	; ItemStack
	65	[75]	SETGLOBAL	12 -1	; core
	114	[108]	SETGLOBAL	12 -4	; default
	116	[109]	SETGLOBAL	12 -8	; grug_core
	118	[110]	SETGLOBAL	12 -9	; grug_brewing
	122	[114]	SETGLOBAL	12 -10	; vector
	155	[125]	SETGLOBAL	13 -6	; grug_jobs
	754	[262]	SETGLOBAL	25 -7	; grug_items
parser PASS tools/wp13/dur_brannoc_kat.lua
parser PASS tools/wp13/gor_drazhak_kat.lua
parser PASS tools/wp13/highcourt_kat.lua
parser PASS tools/wp13/kezamba_kat.lua
parser PASS tools/wp13/lethariel_kat.lua
parser PASS tools/wp13/nhal_veyr_kat.lua
parser PASS tools/wp13/precinct_ring_kat.lua
parser PASS tools/wp13/seam_kat.lua
parser PASS tools/wp13/stub_registry.lua
parser PASS tools/wp40/quality/final_micro.lua
SWEEP 1 (review any comment/tool-only hits)
SWEEP 2 (review any comment/tool-only hits)
SWEEP 3 (review any comment/tool-only hits)
SWEEP 4 (review any comment/tool-only hits)
mods/ENTITIES/grug_mobs/init.lua:69:--   def._grug_tier        — "normal" (default) | "elite" | "rare" | "boss"
mods/MAPGEN/grug_mapgen/wp13/gor_drazhak.lua:11:--     "Gor Drazhak | orc | mesa shelf, step 4 | adobe flat roofs with
mods/MAPGEN/grug_mapgen/wp13/nhal_veyr.lua:1301:	--     cap(p) = gate_y + |p - gate_at|      (gate_y = the free terrain at
tools/r9_mounts/mounts_kat.lua:765:	return "r9_mounts_v3|tiers=4|models=12|warning=48|warning_probes=112|" ..
tools/r9_mounts/mounts_kat.lua:766:		"warning_interval=1|ceiling=600|assets=" ..
mods/MAPGEN/grug_mapgen/wp13/kezamba.lua:11:-- is an answer to it: "Kezamba | troll | stilted cenote terrace, step 3 | stilt
SWEEP 5 (review any comment/tool-only hits)
