WARNING[Main]: /!\ You are using the old mod storage files backend. This backend is deprecated and may be removed in a future release /!\
WARNING[Main]: Switching to SQLite3 is advised, please read https://docs.luanti.org/for-server-hosts/database-backends.
[MOD] Mobs Redo loaded
WARNING[Main]: No craft recipe matches input (type: fuel, items: ['default:pick_mese'])
WARNING[Main]: No craft recipe matches input (type: fuel, items: ['default:shovel_mese'])
WARNING[Main]: No craft recipe matches input (type: fuel, items: ['default:axe_mese'])
WARNING[Main]: No craft recipe matches input (type: fuel, items: ['default:sword_mese'])
WARNING[Main]: No craft recipe matches input (type: fuel, items: ['default:pick_diamond'])
WARNING[Main]: No craft recipe matches input (type: fuel, items: ['default:shovel_diamond'])
WARNING[Main]: No craft recipe matches input (type: fuel, items: ['default:axe_diamond'])
WARNING[Main]: No craft recipe matches input (type: fuel, items: ['default:sword_diamond'])
WARNING[Main]: No craft recipe matches input (type: fuel, items: ['default:copper_ingot'])
WARNING[Main]: No craft recipe matches input (type: fuel, items: ['default:copperblock'])
WARNING[Main]: No craft recipe matches input (type: fuel, items: ['default:tin_ingot'])
WARNING[Main]: No craft recipe matches input (type: fuel, items: ['default:tinblock'])
WARNING[Main]: No craft recipe matches input (type: fuel, items: ['default:bronze_ingot'])
WARNING[Main]: No craft recipe matches input (type: fuel, items: ['default:bronzeblock'])
WARNING[Main]: No craft recipe matches input (type: fuel, items: ['default:steel_ingot'])
WARNING[Main]: No craft recipe matches input (type: fuel, items: ['default:steelblock'])
WARNING[Main]: No craft recipe matches input (type: fuel, items: ['default:gold_ingot'])
WARNING[Main]: No craft recipe matches input (type: fuel, items: ['default:goldblock'])
WARNING[Main]: No craft recipe known for output 'default:stone_with_mese'
WARNING[Main]: No craft recipe matches input (type: fuel, items: ['default:stone_with_mese'])
WARNING[Main]: No craft recipe matches input (type: fuel, items: ['default:mese'])
WARNING[Main]: No craft recipe matches input (type: fuel, items: ['default:mese_crystal'])
WARNING[Main]: No craft recipe matches input (type: fuel, items: ['default:mese_crystal_fragment'])
WARNING[Main]: No craft recipe matches input (type: fuel, items: ['default:meselamp'])
WARNING[Main]: No craft recipe matches input (type: fuel, items: ['default:mese_post_light'])
WARNING[Main]: No craft recipe matches input (type: fuel, items: ['default:mese_post_light_acacia_wood'])
WARNING[Main]: No craft recipe matches input (type: fuel, items: ['default:mese_post_light_junglewood'])
WARNING[Main]: No craft recipe matches input (type: fuel, items: ['default:mese_post_light_pine_wood'])
WARNING[Main]: No craft recipe matches input (type: fuel, items: ['default:mese_post_light_aspen_wood'])
WARNING[Main]: No craft recipe known for output 'default:stone_with_diamond'
WARNING[Main]: No craft recipe matches input (type: fuel, items: ['default:stone_with_diamond'])
WARNING[Main]: No craft recipe matches input (type: fuel, items: ['default:diamond'])
WARNING[Main]: No craft recipe matches input (type: fuel, items: ['default:diamondblock'])
WARNING[Main]: No craft recipe matches input (type: fuel, items: ['default:sign_wall_steel'])
WARNING[Main]: No craft recipe matches input (type: fuel, items: ['default:ladder_steel'])
WARNING[Main]: No craft recipe matches input (type: fuel, items: ['stairs:stair_steelblock'])
WARNING[Main]: No craft recipe matches input (type: fuel, items: ['stairs:stair_inner_steelblock'])
WARNING[Main]: No craft recipe matches input (type: fuel, items: ['stairs:stair_outer_steelblock'])
WARNING[Main]: No craft recipe matches input (type: fuel, items: ['stairs:slab_steelblock'])
WARNING[Main]: No craft recipe matches input (type: fuel, items: ['stairs:stair_tinblock'])
WARNING[Main]: No craft recipe matches input (type: fuel, items: ['stairs:stair_inner_tinblock'])
WARNING[Main]: No craft recipe matches input (type: fuel, items: ['stairs:stair_outer_tinblock'])
WARNING[Main]: No craft recipe matches input (type: fuel, items: ['stairs:slab_tinblock'])
WARNING[Main]: No craft recipe matches input (type: fuel, items: ['stairs:stair_copperblock'])
WARNING[Main]: No craft recipe matches input (type: fuel, items: ['stairs:stair_inner_copperblock'])
WARNING[Main]: No craft recipe matches input (type: fuel, items: ['stairs:stair_outer_copperblock'])
WARNING[Main]: No craft recipe matches input (type: fuel, items: ['stairs:slab_copperblock'])
WARNING[Main]: No craft recipe matches input (type: fuel, items: ['stairs:stair_bronzeblock'])
WARNING[Main]: No craft recipe matches input (type: fuel, items: ['stairs:stair_inner_bronzeblock'])
WARNING[Main]: No craft recipe matches input (type: fuel, items: ['stairs:stair_outer_bronzeblock'])
WARNING[Main]: No craft recipe matches input (type: fuel, items: ['stairs:slab_bronzeblock'])
WARNING[Main]: No craft recipe matches input (type: fuel, items: ['stairs:stair_goldblock'])
WARNING[Main]: No craft recipe matches input (type: fuel, items: ['stairs:stair_inner_goldblock'])
WARNING[Main]: No craft recipe matches input (type: fuel, items: ['stairs:stair_outer_goldblock'])
WARNING[Main]: No craft recipe matches input (type: fuel, items: ['stairs:slab_goldblock'])
ACTION[Main]: [grug_gear] 6 bracket catalogs: 24 weapons + 48 armor pieces
ACTION[Main]: [grug_materials] registry audit passed: 6 tiers, 15 resources, 12 processed forms, 6 race regions
ACTION[Main]: GRUG_WP40_PROFILE_PROBE phase=cold event=start engine=5.17.0 lua=LuaJIT_2.1.1784272936 seed=531802985935182545 cases=21 manifest=8e9c5adb7d53c505c5e958623c5d17209997b23b814b9e08b2ca9916af177be1 full_digest=false
ACTION[Main]: [grug_traders] drop audit: 1 mob(s) use a `drops` FUNCTION and cannot be walked statically (grug_mobs:bandit); their items are audited from the hardcoded FUNCTION_DROPS list
 _                   _   _ 
| |_   _  __ _ _ __ | |_(_)
| | | | |/ _` | '_ \| __| |
| | |_| | (_| | | | | |_| |
|_|\__,_|\__,_|_| |_|\__|_|  ___ 5.17.0
ACTION[Main]: World at [/tmp/grudgelands-wp40-profile-run.Tm76bo1a/world]
ACTION[Main]: Server for gameid="grudgelands" listening on 127.0.0.1:32710.
ACTION[Emerge-0]: GRUG_WP40_PROFILE_CALLBACK callback=1 minp=48,-32,-2672 maxp=127,47,-2593 blockseed=2143039207 plan_us=390519 writer_us=269037 total_us=659556 columns=6400 candidate_cells=49 candidates=944 r5_runs=25440 result=applied_clq vm_get_emerged_area_calls=1 vm_get_emerged_area_us=4 vm_get_data_calls=1 vm_get_data_us=4023 vm_get_param2_data_calls=1 vm_get_param2_data_us=4035 vm_get_light_data_calls=2 vm_get_light_data_us=7846 vm_set_data_calls=1 vm_set_data_us=7299 vm_set_param2_data_calls=0 vm_set_param2_data_us=0 vm_set_lighting_calls=81 vm_set_lighting_us=207 vm_calc_lighting_calls=1 vm_calc_lighting_us=3453 vm_set_light_data_calls=1 vm_set_light_data_us=7366 vm_update_liquids_calls=1 vm_update_liquids_us=965
ACTION[Emerge-0]: GRUG_WP40_PROFILE_PROBE phase=cold event=emerge case=owner_48:-32:-2672 mapchunk=48,-32,-2672 elapsed_us=9329129 generated=1 disk=0 memory=124 cancelled=0 errored=0
ACTION[Emerge-0]: GRUG_WP40_PROFILE_CALLBACK callback=2 minp=48,-32,-2592 maxp=127,47,-2513 blockseed=4105102377 plan_us=232139 writer_us=270715 total_us=502854 columns=6400 candidate_cells=49 candidates=607 r5_runs=25440 result=applied_clq vm_get_emerged_area_calls=1 vm_get_emerged_area_us=2 vm_get_data_calls=1 vm_get_data_us=4107 vm_get_param2_data_calls=1 vm_get_param2_data_us=4094 vm_get_light_data_calls=2 vm_get_light_data_us=8682 vm_set_data_calls=1 vm_set_data_us=7315 vm_set_param2_data_calls=0 vm_set_param2_data_us=0 vm_set_lighting_calls=96 vm_set_lighting_us=293 vm_calc_lighting_calls=1 vm_calc_lighting_us=4354 vm_set_light_data_calls=1 vm_set_light_data_us=7084 vm_update_liquids_calls=1 vm_update_liquids_us=986
ACTION[Emerge-0]: GRUG_WP40_PROFILE_PROBE phase=cold event=emerge case=owner_48:-32:-2592 mapchunk=48,-32,-2592 elapsed_us=536161 generated=1 disk=0 memory=124 cancelled=0 errored=0
ACTION[Emerge-0]: GRUG_WP40_PROFILE_CALLBACK callback=3 minp=48,-32,-2512 maxp=127,47,-2433 blockseed=2231744537 plan_us=274649 writer_us=296747 total_us=571396 columns=6400 candidate_cells=49 candidates=409 r5_runs=25779 result=applied_clq vm_get_emerged_area_calls=1 vm_get_emerged_area_us=2 vm_get_data_calls=1 vm_get_data_us=4344 vm_get_param2_data_calls=1 vm_get_param2_data_us=3958 vm_get_light_data_calls=2 vm_get_light_data_us=8072 vm_set_data_calls=1 vm_set_data_us=8921 vm_set_param2_data_calls=0 vm_set_param2_data_us=0 vm_set_lighting_calls=96 vm_set_lighting_us=319 vm_calc_lighting_calls=1 vm_calc_lighting_us=4348 vm_set_light_data_calls=1 vm_set_light_data_us=7264 vm_update_liquids_calls=1 vm_update_liquids_us=1173
ACTION[Emerge-0]: GRUG_WP40_PROFILE_PROBE phase=cold event=emerge case=owner_48:-32:-2512 mapchunk=48,-32,-2512 elapsed_us=604694 generated=1 disk=0 memory=124 cancelled=0 errored=0
ACTION[Emerge-0]: GRUG_WP40_PROFILE_CALLBACK callback=4 minp=-32,-32,-2672 maxp=47,47,-2593 blockseed=3815956711 plan_us=238591 writer_us=304685 total_us=543276 columns=6400 candidate_cells=49 candidates=387 r5_runs=25600 result=applied_clq vm_get_emerged_area_calls=1 vm_get_emerged_area_us=3 vm_get_data_calls=1 vm_get_data_us=4103 vm_get_param2_data_calls=1 vm_get_param2_data_us=4128 vm_get_light_data_calls=2 vm_get_light_data_us=8620 vm_set_data_calls=1 vm_set_data_us=7418 vm_set_param2_data_calls=0 vm_set_param2_data_us=0 vm_set_lighting_calls=96 vm_set_lighting_us=220 vm_calc_lighting_calls=1 vm_calc_lighting_us=4294 vm_set_light_data_calls=1 vm_set_light_data_us=7228 vm_update_liquids_calls=1 vm_update_liquids_us=941
ACTION[Emerge-0]: GRUG_WP40_PROFILE_PROBE phase=cold event=emerge case=owner_-32:-32:-2672 mapchunk=-32,-32,-2672 elapsed_us=585904 generated=1 disk=0 memory=124 cancelled=0 errored=0
ACTION[Emerge-0]: GRUG_WP40_PROFILE_CALLBACK callback=5 minp=-32,-32,-2592 maxp=47,47,-2513 blockseed=3750423273 plan_us=151334 writer_us=322775 total_us=474109 columns=6400 candidate_cells=49 candidates=0 r5_runs=25600 result=applied_cplq vm_get_emerged_area_calls=1 vm_get_emerged_area_us=2 vm_get_data_calls=1 vm_get_data_us=4136 vm_get_param2_data_calls=1 vm_get_param2_data_us=4126 vm_get_light_data_calls=2 vm_get_light_data_us=8079 vm_set_data_calls=1 vm_set_data_us=7345 vm_set_param2_data_calls=1 vm_set_param2_data_us=7429 vm_set_lighting_calls=1 vm_set_lighting_us=148 vm_calc_lighting_calls=1 vm_calc_lighting_us=7192 vm_set_light_data_calls=1 vm_set_light_data_us=7091 vm_update_liquids_calls=1 vm_update_liquids_us=1001
ACTION[Emerge-0]: GRUG_WP40_PROFILE_PROBE phase=cold event=emerge case=owner_-32:-32:-2592 mapchunk=-32,-32,-2592 elapsed_us=508217 generated=1 disk=0 memory=124 cancelled=0 errored=0
ACTION[Emerge-0]: GRUG_WP40_PROFILE_CALLBACK callback=6 minp=-32,-32,-2512 maxp=47,47,-2433 blockseed=3787661465 plan_us=164036 writer_us=300829 total_us=464865 columns=6400 candidate_cells=49 candidates=197 r5_runs=25694 result=applied_cplq vm_get_emerged_area_calls=1 vm_get_emerged_area_us=2 vm_get_data_calls=1 vm_get_data_us=4137 vm_get_param2_data_calls=1 vm_get_param2_data_us=4157 vm_get_light_data_calls=2 vm_get_light_data_us=8208 vm_set_data_calls=1 vm_set_data_us=7281 vm_set_param2_data_calls=1 vm_set_param2_data_us=7215 vm_set_lighting_calls=1 vm_set_lighting_us=194 vm_calc_lighting_calls=1 vm_calc_lighting_us=5638 vm_set_light_data_calls=1 vm_set_light_data_us=7114 vm_update_liquids_calls=1 vm_update_liquids_us=1196
ACTION[Emerge-0]: GRUG_WP40_PROFILE_PROBE phase=cold event=emerge case=owner_-32:-32:-2512 mapchunk=-32,-32,-2512 elapsed_us=498670 generated=1 disk=0 memory=124 cancelled=0 errored=0
ACTION[Emerge-0]: GRUG_WP40_PROFILE_CALLBACK callback=7 minp=-1872,48,2608 maxp=-1793,127,2687 blockseed=4210826753 plan_us=377793 writer_us=221130 total_us=598923 columns=6400 candidate_cells=49 candidates=61 r5_runs=23012 result=applied_cplq vm_get_emerged_area_calls=1 vm_get_emerged_area_us=2 vm_get_data_calls=1 vm_get_data_us=4073 vm_get_param2_data_calls=1 vm_get_param2_data_us=4270 vm_get_light_data_calls=2 vm_get_light_data_us=8570 vm_set_data_calls=1 vm_set_data_us=7319 vm_set_param2_data_calls=1 vm_set_param2_data_us=7214 vm_set_lighting_calls=81 vm_set_lighting_us=118 vm_calc_lighting_calls=1 vm_calc_lighting_us=7534 vm_set_light_data_calls=1 vm_set_light_data_us=6795 vm_update_liquids_calls=1 vm_update_liquids_us=954
ACTION[Emerge-0]: GRUG_WP40_PROFILE_PROBE phase=cold event=emerge case=owner_-1872:48:2608 mapchunk=-1872,48,2608 elapsed_us=626467 generated=1 disk=0 memory=124 cancelled=0 errored=0
ACTION[Emerge-0]: GRUG_WP40_PROFILE_CALLBACK callback=8 minp=-1872,48,2528 maxp=-1793,127,2607 blockseed=1186318033 plan_us=259223 writer_us=226837 total_us=486060 columns=6400 candidate_cells=49 candidates=0 r5_runs=25600 result=applied_cplq vm_get_emerged_area_calls=1 vm_get_emerged_area_us=1 vm_get_data_calls=1 vm_get_data_us=4091 vm_get_param2_data_calls=1 vm_get_param2_data_us=4485 vm_get_light_data_calls=2 vm_get_light_data_us=8295 vm_set_data_calls=1 vm_set_data_us=7357 vm_set_param2_data_calls=1 vm_set_param2_data_us=7220 vm_set_lighting_calls=96 vm_set_lighting_us=101 vm_calc_lighting_calls=1 vm_calc_lighting_us=9488 vm_set_light_data_calls=1 vm_set_light_data_us=7200 vm_update_liquids_calls=1 vm_update_liquids_us=1110
ACTION[Emerge-0]: GRUG_WP40_PROFILE_PROBE phase=cold event=emerge case=owner_-1872:48:2528 mapchunk=-1872,48,2528 elapsed_us=513880 generated=1 disk=0 memory=124 cancelled=0 errored=0
ACTION[Emerge-0]: GRUG_WP40_PROFILE_CALLBACK callback=9 minp=-1872,48,2448 maxp=-1793,127,2527 blockseed=3675838547 plan_us=267754 writer_us=237002 total_us=504756 columns=6400 candidate_cells=49 candidates=0 r5_runs=25600 result=applied_cplq vm_get_emerged_area_calls=1 vm_get_emerged_area_us=2 vm_get_data_calls=1 vm_get_data_us=3976 vm_get_param2_data_calls=1 vm_get_param2_data_us=3870 vm_get_light_data_calls=2 vm_get_light_data_us=8253 vm_set_data_calls=1 vm_set_data_us=7304 vm_set_param2_data_calls=1 vm_set_param2_data_us=7159 vm_set_lighting_calls=96 vm_set_lighting_us=118 vm_calc_lighting_calls=1 vm_calc_lighting_us=8890 vm_set_light_data_calls=1 vm_set_light_data_us=7210 vm_update_liquids_calls=1 vm_update_liquids_us=985
ACTION[Emerge-0]: GRUG_WP40_PROFILE_PROBE phase=cold event=emerge case=owner_-1872:48:2448 mapchunk=-1872,48,2448 elapsed_us=533011 generated=1 disk=0 memory=124 cancelled=0 errored=0
ACTION[Emerge-0]: GRUG_WP40_PROFILE_CALLBACK callback=10 minp=-1872,-32,-2672 maxp=-1793,47,-2593 blockseed=2347589339 plan_us=361648 writer_us=257524 total_us=619172 columns=6400 candidate_cells=49 candidates=98 r5_runs=25600 result=applied_clq vm_get_emerged_area_calls=1 vm_get_emerged_area_us=4 vm_get_data_calls=1 vm_get_data_us=4120 vm_get_param2_data_calls=1 vm_get_param2_data_us=4145 vm_get_light_data_calls=2 vm_get_light_data_us=8287 vm_set_data_calls=1 vm_set_data_us=7643 vm_set_param2_data_calls=0 vm_set_param2_data_us=0 vm_set_lighting_calls=1 vm_set_lighting_us=181 vm_calc_lighting_calls=1 vm_calc_lighting_us=3039 vm_set_light_data_calls=1 vm_set_light_data_us=7174 vm_update_liquids_calls=1 vm_update_liquids_us=938
ACTION[Emerge-0]: GRUG_WP40_PROFILE_PROBE phase=cold event=emerge case=owner_-1872:-32:-2672 mapchunk=-1872,-32,-2672 elapsed_us=652056 generated=1 disk=0 memory=124 cancelled=0 errored=0
ACTION[Emerge-0]: GRUG_WP40_PROFILE_CALLBACK callback=11 minp=-1872,-32,-2592 maxp=-1793,47,-2513 blockseed=1061529625 plan_us=225639 writer_us=280698 total_us=506337 columns=6400 candidate_cells=49 candidates=0 r5_runs=25600 result=applied_cplq vm_get_emerged_area_calls=1 vm_get_emerged_area_us=2 vm_get_data_calls=1 vm_get_data_us=3882 vm_get_param2_data_calls=1 vm_get_param2_data_us=3835 vm_get_light_data_calls=2 vm_get_light_data_us=8250 vm_set_data_calls=1 vm_set_data_us=7541 vm_set_param2_data_calls=1 vm_set_param2_data_us=7232 vm_set_lighting_calls=1 vm_set_lighting_us=174 vm_calc_lighting_calls=1 vm_calc_lighting_us=4717 vm_set_light_data_calls=1 vm_set_light_data_us=7130 vm_update_liquids_calls=1 vm_update_liquids_us=985
ACTION[Emerge-0]: GRUG_WP40_PROFILE_PROBE phase=cold event=emerge case=owner_-1872:-32:-2592 mapchunk=-1872,-32,-2592 elapsed_us=543515 generated=1 disk=0 memory=124 cancelled=0 errored=0
ACTION[Emerge-0]: GRUG_WP40_PROFILE_CALLBACK callback=12 minp=-1872,-32,-2512 maxp=-1793,47,-2433 blockseed=3973185169 plan_us=270191 writer_us=320734 total_us=590925 columns=6400 candidate_cells=49 candidates=51 r5_runs=25600 result=applied_cplq vm_get_emerged_area_calls=1 vm_get_emerged_area_us=3 vm_get_data_calls=1 vm_get_data_us=4201 vm_get_param2_data_calls=1 vm_get_param2_data_us=4113 vm_get_light_data_calls=2 vm_get_light_data_us=10351 vm_set_data_calls=1 vm_set_data_us=7648 vm_set_param2_data_calls=1 vm_set_param2_data_us=8022 vm_set_lighting_calls=1 vm_set_lighting_us=258 vm_calc_lighting_calls=1 vm_calc_lighting_us=4227 vm_set_light_data_calls=1 vm_set_light_data_us=7156 vm_update_liquids_calls=1 vm_update_liquids_us=1176
ACTION[Emerge-0]: GRUG_WP40_PROFILE_PROBE phase=cold event=emerge case=owner_-1872:-32:-2512 mapchunk=-1872,-32,-2512 elapsed_us=624766 generated=1 disk=0 memory=124 cancelled=0 errored=0
ACTION[Emerge-0]: GRUG_WP40_PROFILE_CALLBACK callback=13 minp=-1792,48,2608 maxp=-1713,127,2687 blockseed=3846021825 plan_us=344098 writer_us=283038 total_us=627136 columns=6400 candidate_cells=49 candidates=62 r5_runs=24250 result=applied_cplq vm_get_emerged_area_calls=1 vm_get_emerged_area_us=2 vm_get_data_calls=1 vm_get_data_us=4428 vm_get_param2_data_calls=1 vm_get_param2_data_us=4358 vm_get_light_data_calls=2 vm_get_light_data_us=8316 vm_set_data_calls=1 vm_set_data_us=7935 vm_set_param2_data_calls=1 vm_set_param2_data_us=7389 vm_set_lighting_calls=96 vm_set_lighting_us=405 vm_calc_lighting_calls=1 vm_calc_lighting_us=9481 vm_set_light_data_calls=1 vm_set_light_data_us=7143 vm_update_liquids_calls=1 vm_update_liquids_us=987
ACTION[Emerge-0]: GRUG_WP40_PROFILE_PROBE phase=cold event=emerge case=owner_-1792:48:2608 mapchunk=-1792,48,2608 elapsed_us=666293 generated=1 disk=0 memory=124 cancelled=0 errored=0
ACTION[Emerge-0]: GRUG_WP40_PROFILE_CALLBACK callback=14 minp=-1792,48,2528 maxp=-1713,127,2607 blockseed=3372141265 plan_us=243438 writer_us=234719 total_us=478157 columns=6400 candidate_cells=49 candidates=0 r5_runs=25600 result=applied_cplq vm_get_emerged_area_calls=1 vm_get_emerged_area_us=2 vm_get_data_calls=1 vm_get_data_us=3908 vm_get_param2_data_calls=1 vm_get_param2_data_us=4123 vm_get_light_data_calls=2 vm_get_light_data_us=8128 vm_set_data_calls=1 vm_set_data_us=7889 vm_set_param2_data_calls=1 vm_set_param2_data_us=7258 vm_set_lighting_calls=111 vm_set_lighting_us=477 vm_calc_lighting_calls=1 vm_calc_lighting_us=12118 vm_set_light_data_calls=1 vm_set_light_data_us=7152 vm_update_liquids_calls=1 vm_update_liquids_us=1008
ACTION[Emerge-0]: GRUG_WP40_PROFILE_PROBE phase=cold event=emerge case=owner_-1792:48:2528 mapchunk=-1792,48,2528 elapsed_us=510405 generated=1 disk=0 memory=124 cancelled=0 errored=0
ACTION[Emerge-0]: GRUG_WP40_PROFILE_CALLBACK callback=15 minp=-1792,48,2448 maxp=-1713,127,2527 blockseed=1681576073 plan_us=242041 writer_us=235432 total_us=477473 columns=6400 candidate_cells=49 candidates=0 r5_runs=25600 result=applied_cplq vm_get_emerged_area_calls=1 vm_get_emerged_area_us=2 vm_get_data_calls=1 vm_get_data_us=4085 vm_get_param2_data_calls=1 vm_get_param2_data_us=4108 vm_get_light_data_calls=2 vm_get_light_data_us=8484 vm_set_data_calls=1 vm_set_data_us=7402 vm_set_param2_data_calls=1 vm_set_param2_data_us=7178 vm_set_lighting_calls=96 vm_set_lighting_us=457 vm_calc_lighting_calls=1 vm_calc_lighting_us=10679 vm_set_light_data_calls=1 vm_set_light_data_us=7103 vm_update_liquids_calls=1 vm_update_liquids_us=967
ACTION[Emerge-0]: GRUG_WP40_PROFILE_PROBE phase=cold event=emerge case=owner_-1792:48:2448 mapchunk=-1792,48,2448 elapsed_us=507283 generated=1 disk=0 memory=124 cancelled=0 errored=0
ACTION[Emerge-0]: GRUG_WP40_PROFILE_CALLBACK callback=16 minp=-1792,-32,-2672 maxp=-1713,47,-2593 blockseed=3424714971 plan_us=286645 writer_us=255814 total_us=542459 columns=6400 candidate_cells=49 candidates=100 r5_runs=25600 result=applied_clq vm_get_emerged_area_calls=1 vm_get_emerged_area_us=19 vm_get_data_calls=1 vm_get_data_us=4088 vm_get_param2_data_calls=1 vm_get_param2_data_us=4105 vm_get_light_data_calls=2 vm_get_light_data_us=8035 vm_set_data_calls=1 vm_set_data_us=7074 vm_set_param2_data_calls=0 vm_set_param2_data_us=0 vm_set_lighting_calls=1 vm_set_lighting_us=147 vm_calc_lighting_calls=1 vm_calc_lighting_us=3625 vm_set_light_data_calls=1 vm_set_light_data_us=6811 vm_update_liquids_calls=1 vm_update_liquids_us=934
ACTION[Emerge-0]: GRUG_WP40_PROFILE_PROBE phase=cold event=emerge case=owner_-1792:-32:-2672 mapchunk=-1792,-32,-2672 elapsed_us=576169 generated=1 disk=0 memory=124 cancelled=0 errored=0
ACTION[Emerge-0]: GRUG_WP40_PROFILE_CALLBACK callback=17 minp=-1792,-32,-2592 maxp=-1713,47,-2513 blockseed=477511193 plan_us=173744 writer_us=326664 total_us=500408 columns=6400 candidate_cells=49 candidates=0 r5_runs=25600 result=applied_cplq vm_get_emerged_area_calls=1 vm_get_emerged_area_us=71 vm_get_data_calls=1 vm_get_data_us=4088 vm_get_param2_data_calls=1 vm_get_param2_data_us=4106 vm_get_light_data_calls=2 vm_get_light_data_us=8239 vm_set_data_calls=1 vm_set_data_us=7299 vm_set_param2_data_calls=1 vm_set_param2_data_us=7182 vm_set_lighting_calls=1 vm_set_lighting_us=285 vm_calc_lighting_calls=1 vm_calc_lighting_us=5518 vm_set_light_data_calls=1 vm_set_light_data_us=6956 vm_update_liquids_calls=1 vm_update_liquids_us=1040
ACTION[Emerge-0]: GRUG_WP40_PROFILE_PROBE phase=cold event=emerge case=owner_-1792:-32:-2592 mapchunk=-1792,-32,-2592 elapsed_us=535652 generated=1 disk=0 memory=124 cancelled=0 errored=0
ACTION[Emerge-0]: GRUG_WP40_PROFILE_CALLBACK callback=18 minp=-1792,-32,-2512 maxp=-1713,47,-2433 blockseed=582672721 plan_us=209388 writer_us=266618 total_us=476006 columns=6400 candidate_cells=49 candidates=52 r5_runs=25600 result=applied_clq vm_get_emerged_area_calls=1 vm_get_emerged_area_us=2 vm_get_data_calls=1 vm_get_data_us=3818 vm_get_param2_data_calls=1 vm_get_param2_data_us=3832 vm_get_light_data_calls=2 vm_get_light_data_us=8183 vm_set_data_calls=1 vm_set_data_us=7264 vm_set_param2_data_calls=0 vm_set_param2_data_us=0 vm_set_lighting_calls=1 vm_set_lighting_us=188 vm_calc_lighting_calls=1 vm_calc_lighting_us=4448 vm_set_light_data_calls=1 vm_set_light_data_us=7065 vm_update_liquids_calls=1 vm_update_liquids_us=941
ACTION[Emerge-0]: GRUG_WP40_PROFILE_PROBE phase=cold event=emerge case=owner_-1792:-32:-2512 mapchunk=-1792,-32,-2512 elapsed_us=509025 generated=1 disk=0 memory=124 cancelled=0 errored=0
ACTION[Emerge-0]: GRUG_WP40_PROFILE_CALLBACK callback=19 minp=-112,-32,-2672 maxp=-33,47,-2593 blockseed=2649330407 plan_us=322841 writer_us=326031 total_us=648872 columns=6400 candidate_cells=49 candidates=437 r5_runs=25600 result=applied_clq vm_get_emerged_area_calls=1 vm_get_emerged_area_us=3 vm_get_data_calls=1 vm_get_data_us=4365 vm_get_param2_data_calls=1 vm_get_param2_data_us=4361 vm_get_light_data_calls=2 vm_get_light_data_us=7938 vm_set_data_calls=1 vm_set_data_us=8748 vm_set_param2_data_calls=0 vm_set_param2_data_us=0 vm_set_lighting_calls=96 vm_set_lighting_us=268 vm_calc_lighting_calls=1 vm_calc_lighting_us=4189 vm_set_light_data_calls=1 vm_set_light_data_us=7071 vm_update_liquids_calls=1 vm_update_liquids_us=929
ACTION[Emerge-0]: GRUG_WP40_PROFILE_PROBE phase=cold event=emerge case=owner_-112:-32:-2672 mapchunk=-112,-32,-2672 elapsed_us=683431 generated=1 disk=0 memory=124 cancelled=0 errored=0
ACTION[Emerge-0]: GRUG_WP40_PROFILE_CALLBACK callback=20 minp=-112,-32,-2592 maxp=-33,47,-2513 blockseed=2906213861 plan_us=218134 writer_us=329563 total_us=547697 columns=6400 candidate_cells=49 candidates=63 r5_runs=25600 result=applied_cplq vm_get_emerged_area_calls=1 vm_get_emerged_area_us=2 vm_get_data_calls=1 vm_get_data_us=4078 vm_get_param2_data_calls=1 vm_get_param2_data_us=4093 vm_get_light_data_calls=2 vm_get_light_data_us=8005 vm_set_data_calls=1 vm_set_data_us=7360 vm_set_param2_data_calls=1 vm_set_param2_data_us=7126 vm_set_lighting_calls=1 vm_set_lighting_us=147 vm_calc_lighting_calls=1 vm_calc_lighting_us=5587 vm_set_light_data_calls=1 vm_set_light_data_us=7082 vm_update_liquids_calls=1 vm_update_liquids_us=1024
ACTION[Emerge-0]: GRUG_WP40_PROFILE_PROBE phase=cold event=emerge case=owner_-112:-32:-2592 mapchunk=-112,-32,-2592 elapsed_us=582990 generated=1 disk=0 memory=124 cancelled=0 errored=0
ACTION[Emerge-0]: GRUG_WP40_PROFILE_CALLBACK callback=21 minp=-112,-32,-2512 maxp=-33,47,-2433 blockseed=477054105 plan_us=223486 writer_us=313595 total_us=537081 columns=6400 candidate_cells=49 candidates=333 r5_runs=25600 result=applied_clq vm_get_emerged_area_calls=1 vm_get_emerged_area_us=3 vm_get_data_calls=1 vm_get_data_us=4067 vm_get_param2_data_calls=1 vm_get_param2_data_us=4076 vm_get_light_data_calls=2 vm_get_light_data_us=8402 vm_set_data_calls=1 vm_set_data_us=7666 vm_set_param2_data_calls=0 vm_set_param2_data_us=0 vm_set_lighting_calls=96 vm_set_lighting_us=199 vm_calc_lighting_calls=1 vm_calc_lighting_us=4797 vm_set_light_data_calls=1 vm_set_light_data_us=6988 vm_update_liquids_calls=1 vm_update_liquids_us=1098
ACTION[Emerge-0]: GRUG_WP40_PROFILE_PROBE phase=cold event=emerge case=owner_-112:-32:-2512 mapchunk=-112,-32,-2512 elapsed_us=570895 generated=1 disk=0 memory=124 cancelled=0 errored=0
ACTION[Server]: GRUG_WP40_PROFILE_PROBE phase=cold event=complete requested=21 completed=21 callbacks=21 generated=21 disk=0 memory=2604 cancelled=0 errored=0 samples=777 expected_nodes=0 digest=199b57d66a6b0196a6cc4d2f7a9a3092489b59d8c227b0202628da35f3183839 full_digest=disabled full_vocabulary_digest=- full_voxels=0 measured_elapsed_us=21329174 diagnostic_us=515
ACTION[Main]: Server: Shutting down
ACTION[Main]: GRUG_WP13_ENGINE phase=cold starts=3 owners=21 edit_canary=placed digest_excluded_cells=1 filler_boundary=false hearthpine_cells=61932 hearthpine_torches=74 hearthpine_soil=2 hearthpine_anchor=-1800,25,-2550 hearthpine_digest=03311c95b8463c422371e78afabcba743ed70d4f56a013c16a362938ac00693c dawnmere_cells=66343 dawnmere_torches=98 dawnmere_soil=2 dawnmere_anchor=0,17,-2550 dawnmere_digest=cdbc03239c181f1f41caf1a4a2bd851753c17f2b04e2df95037d1e62893ef4f9 stillgrave_cells=51597 stillgrave_torches=75 stillgrave_soil=3 stillgrave_anchor=-1800,54,2550 stillgrave_digest=3aacf7b8cac89b01d3095ac904ce83564c6e35631e02e912d46769c0438fc0ee digest=efc47fd2f46fe398ede2c7c071141f4a9f40e65cfe0f7729f463df1f856cc923
