WARNING[Main]: /!\ You are using the old mod storage files backend. This backend is deprecated and may be removed in a future release /!\
WARNING[Main]: Switching to SQLite3 is advised, please read https://docs.luanti.org/for-server-hosts/database-backends.
[MOD] Mobs Redo loaded
ACTION[Main]: [grug_materials] 12 tools completing the six-tier pick/axe/shovel ladder
WARNING[Main]: No craft recipe matches input (type: fuel, items: ['default:pick_mese'])
WARNING[Main]: No craft recipe matches input (type: fuel, items: ['default:shovel_mese'])
WARNING[Main]: No craft recipe matches input (type: fuel, items: ['default:axe_mese'])
WARNING[Main]: No craft recipe matches input (type: fuel, items: ['default:sword_mese'])
WARNING[Main]: No craft recipe matches input (type: fuel, items: ['default:pick_diamond'])
WARNING[Main]: No craft recipe matches input (type: fuel, items: ['default:shovel_diamond'])
WARNING[Main]: No craft recipe matches input (type: fuel, items: ['default:axe_diamond'])
WARNING[Main]: No craft recipe matches input (type: fuel, items: ['default:sword_diamond'])
WARNING[Main]: No craft recipe matches input (type: fuel, items: ['default:sword_bronze'])
WARNING[Main]: No craft recipe matches input (type: fuel, items: ['default:sword_steel'])
WARNING[Main]: No craft recipe matches input (type: fuel, items: ['default:copper_ingot'])
WARNING[Main]: No craft recipe matches input (type: fuel, items: ['default:copperblock'])
WARNING[Main]: No craft recipe matches input (type: fuel, items: ['default:tin_ingot'])
WARNING[Main]: No craft recipe matches input (type: fuel, items: ['default:tinblock'])
WARNING[Main]: No craft recipe matches input (type: fuel, items: ['default:bronze_ingot'])
WARNING[Main]: No craft recipe matches input (type: fuel, items: ['default:bronzeblock'])
WARNING[Main]: No craft recipe matches input (type: fuel, items: ['default:steel_ingot'])
WARNING[Main]: No craft recipe matches input (type: fuel, items: ['default:steelblock'])
WARNING[Main]: No craft recipe matches input (type: fuel, items: ['default:gold_ingot'])
WARNING[Main]: No craft recipe matches input (type: fuel, items: ['default:goldblock'])
WARNING[Main]: No craft recipe known for output 'default:stone_with_mese'
WARNING[Main]: No craft recipe matches input (type: fuel, items: ['default:stone_with_mese'])
WARNING[Main]: No craft recipe matches input (type: fuel, items: ['default:mese'])
WARNING[Main]: No craft recipe matches input (type: fuel, items: ['default:mese_crystal'])
WARNING[Main]: No craft recipe matches input (type: fuel, items: ['default:mese_crystal_fragment'])
WARNING[Main]: No craft recipe matches input (type: fuel, items: ['default:meselamp'])
WARNING[Main]: No craft recipe matches input (type: fuel, items: ['default:mese_post_light'])
WARNING[Main]: No craft recipe matches input (type: fuel, items: ['default:mese_post_light_acacia_wood'])
WARNING[Main]: No craft recipe matches input (type: fuel, items: ['default:mese_post_light_junglewood'])
WARNING[Main]: No craft recipe matches input (type: fuel, items: ['default:mese_post_light_pine_wood'])
WARNING[Main]: No craft recipe matches input (type: fuel, items: ['default:mese_post_light_aspen_wood'])
WARNING[Main]: No craft recipe known for output 'default:stone_with_diamond'
WARNING[Main]: No craft recipe matches input (type: fuel, items: ['default:stone_with_diamond'])
WARNING[Main]: No craft recipe matches input (type: fuel, items: ['default:diamond'])
WARNING[Main]: No craft recipe matches input (type: fuel, items: ['default:diamondblock'])
WARNING[Main]: No craft recipe matches input (type: fuel, items: ['default:sign_wall_steel'])
WARNING[Main]: No craft recipe matches input (type: fuel, items: ['default:ladder_steel'])
WARNING[Main]: No craft recipe matches input (type: fuel, items: ['stairs:stair_steelblock'])
WARNING[Main]: No craft recipe matches input (type: fuel, items: ['stairs:stair_inner_steelblock'])
WARNING[Main]: No craft recipe matches input (type: fuel, items: ['stairs:stair_outer_steelblock'])
WARNING[Main]: No craft recipe matches input (type: fuel, items: ['stairs:slab_steelblock'])
WARNING[Main]: No craft recipe matches input (type: fuel, items: ['stairs:stair_tinblock'])
WARNING[Main]: No craft recipe matches input (type: fuel, items: ['stairs:stair_inner_tinblock'])
WARNING[Main]: No craft recipe matches input (type: fuel, items: ['stairs:stair_outer_tinblock'])
WARNING[Main]: No craft recipe matches input (type: fuel, items: ['stairs:slab_tinblock'])
WARNING[Main]: No craft recipe matches input (type: fuel, items: ['stairs:stair_copperblock'])
WARNING[Main]: No craft recipe matches input (type: fuel, items: ['stairs:stair_inner_copperblock'])
WARNING[Main]: No craft recipe matches input (type: fuel, items: ['stairs:stair_outer_copperblock'])
WARNING[Main]: No craft recipe matches input (type: fuel, items: ['stairs:slab_copperblock'])
WARNING[Main]: No craft recipe matches input (type: fuel, items: ['stairs:stair_bronzeblock'])
WARNING[Main]: No craft recipe matches input (type: fuel, items: ['stairs:stair_inner_bronzeblock'])
WARNING[Main]: No craft recipe matches input (type: fuel, items: ['stairs:stair_outer_bronzeblock'])
WARNING[Main]: No craft recipe matches input (type: fuel, items: ['stairs:slab_bronzeblock'])
WARNING[Main]: No craft recipe matches input (type: fuel, items: ['stairs:stair_goldblock'])
WARNING[Main]: No craft recipe matches input (type: fuel, items: ['stairs:stair_inner_goldblock'])
WARNING[Main]: No craft recipe matches input (type: fuel, items: ['stairs:stair_outer_goldblock'])
WARNING[Main]: No craft recipe matches input (type: fuel, items: ['stairs:slab_goldblock'])
ACTION[Main]: [grug_gear] 6 bracket catalogs: 42 weapons + 48 armor pieces
ACTION[Main]: [grug_quality] deterministic PcgRandom quality rolls enabled
ACTION[Main]: [grug_professions] registered Blacksmith, Leatherworker and Tailor catalogs
ACTION[Main]: [grug_artisans] registered Woodcarver and Goldsmith catalogs
ACTION[Main]: [grug_materials] registry audit passed: 6 tiers, 15 resources, 12 processed forms, 6 race regions
ACTION[Main]: [grug_smelting] recipe audit passed: 5 cooking, 5 dualfurn, 12 storage pairs, 1 station
ACTION[Main]: GRUG_WP40_PROFILE_PROBE phase=cold event=start engine=5.17.0 lua=LuaJIT_2.1.1784272936 seed=0 cases=10 manifest=28ae1f9918252578deeea311283c7253ffcf3df3658a3e9a5c1fddc2281242c1 full_digest=true
ACTION[Main]: [grug_visuals] 48 armor pieces indexed for overlays, 2 art lines x 4 slots
ACTION[Main]: [grug_mobs] settlement work activities: tools 7, weapon families 1, all registered
ACTION[Main]: [grug_fishing] tables=6 entries=18 weight=100 bite=3..10s rod_uses=64
ACTION[Main]: [grug_inventory] starter weapons: mage=grug_gear:staff_wood (2H), priest=grug_gear:staff_wood (2H), warrior=default:sword_stone
ACTION[Main]: [grug_traders] 12 profession shelves, 122 offers, all registered
ACTION[Main]: [grug_traders] dwarf capital vendors come from the sockets of dur_brannoc
ACTION[Main]: [grug_traders] elf capital vendors come from the sockets of lethariel
ACTION[Main]: [grug_traders] human capital vendors come from the sockets of highcourt
ACTION[Main]: [grug_traders] orc capital vendors come from the sockets of gor_drazhak
ACTION[Main]: [grug_traders] troll capital vendors come from the sockets of kezamba
ACTION[Main]: [grug_traders] undead capital vendors come from the sockets of nhal_veyr
ACTION[Main]: [grug_traders] 12 settlements indexed for profession vendor appearance
ACTION[Main]: [grug_traders] drop audit: 3 mob(s) use a `drops` FUNCTION and cannot be walked statically (grug_mobs:bandit, grug_mobs:bandit_archer, grug_mobs:poacher); their items are audited from the hardcoded FUNCTION_DROPS list
WARNING[Main]: [grug_traders] no vendor price for dropped item 'default:apple' (dropped by grug_mobs:ashen_treant, grug_mobs:gravewood_treant) — add a _grug_sell_price to its def or a grug_traders.set_price override; traders must buy every mob drop (economy.md §3)
WARNING[Main]: [grug_traders] no vendor price for dropped item 'default:stick' (dropped by grug_mobs:ashen_treant, grug_mobs:gravewood_treant) — add a _grug_sell_price to its def or a grug_traders.set_price override; traders must buy every mob drop (economy.md §3)
 _                   _   _ 
| |_   _  __ _ _ __ | |_(_)
| | | | |/ _` | '_ \| __| |
| | |_| | (_| | | | | |_| |
|_|\__,_|\__,_|_| |_|\__|_|  ___ 5.17.0
ACTION[Main]: World at [/tmp/grudgelands-wp40-profile-run.bn9BYMCR/world]
ACTION[Main]: Server for gameid="grudgelands" listening on 127.0.0.1:32616.
ACTION[Server]: [grug_core] start preload: emerging 6 start areas (128 x 128 nodes each, 2 at a time)
ACTION[Emerge-0]: GRUG_WP40_PROFILE_CALLBACK callback=1 minp=-1872,-32,-2672 maxp=-1793,47,-2593 blockseed=150073595 plan_us=742227 writer_us=371269 total_us=1113496 columns=6400 candidate_cells=49 candidates=655 r5_runs=21010 result=applied_clq vm_get_emerged_area_calls=1 vm_get_emerged_area_us=3 vm_get_data_calls=1 vm_get_data_us=4066 vm_get_param2_data_calls=1 vm_get_param2_data_us=4055 vm_get_light_data_calls=2 vm_get_light_data_us=8127 vm_set_data_calls=1 vm_set_data_us=7216 vm_set_param2_data_calls=0 vm_set_param2_data_us=0 vm_set_lighting_calls=1 vm_set_lighting_us=89 vm_calc_lighting_calls=1 vm_calc_lighting_us=1492 vm_set_light_data_calls=1 vm_set_light_data_us=7030 vm_update_liquids_calls=1 vm_update_liquids_us=958
ACTION[Emerge-0]: GRUG_WP40_PROFILE_CALLBACK callback=2 minp=-1792,-32,-2672 maxp=-1713,47,-2593 blockseed=813787899 plan_us=459838 writer_us=392382 total_us=852220 columns=6400 candidate_cells=49 candidates=683 r5_runs=19758 result=applied_clq vm_get_emerged_area_calls=1 vm_get_emerged_area_us=2 vm_get_data_calls=1 vm_get_data_us=4058 vm_get_param2_data_calls=1 vm_get_param2_data_us=4056 vm_get_light_data_calls=2 vm_get_light_data_us=7981 vm_set_data_calls=1 vm_set_data_us=7276 vm_set_param2_data_calls=0 vm_set_param2_data_us=0 vm_set_lighting_calls=1 vm_set_lighting_us=120 vm_calc_lighting_calls=1 vm_calc_lighting_us=1531 vm_set_light_data_calls=1 vm_set_light_data_us=7044 vm_update_liquids_calls=1 vm_update_liquids_us=972
ACTION[Emerge-0]: GRUG_WP40_PROFILE_CALLBACK callback=3 minp=-1872,48,-2672 maxp=-1793,127,-2593 blockseed=363482929 plan_us=150207 writer_us=116428 total_us=266635 columns=6400 candidate_cells=49 candidates=655 r5_runs=10403 result=applied_clq vm_get_emerged_area_calls=1 vm_get_emerged_area_us=1 vm_get_data_calls=1 vm_get_data_us=4071 vm_get_param2_data_calls=1 vm_get_param2_data_us=4084 vm_get_light_data_calls=2 vm_get_light_data_us=8672 vm_set_data_calls=1 vm_set_data_us=6934 vm_set_param2_data_calls=0 vm_set_param2_data_us=0 vm_set_lighting_calls=36 vm_set_lighting_us=47 vm_calc_lighting_calls=1 vm_calc_lighting_us=8372 vm_set_light_data_calls=1 vm_set_light_data_us=6753 vm_update_liquids_calls=1 vm_update_liquids_us=950
ACTION[Emerge-0]: GRUG_WP40_PROFILE_CALLBACK callback=4 minp=-1792,48,-2672 maxp=-1713,127,-2593 blockseed=1600015473 plan_us=169685 writer_us=116807 total_us=286492 columns=6400 candidate_cells=49 candidates=683 r5_runs=11940 result=applied_clq vm_get_emerged_area_calls=1 vm_get_emerged_area_us=2 vm_get_data_calls=1 vm_get_data_us=4069 vm_get_param2_data_calls=1 vm_get_param2_data_us=4060 vm_get_light_data_calls=2 vm_get_light_data_us=8115 vm_set_data_calls=1 vm_set_data_us=6969 vm_set_param2_data_calls=0 vm_set_param2_data_us=0 vm_set_lighting_calls=35 vm_set_lighting_us=32 vm_calc_lighting_calls=1 vm_calc_lighting_us=9415 vm_set_light_data_calls=1 vm_set_light_data_us=6748 vm_update_liquids_calls=1 vm_update_liquids_us=960
ACTION[Emerge-0]: GRUG_WP40_PROFILE_CALLBACK callback=5 minp=-1872,-32,-2592 maxp=-1793,47,-2513 blockseed=3799390529 plan_us=367768 writer_us=426159 total_us=793927 columns=6400 candidate_cells=49 candidates=176 r5_runs=19200 result=applied_cplq vm_get_emerged_area_calls=1 vm_get_emerged_area_us=2 vm_get_data_calls=1 vm_get_data_us=4057 vm_get_param2_data_calls=1 vm_get_param2_data_us=4061 vm_get_light_data_calls=2 vm_get_light_data_us=8119 vm_set_data_calls=1 vm_set_data_us=7220 vm_set_param2_data_calls=1 vm_set_param2_data_us=7095 vm_set_lighting_calls=16 vm_set_lighting_us=117 vm_calc_lighting_calls=1 vm_calc_lighting_us=2440 vm_set_light_data_calls=1 vm_set_light_data_us=7016 vm_update_liquids_calls=1 vm_update_liquids_us=982
ACTION[Emerge-0]: GRUG_WP40_PROFILE_CALLBACK callback=6 minp=-1792,-32,-2592 maxp=-1713,47,-2513 blockseed=3693650209 plan_us=304210 writer_us=426601 total_us=730811 columns=6400 candidate_cells=49 candidates=300 r5_runs=19200 result=applied_cplq vm_get_emerged_area_calls=1 vm_get_emerged_area_us=2 vm_get_data_calls=1 vm_get_data_us=4060 vm_get_param2_data_calls=1 vm_get_param2_data_us=4071 vm_get_light_data_calls=2 vm_get_light_data_us=7847 vm_set_data_calls=1 vm_set_data_us=7516 vm_set_param2_data_calls=1 vm_set_param2_data_us=7103 vm_set_lighting_calls=16 vm_set_lighting_us=120 vm_calc_lighting_calls=1 vm_calc_lighting_us=2580 vm_set_light_data_calls=1 vm_set_light_data_us=7052 vm_update_liquids_calls=1 vm_update_liquids_us=1010
ACTION[Emerge-0]: GRUG_WP40_PROFILE_CALLBACK callback=7 minp=-1872,48,-2592 maxp=-1793,127,-2513 blockseed=1285824503 plan_us=82716 writer_us=126945 total_us=209661 columns=6400 candidate_cells=49 candidates=176 r5_runs=12800 result=applied_cplq vm_get_emerged_area_calls=1 vm_get_emerged_area_us=2 vm_get_data_calls=1 vm_get_data_us=4058 vm_get_param2_data_calls=1 vm_get_param2_data_us=4054 vm_get_light_data_calls=2 vm_get_light_data_us=7859 vm_set_data_calls=1 vm_set_data_us=7203 vm_set_param2_data_calls=1 vm_set_param2_data_us=7094 vm_set_lighting_calls=96 vm_set_lighting_us=80 vm_calc_lighting_calls=1 vm_calc_lighting_us=11201 vm_set_light_data_calls=1 vm_set_light_data_us=7412 vm_update_liquids_calls=1 vm_update_liquids_us=1178
ACTION[Emerge-0]: GRUG_WP40_PROFILE_CALLBACK callback=8 minp=-1792,48,-2592 maxp=-1713,127,-2513 blockseed=152063639 plan_us=110573 writer_us=125527 total_us=236100 columns=6400 candidate_cells=49 candidates=300 r5_runs=12800 result=applied_cplq vm_get_emerged_area_calls=1 vm_get_emerged_area_us=2 vm_get_data_calls=1 vm_get_data_us=4053 vm_get_param2_data_calls=1 vm_get_param2_data_us=4052 vm_get_light_data_calls=2 vm_get_light_data_us=8118 vm_set_data_calls=1 vm_set_data_us=6929 vm_set_param2_data_calls=1 vm_set_param2_data_us=6842 vm_set_lighting_calls=96 vm_set_lighting_us=72 vm_calc_lighting_calls=1 vm_calc_lighting_us=12215 vm_set_light_data_calls=1 vm_set_light_data_us=6748 vm_update_liquids_calls=1 vm_update_liquids_us=963
ACTION[Emerge-0]: GRUG_WP40_PROFILE_CALLBACK callback=9 minp=-1872,-32,-2512 maxp=-1793,47,-2433 blockseed=1181963239 plan_us=427412 writer_us=365034 total_us=792446 columns=6400 candidate_cells=49 candidates=521 r5_runs=20740 result=applied_cplq vm_get_emerged_area_calls=1 vm_get_emerged_area_us=2 vm_get_data_calls=1 vm_get_data_us=4063 vm_get_param2_data_calls=1 vm_get_param2_data_us=4063 vm_get_light_data_calls=2 vm_get_light_data_us=8339 vm_set_data_calls=1 vm_set_data_us=7199 vm_set_param2_data_calls=1 vm_set_param2_data_us=7117 vm_set_lighting_calls=16 vm_set_lighting_us=148 vm_calc_lighting_calls=1 vm_calc_lighting_us=2984 vm_set_light_data_calls=1 vm_set_light_data_us=7039 vm_update_liquids_calls=1 vm_update_liquids_us=1011
ACTION[Emerge-0]: GRUG_WP40_PROFILE_CALLBACK callback=10 minp=-1792,-32,-2512 maxp=-1713,47,-2433 blockseed=4234293905 plan_us=388822 writer_us=408615 total_us=797437 columns=6400 candidate_cells=49 candidates=580 r5_runs=19902 result=applied_clq vm_get_emerged_area_calls=1 vm_get_emerged_area_us=2 vm_get_data_calls=1 vm_get_data_us=4063 vm_get_param2_data_calls=1 vm_get_param2_data_us=4070 vm_get_light_data_calls=2 vm_get_light_data_us=8114 vm_set_data_calls=1 vm_set_data_us=7199 vm_set_param2_data_calls=0 vm_set_param2_data_us=0 vm_set_lighting_calls=16 vm_set_lighting_us=111 vm_calc_lighting_calls=1 vm_calc_lighting_us=2655 vm_set_light_data_calls=1 vm_set_light_data_us=7017 vm_update_liquids_calls=1 vm_update_liquids_us=987
ACTION[Emerge-0]: GRUG_WP40_PROFILE_CALLBACK callback=11 minp=-1872,48,-2512 maxp=-1793,127,-2433 blockseed=1904985549 plan_us=134926 writer_us=123228 total_us=258154 columns=6400 candidate_cells=49 candidates=521 r5_runs=10747 result=applied_cplq vm_get_emerged_area_calls=1 vm_get_emerged_area_us=2 vm_get_data_calls=1 vm_get_data_us=4060 vm_get_param2_data_calls=1 vm_get_param2_data_us=4056 vm_get_light_data_calls=2 vm_get_light_data_us=8116 vm_set_data_calls=1 vm_set_data_us=6929 vm_set_param2_data_calls=1 vm_set_param2_data_us=6833 vm_set_lighting_calls=54 vm_set_lighting_us=41 vm_calc_lighting_calls=1 vm_calc_lighting_us=10677 vm_set_light_data_calls=1 vm_set_light_data_us=6776 vm_update_liquids_calls=1 vm_update_liquids_us=977
ACTION[Emerge-0]: GRUG_WP40_PROFILE_CALLBACK callback=12 minp=-1792,48,-2512 maxp=-1713,127,-2433 blockseed=3384461985 plan_us=155421 writer_us=116855 total_us=272276 columns=6400 candidate_cells=49 candidates=580 r5_runs=11687 result=applied_clq vm_get_emerged_area_calls=1 vm_get_emerged_area_us=2 vm_get_data_calls=1 vm_get_data_us=3792 vm_get_param2_data_calls=1 vm_get_param2_data_us=3785 vm_get_light_data_calls=2 vm_get_light_data_us=8138 vm_set_data_calls=1 vm_set_data_us=7196 vm_set_param2_data_calls=0 vm_set_param2_data_us=0 vm_set_lighting_calls=56 vm_set_lighting_us=41 vm_calc_lighting_calls=1 vm_calc_lighting_us=11635 vm_set_light_data_calls=1 vm_set_light_data_us=7018 vm_update_liquids_calls=1 vm_update_liquids_us=961
ACTION[Emerge-0]: [grug_core] start area ready: dwarf (1/6, 19.7 s)
ACTION[Server]: [grug_mobs] start npcs hearthpine: grug_mobs:guard_accord placed at socket gate_west (-1804,46,-2491)
ACTION[Server]: [grug_mobs] start npcs hearthpine: grug_mobs:guard_accord placed at socket gate_east (-1796,46,-2491)
ACTION[Server]: [grug_mobs] start npcs hearthpine: grug_mobs:guard_accord placed at socket watch_gate (-1800,46,-2498)
ACTION[Server]: [grug_mobs] start npcs hearthpine: grug_traders:vendor_race_dwarf placed at socket plaza_vendor (-1793,46,-2555)
ACTION[Server]: [grug_mobs] start npcs hearthpine: grug_mobs:villager_dwarf placed at socket idle_west_door (-1816,46,-2546)
ACTION[Server]: [grug_mobs] start npcs hearthpine: grug_mobs:villager_dwarf placed at socket idle_plaza_bench (-1793,46,-2549)
ACTION[Server]: [grug_mobs] start npcs hearthpine: grug_mobs:villager_dwarf placed at socket idle_workyard (-1819,46,-2533)
ACTION[Server]: [grug_mobs] start npcs hearthpine: grug_mobs:villager_dwarf placed at socket idle_forge_door (-1798,46,-2560)
ACTION[Server]: [grug_mobs] start npcs hearthpine: grug_mobs:villager_dwarf placed at socket work_woodpile (-1812,46,-2563)
ACTION[Server]: [grug_mobs] start npcs hearthpine: grug_mobs:villager_dwarf placed at socket work_garden (-1819,46,-2529)
ACTION[Server]: [grug_mobs] start npcs hearthpine: grug_mobs:elder_dwarf placed at socket hall_quest (-1828,46,-2524)
ACTION[Server]: [grug_mobs] start npcs hearthpine: grug_mobs:villager_dwarf placed at socket trainer_cooking (-1798,46,-2540)
ACTION[Server]: [grug_mobs] start npcs dwarf hearthpine: guards 3/3 flair 7/7 vendor 1/1 quest 1/1 royal 0/0 new 12 pending 0 spare 3 residents 6 walkers 1
ACTION[Emerge-0]: GRUG_WP40_PROFILE_CALLBACK callback=13 minp=-112,-32,-2672 maxp=-33,47,-2593 blockseed=1529979887 plan_us=552667 writer_us=400685 total_us=953352 columns=6400 candidate_cells=49 candidates=2606 r5_runs=25600 result=applied_cplq vm_get_emerged_area_calls=1 vm_get_emerged_area_us=2 vm_get_data_calls=1 vm_get_data_us=4061 vm_get_param2_data_calls=1 vm_get_param2_data_us=4053 vm_get_light_data_calls=2 vm_get_light_data_us=8655 vm_set_data_calls=1 vm_set_data_us=7214 vm_set_param2_data_calls=1 vm_set_param2_data_us=7083 vm_set_lighting_calls=1 vm_set_lighting_us=109 vm_calc_lighting_calls=1 vm_calc_lighting_us=3125 vm_set_light_data_calls=1 vm_set_light_data_us=7035 vm_update_liquids_calls=1 vm_update_liquids_us=954
ACTION[Emerge-0]: GRUG_WP40_PROFILE_CALLBACK callback=14 minp=-32,-32,-2672 maxp=47,47,-2593 blockseed=563529199 plan_us=401429 writer_us=381014 total_us=782443 columns=6400 candidate_cells=49 candidates=2336 r5_runs=25600 result=applied_cplq vm_get_emerged_area_calls=1 vm_get_emerged_area_us=2 vm_get_data_calls=1 vm_get_data_us=4059 vm_get_param2_data_calls=1 vm_get_param2_data_us=4056 vm_get_light_data_calls=2 vm_get_light_data_us=8125 vm_set_data_calls=1 vm_set_data_us=6965 vm_set_param2_data_calls=1 vm_set_param2_data_us=6818 vm_set_lighting_calls=1 vm_set_lighting_us=101 vm_calc_lighting_calls=1 vm_calc_lighting_us=3530 vm_set_light_data_calls=1 vm_set_light_data_us=6744 vm_update_liquids_calls=1 vm_update_liquids_us=1094
ACTION[Emerge-0]: GRUG_WP40_PROFILE_CALLBACK callback=15 minp=48,-32,-2672 maxp=127,47,-2593 blockseed=3307873967 plan_us=482181 writer_us=339372 total_us=821553 columns=6400 candidate_cells=49 candidates=3302 r5_runs=25520 result=applied_cplq vm_get_emerged_area_calls=1 vm_get_emerged_area_us=2 vm_get_data_calls=1 vm_get_data_us=3934 vm_get_param2_data_calls=1 vm_get_param2_data_us=3853 vm_get_light_data_calls=2 vm_get_light_data_us=8120 vm_set_data_calls=1 vm_set_data_us=7203 vm_set_param2_data_calls=1 vm_set_param2_data_us=7090 vm_set_lighting_calls=1 vm_set_lighting_us=110 vm_calc_lighting_calls=1 vm_calc_lighting_us=3537 vm_set_light_data_calls=1 vm_set_light_data_us=6965 vm_update_liquids_calls=1 vm_update_liquids_us=974
ACTION[Emerge-0]: GRUG_WP40_PROFILE_CALLBACK callback=16 minp=-112,48,-2672 maxp=-33,127,-2593 blockseed=4258235189 plan_us=147641 writer_us=121173 total_us=268814 columns=6400 candidate_cells=49 candidates=2606 r5_runs=6400 result=applied_clq vm_get_emerged_area_calls=1 vm_get_emerged_area_us=1 vm_get_data_calls=1 vm_get_data_us=4058 vm_get_param2_data_calls=1 vm_get_param2_data_us=4056 vm_get_light_data_calls=2 vm_get_light_data_us=8118 vm_set_data_calls=1 vm_set_data_us=6977 vm_set_param2_data_calls=0 vm_set_param2_data_us=0 vm_set_lighting_calls=26 vm_set_lighting_us=24 vm_calc_lighting_calls=1 vm_calc_lighting_us=9358 vm_set_light_data_calls=1 vm_set_light_data_us=6880 vm_update_liquids_calls=1 vm_update_liquids_us=896
ACTION[Emerge-0]: GRUG_WP40_PROFILE_CALLBACK callback=17 minp=-32,48,-2672 maxp=47,127,-2593 blockseed=990410997 plan_us=127688 writer_us=62823 total_us=190511 columns=6400 candidate_cells=49 candidates=2336 r5_runs=6400 result=noop_equal_content vm_get_emerged_area_calls=1 vm_get_emerged_area_us=2 vm_get_data_calls=1 vm_get_data_us=4055 vm_get_param2_data_calls=1 vm_get_param2_data_us=3789 vm_get_light_data_calls=0 vm_get_light_data_us=0 vm_set_data_calls=0 vm_set_data_us=0 vm_set_param2_data_calls=0 vm_set_param2_data_us=0 vm_set_lighting_calls=0 vm_set_lighting_us=0 vm_calc_lighting_calls=0 vm_calc_lighting_us=0 vm_set_light_data_calls=0 vm_set_light_data_us=0 vm_update_liquids_calls=0 vm_update_liquids_us=0
ACTION[Emerge-0]: GRUG_WP40_PROFILE_CALLBACK callback=18 minp=48,48,-2672 maxp=127,127,-2593 blockseed=2820615925 plan_us=173055 writer_us=63686 total_us=236741 columns=6400 candidate_cells=49 candidates=3302 r5_runs=6400 result=noop_equal_content vm_get_emerged_area_calls=1 vm_get_emerged_area_us=2 vm_get_data_calls=1 vm_get_data_us=4055 vm_get_param2_data_calls=1 vm_get_param2_data_us=4027 vm_get_light_data_calls=0 vm_get_light_data_us=0 vm_set_data_calls=0 vm_set_data_us=0 vm_set_param2_data_calls=0 vm_set_param2_data_us=0 vm_set_lighting_calls=0 vm_set_lighting_us=0 vm_calc_lighting_calls=0 vm_calc_lighting_us=0 vm_set_light_data_calls=0 vm_set_light_data_us=0 vm_update_liquids_calls=0 vm_update_liquids_us=0
ACTION[Emerge-0]: GRUG_WP40_PROFILE_CALLBACK callback=19 minp=-112,-32,-2592 maxp=-33,47,-2513 blockseed=475103813 plan_us=403264 writer_us=366586 total_us=769850 columns=6400 candidate_cells=49 candidates=2096 r5_runs=25600 result=applied_cplq vm_get_emerged_area_calls=1 vm_get_emerged_area_us=2 vm_get_data_calls=1 vm_get_data_us=4063 vm_get_param2_data_calls=1 vm_get_param2_data_us=4082 vm_get_light_data_calls=2 vm_get_light_data_us=8130 vm_set_data_calls=1 vm_set_data_us=7208 vm_set_param2_data_calls=1 vm_set_param2_data_us=7094 vm_set_lighting_calls=16 vm_set_lighting_us=108 vm_calc_lighting_calls=1 vm_calc_lighting_us=4227 vm_set_light_data_calls=1 vm_set_light_data_us=6903 vm_update_liquids_calls=1 vm_update_liquids_us=1031
ACTION[Emerge-0]: GRUG_WP40_PROFILE_CALLBACK callback=20 minp=-32,-32,-2592 maxp=47,47,-2513 blockseed=3224694757 plan_us=235360 writer_us=431694 total_us=667054 columns=6400 candidate_cells=49 candidates=0 r5_runs=25600 result=applied_cplq vm_get_emerged_area_calls=1 vm_get_emerged_area_us=1 vm_get_data_calls=1 vm_get_data_us=4056 vm_get_param2_data_calls=1 vm_get_param2_data_us=4053 vm_get_light_data_calls=2 vm_get_light_data_us=7846 vm_set_data_calls=1 vm_set_data_us=7215 vm_set_param2_data_calls=1 vm_set_param2_data_us=7090 vm_set_lighting_calls=16 vm_set_lighting_us=127 vm_calc_lighting_calls=1 vm_calc_lighting_us=6852 vm_set_light_data_calls=1 vm_set_light_data_us=7292 vm_update_liquids_calls=1 vm_update_liquids_us=958
ACTION[Emerge-0]: GRUG_WP40_PROFILE_CALLBACK callback=21 minp=48,-32,-2592 maxp=127,47,-2513 blockseed=368324113 plan_us=357894 writer_us=349870 total_us=707764 columns=6400 candidate_cells=49 candidates=2605 r5_runs=25520 result=applied_cplq vm_get_emerged_area_calls=1 vm_get_emerged_area_us=1 vm_get_data_calls=1 vm_get_data_us=4068 vm_get_param2_data_calls=1 vm_get_param2_data_us=4055 vm_get_light_data_calls=2 vm_get_light_data_us=7942 vm_set_data_calls=1 vm_set_data_us=7198 vm_set_param2_data_calls=1 vm_set_param2_data_us=7941 vm_set_lighting_calls=16 vm_set_lighting_us=116 vm_calc_lighting_calls=1 vm_calc_lighting_us=4752 vm_set_light_data_calls=1 vm_set_light_data_us=7018 vm_update_liquids_calls=1 vm_update_liquids_us=968
ACTION[Emerge-0]: GRUG_WP40_PROFILE_CALLBACK callback=22 minp=-112,48,-2592 maxp=-33,127,-2513 blockseed=3885852267 plan_us=128896 writer_us=63266 total_us=192162 columns=6400 candidate_cells=49 candidates=2096 r5_runs=6400 result=noop_equal_content vm_get_emerged_area_calls=1 vm_get_emerged_area_us=2 vm_get_data_calls=1 vm_get_data_us=3787 vm_get_param2_data_calls=1 vm_get_param2_data_us=3897 vm_get_light_data_calls=0 vm_get_light_data_us=0 vm_set_data_calls=0 vm_set_data_us=0 vm_set_param2_data_calls=0 vm_set_param2_data_us=0 vm_set_lighting_calls=0 vm_set_lighting_us=0 vm_calc_lighting_calls=0 vm_calc_lighting_us=0 vm_set_light_data_calls=0 vm_set_light_data_us=0 vm_update_liquids_calls=0 vm_update_liquids_us=0
ACTION[Emerge-0]: GRUG_WP40_PROFILE_CALLBACK callback=23 minp=-32,48,-2592 maxp=47,127,-2513 blockseed=2691073099 plan_us=50979 writer_us=62947 total_us=113926 columns=6400 candidate_cells=49 candidates=0 r5_runs=6400 result=noop_equal_content vm_get_emerged_area_calls=1 vm_get_emerged_area_us=1 vm_get_data_calls=1 vm_get_data_us=4052 vm_get_param2_data_calls=1 vm_get_param2_data_us=4055 vm_get_light_data_calls=0 vm_get_light_data_us=0 vm_set_data_calls=0 vm_set_data_us=0 vm_set_param2_data_calls=0 vm_set_param2_data_us=0 vm_set_lighting_calls=0 vm_set_lighting_us=0 vm_calc_lighting_calls=0 vm_calc_lighting_us=0 vm_set_light_data_calls=0 vm_set_light_data_us=0 vm_update_liquids_calls=0 vm_update_liquids_us=0
ACTION[Emerge-0]: GRUG_WP40_PROFILE_CALLBACK callback=24 minp=48,48,-2592 maxp=127,127,-2513 blockseed=2356093993 plan_us=150970 writer_us=62392 total_us=213362 columns=6400 candidate_cells=49 candidates=2605 r5_runs=6400 result=noop_equal_content vm_get_emerged_area_calls=1 vm_get_emerged_area_us=2 vm_get_data_calls=1 vm_get_data_us=4062 vm_get_param2_data_calls=1 vm_get_param2_data_us=4056 vm_get_light_data_calls=0 vm_get_light_data_us=0 vm_set_data_calls=0 vm_set_data_us=0 vm_set_param2_data_calls=0 vm_set_param2_data_us=0 vm_set_lighting_calls=0 vm_set_lighting_us=0 vm_calc_lighting_calls=0 vm_calc_lighting_us=0 vm_set_light_data_calls=0 vm_set_light_data_us=0 vm_update_liquids_calls=0 vm_update_liquids_us=0
ACTION[Emerge-0]: GRUG_WP40_PROFILE_CALLBACK callback=25 minp=-112,-32,-2512 maxp=-33,47,-2433 blockseed=2192713993 plan_us=441114 writer_us=372169 total_us=813283 columns=6400 candidate_cells=49 candidates=3032 r5_runs=25600 result=applied_cplq vm_get_emerged_area_calls=1 vm_get_emerged_area_us=1 vm_get_data_calls=1 vm_get_data_us=4054 vm_get_param2_data_calls=1 vm_get_param2_data_us=4053 vm_get_light_data_calls=2 vm_get_light_data_us=8117 vm_set_data_calls=1 vm_set_data_us=7459 vm_set_param2_data_calls=1 vm_set_param2_data_us=7092 vm_set_lighting_calls=16 vm_set_lighting_us=151 vm_calc_lighting_calls=1 vm_calc_lighting_us=4729 vm_set_light_data_calls=1 vm_set_light_data_us=7082 vm_update_liquids_calls=1 vm_update_liquids_us=995
ACTION[Emerge-0]: GRUG_WP40_PROFILE_CALLBACK callback=26 minp=-32,-32,-2512 maxp=47,47,-2433 blockseed=1686908169 plan_us=311850 writer_us=340857 total_us=652707 columns=6400 candidate_cells=49 candidates=829 r5_runs=25650 result=applied_cplq vm_get_emerged_area_calls=1 vm_get_emerged_area_us=2 vm_get_data_calls=1 vm_get_data_us=4053 vm_get_param2_data_calls=1 vm_get_param2_data_us=4051 vm_get_light_data_calls=2 vm_get_light_data_us=7977 vm_set_data_calls=1 vm_set_data_us=7208 vm_set_param2_data_calls=1 vm_set_param2_data_us=7092 vm_set_lighting_calls=16 vm_set_lighting_us=131 vm_calc_lighting_calls=1 vm_calc_lighting_us=6062 vm_set_light_data_calls=1 vm_set_light_data_us=7051 vm_update_liquids_calls=1 vm_update_liquids_us=988
ACTION[Emerge-0]: GRUG_WP40_PROFILE_CALLBACK callback=27 minp=48,-32,-2512 maxp=127,47,-2433 blockseed=4087230729 plan_us=308809 writer_us=285808 total_us=594617 columns=6400 candidate_cells=49 candidates=1422 r5_runs=25662 result=applied_cplq vm_get_emerged_area_calls=1 vm_get_emerged_area_us=2 vm_get_data_calls=1 vm_get_data_us=4058 vm_get_param2_data_calls=1 vm_get_param2_data_us=4056 vm_get_light_data_calls=2 vm_get_light_data_us=8110 vm_set_data_calls=1 vm_set_data_us=7197 vm_set_param2_data_calls=1 vm_set_param2_data_us=7081 vm_set_lighting_calls=16 vm_set_lighting_us=111 vm_calc_lighting_calls=1 vm_calc_lighting_us=5403 vm_set_light_data_calls=1 vm_set_light_data_us=7025 vm_update_liquids_calls=1 vm_update_liquids_us=965
ACTION[Emerge-0]: GRUG_WP40_PROFILE_CALLBACK callback=28 minp=-112,48,-2512 maxp=-33,127,-2433 blockseed=1951303897 plan_us=159627 writer_us=122596 total_us=282223 columns=6400 candidate_cells=49 candidates=3032 r5_runs=6400 result=applied_clq vm_get_emerged_area_calls=1 vm_get_emerged_area_us=2 vm_get_data_calls=1 vm_get_data_us=4053 vm_get_param2_data_calls=1 vm_get_param2_data_us=4054 vm_get_light_data_calls=2 vm_get_light_data_us=7850 vm_set_data_calls=1 vm_set_data_us=6932 vm_set_param2_data_calls=0 vm_set_param2_data_us=0 vm_set_lighting_calls=38 vm_set_lighting_us=26 vm_calc_lighting_calls=1 vm_calc_lighting_us=11662 vm_set_light_data_calls=1 vm_set_light_data_us=7040 vm_update_liquids_calls=1 vm_update_liquids_us=890
ACTION[Emerge-0]: GRUG_WP40_PROFILE_CALLBACK callback=29 minp=-32,48,-2512 maxp=47,127,-2433 blockseed=2708915929 plan_us=97720 writer_us=175273 total_us=272993 columns=6400 candidate_cells=49 candidates=829 r5_runs=6400 result=applied_clq vm_get_emerged_area_calls=1 vm_get_emerged_area_us=2 vm_get_data_calls=1 vm_get_data_us=3792 vm_get_param2_data_calls=1 vm_get_param2_data_us=3789 vm_get_light_data_calls=2 vm_get_light_data_us=8860 vm_set_data_calls=1 vm_set_data_us=7235 vm_set_param2_data_calls=0 vm_set_param2_data_us=0 vm_set_lighting_calls=93 vm_set_lighting_us=128 vm_calc_lighting_calls=1 vm_calc_lighting_us=13618 vm_set_light_data_calls=1 vm_set_light_data_us=7038 vm_update_liquids_calls=1 vm_update_liquids_us=892
ACTION[Emerge-0]: GRUG_WP40_PROFILE_CALLBACK callback=30 minp=48,48,-2512 maxp=127,127,-2433 blockseed=3288773337 plan_us=118361 writer_us=62398 total_us=180759 columns=6400 candidate_cells=49 candidates=1422 r5_runs=6400 result=noop_equal_content vm_get_emerged_area_calls=1 vm_get_emerged_area_us=2 vm_get_data_calls=1 vm_get_data_us=4053 vm_get_param2_data_calls=1 vm_get_param2_data_us=4055 vm_get_light_data_calls=0 vm_get_light_data_us=0 vm_set_data_calls=0 vm_set_data_us=0 vm_set_param2_data_calls=0 vm_set_param2_data_us=0 vm_set_lighting_calls=0 vm_set_lighting_us=0 vm_calc_lighting_calls=0 vm_calc_lighting_us=0 vm_set_light_data_calls=0 vm_set_light_data_us=0 vm_update_liquids_calls=0 vm_update_liquids_us=0
ACTION[Emerge-0]: [grug_core] start area ready: human (2/6, 29.1 s)
ACTION[Emerge-0]: GRUG_WP40_PROFILE_PROBE phase=cold event=emerge case=pine_hearthpine_center mapchunk=-1872,-32,-2592 elapsed_us=29053638 generated=1 disk=0 memory=124 cancelled=0 errored=0
ACTION[Server]: [grug_mobs] start npcs dawnmere: grug_mobs:guard_accord placed at socket gate_west (-4,26,-2493)
ACTION[Server]: [grug_mobs] start npcs dawnmere: grug_mobs:guard_accord placed at socket gate_east (4,26,-2493)
ACTION[Server]: [grug_mobs] start npcs dawnmere: grug_mobs:guard_accord placed at socket watch_gate (0,26,-2498)
ACTION[Server]: [grug_mobs] start npcs dawnmere: grug_traders:vendor_race_human placed at socket green_vendor (6,26,-2554)
ACTION[Server]: [grug_mobs] start npcs dawnmere: grug_mobs:villager_human placed at socket idle_cottage_door (10,26,-2566)
ACTION[Server]: [grug_mobs] start npcs dawnmere: grug_mobs:villager_human placed at socket idle_green_bench (-6,26,-2543)
ACTION[Server]: [grug_mobs] start npcs dawnmere: grug_mobs:villager_human placed at socket idle_barn (-19,26,-2550)
ACTION[Server]: [grug_mobs] start npcs dawnmere: grug_mobs:villager_human placed at socket idle_smithy (22,26,-2551)
ACTION[Server]: [grug_mobs] start npcs dawnmere: grug_mobs:villager_human placed at socket work_field (18,26,-2519)
ACTION[Server]: [grug_mobs] start npcs dawnmere: grug_mobs:villager_human placed at socket work_green_seat (-5,26,-2535)
ACTION[Server]: [grug_mobs] start npcs dawnmere: grug_mobs:elder_human placed at socket hall_quest (-11,26,-2542)
ACTION[Server]: [grug_mobs] start npcs dawnmere: grug_mobs:villager_human placed at socket trainer_cooking (2,26,-2540)
ACTION[Server]: [grug_mobs] start npcs human dawnmere: guards 3/3 flair 7/7 vendor 1/1 quest 1/1 royal 0/0 new 12 pending 0 spare 3 residents 6 walkers 1
ACTION[Emerge-0]: GRUG_WP40_PROFILE_CALLBACK callback=31 minp=1728,-32,-2672 maxp=1807,47,-2593 blockseed=3617476515 plan_us=525253 writer_us=310787 total_us=836040 columns=6400 candidate_cells=49 candidates=579 r5_runs=25600 result=applied_cplq vm_get_emerged_area_calls=1 vm_get_emerged_area_us=2 vm_get_data_calls=1 vm_get_data_us=4060 vm_get_param2_data_calls=1 vm_get_param2_data_us=4060 vm_get_light_data_calls=2 vm_get_light_data_us=8119 vm_set_data_calls=1 vm_set_data_us=7198 vm_set_param2_data_calls=1 vm_set_param2_data_us=7093 vm_set_lighting_calls=1 vm_set_lighting_us=124 vm_calc_lighting_calls=1 vm_calc_lighting_us=3678 vm_set_light_data_calls=1 vm_set_light_data_us=7026 vm_update_liquids_calls=1 vm_update_liquids_us=1169
ACTION[Emerge-0]: GRUG_WP40_PROFILE_CALLBACK callback=32 minp=1808,-32,-2672 maxp=1887,47,-2593 blockseed=3311722211 plan_us=375942 writer_us=274325 total_us=650267 columns=6400 candidate_cells=49 candidates=631 r5_runs=25600 result=applied_cplq vm_get_emerged_area_calls=1 vm_get_emerged_area_us=1 vm_get_data_calls=1 vm_get_data_us=4056 vm_get_param2_data_calls=1 vm_get_param2_data_us=4057 vm_get_light_data_calls=2 vm_get_light_data_us=8113 vm_set_data_calls=1 vm_set_data_us=7212 vm_set_param2_data_calls=1 vm_set_param2_data_us=7083 vm_set_lighting_calls=1 vm_set_lighting_us=143 vm_calc_lighting_calls=1 vm_calc_lighting_us=4299 vm_set_light_data_calls=1 vm_set_light_data_us=7022 vm_update_liquids_calls=1 vm_update_liquids_us=938
ACTION[Emerge-0]: GRUG_WP40_PROFILE_CALLBACK callback=33 minp=1728,48,-2672 maxp=1807,127,-2593 blockseed=3618416889 plan_us=126849 writer_us=132190 total_us=259039 columns=6400 candidate_cells=49 candidates=579 r5_runs=6400 result=applied_clq vm_get_emerged_area_calls=1 vm_get_emerged_area_us=2 vm_get_data_calls=1 vm_get_data_us=4129 vm_get_param2_data_calls=1 vm_get_param2_data_us=3816 vm_get_light_data_calls=2 vm_get_light_data_us=8114 vm_set_data_calls=1 vm_set_data_us=7201 vm_set_param2_data_calls=0 vm_set_param2_data_us=0 vm_set_lighting_calls=81 vm_set_lighting_us=73 vm_calc_lighting_calls=1 vm_calc_lighting_us=9450 vm_set_light_data_calls=1 vm_set_light_data_us=7021 vm_update_liquids_calls=1 vm_update_liquids_us=895
ACTION[Emerge-0]: GRUG_WP40_PROFILE_CALLBACK callback=34 minp=1808,48,-2672 maxp=1887,127,-2593 blockseed=363528953 plan_us=114301 writer_us=63073 total_us=177374 columns=6400 candidate_cells=49 candidates=631 r5_runs=6400 result=noop_equal_content vm_get_emerged_area_calls=1 vm_get_emerged_area_us=1 vm_get_data_calls=1 vm_get_data_us=4056 vm_get_param2_data_calls=1 vm_get_param2_data_us=4054 vm_get_light_data_calls=0 vm_get_light_data_us=0 vm_set_data_calls=0 vm_set_data_us=0 vm_set_param2_data_calls=0 vm_set_param2_data_us=0 vm_set_lighting_calls=0 vm_set_lighting_us=0 vm_calc_lighting_calls=0 vm_calc_lighting_us=0 vm_set_light_data_calls=0 vm_set_light_data_us=0 vm_update_liquids_calls=0 vm_update_liquids_us=0
ACTION[Emerge-0]: GRUG_WP40_PROFILE_CALLBACK callback=35 minp=1728,-32,-2592 maxp=1807,47,-2513 blockseed=3645248329 plan_us=343381 writer_us=330436 total_us=673817 columns=6400 candidate_cells=49 candidates=155 r5_runs=25600 result=applied_cplq vm_get_emerged_area_calls=1 vm_get_emerged_area_us=2 vm_get_data_calls=1 vm_get_data_us=4056 vm_get_param2_data_calls=1 vm_get_param2_data_us=4052 vm_get_light_data_calls=2 vm_get_light_data_us=7876 vm_set_data_calls=1 vm_set_data_us=7209 vm_set_param2_data_calls=1 vm_set_param2_data_us=7043 vm_set_lighting_calls=16 vm_set_lighting_us=139 vm_calc_lighting_calls=1 vm_calc_lighting_us=6617 vm_set_light_data_calls=1 vm_set_light_data_us=6747 vm_update_liquids_calls=1 vm_update_liquids_us=971
ACTION[Emerge-0]: GRUG_WP40_PROFILE_CALLBACK callback=36 minp=1808,-32,-2592 maxp=1887,47,-2513 blockseed=3253422857 plan_us=251350 writer_us=244856 total_us=496206 columns=6400 candidate_cells=49 candidates=280 r5_runs=25600 result=applied_cplq vm_get_emerged_area_calls=1 vm_get_emerged_area_us=2 vm_get_data_calls=1 vm_get_data_us=3789 vm_get_param2_data_calls=1 vm_get_param2_data_us=3787 vm_get_light_data_calls=2 vm_get_light_data_us=8124 vm_set_data_calls=1 vm_set_data_us=7218 vm_set_param2_data_calls=1 vm_set_param2_data_us=7088 vm_set_lighting_calls=16 vm_set_lighting_us=115 vm_calc_lighting_calls=1 vm_calc_lighting_us=6739 vm_set_light_data_calls=1 vm_set_light_data_us=8069 vm_update_liquids_calls=1 vm_update_liquids_us=1087
ACTION[Emerge-0]: GRUG_WP40_PROFILE_CALLBACK callback=37 minp=1728,48,-2592 maxp=1807,127,-2513 blockseed=3885520961 plan_us=79109 writer_us=138417 total_us=217526 columns=6400 candidate_cells=49 candidates=155 r5_runs=6400 result=applied_clq vm_get_emerged_area_calls=1 vm_get_emerged_area_us=2 vm_get_data_calls=1 vm_get_data_us=4063 vm_get_param2_data_calls=1 vm_get_param2_data_us=4057 vm_get_light_data_calls=2 vm_get_light_data_us=8144 vm_set_data_calls=1 vm_set_data_us=7199 vm_set_param2_data_calls=0 vm_set_param2_data_us=0 vm_set_lighting_calls=96 vm_set_lighting_us=73 vm_calc_lighting_calls=1 vm_calc_lighting_us=11895 vm_set_light_data_calls=1 vm_set_light_data_us=7021 vm_update_liquids_calls=1 vm_update_liquids_us=901
ACTION[Emerge-0]: GRUG_WP40_PROFILE_CALLBACK callback=38 minp=1808,48,-2592 maxp=1887,127,-2513 blockseed=3023586817 plan_us=76065 writer_us=63288 total_us=139353 columns=6400 candidate_cells=49 candidates=280 r5_runs=6400 result=noop_equal_content vm_get_emerged_area_calls=1 vm_get_emerged_area_us=2 vm_get_data_calls=1 vm_get_data_us=4055 vm_get_param2_data_calls=1 vm_get_param2_data_us=4722 vm_get_light_data_calls=0 vm_get_light_data_us=0 vm_set_data_calls=0 vm_set_data_us=0 vm_set_param2_data_calls=0 vm_set_param2_data_us=0 vm_set_lighting_calls=0 vm_set_lighting_us=0 vm_calc_lighting_calls=0 vm_calc_lighting_us=0 vm_set_light_data_calls=0 vm_set_light_data_us=0 vm_update_liquids_calls=0 vm_update_liquids_us=0
ACTION[Emerge-0]: GRUG_WP40_PROFILE_CALLBACK callback=39 minp=1728,-32,-2512 maxp=1807,47,-2433 blockseed=2223465825 plan_us=389663 writer_us=275137 total_us=664800 columns=6400 candidate_cells=49 candidates=492 r5_runs=25600 result=applied_cplq vm_get_emerged_area_calls=1 vm_get_emerged_area_us=1 vm_get_data_calls=1 vm_get_data_us=4066 vm_get_param2_data_calls=1 vm_get_param2_data_us=4051 vm_get_light_data_calls=2 vm_get_light_data_us=8129 vm_set_data_calls=1 vm_set_data_us=7201 vm_set_param2_data_calls=1 vm_set_param2_data_us=7285 vm_set_lighting_calls=16 vm_set_lighting_us=158 vm_calc_lighting_calls=1 vm_calc_lighting_us=5938 vm_set_light_data_calls=1 vm_set_light_data_us=7176 vm_update_liquids_calls=1 vm_update_liquids_us=957
ACTION[Emerge-0]: GRUG_WP40_PROFILE_CALLBACK callback=40 minp=1808,-32,-2512 maxp=1887,47,-2433 blockseed=3657142625 plan_us=294279 writer_us=266191 total_us=560470 columns=6400 candidate_cells=49 candidates=544 r5_runs=25600 result=applied_cplq vm_get_emerged_area_calls=1 vm_get_emerged_area_us=2 vm_get_data_calls=1 vm_get_data_us=4056 vm_get_param2_data_calls=1 vm_get_param2_data_us=4053 vm_get_light_data_calls=2 vm_get_light_data_us=8153 vm_set_data_calls=1 vm_set_data_us=7206 vm_set_param2_data_calls=1 vm_set_param2_data_us=7088 vm_set_lighting_calls=16 vm_set_lighting_us=129 vm_calc_lighting_calls=1 vm_calc_lighting_us=5991 vm_set_light_data_calls=1 vm_set_light_data_us=7017 vm_update_liquids_calls=1 vm_update_liquids_us=959
ACTION[Emerge-0]: GRUG_WP40_PROFILE_CALLBACK callback=41 minp=1728,48,-2512 maxp=1807,127,-2433 blockseed=3521879217 plan_us=116334 writer_us=120069 total_us=236403 columns=6400 candidate_cells=49 candidates=492 r5_runs=6400 result=applied_clq vm_get_emerged_area_calls=1 vm_get_emerged_area_us=2 vm_get_data_calls=1 vm_get_data_us=4066 vm_get_param2_data_calls=1 vm_get_param2_data_us=4010 vm_get_light_data_calls=2 vm_get_light_data_us=8365 vm_set_data_calls=1 vm_set_data_us=7197 vm_set_param2_data_calls=0 vm_set_param2_data_us=0 vm_set_lighting_calls=35 vm_set_lighting_us=23 vm_calc_lighting_calls=1 vm_calc_lighting_us=11410 vm_set_light_data_calls=1 vm_set_light_data_us=7032 vm_update_liquids_calls=1 vm_update_liquids_us=895
ACTION[Emerge-0]: GRUG_WP40_PROFILE_CALLBACK callback=42 minp=1808,48,-2512 maxp=1887,127,-2433 blockseed=2632417457 plan_us=105232 writer_us=62935 total_us=168167 columns=6400 candidate_cells=49 candidates=544 r5_runs=6400 result=noop_equal_content vm_get_emerged_area_calls=1 vm_get_emerged_area_us=2 vm_get_data_calls=1 vm_get_data_us=3833 vm_get_param2_data_calls=1 vm_get_param2_data_us=3785 vm_get_light_data_calls=0 vm_get_light_data_us=0 vm_set_data_calls=0 vm_set_data_us=0 vm_set_param2_data_calls=0 vm_set_param2_data_us=0 vm_set_lighting_calls=0 vm_set_lighting_us=0 vm_calc_lighting_calls=0 vm_calc_lighting_us=0 vm_set_light_data_calls=0 vm_set_light_data_us=0 vm_update_liquids_calls=0 vm_update_liquids_us=0
ACTION[Emerge-0]: [grug_core] start area ready: elf (3/6, 34.5 s)
ACTION[Server]: [grug_mobs] start npcs silverleaf: grug_mobs:guard_accord placed at socket gate_west (1796,22,-2493)
ACTION[Server]: [grug_mobs] start npcs silverleaf: grug_mobs:guard_accord placed at socket gate_east (1804,22,-2493)
ACTION[Server]: [grug_mobs] start npcs silverleaf: grug_mobs:guard_accord placed at socket watch_gate (1800,22,-2498)
ACTION[Server]: [grug_mobs] start npcs silverleaf: grug_traders:vendor_race_elf placed at socket court_vendor (1807,22,-2554)
ACTION[Server]: [grug_mobs] start npcs silverleaf: grug_mobs:villager_elf placed at socket idle_shrine_door (1779,22,-2534)
ACTION[Server]: [grug_mobs] start npcs silverleaf: grug_mobs:villager_elf placed at socket idle_court_bench (1793,22,-2545)
ACTION[Server]: [grug_mobs] start npcs silverleaf: grug_mobs:villager_elf placed at socket idle_bowyer (1828,22,-2551)
ACTION[Server]: [grug_mobs] start npcs silverleaf: grug_mobs:villager_elf placed at socket idle_market (1769,22,-2550)
ACTION[Server]: [grug_mobs] start npcs silverleaf: grug_mobs:villager_elf placed at socket work_planters (1804,22,-2539)
ACTION[Server]: [grug_mobs] start npcs silverleaf: grug_mobs:villager_elf placed at socket work_market (1767,22,-2545)
ACTION[Server]: [grug_mobs] start npcs silverleaf: grug_mobs:elder_elf placed at socket hall_quest (1820,22,-2536)
ACTION[Server]: [grug_mobs] start npcs silverleaf: grug_mobs:villager_elf placed at socket trainer_cooking (1802,22,-2540)
ACTION[Server]: [grug_mobs] start npcs elf silverleaf: guards 3/3 flair 7/7 vendor 1/1 quest 1/1 royal 0/0 new 12 pending 0 spare 3 residents 6 walkers 1
ACTION[Emerge-0]: GRUG_WP40_PROFILE_CALLBACK callback=43 minp=-1872,-32,2448 maxp=-1793,47,2527 blockseed=4045163693 plan_us=569271 writer_us=301239 total_us=870510 columns=6400 candidate_cells=49 candidates=108 r5_runs=6400 result=applied_clq vm_get_emerged_area_calls=1 vm_get_emerged_area_us=2 vm_get_data_calls=1 vm_get_data_us=3790 vm_get_param2_data_calls=1 vm_get_param2_data_us=3785 vm_get_light_data_calls=2 vm_get_light_data_us=7845 vm_set_data_calls=1 vm_set_data_us=7202 vm_set_param2_data_calls=0 vm_set_param2_data_us=0 vm_set_lighting_calls=1 vm_set_lighting_us=129 vm_calc_lighting_calls=1 vm_calc_lighting_us=833 vm_set_light_data_calls=1 vm_set_light_data_us=7021 vm_update_liquids_calls=1 vm_update_liquids_us=962
ACTION[Emerge-0]: GRUG_WP40_PROFILE_CALLBACK callback=44 minp=-1792,-32,2448 maxp=-1713,47,2527 blockseed=3214912205 plan_us=421453 writer_us=258154 total_us=679607 columns=6400 candidate_cells=49 candidates=129 r5_runs=6400 result=applied_clq vm_get_emerged_area_calls=1 vm_get_emerged_area_us=2 vm_get_data_calls=1 vm_get_data_us=4056 vm_get_param2_data_calls=1 vm_get_param2_data_us=4054 vm_get_light_data_calls=2 vm_get_light_data_us=8665 vm_set_data_calls=1 vm_set_data_us=7197 vm_set_param2_data_calls=0 vm_set_param2_data_us=0 vm_set_lighting_calls=1 vm_set_lighting_us=130 vm_calc_lighting_calls=1 vm_calc_lighting_us=886 vm_set_light_data_calls=1 vm_set_light_data_us=6999 vm_update_liquids_calls=1 vm_update_liquids_us=935
ACTION[Emerge-0]: GRUG_WP40_PROFILE_CALLBACK callback=45 minp=-1872,48,2448 maxp=-1793,127,2527 blockseed=3435332659 plan_us=89479 writer_us=205476 total_us=294955 columns=6400 candidate_cells=49 candidates=108 r5_runs=25600 result=applied_cplq vm_get_emerged_area_calls=1 vm_get_emerged_area_us=1 vm_get_data_calls=1 vm_get_data_us=4056 vm_get_param2_data_calls=1 vm_get_param2_data_us=4053 vm_get_light_data_calls=2 vm_get_light_data_us=7900 vm_set_data_calls=1 vm_set_data_us=7371 vm_set_param2_data_calls=1 vm_set_param2_data_us=7173 vm_set_lighting_calls=81 vm_set_lighting_us=93 vm_calc_lighting_calls=1 vm_calc_lighting_us=7573 vm_set_light_data_calls=1 vm_set_light_data_us=6947 vm_update_liquids_calls=1 vm_update_liquids_us=925
ACTION[Emerge-0]: GRUG_WP40_PROFILE_CALLBACK callback=46 minp=-1792,48,2448 maxp=-1713,127,2527 blockseed=3037371091 plan_us=102260 writer_us=200891 total_us=303151 columns=6400 candidate_cells=49 candidates=129 r5_runs=25600 result=applied_cplq vm_get_emerged_area_calls=1 vm_get_emerged_area_us=2 vm_get_data_calls=1 vm_get_data_us=4054 vm_get_param2_data_calls=1 vm_get_param2_data_us=4053 vm_get_light_data_calls=2 vm_get_light_data_us=8134 vm_set_data_calls=1 vm_set_data_us=6941 vm_set_param2_data_calls=1 vm_set_param2_data_us=7200 vm_set_lighting_calls=81 vm_set_lighting_us=97 vm_calc_lighting_calls=1 vm_calc_lighting_us=8934 vm_set_light_data_calls=1 vm_set_light_data_us=7065 vm_update_liquids_calls=1 vm_update_liquids_us=1399
ACTION[Emerge-0]: GRUG_WP40_PROFILE_CALLBACK callback=47 minp=-1872,128,2448 maxp=-1793,207,2527 blockseed=85110121 plan_us=86292 writer_us=63737 total_us=150029 columns=6400 candidate_cells=49 candidates=108 r5_runs=6400 result=noop_equal_content vm_get_emerged_area_calls=1 vm_get_emerged_area_us=2 vm_get_data_calls=1 vm_get_data_us=4054 vm_get_param2_data_calls=1 vm_get_param2_data_us=4056 vm_get_light_data_calls=0 vm_get_light_data_us=0 vm_set_data_calls=0 vm_set_data_us=0 vm_set_param2_data_calls=0 vm_set_param2_data_us=0 vm_set_lighting_calls=0 vm_set_lighting_us=0 vm_calc_lighting_calls=0 vm_calc_lighting_us=0 vm_set_light_data_calls=0 vm_set_light_data_us=0 vm_update_liquids_calls=0 vm_update_liquids_us=0
ACTION[Emerge-0]: GRUG_WP40_PROFILE_CALLBACK callback=48 minp=-1792,128,2448 maxp=-1713,207,2527 blockseed=2773597641 plan_us=100660 writer_us=63770 total_us=164430 columns=6400 candidate_cells=49 candidates=129 r5_runs=6400 result=noop_equal_content vm_get_emerged_area_calls=1 vm_get_emerged_area_us=2 vm_get_data_calls=1 vm_get_data_us=4063 vm_get_param2_data_calls=1 vm_get_param2_data_us=4078 vm_get_light_data_calls=0 vm_get_light_data_us=0 vm_set_data_calls=0 vm_set_data_us=0 vm_set_param2_data_calls=0 vm_set_param2_data_us=0 vm_set_lighting_calls=0 vm_set_lighting_us=0 vm_calc_lighting_calls=0 vm_calc_lighting_us=0 vm_set_light_data_calls=0 vm_set_light_data_us=0 vm_update_liquids_calls=0 vm_update_liquids_us=0
ACTION[Emerge-0]: GRUG_WP40_PROFILE_CALLBACK callback=49 minp=-1872,-32,2528 maxp=-1793,47,2607 blockseed=830730649 plan_us=390569 writer_us=259618 total_us=650187 columns=6400 candidate_cells=49 candidates=51 r5_runs=6400 result=applied_clq vm_get_emerged_area_calls=1 vm_get_emerged_area_us=1 vm_get_data_calls=1 vm_get_data_us=4065 vm_get_param2_data_calls=1 vm_get_param2_data_us=4059 vm_get_light_data_calls=2 vm_get_light_data_us=8115 vm_set_data_calls=1 vm_set_data_us=7203 vm_set_param2_data_calls=0 vm_set_param2_data_us=0 vm_set_lighting_calls=39 vm_set_lighting_us=144 vm_calc_lighting_calls=1 vm_calc_lighting_us=1454 vm_set_light_data_calls=1 vm_set_light_data_us=7022 vm_update_liquids_calls=1 vm_update_liquids_us=927
ACTION[Emerge-0]: GRUG_WP40_PROFILE_CALLBACK callback=50 minp=-1792,-32,2528 maxp=-1713,47,2607 blockseed=1962831257 plan_us=319224 writer_us=250661 total_us=569885 columns=6400 candidate_cells=49 candidates=87 r5_runs=6400 result=applied_clq vm_get_emerged_area_calls=1 vm_get_emerged_area_us=2 vm_get_data_calls=1 vm_get_data_us=4147 vm_get_param2_data_calls=1 vm_get_param2_data_us=4146 vm_get_light_data_calls=2 vm_get_light_data_us=7993 vm_set_data_calls=1 vm_set_data_us=7292 vm_set_param2_data_calls=0 vm_set_param2_data_us=0 vm_set_lighting_calls=37 vm_set_lighting_us=164 vm_calc_lighting_calls=1 vm_calc_lighting_us=1561 vm_set_light_data_calls=1 vm_set_light_data_us=7045 vm_update_liquids_calls=1 vm_update_liquids_us=940
ACTION[Emerge-0]: GRUG_WP40_PROFILE_CALLBACK callback=51 minp=-1872,48,2528 maxp=-1793,127,2607 blockseed=1137229609 plan_us=83843 writer_us=197505 total_us=281348 columns=6400 candidate_cells=49 candidates=51 r5_runs=25600 result=applied_cplq vm_get_emerged_area_calls=1 vm_get_emerged_area_us=3 vm_get_data_calls=1 vm_get_data_us=3793 vm_get_param2_data_calls=1 vm_get_param2_data_us=3785 vm_get_light_data_calls=2 vm_get_light_data_us=8120 vm_set_data_calls=1 vm_set_data_us=7199 vm_set_param2_data_calls=1 vm_set_param2_data_us=7222 vm_set_lighting_calls=96 vm_set_lighting_us=136 vm_calc_lighting_calls=1 vm_calc_lighting_us=10064 vm_set_light_data_calls=1 vm_set_light_data_us=7025 vm_update_liquids_calls=1 vm_update_liquids_us=956
ACTION[Emerge-0]: GRUG_WP40_PROFILE_CALLBACK callback=52 minp=-1792,48,2528 maxp=-1713,127,2607 blockseed=3459085097 plan_us=96854 writer_us=205977 total_us=302831 columns=6400 candidate_cells=49 candidates=87 r5_runs=25600 result=applied_cplq vm_get_emerged_area_calls=1 vm_get_emerged_area_us=1 vm_get_data_calls=1 vm_get_data_us=4318 vm_get_param2_data_calls=1 vm_get_param2_data_us=4100 vm_get_light_data_calls=2 vm_get_light_data_us=9054 vm_set_data_calls=1 vm_set_data_us=7485 vm_set_param2_data_calls=1 vm_set_param2_data_us=7195 vm_set_lighting_calls=96 vm_set_lighting_us=105 vm_calc_lighting_calls=1 vm_calc_lighting_us=11670 vm_set_light_data_calls=1 vm_set_light_data_us=7026 vm_update_liquids_calls=1 vm_update_liquids_us=952
ACTION[Emerge-0]: GRUG_WP40_PROFILE_CALLBACK callback=53 minp=-1872,128,2528 maxp=-1793,207,2607 blockseed=2070836705 plan_us=75828 writer_us=64609 total_us=140437 columns=6400 candidate_cells=49 candidates=51 r5_runs=6400 result=noop_equal_content vm_get_emerged_area_calls=1 vm_get_emerged_area_us=2 vm_get_data_calls=1 vm_get_data_us=3800 vm_get_param2_data_calls=1 vm_get_param2_data_us=3798 vm_get_light_data_calls=0 vm_get_light_data_us=0 vm_set_data_calls=0 vm_set_data_us=0 vm_set_param2_data_calls=0 vm_set_param2_data_us=0 vm_set_lighting_calls=0 vm_set_lighting_us=0 vm_calc_lighting_calls=0 vm_calc_lighting_us=0 vm_set_light_data_calls=0 vm_set_light_data_us=0 vm_update_liquids_calls=0 vm_update_liquids_us=0
ACTION[Emerge-0]: GRUG_WP40_PROFILE_CALLBACK callback=54 minp=-1792,128,2528 maxp=-1713,207,2607 blockseed=2554380001 plan_us=93780 writer_us=64722 total_us=158502 columns=6400 candidate_cells=49 candidates=87 r5_runs=6400 result=noop_equal_content vm_get_emerged_area_calls=1 vm_get_emerged_area_us=2 vm_get_data_calls=1 vm_get_data_us=3867 vm_get_param2_data_calls=1 vm_get_param2_data_us=3789 vm_get_light_data_calls=0 vm_get_light_data_us=0 vm_set_data_calls=0 vm_set_data_us=0 vm_set_param2_data_calls=0 vm_set_param2_data_us=0 vm_set_lighting_calls=0 vm_set_lighting_us=0 vm_calc_lighting_calls=0 vm_calc_lighting_us=0 vm_set_light_data_calls=0 vm_set_light_data_us=0 vm_update_liquids_calls=0 vm_update_liquids_us=0
ACTION[Emerge-0]: GRUG_WP40_PROFILE_CALLBACK callback=55 minp=-1872,-32,2608 maxp=-1793,47,2687 blockseed=4035836169 plan_us=454460 writer_us=424584 total_us=879044 columns=6400 candidate_cells=49 candidates=183 r5_runs=6400 result=applied_clq vm_get_emerged_area_calls=1 vm_get_emerged_area_us=5 vm_get_data_calls=1 vm_get_data_us=4055 vm_get_param2_data_calls=1 vm_get_param2_data_us=4058 vm_get_light_data_calls=2 vm_get_light_data_us=8679 vm_set_data_calls=1 vm_set_data_us=7211 vm_set_param2_data_calls=0 vm_set_param2_data_us=0 vm_set_lighting_calls=16 vm_set_lighting_us=114 vm_calc_lighting_calls=1 vm_calc_lighting_us=1474 vm_set_light_data_calls=1 vm_set_light_data_us=7013 vm_update_liquids_calls=1 vm_update_liquids_us=959
ACTION[Emerge-0]: GRUG_WP40_PROFILE_CALLBACK callback=56 minp=-1792,-32,2608 maxp=-1713,47,2687 blockseed=3689486537 plan_us=355671 writer_us=390017 total_us=745688 columns=6400 candidate_cells=49 candidates=191 r5_runs=7532 result=applied_clq vm_get_emerged_area_calls=1 vm_get_emerged_area_us=2 vm_get_data_calls=1 vm_get_data_us=4066 vm_get_param2_data_calls=1 vm_get_param2_data_us=4074 vm_get_light_data_calls=2 vm_get_light_data_us=8118 vm_set_data_calls=1 vm_set_data_us=7210 vm_set_param2_data_calls=0 vm_set_param2_data_us=0 vm_set_lighting_calls=16 vm_set_lighting_us=123 vm_calc_lighting_calls=1 vm_calc_lighting_us=1511 vm_set_light_data_calls=1 vm_set_light_data_us=7124 vm_update_liquids_calls=1 vm_update_liquids_us=997
ACTION[Emerge-0]: GRUG_WP40_PROFILE_CALLBACK callback=57 minp=-1872,48,2608 maxp=-1793,127,2687 blockseed=2024279681 plan_us=115743 writer_us=206248 total_us=321991 columns=6400 candidate_cells=49 candidates=183 r5_runs=24539 result=applied_cplq vm_get_emerged_area_calls=1 vm_get_emerged_area_us=1 vm_get_data_calls=1 vm_get_data_us=4054 vm_get_param2_data_calls=1 vm_get_param2_data_us=4099 vm_get_light_data_calls=2 vm_get_light_data_us=8384 vm_set_data_calls=1 vm_set_data_us=7202 vm_set_param2_data_calls=1 vm_set_param2_data_us=7088 vm_set_lighting_calls=96 vm_set_lighting_us=90 vm_calc_lighting_calls=1 vm_calc_lighting_us=9457 vm_set_light_data_calls=1 vm_set_light_data_us=7304 vm_update_liquids_calls=1 vm_update_liquids_us=939
ACTION[Emerge-0]: GRUG_WP40_PROFILE_CALLBACK callback=58 minp=-1792,48,2608 maxp=-1713,127,2687 blockseed=1742579905 plan_us=129366 writer_us=201645 total_us=331011 columns=6400 candidate_cells=49 candidates=191 r5_runs=21699 result=applied_cplq vm_get_emerged_area_calls=1 vm_get_emerged_area_us=2 vm_get_data_calls=1 vm_get_data_us=3924 vm_get_param2_data_calls=1 vm_get_param2_data_us=3784 vm_get_light_data_calls=2 vm_get_light_data_us=7743 vm_set_data_calls=1 vm_set_data_us=7255 vm_set_param2_data_calls=1 vm_set_param2_data_us=7103 vm_set_lighting_calls=96 vm_set_lighting_us=95 vm_calc_lighting_calls=1 vm_calc_lighting_us=10669 vm_set_light_data_calls=1 vm_set_light_data_us=7883 vm_update_liquids_calls=1 vm_update_liquids_us=948
ACTION[Emerge-0]: GRUG_WP40_PROFILE_CALLBACK callback=59 minp=-1872,128,2608 maxp=-1793,207,2687 blockseed=4128922897 plan_us=112976 writer_us=72619 total_us=185595 columns=6400 candidate_cells=49 candidates=183 r5_runs=6400 result=noop_equal_content vm_get_emerged_area_calls=1 vm_get_emerged_area_us=1 vm_get_data_calls=1 vm_get_data_us=4077 vm_get_param2_data_calls=1 vm_get_param2_data_us=4050 vm_get_light_data_calls=0 vm_get_light_data_us=0 vm_set_data_calls=0 vm_set_data_us=0 vm_set_param2_data_calls=0 vm_set_param2_data_us=0 vm_set_lighting_calls=0 vm_set_lighting_us=0 vm_calc_lighting_calls=0 vm_calc_lighting_us=0 vm_set_light_data_calls=0 vm_set_light_data_us=0 vm_update_liquids_calls=0 vm_update_liquids_us=0
ACTION[Emerge-0]: GRUG_WP40_PROFILE_CALLBACK callback=60 minp=-1792,128,2608 maxp=-1713,207,2687 blockseed=3479231825 plan_us=127680 writer_us=78527 total_us=206207 columns=6400 candidate_cells=49 candidates=191 r5_runs=6400 result=noop_equal_content vm_get_emerged_area_calls=1 vm_get_emerged_area_us=2 vm_get_data_calls=1 vm_get_data_us=4053 vm_get_param2_data_calls=1 vm_get_param2_data_us=4052 vm_get_light_data_calls=0 vm_get_light_data_us=0 vm_set_data_calls=0 vm_set_data_us=0 vm_set_param2_data_calls=0 vm_set_param2_data_us=0 vm_set_lighting_calls=0 vm_set_lighting_us=0 vm_calc_lighting_calls=0 vm_calc_lighting_us=0 vm_set_light_data_calls=0 vm_set_light_data_us=0 vm_update_liquids_calls=0 vm_update_liquids_us=0
ACTION[Emerge-0]: [grug_core] start area ready: undead (4/6, 42.3 s)
ACTION[Emerge-0]: GRUG_WP40_PROFILE_PROBE phase=cold event=emerge case=pine_hearthpine_east mapchunk=-1792,-32,-2592 elapsed_us=13262041 generated=0 disk=0 memory=125 cancelled=0 errored=0
ACTION[Server]: [grug_mobs] start npcs stillgrave: grug_mobs:guard_throng placed at socket gate_west (-1804,54,2494)
ACTION[Server]: [grug_mobs] start npcs stillgrave: grug_mobs:guard_throng placed at socket gate_east (-1796,54,2494)
ACTION[Server]: [grug_mobs] start npcs stillgrave: grug_mobs:guard_throng placed at socket watch_gate (-1800,54,2498)
ACTION[Server]: [grug_mobs] start npcs stillgrave: grug_traders:vendor_race_undead placed at socket court_vendor (-1793,54,2545)
ACTION[Server]: [grug_mobs] start npcs stillgrave: grug_mobs:villager_undead placed at socket idle_warden_door (-1813,54,2582)
ACTION[Server]: [grug_mobs] start npcs stillgrave: grug_mobs:villager_undead placed at socket idle_court_settle (-1810,54,2554)
ACTION[Server]: [grug_mobs] start npcs stillgrave: grug_mobs:villager_undead placed at socket idle_bone_works (-1778,54,2549)
ACTION[Server]: [grug_mobs] start npcs stillgrave: grug_mobs:villager_undead placed at socket idle_gate_brazier (-1805,54,2493)
ACTION[Server]: [grug_mobs] start npcs stillgrave: grug_mobs:villager_undead placed at socket work_gravewood (-1790,54,2544)
ACTION[Server]: [grug_mobs] start npcs stillgrave: grug_mobs:villager_undead placed at socket work_blightbed (-1822,54,2542)
ACTION[Server]: [grug_mobs] start npcs stillgrave: grug_mobs:elder_undead placed at socket hall_quest (-1798,54,2560)
ACTION[Server]: [grug_mobs] start npcs stillgrave: grug_mobs:villager_undead placed at socket trainer_cooking (-1798,54,2540)
ACTION[Server]: [grug_mobs] start npcs undead stillgrave: guards 3/3 flair 7/7 vendor 1/1 quest 1/1 royal 0/0 new 12 pending 0 spare 3 residents 6 walkers 1
ACTION[Emerge-0]: GRUG_WP40_PROFILE_CALLBACK callback=61 minp=-112,-32,2448 maxp=-33,47,2527 blockseed=1736116177 plan_us=746843 writer_us=450433 total_us=1197276 columns=6400 candidate_cells=49 candidates=2929 r5_runs=25600 result=applied_cplq vm_get_emerged_area_calls=1 vm_get_emerged_area_us=2 vm_get_data_calls=1 vm_get_data_us=4060 vm_get_param2_data_calls=1 vm_get_param2_data_us=3922 vm_get_light_data_calls=2 vm_get_light_data_us=7848 vm_set_data_calls=1 vm_set_data_us=7201 vm_set_param2_data_calls=1 vm_set_param2_data_us=7101 vm_set_lighting_calls=1 vm_set_lighting_us=103 vm_calc_lighting_calls=1 vm_calc_lighting_us=2481 vm_set_light_data_calls=1 vm_set_light_data_us=7112 vm_update_liquids_calls=1 vm_update_liquids_us=955
ACTION[Emerge-0]: GRUG_WP40_PROFILE_CALLBACK callback=62 minp=-32,-32,2448 maxp=47,47,2527 blockseed=2735845593 plan_us=368092 writer_us=375006 total_us=743098 columns=6400 candidate_cells=49 candidates=1523 r5_runs=25600 result=applied_cplq vm_get_emerged_area_calls=1 vm_get_emerged_area_us=2 vm_get_data_calls=1 vm_get_data_us=3839 vm_get_param2_data_calls=1 vm_get_param2_data_us=4003 vm_get_light_data_calls=2 vm_get_light_data_us=8175 vm_set_data_calls=1 vm_set_data_us=7227 vm_set_param2_data_calls=1 vm_set_param2_data_us=7097 vm_set_lighting_calls=1 vm_set_lighting_us=110 vm_calc_lighting_calls=1 vm_calc_lighting_us=3283 vm_set_light_data_calls=1 vm_set_light_data_us=7019 vm_update_liquids_calls=1 vm_update_liquids_us=998
ACTION[Emerge-0]: GRUG_WP40_PROFILE_CALLBACK callback=63 minp=48,-32,2448 maxp=127,47,2527 blockseed=101387481 plan_us=559942 writer_us=447291 total_us=1007233 columns=6400 candidate_cells=49 candidates=3036 r5_runs=25477 result=applied_cplq vm_get_emerged_area_calls=1 vm_get_emerged_area_us=3 vm_get_data_calls=1 vm_get_data_us=4057 vm_get_param2_data_calls=1 vm_get_param2_data_us=4055 vm_get_light_data_calls=2 vm_get_light_data_us=8664 vm_set_data_calls=1 vm_set_data_us=6945 vm_set_param2_data_calls=1 vm_set_param2_data_us=6819 vm_set_lighting_calls=1 vm_set_lighting_us=109 vm_calc_lighting_calls=1 vm_calc_lighting_us=3044 vm_set_light_data_calls=1 vm_set_light_data_us=6773 vm_update_liquids_calls=1 vm_update_liquids_us=1023
ACTION[Emerge-0]: GRUG_WP40_PROFILE_CALLBACK callback=64 minp=-112,48,2448 maxp=-33,127,2527 blockseed=1076006631 plan_us=185547 writer_us=63214 total_us=248761 columns=6400 candidate_cells=49 candidates=2929 r5_runs=6400 result=noop_equal_content vm_get_emerged_area_calls=1 vm_get_emerged_area_us=2 vm_get_data_calls=1 vm_get_data_us=3787 vm_get_param2_data_calls=1 vm_get_param2_data_us=3783 vm_get_light_data_calls=0 vm_get_light_data_us=0 vm_set_data_calls=0 vm_set_data_us=0 vm_set_param2_data_calls=0 vm_set_param2_data_us=0 vm_set_lighting_calls=0 vm_set_lighting_us=0 vm_calc_lighting_calls=0 vm_calc_lighting_us=0 vm_set_light_data_calls=0 vm_set_light_data_us=0 vm_update_liquids_calls=0 vm_update_liquids_us=0
ACTION[Emerge-0]: GRUG_WP40_PROFILE_CALLBACK callback=65 minp=-32,48,2448 maxp=47,127,2527 blockseed=2048358545 plan_us=114721 writer_us=183988 total_us=298709 columns=6400 candidate_cells=49 candidates=1523 r5_runs=6400 result=applied_clq vm_get_emerged_area_calls=1 vm_get_emerged_area_us=3 vm_get_data_calls=1 vm_get_data_us=3790 vm_get_param2_data_calls=1 vm_get_param2_data_us=3787 vm_get_light_data_calls=2 vm_get_light_data_us=8141 vm_set_data_calls=1 vm_set_data_us=7206 vm_set_param2_data_calls=0 vm_set_param2_data_us=0 vm_set_lighting_calls=1 vm_set_lighting_us=131 vm_calc_lighting_calls=1 vm_calc_lighting_us=12349 vm_set_light_data_calls=1 vm_set_light_data_us=7023 vm_update_liquids_calls=1 vm_update_liquids_us=961
ACTION[Emerge-0]: GRUG_WP40_PROFILE_CALLBACK callback=66 minp=48,48,2448 maxp=127,127,2527 blockseed=1336534161 plan_us=203461 writer_us=182974 total_us=386435 columns=6400 candidate_cells=49 candidates=3036 r5_runs=6400 result=applied_clq vm_get_emerged_area_calls=1 vm_get_emerged_area_us=2 vm_get_data_calls=1 vm_get_data_us=4078 vm_get_param2_data_calls=1 vm_get_param2_data_us=4056 vm_get_light_data_calls=2 vm_get_light_data_us=7606 vm_set_data_calls=1 vm_set_data_us=6947 vm_set_param2_data_calls=0 vm_set_param2_data_us=0 vm_set_lighting_calls=1 vm_set_lighting_us=149 vm_calc_lighting_calls=1 vm_calc_lighting_us=11208 vm_set_light_data_calls=1 vm_set_light_data_us=6765 vm_update_liquids_calls=1 vm_update_liquids_us=941
ACTION[Emerge-0]: GRUG_WP40_PROFILE_CALLBACK callback=67 minp=-112,-32,2528 maxp=-33,47,2607 blockseed=2077799985 plan_us=590676 writer_us=558102 total_us=1148778 columns=6400 candidate_cells=49 candidates=2192 r5_runs=25600 result=applied_cplq vm_get_emerged_area_calls=1 vm_get_emerged_area_us=3 vm_get_data_calls=1 vm_get_data_us=4079 vm_get_param2_data_calls=1 vm_get_param2_data_us=4058 vm_get_light_data_calls=2 vm_get_light_data_us=7953 vm_set_data_calls=1 vm_set_data_us=7236 vm_set_param2_data_calls=1 vm_set_param2_data_us=7108 vm_set_lighting_calls=16 vm_set_lighting_us=416 vm_calc_lighting_calls=1 vm_calc_lighting_us=3781 vm_set_light_data_calls=1 vm_set_light_data_us=7036 vm_update_liquids_calls=1 vm_update_liquids_us=988
ACTION[Emerge-0]: GRUG_WP40_PROFILE_CALLBACK callback=68 minp=-32,-32,2528 maxp=47,47,2607 blockseed=2302954225 plan_us=262492 writer_us=350146 total_us=612638 columns=6400 candidate_cells=49 candidates=237 r5_runs=25600 result=applied_cplq vm_get_emerged_area_calls=1 vm_get_emerged_area_us=2 vm_get_data_calls=1 vm_get_data_us=4057 vm_get_param2_data_calls=1 vm_get_param2_data_us=4057 vm_get_light_data_calls=2 vm_get_light_data_us=8147 vm_set_data_calls=1 vm_set_data_us=7244 vm_set_param2_data_calls=1 vm_set_param2_data_us=7105 vm_set_lighting_calls=16 vm_set_lighting_us=327 vm_calc_lighting_calls=1 vm_calc_lighting_us=5631 vm_set_light_data_calls=1 vm_set_light_data_us=7030 vm_update_liquids_calls=1 vm_update_liquids_us=978
ACTION[Emerge-0]: GRUG_WP40_PROFILE_CALLBACK callback=69 minp=48,-32,2528 maxp=127,47,2607 blockseed=2205689649 plan_us=512067 writer_us=425014 total_us=937081 columns=6400 candidate_cells=49 candidates=2696 r5_runs=25479 result=applied_cplq vm_get_emerged_area_calls=1 vm_get_emerged_area_us=3 vm_get_data_calls=1 vm_get_data_us=4067 vm_get_param2_data_calls=1 vm_get_param2_data_us=4054 vm_get_light_data_calls=2 vm_get_light_data_us=7840 vm_set_data_calls=1 vm_set_data_us=7096 vm_set_param2_data_calls=1 vm_set_param2_data_us=6860 vm_set_lighting_calls=16 vm_set_lighting_us=132 vm_calc_lighting_calls=1 vm_calc_lighting_us=3965 vm_set_light_data_calls=1 vm_set_light_data_us=6763 vm_update_liquids_calls=1 vm_update_liquids_us=1007
ACTION[Emerge-0]: GRUG_WP40_PROFILE_CALLBACK callback=70 minp=-112,48,2528 maxp=-33,127,2607 blockseed=4046915585 plan_us=156707 writer_us=63093 total_us=219800 columns=6400 candidate_cells=49 candidates=2192 r5_runs=6400 result=noop_equal_content vm_get_emerged_area_calls=1 vm_get_emerged_area_us=2 vm_get_data_calls=1 vm_get_data_us=4061 vm_get_param2_data_calls=1 vm_get_param2_data_us=3874 vm_get_light_data_calls=0 vm_get_light_data_us=0 vm_set_data_calls=0 vm_set_data_us=0 vm_set_param2_data_calls=0 vm_set_param2_data_us=0 vm_set_lighting_calls=0 vm_set_lighting_us=0 vm_calc_lighting_calls=0 vm_calc_lighting_us=0 vm_set_light_data_calls=0 vm_set_light_data_us=0 vm_update_liquids_calls=0 vm_update_liquids_us=0
ACTION[Emerge-0]: GRUG_WP40_PROFILE_CALLBACK callback=71 minp=-32,48,2528 maxp=47,127,2607 blockseed=3569267905 plan_us=74804 writer_us=114671 total_us=189475 columns=6400 candidate_cells=49 candidates=237 r5_runs=6400 result=applied_clq vm_get_emerged_area_calls=1 vm_get_emerged_area_us=1 vm_get_data_calls=1 vm_get_data_us=3796 vm_get_param2_data_calls=1 vm_get_param2_data_us=3788 vm_get_light_data_calls=2 vm_get_light_data_us=8117 vm_set_data_calls=1 vm_set_data_us=7200 vm_set_param2_data_calls=0 vm_set_param2_data_us=0 vm_set_lighting_calls=35 vm_set_lighting_us=22 vm_calc_lighting_calls=1 vm_calc_lighting_us=13165 vm_set_light_data_calls=1 vm_set_light_data_us=7017 vm_update_liquids_calls=1 vm_update_liquids_us=1003
ACTION[Emerge-0]: GRUG_WP40_PROFILE_CALLBACK callback=72 minp=48,48,2528 maxp=127,127,2607 blockseed=2802887041 plan_us=166383 writer_us=58873 total_us=225256 columns=6400 candidate_cells=49 candidates=2696 r5_runs=6400 result=noop_equal_content vm_get_emerged_area_calls=1 vm_get_emerged_area_us=2 vm_get_data_calls=1 vm_get_data_us=4078 vm_get_param2_data_calls=1 vm_get_param2_data_us=4057 vm_get_light_data_calls=0 vm_get_light_data_us=0 vm_set_data_calls=0 vm_set_data_us=0 vm_set_param2_data_calls=0 vm_set_param2_data_us=0 vm_set_lighting_calls=0 vm_set_lighting_us=0 vm_calc_lighting_calls=0 vm_calc_lighting_us=0 vm_set_light_data_calls=0 vm_set_light_data_us=0 vm_update_liquids_calls=0 vm_update_liquids_us=0
ACTION[Emerge-0]: GRUG_WP40_PROFILE_CALLBACK callback=73 minp=-112,-32,2608 maxp=-33,47,2687 blockseed=1106384225 plan_us=471572 writer_us=483393 total_us=954965 columns=6400 candidate_cells=49 candidates=3332 r5_runs=24689 result=applied_cplq vm_get_emerged_area_calls=1 vm_get_emerged_area_us=2 vm_get_data_calls=1 vm_get_data_us=4156 vm_get_param2_data_calls=1 vm_get_param2_data_us=4057 vm_get_light_data_calls=2 vm_get_light_data_us=8218 vm_set_data_calls=1 vm_set_data_us=6932 vm_set_param2_data_calls=1 vm_set_param2_data_us=6820 vm_set_lighting_calls=16 vm_set_lighting_us=118 vm_calc_lighting_calls=1 vm_calc_lighting_us=3685 vm_set_light_data_calls=1 vm_set_light_data_us=7036 vm_update_liquids_calls=1 vm_update_liquids_us=974
ACTION[Emerge-0]: GRUG_WP40_PROFILE_CALLBACK callback=74 minp=-32,-32,2608 maxp=47,47,2687 blockseed=613314913 plan_us=337789 writer_us=341001 total_us=678790 columns=6400 candidate_cells=49 candidates=2841 r5_runs=24687 result=applied_cplq vm_get_emerged_area_calls=1 vm_get_emerged_area_us=2 vm_get_data_calls=1 vm_get_data_us=4049 vm_get_param2_data_calls=1 vm_get_param2_data_us=3794 vm_get_light_data_calls=2 vm_get_light_data_us=8180 vm_set_data_calls=1 vm_set_data_us=6983 vm_set_param2_data_calls=1 vm_set_param2_data_us=6828 vm_set_lighting_calls=16 vm_set_lighting_us=116 vm_calc_lighting_calls=1 vm_calc_lighting_us=4248 vm_set_light_data_calls=1 vm_set_light_data_us=6771 vm_update_liquids_calls=1 vm_update_liquids_us=971
ACTION[Emerge-0]: GRUG_WP40_PROFILE_CALLBACK callback=75 minp=48,-32,2608 maxp=127,47,2687 blockseed=1123358215 plan_us=372661 writer_us=344237 total_us=716898 columns=6400 candidate_cells=49 candidates=3550 r5_runs=24607 result=applied_cplq vm_get_emerged_area_calls=1 vm_get_emerged_area_us=3 vm_get_data_calls=1 vm_get_data_us=4065 vm_get_param2_data_calls=1 vm_get_param2_data_us=4065 vm_get_light_data_calls=2 vm_get_light_data_us=8003 vm_set_data_calls=1 vm_set_data_us=7249 vm_set_param2_data_calls=1 vm_set_param2_data_us=7253 vm_set_lighting_calls=16 vm_set_lighting_us=139 vm_calc_lighting_calls=1 vm_calc_lighting_us=3977 vm_set_light_data_calls=1 vm_set_light_data_us=7610 vm_update_liquids_calls=1 vm_update_liquids_us=1136
ACTION[Emerge-0]: GRUG_WP40_PROFILE_CALLBACK callback=76 minp=-112,48,2608 maxp=-33,127,2687 blockseed=3211498937 plan_us=198020 writer_us=68740 total_us=266760 columns=6400 candidate_cells=49 candidates=3332 r5_runs=6400 result=noop_equal_content vm_get_emerged_area_calls=1 vm_get_emerged_area_us=2 vm_get_data_calls=1 vm_get_data_us=3969 vm_get_param2_data_calls=1 vm_get_param2_data_us=4694 vm_get_light_data_calls=0 vm_get_light_data_us=0 vm_set_data_calls=0 vm_set_data_us=0 vm_set_param2_data_calls=0 vm_set_param2_data_us=0 vm_set_lighting_calls=0 vm_set_lighting_us=0 vm_calc_lighting_calls=0 vm_calc_lighting_us=0 vm_set_light_data_calls=0 vm_set_light_data_us=0 vm_update_liquids_calls=0 vm_update_liquids_us=0
ACTION[Emerge-0]: GRUG_WP40_PROFILE_CALLBACK callback=77 minp=-32,48,2608 maxp=47,127,2687 blockseed=2496729209 plan_us=162195 writer_us=63694 total_us=225889 columns=6400 candidate_cells=49 candidates=2841 r5_runs=6400 result=noop_equal_content vm_get_emerged_area_calls=1 vm_get_emerged_area_us=2 vm_get_data_calls=1 vm_get_data_us=4087 vm_get_param2_data_calls=1 vm_get_param2_data_us=4055 vm_get_light_data_calls=0 vm_get_light_data_us=0 vm_set_data_calls=0 vm_set_data_us=0 vm_set_param2_data_calls=0 vm_set_param2_data_us=0 vm_set_lighting_calls=0 vm_set_lighting_us=0 vm_calc_lighting_calls=0 vm_calc_lighting_us=0 vm_set_light_data_calls=0 vm_set_light_data_us=0 vm_update_liquids_calls=0 vm_update_liquids_us=0
ACTION[Emerge-0]: GRUG_WP40_PROFILE_CALLBACK callback=78 minp=48,48,2608 maxp=127,127,2687 blockseed=648904237 plan_us=183779 writer_us=64213 total_us=247992 columns=6400 candidate_cells=49 candidates=3550 r5_runs=6400 result=noop_equal_content vm_get_emerged_area_calls=1 vm_get_emerged_area_us=3 vm_get_data_calls=1 vm_get_data_us=4058 vm_get_param2_data_calls=1 vm_get_param2_data_us=4055 vm_get_light_data_calls=0 vm_get_light_data_us=0 vm_set_data_calls=0 vm_set_data_us=0 vm_set_param2_data_calls=0 vm_set_param2_data_us=0 vm_set_lighting_calls=0 vm_set_lighting_us=0 vm_calc_lighting_calls=0 vm_calc_lighting_us=0 vm_set_light_data_calls=0 vm_set_light_data_us=0 vm_update_liquids_calls=0 vm_update_liquids_us=0
ACTION[Emerge-0]: [grug_core] start area ready: orc (5/6, 53.2 s)
ACTION[Server]: [grug_mobs] start npcs sunscar: grug_mobs:guard_throng placed at socket gate_west (-4,36,2499)
ACTION[Server]: [grug_mobs] start npcs sunscar: grug_mobs:guard_throng placed at socket gate_east (4,36,2499)
ACTION[Server]: [grug_mobs] start npcs sunscar: grug_mobs:guard_throng placed at socket watch_gate (0,36,2510)
ACTION[Server]: [grug_mobs] start npcs sunscar: grug_traders:vendor_race_orc placed at socket yard_vendor (8,36,2545)
ACTION[Server]: [grug_mobs] start npcs sunscar: grug_mobs:villager_orc placed at socket idle_tusk_door (-11,36,2528)
ACTION[Server]: [grug_mobs] start npcs sunscar: grug_mobs:villager_orc placed at socket idle_council_seat (-3,36,2558)
ACTION[Server]: [grug_mobs] start npcs sunscar: grug_mobs:villager_orc placed at socket idle_beast_pen (-25,36,2548)
ACTION[Server]: [grug_mobs] start npcs sunscar: grug_mobs:villager_orc placed at socket idle_armoury_forge (20,36,2548)
ACTION[Server]: [grug_mobs] start npcs sunscar: grug_mobs:villager_orc placed at socket work_forge (-34,36,2552)
ACTION[Server]: [grug_mobs] start npcs sunscar: grug_mobs:villager_orc placed at socket work_acacia (-14,36,2549)
ACTION[Server]: [grug_mobs] start npcs sunscar: grug_mobs:elder_orc placed at socket hall_quest (3,36,2562)
ACTION[Server]: [grug_mobs] start npcs sunscar: grug_mobs:villager_orc placed at socket trainer_cooking (2,36,2540)
ACTION[Server]: [grug_mobs] start npcs orc sunscar: guards 3/3 flair 7/7 vendor 1/1 quest 1/1 royal 0/0 new 12 pending 0 spare 3 residents 6 walkers 1
ACTION[Emerge-0]: GRUG_WP40_PROFILE_CALLBACK callback=79 minp=1728,-32,2448 maxp=1807,47,2527 blockseed=3645849777 plan_us=494807 writer_us=401546 total_us=896353 columns=6400 candidate_cells=49 candidates=298 r5_runs=25600 result=applied_cplq vm_get_emerged_area_calls=1 vm_get_emerged_area_us=7 vm_get_data_calls=1 vm_get_data_us=4055 vm_get_param2_data_calls=1 vm_get_param2_data_us=4336 vm_get_light_data_calls=2 vm_get_light_data_us=7672 vm_set_data_calls=1 vm_set_data_us=7078 vm_set_param2_data_calls=1 vm_set_param2_data_us=7154 vm_set_lighting_calls=1 vm_set_lighting_us=143 vm_calc_lighting_calls=1 vm_calc_lighting_us=3925 vm_set_light_data_calls=1 vm_set_light_data_us=7095 vm_update_liquids_calls=1 vm_update_liquids_us=958
ACTION[Emerge-0]: GRUG_WP40_PROFILE_CALLBACK callback=80 minp=1808,-32,2448 maxp=1887,47,2527 blockseed=4275264689 plan_us=354355 writer_us=332963 total_us=687318 columns=6400 candidate_cells=49 candidates=331 r5_runs=25600 result=applied_cplq vm_get_emerged_area_calls=1 vm_get_emerged_area_us=2 vm_get_data_calls=1 vm_get_data_us=6884 vm_get_param2_data_calls=1 vm_get_param2_data_us=5930 vm_get_light_data_calls=2 vm_get_light_data_us=8161 vm_set_data_calls=1 vm_set_data_us=7215 vm_set_param2_data_calls=1 vm_set_param2_data_us=7095 vm_set_lighting_calls=1 vm_set_lighting_us=74 vm_calc_lighting_calls=1 vm_calc_lighting_us=4692 vm_set_light_data_calls=1 vm_set_light_data_us=7108 vm_update_liquids_calls=1 vm_update_liquids_us=1042
ACTION[Emerge-0]: GRUG_WP40_PROFILE_CALLBACK callback=81 minp=1728,48,2448 maxp=1807,127,2527 blockseed=3954518793 plan_us=89807 writer_us=57520 total_us=147327 columns=6400 candidate_cells=49 candidates=298 r5_runs=6400 result=noop_equal_content vm_get_emerged_area_calls=1 vm_get_emerged_area_us=2 vm_get_data_calls=1 vm_get_data_us=3793 vm_get_param2_data_calls=1 vm_get_param2_data_us=3782 vm_get_light_data_calls=0 vm_get_light_data_us=0 vm_set_data_calls=0 vm_set_data_us=0 vm_set_param2_data_calls=0 vm_set_param2_data_us=0 vm_set_lighting_calls=0 vm_set_lighting_us=0 vm_calc_lighting_calls=0 vm_calc_lighting_us=0 vm_set_light_data_calls=0 vm_set_light_data_us=0 vm_update_liquids_calls=0 vm_update_liquids_us=0
ACTION[Emerge-0]: GRUG_WP40_PROFILE_CALLBACK callback=82 minp=1808,48,2448 maxp=1887,127,2527 blockseed=696463113 plan_us=81545 writer_us=57792 total_us=139337 columns=6400 candidate_cells=49 candidates=331 r5_runs=6400 result=noop_equal_content vm_get_emerged_area_calls=1 vm_get_emerged_area_us=1 vm_get_data_calls=1 vm_get_data_us=3785 vm_get_param2_data_calls=1 vm_get_param2_data_us=3803 vm_get_light_data_calls=0 vm_get_light_data_us=0 vm_set_data_calls=0 vm_set_data_us=0 vm_set_param2_data_calls=0 vm_set_param2_data_us=0 vm_set_lighting_calls=0 vm_set_lighting_us=0 vm_calc_lighting_calls=0 vm_calc_lighting_us=0 vm_set_light_data_calls=0 vm_set_light_data_us=0 vm_update_liquids_calls=0 vm_update_liquids_us=0
ACTION[Emerge-0]: GRUG_WP40_PROFILE_CALLBACK callback=83 minp=1728,-32,2528 maxp=1807,47,2607 blockseed=1950670441 plan_us=334119 writer_us=373194 total_us=707313 columns=6400 candidate_cells=49 candidates=143 r5_runs=25600 result=applied_cplq vm_get_emerged_area_calls=1 vm_get_emerged_area_us=2 vm_get_data_calls=1 vm_get_data_us=3828 vm_get_param2_data_calls=1 vm_get_param2_data_us=3786 vm_get_light_data_calls=2 vm_get_light_data_us=8118 vm_set_data_calls=1 vm_set_data_us=7443 vm_set_param2_data_calls=1 vm_set_param2_data_us=7083 vm_set_lighting_calls=16 vm_set_lighting_us=117 vm_calc_lighting_calls=1 vm_calc_lighting_us=6329 vm_set_light_data_calls=1 vm_set_light_data_us=7024 vm_update_liquids_calls=1 vm_update_liquids_us=1074
ACTION[Emerge-0]: GRUG_WP40_PROFILE_CALLBACK callback=84 minp=1808,-32,2528 maxp=1887,47,2607 blockseed=2946524457 plan_us=252711 writer_us=294152 total_us=546863 columns=6400 candidate_cells=49 candidates=228 r5_runs=25600 result=applied_cplq vm_get_emerged_area_calls=1 vm_get_emerged_area_us=2 vm_get_data_calls=1 vm_get_data_us=4056 vm_get_param2_data_calls=1 vm_get_param2_data_us=4053 vm_get_light_data_calls=2 vm_get_light_data_us=8123 vm_set_data_calls=1 vm_set_data_us=6931 vm_set_param2_data_calls=1 vm_set_param2_data_us=6881 vm_set_lighting_calls=16 vm_set_lighting_us=74 vm_calc_lighting_calls=1 vm_calc_lighting_us=7037 vm_set_light_data_calls=1 vm_set_light_data_us=6750 vm_update_liquids_calls=1 vm_update_liquids_us=1064
ACTION[Emerge-0]: GRUG_WP40_PROFILE_CALLBACK callback=85 minp=1728,48,2528 maxp=1807,127,2607 blockseed=646627961 plan_us=82963 writer_us=114735 total_us=197698 columns=6400 candidate_cells=49 candidates=143 r5_runs=6400 result=applied_clq vm_get_emerged_area_calls=1 vm_get_emerged_area_us=1 vm_get_data_calls=1 vm_get_data_us=3787 vm_get_param2_data_calls=1 vm_get_param2_data_us=3784 vm_get_light_data_calls=2 vm_get_light_data_us=7574 vm_set_data_calls=1 vm_set_data_us=7230 vm_set_param2_data_calls=0 vm_set_param2_data_us=0 vm_set_lighting_calls=47 vm_set_lighting_us=23 vm_calc_lighting_calls=1 vm_calc_lighting_us=11480 vm_set_light_data_calls=1 vm_set_light_data_us=7022 vm_update_liquids_calls=1 vm_update_liquids_us=905
ACTION[Emerge-0]: GRUG_WP40_PROFILE_CALLBACK callback=86 minp=1808,48,2528 maxp=1887,127,2607 blockseed=1172361401 plan_us=74575 writer_us=58069 total_us=132644 columns=6400 candidate_cells=49 candidates=228 r5_runs=6400 result=noop_equal_content vm_get_emerged_area_calls=1 vm_get_emerged_area_us=2 vm_get_data_calls=1 vm_get_data_us=3795 vm_get_param2_data_calls=1 vm_get_param2_data_us=3790 vm_get_light_data_calls=0 vm_get_light_data_us=0 vm_set_data_calls=0 vm_set_data_us=0 vm_set_param2_data_calls=0 vm_set_param2_data_us=0 vm_set_lighting_calls=0 vm_set_lighting_us=0 vm_calc_lighting_calls=0 vm_calc_lighting_us=0 vm_set_light_data_calls=0 vm_set_light_data_us=0 vm_update_liquids_calls=0 vm_update_liquids_us=0
ACTION[Emerge-0]: GRUG_WP40_PROFILE_CALLBACK callback=87 minp=1728,-32,2608 maxp=1807,47,2687 blockseed=65801979 plan_us=366568 writer_us=340966 total_us=707534 columns=6400 candidate_cells=49 candidates=496 r5_runs=24720 result=applied_cplq vm_get_emerged_area_calls=1 vm_get_emerged_area_us=2 vm_get_data_calls=1 vm_get_data_us=4054 vm_get_param2_data_calls=1 vm_get_param2_data_us=4060 vm_get_light_data_calls=2 vm_get_light_data_us=8182 vm_set_data_calls=1 vm_set_data_us=6927 vm_set_param2_data_calls=1 vm_set_param2_data_us=6818 vm_set_lighting_calls=16 vm_set_lighting_us=83 vm_calc_lighting_calls=1 vm_calc_lighting_us=5756 vm_set_light_data_calls=1 vm_set_light_data_us=7204 vm_update_liquids_calls=1 vm_update_liquids_us=1201
ACTION[Emerge-0]: GRUG_WP40_PROFILE_CALLBACK callback=88 minp=1808,-32,2608 maxp=1887,47,2687 blockseed=2936161851 plan_us=277105 writer_us=321979 total_us=599084 columns=6400 candidate_cells=49 candidates=505 r5_runs=24676 result=applied_cplq vm_get_emerged_area_calls=1 vm_get_emerged_area_us=3 vm_get_data_calls=1 vm_get_data_us=4065 vm_get_param2_data_calls=1 vm_get_param2_data_us=4061 vm_get_light_data_calls=2 vm_get_light_data_us=9713 vm_set_data_calls=1 vm_set_data_us=7245 vm_set_param2_data_calls=1 vm_set_param2_data_us=7036 vm_set_lighting_calls=16 vm_set_lighting_us=96 vm_calc_lighting_calls=1 vm_calc_lighting_us=6060 vm_set_light_data_calls=1 vm_set_light_data_us=7070 vm_update_liquids_calls=1 vm_update_liquids_us=1224
ACTION[Emerge-0]: GRUG_WP40_PROFILE_CALLBACK callback=89 minp=1728,48,2608 maxp=1807,127,2687 blockseed=1808374897 plan_us=110715 writer_us=122464 total_us=233179 columns=6400 candidate_cells=49 candidates=496 r5_runs=6400 result=applied_clq vm_get_emerged_area_calls=1 vm_get_emerged_area_us=3 vm_get_data_calls=1 vm_get_data_us=4092 vm_get_param2_data_calls=1 vm_get_param2_data_us=4085 vm_get_light_data_calls=2 vm_get_light_data_us=8115 vm_set_data_calls=1 vm_set_data_us=7707 vm_set_param2_data_calls=0 vm_set_param2_data_us=0 vm_set_lighting_calls=46 vm_set_lighting_us=29 vm_calc_lighting_calls=1 vm_calc_lighting_us=11482 vm_set_light_data_calls=1 vm_set_light_data_us=6752 vm_update_liquids_calls=1 vm_update_liquids_us=922
ACTION[Emerge-0]: GRUG_WP40_PROFILE_CALLBACK callback=90 minp=1808,48,2608 maxp=1887,127,2687 blockseed=944899697 plan_us=94222 writer_us=118872 total_us=213094 columns=6400 candidate_cells=49 candidates=505 r5_runs=6400 result=applied_clq vm_get_emerged_area_calls=1 vm_get_emerged_area_us=2 vm_get_data_calls=1 vm_get_data_us=4126 vm_get_param2_data_calls=1 vm_get_param2_data_us=3818 vm_get_light_data_calls=2 vm_get_light_data_us=7788 vm_set_data_calls=1 vm_set_data_us=7215 vm_set_param2_data_calls=0 vm_set_param2_data_us=0 vm_set_lighting_calls=36 vm_set_lighting_us=22 vm_calc_lighting_calls=1 vm_calc_lighting_us=12801 vm_set_light_data_calls=1 vm_set_light_data_us=7060 vm_update_liquids_calls=1 vm_update_liquids_us=906
ACTION[Emerge-0]: [grug_core] start area ready: troll (6/6, 58.8 s)
ACTION[Emerge-0]: [grug_core] all 6 start areas ready after 58.8 s
ACTION[Emerge-0]: GRUG_WP40_PROFILE_PROBE phase=cold event=emerge case=pine_hearthpine_south mapchunk=-1872,-32,-2512 elapsed_us=16485611 generated=0 disk=0 memory=125 cancelled=0 errored=0
ACTION[Server]: [grug_mobs] start npcs kapok: grug_mobs:guard_throng placed at socket gate_west (1796,25,2505)
ACTION[Server]: [grug_mobs] start npcs kapok: grug_mobs:guard_throng placed at socket gate_east (1804,25,2505)
ACTION[Server]: [grug_mobs] start npcs kapok: grug_mobs:guard_throng placed at socket watch_gate (1800,25,2514)
ACTION[Server]: [grug_mobs] start npcs kapok: grug_traders:vendor_race_troll placed at socket clearing_vendor (1807,25,2546)
ACTION[Server]: [grug_mobs] start npcs kapok: grug_mobs:villager_troll placed at socket idle_lodge_door (1798,25,2567)
ACTION[Server]: [grug_mobs] start npcs kapok: grug_mobs:villager_troll placed at socket idle_terrace_settle (1788,25,2577)
ACTION[Server]: [grug_mobs] start npcs kapok: grug_mobs:villager_troll placed at socket idle_drying_shed (1783,25,2574)
ACTION[Server]: [grug_mobs] start npcs kapok: grug_mobs:villager_troll placed at socket idle_smoker (1813,25,2570)
ACTION[Server]: [grug_mobs] start npcs kapok: grug_mobs:villager_troll placed at socket work_jungle (1771,25,2563)
ACTION[Server]: [grug_mobs] start npcs kapok: grug_mobs:villager_troll placed at socket work_terrace (1784,25,2574)
ACTION[Server]: [grug_mobs] start npcs kapok: grug_mobs:elder_troll placed at socket hall_quest (1803,25,2567)
ACTION[Server]: [grug_mobs] start npcs kapok: grug_mobs:villager_troll placed at socket trainer_cooking (1802,25,2540)
ACTION[Server]: [grug_mobs] start npcs troll kapok: guards 3/3 flair 7/7 vendor 1/1 quest 1/1 royal 0/0 new 12 pending 0 spare 3 residents 6 walkers 1
ACTION[Emerge-0]: GRUG_WP40_PROFILE_CALLBACK callback=91 minp=-32,-32,-1552 maxp=47,47,-1473 blockseed=893986625 plan_us=598580 writer_us=555575 total_us=1154155 columns=6400 candidate_cells=49 candidates=0 r5_runs=19200 result=applied_cplq vm_get_emerged_area_calls=1 vm_get_emerged_area_us=3 vm_get_data_calls=1 vm_get_data_us=4070 vm_get_param2_data_calls=1 vm_get_param2_data_us=4060 vm_get_light_data_calls=2 vm_get_light_data_us=9210 vm_set_data_calls=1 vm_set_data_us=7210 vm_set_param2_data_calls=1 vm_set_param2_data_us=7086 vm_set_lighting_calls=1 vm_set_lighting_us=61 vm_calc_lighting_calls=1 vm_calc_lighting_us=2096 vm_set_light_data_calls=1 vm_set_light_data_us=7019 vm_update_liquids_calls=1 vm_update_liquids_us=979
ACTION[Emerge-0]: GRUG_WP40_PROFILE_PROBE phase=cold event=emerge case=human_capital mapchunk=-32,-32,-1552 elapsed_us=1185366 generated=1 disk=0 memory=124 cancelled=0 errored=0
ACTION[Server]: [grug_mobs] start npcs highcourt: grug_mobs:guard_accord placed at socket door_guard_west (-3,47,-1489)
ACTION[Server]: [grug_mobs] start npcs highcourt: grug_mobs:guard_accord placed at socket door_guard_east (4,47,-1489)
ACTION[Server]: [grug_mobs] start npcs highcourt: grug_mobs:villager_human placed at socket hall_idle_west (-13,47,-1481)
ACTION[Server]: [grug_mobs] start npcs highcourt: grug_mobs:villager_human placed at socket hall_idle_east (13,47,-1481)
ACTION[Server]: [grug_mobs] start npcs highcourt: grug_mobs:guard_accord placed at socket gate_south_post_west (-2,45,-1546)
ACTION[Server]: [grug_mobs] start npcs highcourt: grug_mobs:guard_accord placed at socket gate_south_post_east (2,45,-1546)
ACTION[Server]: [grug_mobs] start npcs highcourt: grug_mobs:villager_human placed at socket gate_south_idle_west (-5,45,-1543)
ACTION[Server]: [grug_mobs] start npcs highcourt: grug_mobs:villager_human placed at socket gate_south_idle_east (5,45,-1543)
ACTION[Server]: [grug_mobs] start npcs highcourt: grug_mobs:guard_accord placed at socket gate_east_post_west (46,45,-1502)
ACTION[Server]: [grug_mobs] start npcs highcourt: grug_mobs:guard_accord placed at socket gate_east_post_east (46,45,-1498)
ACTION[Server]: [grug_mobs] start npcs highcourt: grug_mobs:villager_human placed at socket gate_east_idle_west (43,45,-1505)
ACTION[Server]: [grug_mobs] start npcs highcourt: grug_mobs:villager_human placed at socket gate_east_idle_east (43,45,-1495)
ACTION[Server]: [grug_mobs] start npcs highcourt: grug_mobs:villager_human placed at socket market_booth_1 (-31,45,-1528)
ACTION[Server]: [grug_mobs] start npcs highcourt: grug_mobs:villager_human placed at socket market_booth_2 (-17,45,-1528)
ACTION[Server]: [grug_mobs] start npcs highcourt: grug_mobs:villager_human placed at socket market_booth_3 (-31,45,-1510)
ACTION[Server]: [grug_mobs] start npcs highcourt: grug_mobs:villager_human placed at socket market_booth_4 (-17,45,-1510)
ACTION[Server]: [grug_mobs] start npcs highcourt: grug_mobs:villager_human placed at socket market_idle_east (-15,45,-1512)
ACTION[Server]: [grug_mobs] start npcs highcourt: grug_mobs:villager_human placed at socket colonnade_west_idle_a (-8,45,-1509)
ACTION[Server]: [grug_mobs] start npcs highcourt: grug_mobs:villager_human placed at socket colonnade_west_idle_b (-6,45,-1519)
ACTION[Server]: [grug_mobs] start npcs highcourt: grug_mobs:villager_human placed at socket colonnade_east_idle_a (7,45,-1519)
ACTION[Server]: [grug_mobs] start npcs highcourt: grug_mobs:villager_human placed at socket colonnade_east_idle_b (5,45,-1509)
ACTION[Server]: [grug_mobs] start npcs highcourt: grug_mobs:villager_human placed at socket statue_idle (16,45,-1511)
ACTION[Server]: [grug_mobs] start npcs highcourt: grug_mobs:villager_human placed at socket orchard_east_work (18,45,-1540)
ACTION[Server]: [grug_mobs] start npcs highcourt: grug_mobs:guard_accord placed at socket orchard_east_street_a (26,45,-1535)
ACTION[Server]: [grug_mobs] start npcs highcourt: grug_traders:vendor_race_human placed at socket vendor_race (42,45,-1493)
ACTION[Server]: [grug_mobs] start npcs highcourt: grug_traders:vendor_general_accord placed at socket vendor_general (42,45,-1487)
ACTION[Server]: [grug_mobs] start npcs highcourt: grug_mobs:elder_human placed at socket chapel_quest (-22,45,-1473)
ACTION[Server]: [grug_mobs] start npcs highcourt: grug_mobs:villager_human placed at socket court_idle_well (44,45,-1473)
ACTION[Server]: [grug_mobs] start npcs highcourt: grug_mobs:villager_human placed at socket court_idle_yard (34,45,-1480)
ACTION[Server]: [grug_mobs] start npcs highcourt: grug_mobs:villager_human placed at socket forecourt_idle_west (-6,45,-1497)
ACTION[Server]: [grug_mobs] start npcs highcourt: grug_mobs:villager_human placed at socket forecourt_idle_east (7,45,-1497)
ACTION[Server]: [grug_mobs] start npcs highcourt: grug_mobs:villager_human placed at socket trainer_blacksmith (-1,45,-1508)
ACTION[Server]: [grug_mobs] start npcs highcourt: grug_mobs:villager_human placed at socket trainer_alchemist (1,45,-1512)
ACTION[Server]: [grug_mobs] start npcs highcourt: grug_mobs:villager_human placed at socket trainer_tailor (-1,45,-1516)
ACTION[Server]: [grug_mobs] start npcs highcourt: grug_mobs:villager_human placed at socket trainer_leatherworker (1,45,-1520)
ACTION[Server]: [grug_mobs] start npcs highcourt: grug_mobs:villager_human placed at socket trainer_woodcarver (-1,45,-1524)
ACTION[Server]: [grug_mobs] start npcs highcourt: grug_mobs:villager_human placed at socket trainer_goldsmith (1,45,-1528)
ACTION[Server]: [grug_mobs] start npcs highcourt: grug_mobs:villager_human placed at socket trainer_cooking (-1,45,-1532)
ACTION[Server]: [grug_mobs] start npcs human highcourt: guards 7/28 flair 28/151 vendor 2/7 quest 1/2 royal 0/1 new 38 pending 151 spare 26 residents 144 walkers 22
ACTION[Emerge-0]: GRUG_WP40_PROFILE_CALLBACK callback=92 minp=-32,48,-272 maxp=47,127,-193 blockseed=1667303045 plan_us=3186635 writer_us=1056886 total_us=4243521 columns=6400 candidate_cells=49 candidates=1350 r5_runs=19200 result=applied_cplq vm_get_emerged_area_calls=1 vm_get_emerged_area_us=2 vm_get_data_calls=1 vm_get_data_us=4057 vm_get_param2_data_calls=1 vm_get_param2_data_us=4055 vm_get_light_data_calls=2 vm_get_light_data_us=8112 vm_set_data_calls=1 vm_set_data_us=7212 vm_set_param2_data_calls=1 vm_set_param2_data_us=7086 vm_set_lighting_calls=81 vm_set_lighting_us=136 vm_calc_lighting_calls=1 vm_calc_lighting_us=4704 vm_set_light_data_calls=1 vm_set_light_data_us=7019 vm_update_liquids_calls=1 vm_update_liquids_us=946
ACTION[Emerge-0]: GRUG_WP40_PROFILE_PROBE phase=cold event=emerge case=elandor_front mapchunk=-32,48,-272 elapsed_us=4269495 generated=1 disk=0 memory=124 cancelled=0 errored=0
ACTION[Emerge-0]: GRUG_WP40_PROFILE_CALLBACK callback=93 minp=-752,-32,-32 maxp=-673,47,47 blockseed=3068557649 plan_us=660489 writer_us=366254 total_us=1026743 columns=6400 candidate_cells=49 candidates=907 r5_runs=22940 result=applied_cplq vm_get_emerged_area_calls=1 vm_get_emerged_area_us=4 vm_get_data_calls=1 vm_get_data_us=4058 vm_get_param2_data_calls=1 vm_get_param2_data_us=4050 vm_get_light_data_calls=2 vm_get_light_data_us=8107 vm_set_data_calls=1 vm_set_data_us=7196 vm_set_param2_data_calls=1 vm_set_param2_data_us=7084 vm_set_lighting_calls=81 vm_set_lighting_us=136 vm_calc_lighting_calls=1 vm_calc_lighting_us=4038 vm_set_light_data_calls=1 vm_set_light_data_us=7019 vm_update_liquids_calls=1 vm_update_liquids_us=955
ACTION[Emerge-0]: GRUG_WP40_PROFILE_PROBE phase=cold event=emerge case=broken_causeway mapchunk=-752,-32,-32 elapsed_us=1061273 generated=1 disk=0 memory=124 cancelled=0 errored=0
ACTION[Emerge-0]: GRUG_WP40_PROFILE_CALLBACK callback=94 minp=-432,-32,-1552 maxp=-353,47,-1473 blockseed=3635851569 plan_us=2677590 writer_us=809475 total_us=3487065 columns=6400 candidate_cells=49 candidates=1567 r5_runs=15044 result=applied_clq vm_get_emerged_area_calls=1 vm_get_emerged_area_us=2 vm_get_data_calls=1 vm_get_data_us=4057 vm_get_param2_data_calls=1 vm_get_param2_data_us=4053 vm_get_light_data_calls=2 vm_get_light_data_us=9264 vm_set_data_calls=1 vm_set_data_us=7216 vm_set_param2_data_calls=0 vm_set_param2_data_us=0 vm_set_lighting_calls=1 vm_set_lighting_us=149 vm_calc_lighting_calls=1 vm_calc_lighting_us=2475 vm_set_light_data_calls=1 vm_set_light_data_us=7021 vm_update_liquids_calls=1 vm_update_liquids_us=1028
ACTION[Emerge-0]: GRUG_WP40_PROFILE_PROBE phase=cold event=emerge case=whitebridge mapchunk=-432,-32,-1552 elapsed_us=3521363 generated=1 disk=0 memory=124 cancelled=0 errored=0
ACTION[Emerge-0]: GRUG_WP40_PROFILE_CALLBACK callback=95 minp=-2752,-32,-32 maxp=-2673,47,47 blockseed=2525044665 plan_us=110679 writer_us=217274 total_us=327953 columns=6400 candidate_cells=49 candidates=0 r5_runs=25600 result=applied_clq vm_get_emerged_area_calls=1 vm_get_emerged_area_us=2 vm_get_data_calls=1 vm_get_data_us=4054 vm_get_param2_data_calls=1 vm_get_param2_data_us=3910 vm_get_light_data_calls=2 vm_get_light_data_us=8114 vm_set_data_calls=1 vm_set_data_us=7194 vm_set_param2_data_calls=0 vm_set_param2_data_us=0 vm_set_lighting_calls=1 vm_set_lighting_us=134 vm_calc_lighting_calls=1 vm_calc_lighting_us=6562 vm_set_light_data_calls=1 vm_set_light_data_us=7016 vm_update_liquids_calls=1 vm_update_liquids_us=908
ACTION[Emerge-0]: GRUG_WP40_PROFILE_PROBE phase=cold event=emerge case=wyrmglass_channel mapchunk=-2752,-32,-32 elapsed_us=360367 generated=1 disk=0 memory=124 cancelled=0 errored=0
ACTION[Emerge-0]: GRUG_WP40_PROFILE_CALLBACK callback=96 minp=-3312,208,-112 maxp=-3233,287,-33 blockseed=2857651185 plan_us=647807 writer_us=332132 total_us=979939 columns=6400 candidate_cells=49 candidates=1 r5_runs=21161 result=applied_clq vm_get_emerged_area_calls=1 vm_get_emerged_area_us=3 vm_get_data_calls=1 vm_get_data_us=4059 vm_get_param2_data_calls=1 vm_get_param2_data_us=4056 vm_get_light_data_calls=2 vm_get_light_data_us=8123 vm_set_data_calls=1 vm_set_data_us=6929 vm_set_param2_data_calls=0 vm_set_param2_data_us=0 vm_set_lighting_calls=1 vm_set_lighting_us=143 vm_calc_lighting_calls=1 vm_calc_lighting_us=2225 vm_set_light_data_calls=1 vm_set_light_data_us=6751 vm_update_liquids_calls=1 vm_update_liquids_us=892
ACTION[Emerge-0]: GRUG_WP40_PROFILE_PROBE phase=cold event=emerge case=wyrmglass_island mapchunk=-3312,208,-112 elapsed_us=1006612 generated=1 disk=0 memory=124 cancelled=0 errored=0
ACTION[Emerge-0]: GRUG_WP40_PROFILE_CALLBACK callback=97 minp=-1712,-912,128 maxp=-1633,-833,207 blockseed=3960536441 plan_us=834877 writer_us=448459 total_us=1283336 columns=6400 candidate_cells=49 candidates=210 r5_runs=0 result=applied_c vm_get_emerged_area_calls=1 vm_get_emerged_area_us=2 vm_get_data_calls=1 vm_get_data_us=4061 vm_get_param2_data_calls=1 vm_get_param2_data_us=4055 vm_get_light_data_calls=0 vm_get_light_data_us=0 vm_set_data_calls=1 vm_set_data_us=7227 vm_set_param2_data_calls=0 vm_set_param2_data_us=0 vm_set_lighting_calls=0 vm_set_lighting_us=0 vm_calc_lighting_calls=0 vm_calc_lighting_us=0 vm_set_light_data_calls=0 vm_set_light_data_us=0 vm_update_liquids_calls=0 vm_update_liquids_us=0
ACTION[Emerge-0]: GRUG_WP40_PROFILE_PROBE phase=cold event=emerge case=deep_cross_border mapchunk=-1712,-912,128 elapsed_us=1318899 generated=1 disk=0 memory=124 cancelled=0 errored=0
ACTION[Server]: GRUG_WP40_PROFILE_PROBE phase=cold event=complete requested=10 completed=10 callbacks=97 generated=8 disk=0 memory=1242 cancelled=0 errored=0 samples=370 expected_nodes=0 digest=0bf5fe5a9b7cc0e3a27f59bc115c8e48454e28d587705587d9af46b716841ddc full_digest=4bc7438edfe1ecfa871fdc39c2ada49d7c59b57769e037fd7d6c3fa627812a9a full_vocabulary_digest=4e8a007fcfbf1bd61a7aea8bcdb73a285172bdb3c85955948fd799a42aa8c02b full_voxels=49664000 full_owners=97 measured_elapsed_us=72237394 diagnostic_us=8554480
WARNING[Server]: Server: Maximum lag peaked at 8.55471 (steplen=0.05)
ACTION[Main]: Server: Shutting down
