ACTION[Server]: GRUG_R5_DESPAWN event=start near_distance=32 far_distance=160 active_block_range=4 unload_timeout=2 remove_ok=true forced=true
ACTION[Server]: GRUG_R5_DESPAWN event=lifetime second=0 phase=loaded near=1 far=1
ACTION[Server]: GRUG_R5_DESPAWN event=lifetime second=1 phase=loaded near=1 far=1
ACTION[Server]: GRUG_R5_DESPAWN event=lifetime second=2 phase=loaded near=1 far=1
ACTION[Server]: GRUG_R5_DESPAWN event=lifetime second=3 phase=loaded near=1 far=1
ACTION[Server]: GRUG_R5_DESPAWN event=lifetime second=4 phase=loaded near=1 far=1
ACTION[Server]: GRUG_R5_DESPAWN event=lifetime second=5 phase=loaded near=1 far=1
ACTION[Server]: GRUG_R5_DESPAWN event=lifetime second=6 phase=loaded near=1 far=1
ACTION[Server]: GRUG_R5_DESPAWN event=lifetime second=7 phase=loaded near=1 far=1
ACTION[Server]: GRUG_R5_DESPAWN event=lifetime second=8 phase=loaded near=1 far=1
ACTION[Server]: GRUG_R5_DESPAWN event=lifetime second=9 phase=loaded near=1 far=1
ACTION[Server]: GRUG_R5_DESPAWN event=block_unload second=10
ACTION[Server]: GRUG_R5_DESPAWN event=lifetime second=10 phase=unloaded near=1 far=1
ACTION[Server]: GRUG_R5_DESPAWN event=lifetime second=11 phase=unloaded near=0 far=0
ACTION[Server]: GRUG_R5_DESPAWN event=lifetime second=12 phase=unloaded near=0 far=0
ACTION[Server]: GRUG_R5_DESPAWN event=lifetime second=13 phase=unloaded near=0 far=0
ACTION[Server]: GRUG_R5_DESPAWN event=lifetime second=14 phase=unloaded near=0 far=0
ACTION[Server]: GRUG_R5_DESPAWN event=lifetime second=15 phase=unloaded near=0 far=0
ACTION[Server]: GRUG_R5_DESPAWN event=lifetime second=16 phase=unloaded near=0 far=0
ACTION[Server]: GRUG_R5_DESPAWN event=lifetime second=17 phase=unloaded near=0 far=0
ACTION[Server]: GRUG_R5_DESPAWN event=lifetime second=18 phase=unloaded near=0 far=0
ACTION[Server]: GRUG_R5_DESPAWN event=lifetime second=19 phase=unloaded near=0 far=0
ACTION[Server]: GRUG_R5_DESPAWN event=lifetime second=20 phase=unloaded near=0 far=0
ACTION[Server]: GRUG_R5_DESPAWN event=lifetime second=21 phase=unloaded near=0 far=0
ACTION[Server]: GRUG_R5_DESPAWN event=lifetime second=22 phase=unloaded near=0 far=0
ACTION[Server]: GRUG_R5_DESPAWN event=lifetime second=23 phase=unloaded near=0 far=0
ACTION[Server]: GRUG_R5_DESPAWN event=lifetime second=24 phase=unloaded near=0 far=0
ACTION[Server]: GRUG_R5_DESPAWN event=block_reload second=25 forced=true
ACTION[Server]: GRUG_R5_DESPAWN event=lifetime second=25 phase=reloaded near=0 far=0
ACTION[Server]: GRUG_R5_DESPAWN event=lifetime second=26 phase=reloaded near=0 far=0
ACTION[Server]: GRUG_R5_DESPAWN event=lifetime second=27 phase=reloaded near=0 far=0
ACTION[Server]: GRUG_R5_DESPAWN event=lifetime second=28 phase=reloaded near=0 far=0
ACTION[Server]: GRUG_R5_DESPAWN event=lifetime second=29 phase=reloaded near=0 far=1
ACTION[Server]: GRUG_R5_DESPAWN event=lifetime second=30 phase=reloaded near=0 far=0
ACTION[Server]: GRUG_R5_DESPAWN event=lifetime second=31 phase=reloaded near=0 far=0
ACTION[Server]: GRUG_R5_DESPAWN event=lifetime second=32 phase=reloaded near=0 far=0
ACTION[Server]: GRUG_R5_DESPAWN event=lifetime second=33 phase=reloaded near=2 far=0
ACTION[Server]: GRUG_R5_DESPAWN event=lifetime second=34 phase=reloaded near=2 far=0
ACTION[Server]: GRUG_R5_DESPAWN event=lifetime second=35 phase=reloaded near=2 far=0
ACTION[Server]: GRUG_R5_DESPAWN event=lifetime second=36 phase=reloaded near=2 far=0
ACTION[Server]: GRUG_R5_DESPAWN event=lifetime second=37 phase=reloaded near=2 far=0
ACTION[Server]: GRUG_R5_DESPAWN event=lifetime second=38 phase=reloaded near=2 far=0
ACTION[Server]: GRUG_R5_DESPAWN event=lifetime second=39 phase=reloaded near=2 far=0
ACTION[Server]: GRUG_R5_DESPAWN event=lifetime second=40 phase=reloaded near=2 far=0
ACTION[Server]: GRUG_R5_DESPAWN event=lifetime second=41 phase=reloaded near=2 far=0
ACTION[Server]: GRUG_R5_DESPAWN event=lifetime second=42 phase=reloaded near=2 far=0
ACTION[Server]: GRUG_R5_DESPAWN event=lifetime second=43 phase=reloaded near=2 far=0
ACTION[Server]: GRUG_R5_DESPAWN event=lifetime second=44 phase=reloaded near=2 far=0
ACTION[Server]: GRUG_R5_DESPAWN event=lifetime second=45 phase=reloaded near=2 far=0
ACTION[Server]: GRUG_R5_DESPAWN event=lifetime second=46 phase=reloaded near=2 far=0
ACTION[Server]: GRUG_R5_DESPAWN event=lifetime second=47 phase=reloaded near=2 far=0
ACTION[Server]: GRUG_R5_DESPAWN event=lifetime second=48 phase=reloaded near=2 far=0
ACTION[Server]: GRUG_R5_DESPAWN event=lifetime second=49 phase=reloaded near=2 far=0
ACTION[Server]: GRUG_R5_DESPAWN event=lifetime second=50 phase=reloaded near=2 far=0
ACTION[Server]: GRUG_R5_DESPAWN event=lifetime second=51 phase=reloaded near=2 far=0
ACTION[Server]: GRUG_R5_DESPAWN event=lifetime second=52 phase=reloaded near=2 far=0
ACTION[Server]: GRUG_R5_DESPAWN event=lifetime second=53 phase=reloaded near=2 far=0
ACTION[Server]: GRUG_R5_DESPAWN event=lifetime second=54 phase=reloaded near=2 far=0
ACTION[Server]: GRUG_R5_DESPAWN event=lifetime second=55 phase=reloaded near=2 far=0
ACTION[Server]: GRUG_R5_DESPAWN event=finish seconds=55 near=2 far=0 total=2
