INFO[Main]: Profiler:
INFO[Main]:   Server::RunStep() (max) [ms] ____________________    1x       51
INFO[Main]: Profiler:
INFO[Main]:   Server: map saving (sum) [ms] 
INFO[Main]:   Server::RunStep() (max) [ms] ____________________    1x       51
INFO[Main]: Profiler:
INFO[Main]:   Server: map saving (sum) [ms] 
INFO[Main]:   Server::RunStep() (max) [ms] ____________________    1x       51
INFO[Main]: Profiler:
INFO[Main]:   Server: map saving (sum) [ms] 
INFO[Main]:   Server::RunStep() (max) [ms] ____________________    1x       51
INFO[Main]: Profiler:
INFO[Main]:   Server: map saving (sum) [ms] 
INFO[Main]:   Server::RunStep() (max) [ms] ____________________    1x       51
INFO[Main]: Profiler:
INFO[Main]:   Server: map saving (sum) [ms] 
INFO[Main]:   Server::RunStep() (max) [ms] ____________________    1x       51
INFO[Main]: Profiler:
INFO[Main]:   Server: map saving (sum) [ms] 
INFO[Main]:   Server::RunStep() (max) [ms] ____________________    1x       51
INFO[Main]: Profiler:
INFO[Main]:   Server: map saving (sum) [ms] 
INFO[Main]:   Server::RunStep() (max) [ms] ____________________    1x       51
INFO[Main]: Profiler:
INFO[Main]:   Server: map saving (sum) [ms] 
INFO[Main]:   Server::RunStep() (max) [ms] ____________________    1x       51
INFO[Main]: Profiler:
INFO[Main]:   EmergeThread: Lua on_generated [ms] _____________    1x      556
INFO[Main]:   EmergeThread: Mapgen::makeChunk [ms] ____________    2x       32
INFO[Main]:   EmergeThread: after Mapgen::makeChunk [ms] ______    1x        1
INFO[Main]:   EmergeThread: load block - async (sum) [ms] 
INFO[Main]:   EmergeThread: update lighting [ms] ______________   84x    0.178
INFO[Main]:   Server: map saving (sum) [ms] 
INFO[Main]:   Server::RunStep() (max) [ms] ____________________    1x       51
INFO[Main]: Profiler:
INFO[Main]:   EmergeThread: Lua on_generated [ms] _____________    1x      590
INFO[Main]:   EmergeThread: Mapgen::makeChunk [ms] ____________    1x       34
INFO[Main]:   EmergeThread: after Mapgen::makeChunk [ms] 
INFO[Main]:   EmergeThread: load block - async (sum) [ms] 
INFO[Main]:   EmergeThread: update lighting [ms] ______________   98x    0.112
INFO[Main]:   Server: map saving (sum) [ms] ___________________    1x        7
INFO[Main]:   Server::RunStep() (max) [ms] ____________________    1x       51
INFO[Main]: Profiler:
INFO[Main]:   EmergeThread: Lua on_generated [ms] _____________    2x    658.5
INFO[Main]:   EmergeThread: Mapgen::makeChunk [ms] ____________    2x       30
INFO[Main]:   EmergeThread: after Mapgen::makeChunk [ms] ______    2x      0.5
INFO[Main]:   EmergeThread: load block - async (sum) [ms] 
INFO[Main]:   EmergeThread: update lighting [ms] ______________  101x    0.158
INFO[Main]:   Server: map saving (sum) [ms] ___________________    1x        7
INFO[Main]:   Server::RunStep() (max) [ms] ____________________    1x       51
INFO[Main]: Profiler:
INFO[Main]:   EmergeThread: Lua on_generated [ms] _____________    2x    534.5
INFO[Main]:   EmergeThread: Mapgen::makeChunk [ms] ____________    1x       29
INFO[Main]:   EmergeThread: after Mapgen::makeChunk [ms] ______    2x        1
INFO[Main]:   EmergeThread: load block - async (sum) [ms] 
INFO[Main]:   EmergeThread: update lighting [ms] ______________    5x      2.6
INFO[Main]:   Server: map saving (sum) [ms] ___________________    1x       11
INFO[Main]:   Server::RunStep() (max) [ms] ____________________    1x       51
INFO[Main]: Profiler:
INFO[Main]:   EmergeThread: Lua on_generated [ms] _____________    1x      611
INFO[Main]:   EmergeThread: Mapgen::makeChunk [ms] ____________    2x     30.5
INFO[Main]:   EmergeThread: after Mapgen::makeChunk [ms] ______    1x        1
INFO[Main]:   EmergeThread: load block - async (sum) [ms] 
INFO[Main]:   EmergeThread: update lighting [ms] ______________    4x      3.5
INFO[Main]:   Server: map saving (sum) [ms] ___________________    1x        8
INFO[Main]:   Server::RunStep() (max) [ms] ____________________    1x       51
INFO[Main]: Profiler:
INFO[Main]:   EmergeThread: Lua on_generated [ms] _____________    2x    507.5
INFO[Main]:   EmergeThread: Mapgen::makeChunk [ms] ____________    2x     30.5
INFO[Main]:   EmergeThread: after Mapgen::makeChunk [ms] ______    2x      0.5
INFO[Main]:   EmergeThread: load block - async (sum) [ms] 
INFO[Main]:   EmergeThread: update lighting [ms] ______________    6x    3.666
INFO[Main]:   Server: map saving (sum) [ms] ___________________    1x        7
INFO[Main]:   Server::RunStep() (max) [ms] ____________________    1x       51
INFO[Main]: Profiler:
INFO[Main]:   EmergeThread: Lua on_generated [ms] _____________    1x      824
INFO[Main]:   EmergeThread: Mapgen::makeChunk [ms] ____________    1x       35
INFO[Main]:   EmergeThread: after Mapgen::makeChunk [ms] ______    1x        1
INFO[Main]:   EmergeThread: load block - async (sum) [ms] 
INFO[Main]:   EmergeThread: update lighting [ms] ______________   98x    0.112
INFO[Main]:   Server: map saving (sum) [ms] ___________________    1x       12
INFO[Main]:   Server::RunStep() (max) [ms] ____________________    1x       51
INFO[Main]: Profiler:
INFO[Main]:   EmergeThread: Lua on_generated [ms] _____________    1x      725
INFO[Main]:   EmergeThread: Mapgen::makeChunk [ms] ____________    1x       34
INFO[Main]:   EmergeThread: after Mapgen::makeChunk [ms] ______    1x        1
INFO[Main]:   EmergeThread: load block - async (sum) [ms] 
INFO[Main]:   EmergeThread: update lighting [ms] ______________    3x        5
INFO[Main]:   Server: map saving (sum) [ms] ___________________    1x        7
INFO[Main]:   Server::RunStep() (max) [ms] ____________________    1x       51
INFO[Main]: Profiler:
INFO[Main]:   EmergeThread: Lua on_generated [ms] _____________    1x      684
INFO[Main]:   EmergeThread: Mapgen::makeChunk [ms] ____________    1x       33
INFO[Main]:   EmergeThread: after Mapgen::makeChunk [ms] ______    1x        1
INFO[Main]:   EmergeThread: load block - async (sum) [ms] 
INFO[Main]:   EmergeThread: update lighting [ms] ______________    3x    3.666
INFO[Main]:   Server: map saving (sum) [ms] ___________________    1x        7
INFO[Main]:   Server::RunStep() (max) [ms] ____________________    1x       51
INFO[Main]: Profiler:
INFO[Main]:   EmergeThread: Lua on_generated [ms] _____________    2x      764
INFO[Main]:   EmergeThread: Mapgen::makeChunk [ms] ____________    2x     33.5
INFO[Main]:   EmergeThread: after Mapgen::makeChunk [ms] ______    2x        1
INFO[Main]:   EmergeThread: load block - async (sum) [ms] 
INFO[Main]:   EmergeThread: update lighting [ms] ______________   86x    0.174
INFO[Main]:   Server: map saving (sum) [ms] ___________________    1x        9
INFO[Main]:   Server::RunStep() (max) [ms] ____________________    1x       51
INFO[Main]: Profiler:
INFO[Main]:   EmergeThread: Lua on_generated [ms] _____________    1x      581
INFO[Main]:   EmergeThread: Mapgen::makeChunk [ms] ____________    1x       29
INFO[Main]:   EmergeThread: after Mapgen::makeChunk [ms] ______    1x        1
INFO[Main]:   EmergeThread: load block - async (sum) [ms] 
INFO[Main]:   EmergeThread: update lighting [ms] ______________    3x    3.333
INFO[Main]:   Server: map saving (sum) [ms] ___________________    1x       12
INFO[Main]:   Server::RunStep() (max) [ms] ____________________    1x       51
INFO[Main]: Profiler:
INFO[Main]:   EmergeThread: Lua on_generated [ms] _____________    2x    570.5
INFO[Main]:   EmergeThread: Mapgen::makeChunk [ms] ____________    2x       31
INFO[Main]:   EmergeThread: after Mapgen::makeChunk [ms] 
INFO[Main]:   EmergeThread: load block - async (sum) [ms] 
INFO[Main]:   EmergeThread: update lighting [ms] ______________  101x    0.198
INFO[Main]:   Server: map saving (sum) [ms] ___________________    1x        7
INFO[Main]:   Server::RunStep() (max) [ms] ____________________    1x       51
INFO[Main]: Profiler:
INFO[Main]:   EmergeThread: Lua on_generated [ms] _____________    1x      517
INFO[Main]:   EmergeThread: Mapgen::makeChunk [ms] ____________    1x       29
INFO[Main]:   EmergeThread: after Mapgen::makeChunk [ms] ______    1x        1
INFO[Main]:   EmergeThread: load block - async (sum) [ms] 
INFO[Main]:   EmergeThread: update lighting [ms] ______________    5x        3
INFO[Main]:   Server: map saving (sum) [ms] ___________________    1x       11
INFO[Main]:   Server::RunStep() (max) [ms] ____________________    1x       51
INFO[Main]: Profiler:
INFO[Main]:   EmergeThread: Lua on_generated [ms] _____________    2x    673.5
INFO[Main]:   EmergeThread: Mapgen::makeChunk [ms] ____________    2x     33.5
INFO[Main]:   EmergeThread: after Mapgen::makeChunk [ms] ______    2x        1
INFO[Main]:   EmergeThread: load block - async (sum) [ms] 
INFO[Main]:   EmergeThread: update lighting [ms] ______________   99x    0.181
INFO[Main]:   Server: map saving (sum) [ms] ___________________    1x        9
INFO[Main]:   Server::RunStep() (max) [ms] ____________________    1x       51
INFO[Main]: Profiler:
INFO[Main]:   EmergeThread: Lua on_generated [ms] _____________    1x      668
INFO[Main]:   EmergeThread: Mapgen::makeChunk [ms] ____________    1x       34
INFO[Main]:   EmergeThread: after Mapgen::makeChunk [ms] ______    1x        1
INFO[Main]:   EmergeThread: load block - async (sum) [ms] 
INFO[Main]:   EmergeThread: update lighting [ms] ______________  113x    0.106
INFO[Main]:   Server: map saving (sum) [ms] ___________________    1x        6
INFO[Main]:   Server::RunStep() (max) [ms] ____________________    1x       51
INFO[Main]: Profiler:
INFO[Main]:   EmergeThread: Lua on_generated [ms] _____________    1x      678
INFO[Main]:   EmergeThread: Mapgen::makeChunk [ms] 
INFO[Main]:   EmergeThread: after Mapgen::makeChunk [ms] ______    1x        1
INFO[Main]:   EmergeThread: load block - async (sum) [ms] 
INFO[Main]:   EmergeThread: update lighting [ms] ______________   97x    0.051
INFO[Main]:   Server: map saving (sum) [ms] ___________________    1x        8
INFO[Main]:   Server::RunStep() (max) [ms] ____________________    1x       51
