WARNING[Main]: /!\ You are using the old mod storage files backend. This backend is deprecated and may be removed in a future release /!\
WARNING[Main]: Switching to SQLite3 is advised, please read https://docs.luanti.org/for-server-hosts/database-backends.
[MOD] Mobs Redo loaded
WARNING[Main]: No craft recipe matches input (type: fuel, items: ['default:pick_mese'])
WARNING[Main]: No craft recipe matches input (type: fuel, items: ['default:shovel_mese'])
WARNING[Main]: No craft recipe matches input (type: fuel, items: ['default:axe_mese'])
WARNING[Main]: No craft recipe matches input (type: fuel, items: ['default:sword_mese'])
WARNING[Main]: No craft recipe matches input (type: fuel, items: ['default:pick_diamond'])
WARNING[Main]: No craft recipe matches input (type: fuel, items: ['default:shovel_diamond'])
WARNING[Main]: No craft recipe matches input (type: fuel, items: ['default:axe_diamond'])
WARNING[Main]: No craft recipe matches input (type: fuel, items: ['default:sword_diamond'])
WARNING[Main]: No craft recipe matches input (type: fuel, items: ['default:copper_ingot'])
WARNING[Main]: No craft recipe matches input (type: fuel, items: ['default:copperblock'])
WARNING[Main]: No craft recipe matches input (type: fuel, items: ['default:tin_ingot'])
WARNING[Main]: No craft recipe matches input (type: fuel, items: ['default:tinblock'])
WARNING[Main]: No craft recipe matches input (type: fuel, items: ['default:bronze_ingot'])
WARNING[Main]: No craft recipe matches input (type: fuel, items: ['default:bronzeblock'])
WARNING[Main]: No craft recipe matches input (type: fuel, items: ['default:steel_ingot'])
WARNING[Main]: No craft recipe matches input (type: fuel, items: ['default:steelblock'])
WARNING[Main]: No craft recipe matches input (type: fuel, items: ['default:gold_ingot'])
WARNING[Main]: No craft recipe matches input (type: fuel, items: ['default:goldblock'])
WARNING[Main]: No craft recipe known for output 'default:stone_with_mese'
WARNING[Main]: No craft recipe matches input (type: fuel, items: ['default:stone_with_mese'])
WARNING[Main]: No craft recipe matches input (type: fuel, items: ['default:mese'])
WARNING[Main]: No craft recipe matches input (type: fuel, items: ['default:mese_crystal'])
WARNING[Main]: No craft recipe matches input (type: fuel, items: ['default:mese_crystal_fragment'])
WARNING[Main]: No craft recipe matches input (type: fuel, items: ['default:meselamp'])
WARNING[Main]: No craft recipe matches input (type: fuel, items: ['default:mese_post_light'])
WARNING[Main]: No craft recipe matches input (type: fuel, items: ['default:mese_post_light_acacia_wood'])
WARNING[Main]: No craft recipe matches input (type: fuel, items: ['default:mese_post_light_junglewood'])
WARNING[Main]: No craft recipe matches input (type: fuel, items: ['default:mese_post_light_pine_wood'])
WARNING[Main]: No craft recipe matches input (type: fuel, items: ['default:mese_post_light_aspen_wood'])
WARNING[Main]: No craft recipe known for output 'default:stone_with_diamond'
WARNING[Main]: No craft recipe matches input (type: fuel, items: ['default:stone_with_diamond'])
WARNING[Main]: No craft recipe matches input (type: fuel, items: ['default:diamond'])
WARNING[Main]: No craft recipe matches input (type: fuel, items: ['default:diamondblock'])
WARNING[Main]: No craft recipe matches input (type: fuel, items: ['default:sign_wall_steel'])
WARNING[Main]: No craft recipe matches input (type: fuel, items: ['default:ladder_steel'])
WARNING[Main]: No craft recipe matches input (type: fuel, items: ['stairs:stair_steelblock'])
WARNING[Main]: No craft recipe matches input (type: fuel, items: ['stairs:stair_inner_steelblock'])
WARNING[Main]: No craft recipe matches input (type: fuel, items: ['stairs:stair_outer_steelblock'])
WARNING[Main]: No craft recipe matches input (type: fuel, items: ['stairs:slab_steelblock'])
WARNING[Main]: No craft recipe matches input (type: fuel, items: ['stairs:stair_tinblock'])
WARNING[Main]: No craft recipe matches input (type: fuel, items: ['stairs:stair_inner_tinblock'])
WARNING[Main]: No craft recipe matches input (type: fuel, items: ['stairs:stair_outer_tinblock'])
WARNING[Main]: No craft recipe matches input (type: fuel, items: ['stairs:slab_tinblock'])
WARNING[Main]: No craft recipe matches input (type: fuel, items: ['stairs:stair_copperblock'])
WARNING[Main]: No craft recipe matches input (type: fuel, items: ['stairs:stair_inner_copperblock'])
WARNING[Main]: No craft recipe matches input (type: fuel, items: ['stairs:stair_outer_copperblock'])
WARNING[Main]: No craft recipe matches input (type: fuel, items: ['stairs:slab_copperblock'])
WARNING[Main]: No craft recipe matches input (type: fuel, items: ['stairs:stair_bronzeblock'])
WARNING[Main]: No craft recipe matches input (type: fuel, items: ['stairs:stair_inner_bronzeblock'])
WARNING[Main]: No craft recipe matches input (type: fuel, items: ['stairs:stair_outer_bronzeblock'])
WARNING[Main]: No craft recipe matches input (type: fuel, items: ['stairs:slab_bronzeblock'])
WARNING[Main]: No craft recipe matches input (type: fuel, items: ['stairs:stair_goldblock'])
WARNING[Main]: No craft recipe matches input (type: fuel, items: ['stairs:stair_inner_goldblock'])
WARNING[Main]: No craft recipe matches input (type: fuel, items: ['stairs:stair_outer_goldblock'])
WARNING[Main]: No craft recipe matches input (type: fuel, items: ['stairs:slab_goldblock'])
ACTION[Main]: [grug_gear] 6 bracket catalogs: 24 weapons + 48 armor pieces
ACTION[Main]: [grug_materials] registry audit passed: 6 tiers, 15 resources, 12 processed forms, 6 race regions
ACTION[Main]: GRUG_WP40_PROFILE_PROBE phase=cold event=start engine=5.17.0 lua=LuaJIT_2.1.1784272936 seed=531802985935182545 cases=21 manifest=8e9c5adb7d53c505c5e958623c5d17209997b23b814b9e08b2ca9916af177be1 full_digest=false
ACTION[Main]: [grug_traders] drop audit: 1 mob(s) use a `drops` FUNCTION and cannot be walked statically (grug_mobs:bandit); their items are audited from the hardcoded FUNCTION_DROPS list
 _                   _   _ 
| |_   _  __ _ _ __ | |_(_)
| | | | |/ _` | '_ \| __| |
| | |_| | (_| | | | | |_| |
|_|\__,_|\__,_|_| |_|\__|_|  ___ 5.17.0
ACTION[Main]: World at [/tmp/grudgelands-wp40-profile-run.tZEAN902/world]
ACTION[Main]: Server for gameid="grudgelands" listening on 127.0.0.1:32700.
ACTION[Emerge-0]: GRUG_WP40_PROFILE_CALLBACK callback=1 minp=-112,-32,-2512 maxp=-33,47,-2433 blockseed=477054105 plan_us=330011 writer_us=323537 total_us=653548 columns=6400 candidate_cells=49 candidates=333 r5_runs=25600 result=applied_clq vm_get_emerged_area_calls=1 vm_get_emerged_area_us=3 vm_get_data_calls=1 vm_get_data_us=4229 vm_get_param2_data_calls=1 vm_get_param2_data_us=4141 vm_get_light_data_calls=2 vm_get_light_data_us=8437 vm_set_data_calls=1 vm_set_data_us=7384 vm_set_param2_data_calls=0 vm_set_param2_data_us=0 vm_set_lighting_calls=81 vm_set_lighting_us=234 vm_calc_lighting_calls=1 vm_calc_lighting_us=3528 vm_set_light_data_calls=1 vm_set_light_data_us=7508 vm_update_liquids_calls=1 vm_update_liquids_us=1059
ACTION[Emerge-0]: GRUG_WP40_PROFILE_PROBE phase=cold event=emerge case=owner_-112:-32:-2512 mapchunk=-112,-32,-2512 elapsed_us=9168154 generated=1 disk=0 memory=124 cancelled=0 errored=0
ACTION[Emerge-0]: GRUG_WP40_PROFILE_CALLBACK callback=2 minp=-112,-32,-2592 maxp=-33,47,-2513 blockseed=2906213861 plan_us=219699 writer_us=292861 total_us=512560 columns=6400 candidate_cells=49 candidates=63 r5_runs=25600 result=applied_cplq vm_get_emerged_area_calls=1 vm_get_emerged_area_us=1 vm_get_data_calls=1 vm_get_data_us=4504 vm_get_param2_data_calls=1 vm_get_param2_data_us=4423 vm_get_light_data_calls=2 vm_get_light_data_us=8785 vm_set_data_calls=1 vm_set_data_us=7558 vm_set_param2_data_calls=1 vm_set_param2_data_us=7259 vm_set_lighting_calls=1 vm_set_lighting_us=172 vm_calc_lighting_calls=1 vm_calc_lighting_us=4607 vm_set_light_data_calls=1 vm_set_light_data_us=7235 vm_update_liquids_calls=1 vm_update_liquids_us=1201
ACTION[Emerge-0]: GRUG_WP40_PROFILE_PROBE phase=cold event=emerge case=owner_-112:-32:-2592 mapchunk=-112,-32,-2592 elapsed_us=546375 generated=1 disk=0 memory=124 cancelled=0 errored=0
ACTION[Emerge-0]: GRUG_WP40_PROFILE_CALLBACK callback=3 minp=-112,-32,-2672 maxp=-33,47,-2593 blockseed=2649330407 plan_us=235648 writer_us=285144 total_us=520792 columns=6400 candidate_cells=49 candidates=437 r5_runs=25600 result=applied_clq vm_get_emerged_area_calls=1 vm_get_emerged_area_us=3 vm_get_data_calls=1 vm_get_data_us=4398 vm_get_param2_data_calls=1 vm_get_param2_data_us=4436 vm_get_light_data_calls=2 vm_get_light_data_us=8510 vm_set_data_calls=1 vm_set_data_us=7401 vm_set_param2_data_calls=0 vm_set_param2_data_us=0 vm_set_lighting_calls=96 vm_set_lighting_us=249 vm_calc_lighting_calls=1 vm_calc_lighting_us=4138 vm_set_light_data_calls=1 vm_set_light_data_us=7158 vm_update_liquids_calls=1 vm_update_liquids_us=941
ACTION[Emerge-0]: GRUG_WP40_PROFILE_PROBE phase=cold event=emerge case=owner_-112:-32:-2672 mapchunk=-112,-32,-2672 elapsed_us=554675 generated=1 disk=0 memory=124 cancelled=0 errored=0
ACTION[Emerge-0]: GRUG_WP40_PROFILE_CALLBACK callback=4 minp=-1792,-32,-2512 maxp=-1713,47,-2433 blockseed=582672721 plan_us=329998 writer_us=234524 total_us=564522 columns=6400 candidate_cells=49 candidates=52 r5_runs=25600 result=applied_clq vm_get_emerged_area_calls=1 vm_get_emerged_area_us=1 vm_get_data_calls=1 vm_get_data_us=4332 vm_get_param2_data_calls=1 vm_get_param2_data_us=4175 vm_get_light_data_calls=2 vm_get_light_data_us=9589 vm_set_data_calls=1 vm_set_data_us=7520 vm_set_param2_data_calls=0 vm_set_param2_data_us=0 vm_set_lighting_calls=1 vm_set_lighting_us=236 vm_calc_lighting_calls=1 vm_calc_lighting_us=3101 vm_set_light_data_calls=1 vm_set_light_data_us=8292 vm_update_liquids_calls=1 vm_update_liquids_us=1130
ACTION[Emerge-0]: GRUG_WP40_PROFILE_PROBE phase=cold event=emerge case=owner_-1792:-32:-2512 mapchunk=-1792,-32,-2512 elapsed_us=599598 generated=1 disk=0 memory=124 cancelled=0 errored=0
ACTION[Emerge-0]: GRUG_WP40_PROFILE_CALLBACK callback=5 minp=-1792,-32,-2592 maxp=-1713,47,-2513 blockseed=477511193 plan_us=233481 writer_us=266920 total_us=500401 columns=6400 candidate_cells=49 candidates=0 r5_runs=25600 result=applied_cplq vm_get_emerged_area_calls=1 vm_get_emerged_area_us=3 vm_get_data_calls=1 vm_get_data_us=4419 vm_get_param2_data_calls=1 vm_get_param2_data_us=4525 vm_get_light_data_calls=2 vm_get_light_data_us=8634 vm_set_data_calls=1 vm_set_data_us=7619 vm_set_param2_data_calls=1 vm_set_param2_data_us=7263 vm_set_lighting_calls=1 vm_set_lighting_us=156 vm_calc_lighting_calls=1 vm_calc_lighting_us=4226 vm_set_light_data_calls=1 vm_set_light_data_us=7205 vm_update_liquids_calls=1 vm_update_liquids_us=1116
ACTION[Emerge-0]: GRUG_WP40_PROFILE_PROBE phase=cold event=emerge case=owner_-1792:-32:-2592 mapchunk=-1792,-32,-2592 elapsed_us=533821 generated=1 disk=0 memory=124 cancelled=0 errored=0
ACTION[Emerge-0]: GRUG_WP40_PROFILE_CALLBACK callback=6 minp=-1792,-32,-2672 maxp=-1713,47,-2593 blockseed=3424714971 plan_us=279919 writer_us=228323 total_us=508242 columns=6400 candidate_cells=49 candidates=100 r5_runs=25600 result=applied_clq vm_get_emerged_area_calls=1 vm_get_emerged_area_us=3 vm_get_data_calls=1 vm_get_data_us=4624 vm_get_param2_data_calls=1 vm_get_param2_data_us=4480 vm_get_light_data_calls=2 vm_get_light_data_us=8963 vm_set_data_calls=1 vm_set_data_us=7461 vm_set_param2_data_calls=0 vm_set_param2_data_us=0 vm_set_lighting_calls=1 vm_set_lighting_us=153 vm_calc_lighting_calls=1 vm_calc_lighting_us=3555 vm_set_light_data_calls=1 vm_set_light_data_us=7268 vm_update_liquids_calls=1 vm_update_liquids_us=1076
ACTION[Emerge-0]: GRUG_WP40_PROFILE_PROBE phase=cold event=emerge case=owner_-1792:-32:-2672 mapchunk=-1792,-32,-2672 elapsed_us=540627 generated=1 disk=0 memory=124 cancelled=0 errored=0
ACTION[Emerge-0]: GRUG_WP40_PROFILE_CALLBACK callback=7 minp=-1792,48,2448 maxp=-1713,127,2527 blockseed=1681576073 plan_us=371104 writer_us=200737 total_us=571841 columns=6400 candidate_cells=49 candidates=0 r5_runs=25600 result=applied_cplq vm_get_emerged_area_calls=1 vm_get_emerged_area_us=2 vm_get_data_calls=1 vm_get_data_us=4478 vm_get_param2_data_calls=1 vm_get_param2_data_us=4235 vm_get_light_data_calls=2 vm_get_light_data_us=8767 vm_set_data_calls=1 vm_set_data_us=7347 vm_set_param2_data_calls=1 vm_set_param2_data_us=7156 vm_set_lighting_calls=81 vm_set_lighting_us=272 vm_calc_lighting_calls=1 vm_calc_lighting_us=7228 vm_set_light_data_calls=1 vm_set_light_data_us=7197 vm_update_liquids_calls=1 vm_update_liquids_us=1224
ACTION[Emerge-0]: GRUG_WP40_PROFILE_PROBE phase=cold event=emerge case=owner_-1792:48:2448 mapchunk=-1792,48,2448 elapsed_us=610134 generated=1 disk=0 memory=124 cancelled=0 errored=0
ACTION[Emerge-0]: GRUG_WP40_PROFILE_CALLBACK callback=8 minp=-1792,48,2528 maxp=-1713,127,2607 blockseed=3372141265 plan_us=258117 writer_us=196563 total_us=454680 columns=6400 candidate_cells=49 candidates=0 r5_runs=25600 result=applied_cplq vm_get_emerged_area_calls=1 vm_get_emerged_area_us=2 vm_get_data_calls=1 vm_get_data_us=4473 vm_get_param2_data_calls=1 vm_get_param2_data_us=4174 vm_get_light_data_calls=2 vm_get_light_data_us=8807 vm_set_data_calls=1 vm_set_data_us=7495 vm_set_param2_data_calls=1 vm_set_param2_data_us=7271 vm_set_lighting_calls=96 vm_set_lighting_us=295 vm_calc_lighting_calls=1 vm_calc_lighting_us=9217 vm_set_light_data_calls=1 vm_set_light_data_us=7232 vm_update_liquids_calls=1 vm_update_liquids_us=960
ACTION[Emerge-0]: GRUG_WP40_PROFILE_PROBE phase=cold event=emerge case=owner_-1792:48:2528 mapchunk=-1792,48,2528 elapsed_us=482662 generated=1 disk=0 memory=124 cancelled=0 errored=0
ACTION[Emerge-0]: GRUG_WP40_PROFILE_CALLBACK callback=9 minp=-1792,48,2608 maxp=-1713,127,2687 blockseed=3846021825 plan_us=329242 writer_us=217891 total_us=547133 columns=6400 candidate_cells=49 candidates=62 r5_runs=24250 result=applied_cplq vm_get_emerged_area_calls=1 vm_get_emerged_area_us=2 vm_get_data_calls=1 vm_get_data_us=4421 vm_get_param2_data_calls=1 vm_get_param2_data_us=4409 vm_get_light_data_calls=2 vm_get_light_data_us=8776 vm_set_data_calls=1 vm_set_data_us=7110 vm_set_param2_data_calls=1 vm_set_param2_data_us=6909 vm_set_lighting_calls=96 vm_set_lighting_us=110 vm_calc_lighting_calls=1 vm_calc_lighting_us=8922 vm_set_light_data_calls=1 vm_set_light_data_us=7173 vm_update_liquids_calls=1 vm_update_liquids_us=954
ACTION[Emerge-0]: GRUG_WP40_PROFILE_PROBE phase=cold event=emerge case=owner_-1792:48:2608 mapchunk=-1792,48,2608 elapsed_us=584192 generated=1 disk=0 memory=124 cancelled=0 errored=0
ACTION[Emerge-0]: GRUG_WP40_PROFILE_CALLBACK callback=10 minp=-1872,-32,-2512 maxp=-1793,47,-2433 blockseed=3973185169 plan_us=275238 writer_us=275795 total_us=551033 columns=6400 candidate_cells=49 candidates=51 r5_runs=25600 result=applied_cplq vm_get_emerged_area_calls=1 vm_get_emerged_area_us=2 vm_get_data_calls=1 vm_get_data_us=4276 vm_get_param2_data_calls=1 vm_get_param2_data_us=4172 vm_get_light_data_calls=2 vm_get_light_data_us=8981 vm_set_data_calls=1 vm_set_data_us=7717 vm_set_param2_data_calls=1 vm_set_param2_data_us=7118 vm_set_lighting_calls=1 vm_set_lighting_us=197 vm_calc_lighting_calls=1 vm_calc_lighting_us=5072 vm_set_light_data_calls=1 vm_set_light_data_us=7152 vm_update_liquids_calls=1 vm_update_liquids_us=948
ACTION[Emerge-0]: GRUG_WP40_PROFILE_PROBE phase=cold event=emerge case=owner_-1872:-32:-2512 mapchunk=-1872,-32,-2512 elapsed_us=583418 generated=1 disk=0 memory=124 cancelled=0 errored=0
ACTION[Emerge-0]: GRUG_WP40_PROFILE_CALLBACK callback=11 minp=-1872,-32,-2592 maxp=-1793,47,-2513 blockseed=1061529625 plan_us=190166 writer_us=241509 total_us=431675 columns=6400 candidate_cells=49 candidates=0 r5_runs=25600 result=applied_cplq vm_get_emerged_area_calls=1 vm_get_emerged_area_us=2 vm_get_data_calls=1 vm_get_data_us=4391 vm_get_param2_data_calls=1 vm_get_param2_data_us=4382 vm_get_light_data_calls=2 vm_get_light_data_us=8772 vm_set_data_calls=1 vm_set_data_us=7360 vm_set_param2_data_calls=1 vm_set_param2_data_us=7151 vm_set_lighting_calls=1 vm_set_lighting_us=135 vm_calc_lighting_calls=1 vm_calc_lighting_us=5934 vm_set_light_data_calls=1 vm_set_light_data_us=7173 vm_update_liquids_calls=1 vm_update_liquids_us=974
ACTION[Emerge-0]: GRUG_WP40_PROFILE_PROBE phase=cold event=emerge case=owner_-1872:-32:-2592 mapchunk=-1872,-32,-2592 elapsed_us=465847 generated=1 disk=0 memory=124 cancelled=0 errored=0
ACTION[Emerge-0]: GRUG_WP40_PROFILE_CALLBACK callback=12 minp=-1872,-32,-2672 maxp=-1793,47,-2593 blockseed=2347589339 plan_us=213183 writer_us=216099 total_us=429282 columns=6400 candidate_cells=49 candidates=98 r5_runs=25600 result=applied_clq vm_get_emerged_area_calls=1 vm_get_emerged_area_us=7 vm_get_data_calls=1 vm_get_data_us=4364 vm_get_param2_data_calls=1 vm_get_param2_data_us=4388 vm_get_light_data_calls=2 vm_get_light_data_us=8522 vm_set_data_calls=1 vm_set_data_us=7352 vm_set_param2_data_calls=0 vm_set_param2_data_us=0 vm_set_lighting_calls=1 vm_set_lighting_us=151 vm_calc_lighting_calls=1 vm_calc_lighting_us=4150 vm_set_light_data_calls=1 vm_set_light_data_us=7148 vm_update_liquids_calls=1 vm_update_liquids_us=1053
ACTION[Emerge-0]: GRUG_WP40_PROFILE_PROBE phase=cold event=emerge case=owner_-1872:-32:-2672 mapchunk=-1872,-32,-2672 elapsed_us=463598 generated=1 disk=0 memory=124 cancelled=0 errored=0
ACTION[Emerge-0]: GRUG_WP40_PROFILE_CALLBACK callback=13 minp=-1872,48,2448 maxp=-1793,127,2527 blockseed=3675838547 plan_us=288550 writer_us=202395 total_us=490945 columns=6400 candidate_cells=49 candidates=0 r5_runs=25600 result=applied_cplq vm_get_emerged_area_calls=1 vm_get_emerged_area_us=2 vm_get_data_calls=1 vm_get_data_us=4377 vm_get_param2_data_calls=1 vm_get_param2_data_us=4185 vm_get_light_data_calls=2 vm_get_light_data_us=8769 vm_set_data_calls=1 vm_set_data_us=7341 vm_set_param2_data_calls=1 vm_set_param2_data_us=7542 vm_set_lighting_calls=96 vm_set_lighting_us=109 vm_calc_lighting_calls=1 vm_calc_lighting_us=9140 vm_set_light_data_calls=1 vm_set_light_data_us=7201 vm_update_liquids_calls=1 vm_update_liquids_us=963
ACTION[Emerge-0]: GRUG_WP40_PROFILE_PROBE phase=cold event=emerge case=owner_-1872:48:2448 mapchunk=-1872,48,2448 elapsed_us=523216 generated=1 disk=0 memory=124 cancelled=0 errored=0
ACTION[Emerge-0]: GRUG_WP40_PROFILE_CALLBACK callback=14 minp=-1872,48,2528 maxp=-1793,127,2607 blockseed=1186318033 plan_us=193355 writer_us=205583 total_us=398938 columns=6400 candidate_cells=49 candidates=0 r5_runs=25600 result=applied_cplq vm_get_emerged_area_calls=1 vm_get_emerged_area_us=2 vm_get_data_calls=1 vm_get_data_us=4489 vm_get_param2_data_calls=1 vm_get_param2_data_us=4479 vm_get_light_data_calls=2 vm_get_light_data_us=8814 vm_set_data_calls=1 vm_set_data_us=7087 vm_set_param2_data_calls=1 vm_set_param2_data_us=7118 vm_set_lighting_calls=111 vm_set_lighting_us=116 vm_calc_lighting_calls=1 vm_calc_lighting_us=11646 vm_set_light_data_calls=1 vm_set_light_data_us=6952 vm_update_liquids_calls=1 vm_update_liquids_us=1013
ACTION[Emerge-0]: GRUG_WP40_PROFILE_PROBE phase=cold event=emerge case=owner_-1872:48:2528 mapchunk=-1872,48,2528 elapsed_us=428597 generated=1 disk=0 memory=124 cancelled=0 errored=0
ACTION[Emerge-0]: GRUG_WP40_PROFILE_CALLBACK callback=15 minp=-1872,48,2608 maxp=-1793,127,2687 blockseed=4210826753 plan_us=205284 writer_us=190276 total_us=395560 columns=6400 candidate_cells=49 candidates=61 r5_runs=23012 result=applied_cplq vm_get_emerged_area_calls=1 vm_get_emerged_area_us=2 vm_get_data_calls=1 vm_get_data_us=4323 vm_get_param2_data_calls=1 vm_get_param2_data_us=4174 vm_get_light_data_calls=2 vm_get_light_data_us=8713 vm_set_data_calls=1 vm_set_data_us=7471 vm_set_param2_data_calls=1 vm_set_param2_data_us=7203 vm_set_lighting_calls=96 vm_set_lighting_us=105 vm_calc_lighting_calls=1 vm_calc_lighting_us=10591 vm_set_light_data_calls=1 vm_set_light_data_us=7165 vm_update_liquids_calls=1 vm_update_liquids_us=951
ACTION[Emerge-0]: GRUG_WP40_PROFILE_PROBE phase=cold event=emerge case=owner_-1872:48:2608 mapchunk=-1872,48,2608 elapsed_us=426890 generated=1 disk=0 memory=124 cancelled=0 errored=0
ACTION[Emerge-0]: GRUG_WP40_PROFILE_CALLBACK callback=16 minp=-32,-32,-2512 maxp=47,47,-2433 blockseed=3787661465 plan_us=317134 writer_us=286834 total_us=603968 columns=6400 candidate_cells=49 candidates=197 r5_runs=25694 result=applied_cplq vm_get_emerged_area_calls=1 vm_get_emerged_area_us=2 vm_get_data_calls=1 vm_get_data_us=4393 vm_get_param2_data_calls=1 vm_get_param2_data_us=4414 vm_get_light_data_calls=2 vm_get_light_data_us=8560 vm_set_data_calls=1 vm_set_data_us=7464 vm_set_param2_data_calls=1 vm_set_param2_data_us=7243 vm_set_lighting_calls=1 vm_set_lighting_us=318 vm_calc_lighting_calls=1 vm_calc_lighting_us=4898 vm_set_light_data_calls=1 vm_set_light_data_us=8067 vm_update_liquids_calls=1 vm_update_liquids_us=1214
ACTION[Emerge-0]: GRUG_WP40_PROFILE_PROBE phase=cold event=emerge case=owner_-32:-32:-2512 mapchunk=-32,-32,-2512 elapsed_us=637321 generated=1 disk=0 memory=124 cancelled=0 errored=0
ACTION[Emerge-0]: GRUG_WP40_PROFILE_CALLBACK callback=17 minp=-32,-32,-2592 maxp=47,47,-2513 blockseed=3750423273 plan_us=208172 writer_us=286680 total_us=494852 columns=6400 candidate_cells=49 candidates=0 r5_runs=25600 result=applied_cplq vm_get_emerged_area_calls=1 vm_get_emerged_area_us=2 vm_get_data_calls=1 vm_get_data_us=4406 vm_get_param2_data_calls=1 vm_get_param2_data_us=4409 vm_get_light_data_calls=2 vm_get_light_data_us=8503 vm_set_data_calls=1 vm_set_data_us=7351 vm_set_param2_data_calls=1 vm_set_param2_data_us=7200 vm_set_lighting_calls=1 vm_set_lighting_us=133 vm_calc_lighting_calls=1 vm_calc_lighting_us=7126 vm_set_light_data_calls=1 vm_set_light_data_us=7194 vm_update_liquids_calls=1 vm_update_liquids_us=997
ACTION[Emerge-0]: GRUG_WP40_PROFILE_PROBE phase=cold event=emerge case=owner_-32:-32:-2592 mapchunk=-32,-32,-2592 elapsed_us=528415 generated=1 disk=0 memory=124 cancelled=0 errored=0
ACTION[Emerge-0]: GRUG_WP40_PROFILE_CALLBACK callback=18 minp=-32,-32,-2672 maxp=47,47,-2593 blockseed=3815956711 plan_us=223140 writer_us=270552 total_us=493692 columns=6400 candidate_cells=49 candidates=387 r5_runs=25600 result=applied_clq vm_get_emerged_area_calls=1 vm_get_emerged_area_us=2 vm_get_data_calls=1 vm_get_data_us=4385 vm_get_param2_data_calls=1 vm_get_param2_data_us=4433 vm_get_light_data_calls=2 vm_get_light_data_us=8428 vm_set_data_calls=1 vm_set_data_us=7400 vm_set_param2_data_calls=0 vm_set_param2_data_us=0 vm_set_lighting_calls=96 vm_set_lighting_us=158 vm_calc_lighting_calls=1 vm_calc_lighting_us=4750 vm_set_light_data_calls=1 vm_set_light_data_us=7173 vm_update_liquids_calls=1 vm_update_liquids_us=948
ACTION[Emerge-0]: GRUG_WP40_PROFILE_PROBE phase=cold event=emerge case=owner_-32:-32:-2672 mapchunk=-32,-32,-2672 elapsed_us=526682 generated=1 disk=0 memory=124 cancelled=0 errored=0
ACTION[Emerge-0]: GRUG_WP40_PROFILE_CALLBACK callback=19 minp=48,-32,-2512 maxp=127,47,-2433 blockseed=2231744537 plan_us=242347 writer_us=256050 total_us=498397 columns=6400 candidate_cells=49 candidates=409 r5_runs=25779 result=applied_clq vm_get_emerged_area_calls=1 vm_get_emerged_area_us=2 vm_get_data_calls=1 vm_get_data_us=4403 vm_get_param2_data_calls=1 vm_get_param2_data_us=4288 vm_get_light_data_calls=2 vm_get_light_data_us=8499 vm_set_data_calls=1 vm_set_data_us=7363 vm_set_param2_data_calls=0 vm_set_param2_data_us=0 vm_set_lighting_calls=96 vm_set_lighting_us=167 vm_calc_lighting_calls=1 vm_calc_lighting_us=4447 vm_set_light_data_calls=1 vm_set_light_data_us=7043 vm_update_liquids_calls=1 vm_update_liquids_us=1153
ACTION[Emerge-0]: GRUG_WP40_PROFILE_PROBE phase=cold event=emerge case=owner_48:-32:-2512 mapchunk=48,-32,-2512 elapsed_us=531907 generated=1 disk=0 memory=124 cancelled=0 errored=0
ACTION[Emerge-0]: GRUG_WP40_PROFILE_CALLBACK callback=20 minp=48,-32,-2592 maxp=127,47,-2513 blockseed=4105102377 plan_us=199393 writer_us=276189 total_us=475582 columns=6400 candidate_cells=49 candidates=607 r5_runs=25440 result=applied_clq vm_get_emerged_area_calls=1 vm_get_emerged_area_us=3 vm_get_data_calls=1 vm_get_data_us=4437 vm_get_param2_data_calls=1 vm_get_param2_data_us=5156 vm_get_light_data_calls=2 vm_get_light_data_us=8748 vm_set_data_calls=1 vm_set_data_us=7351 vm_set_param2_data_calls=0 vm_set_param2_data_us=0 vm_set_lighting_calls=111 vm_set_lighting_us=193 vm_calc_lighting_calls=1 vm_calc_lighting_us=4962 vm_set_light_data_calls=1 vm_set_light_data_us=9805 vm_update_liquids_calls=1 vm_update_liquids_us=1288
ACTION[Emerge-0]: GRUG_WP40_PROFILE_PROBE phase=cold event=emerge case=owner_48:-32:-2592 mapchunk=48,-32,-2592 elapsed_us=508685 generated=1 disk=0 memory=124 cancelled=0 errored=0
ACTION[Emerge-0]: GRUG_WP40_PROFILE_CALLBACK callback=21 minp=48,-32,-2672 maxp=127,47,-2593 blockseed=2143039207 plan_us=174986 writer_us=261685 total_us=436671 columns=6400 candidate_cells=49 candidates=944 r5_runs=25440 result=applied_clq vm_get_emerged_area_calls=1 vm_get_emerged_area_us=2 vm_get_data_calls=1 vm_get_data_us=4353 vm_get_param2_data_calls=1 vm_get_param2_data_us=4371 vm_get_light_data_calls=2 vm_get_light_data_us=8703 vm_set_data_calls=1 vm_set_data_us=7319 vm_set_param2_data_calls=0 vm_set_param2_data_us=0 vm_set_lighting_calls=96 vm_set_lighting_us=153 vm_calc_lighting_calls=1 vm_calc_lighting_us=4501 vm_set_light_data_calls=1 vm_set_light_data_us=7403 vm_update_liquids_calls=1 vm_update_liquids_us=953
ACTION[Emerge-0]: GRUG_WP40_PROFILE_PROBE phase=cold event=emerge case=owner_48:-32:-2672 mapchunk=48,-32,-2672 elapsed_us=470216 generated=1 disk=0 memory=124 cancelled=0 errored=0
ACTION[Server]: GRUG_WP40_PROFILE_PROBE phase=cold event=complete requested=21 completed=21 callbacks=21 generated=21 disk=0 memory=2604 cancelled=0 errored=0 samples=777 expected_nodes=0 digest=d687f25384d9088b366f29aaf89260924d270e6f79c150b2cdd17564071e412a full_digest=disabled full_vocabulary_digest=- full_voxels=0 measured_elapsed_us=20221547 diagnostic_us=1128
ACTION[Main]: Server: Shutting down
ACTION[Main]: GRUG_WP13_ENGINE phase=cold starts=3 owners=21 edit_canary=placed digest_excluded_cells=1 filler_boundary=false hearthpine_cells=61932 hearthpine_torches=74 hearthpine_soil=2 hearthpine_anchor=-1800,25,-2550 hearthpine_digest=03311c95b8463c422371e78afabcba743ed70d4f56a013c16a362938ac00693c dawnmere_cells=66343 dawnmere_torches=98 dawnmere_soil=2 dawnmere_anchor=0,17,-2550 dawnmere_digest=cdbc03239c181f1f41caf1a4a2bd851753c17f2b04e2df95037d1e62893ef4f9 stillgrave_cells=51597 stillgrave_torches=75 stillgrave_soil=3 stillgrave_anchor=-1800,54,2550 stillgrave_digest=3aacf7b8cac89b01d3095ac904ce83564c6e35631e02e912d46769c0438fc0ee digest=efc47fd2f46fe398ede2c7c071141f4a9f40e65cfe0f7729f463df1f856cc923
