PASS Lua 5.1 parser files=13
mods/ITEMS/grug_artisans/init.lua: 10	[7]	SETGLOBAL	0 -1	; grug_artisans
mods/ITEMS/grug_professions/init.lua: 14	[6]	SETGLOBAL	0 -1	; grug_professions
mods/ITEMS/grug_quality/init.lua: 2	[23]	SETGLOBAL	0 -1	; grug_items
tools/r13_enchants/final_micro.lua: 42	[36]	SETGLOBAL	7 -2	; PcgRandom
tools/r13_enchants/final_micro.lua: 81	[87]	SETGLOBAL	12 -3	; ItemStack
tools/r13_enchants/final_micro.lua: 87	[103]	SETGLOBAL	16 -1	; core
tools/r13_enchants/final_micro.lua: 205	[149]	SETGLOBAL	17 -5	; grug_gear
tools/r13_enchants/final_micro.lua: 253	[199]	SETGLOBAL	21 -6	; grug_mobs
tools/r13_enchants/final_micro.lua: 257	[200]	SETGLOBAL	21 -11	; grug_zones
tools/r13_enchants/final_micro.lua: 261	[201]	SETGLOBAL	21 -12	; mobs
tools/r13_enchants/final_micro.lua: 288	[212]	SETGLOBAL	23 -7	; grug_inventory
tools/r13_enchants/final_micro.lua: 296	[214]	SETGLOBAL	23 -9	; grug_xp
tools/r13_enchants/final_micro.lua: 310	[222]	SETGLOBAL	23 -8	; grug_classes
tools/r13_enchants/final_micro.lua: 321	[232]	SETGLOBAL	23 -10	; grug_core
tools/r13_enchants/final_micro.lua: 395	[262]	SETGLOBAL	26 -16	; grug_traders
tools/r13_enchants/final_micro.lua: 399	[263]	SETGLOBAL	26 -17	; grug_materials
tools/r13_enchants/final_micro.lua: 432	[270]	SETGLOBAL	26 -13	; grug_jobs
SWEEP 1: no hits
SWEEP 2: no hits
SWEEP 3: no hits
SWEEP 4: no hits
SWEEP 5: no hits
