

-------------
  Separator
-------------

WARNING[Main]: /!\ You are using the old mod storage files backend. This backend is deprecated and may be removed in a future release /!\
WARNING[Main]: Switching to SQLite3 is advised, please read https://docs.luanti.org/for-server-hosts/database-backends.
WARNING[Main]: No craft recipe matches input (type: fuel, items: ['default:pick_mese'])
WARNING[Main]: No craft recipe matches input (type: fuel, items: ['default:shovel_mese'])
WARNING[Main]: No craft recipe matches input (type: fuel, items: ['default:axe_mese'])
WARNING[Main]: No craft recipe matches input (type: fuel, items: ['default:sword_mese'])
WARNING[Main]: No craft recipe matches input (type: fuel, items: ['default:pick_diamond'])
WARNING[Main]: No craft recipe matches input (type: fuel, items: ['default:shovel_diamond'])
WARNING[Main]: No craft recipe matches input (type: fuel, items: ['default:axe_diamond'])
WARNING[Main]: No craft recipe matches input (type: fuel, items: ['default:sword_diamond'])
WARNING[Main]: No craft recipe matches input (type: fuel, items: ['default:copper_ingot'])
WARNING[Main]: No craft recipe matches input (type: fuel, items: ['default:copperblock'])
WARNING[Main]: No craft recipe matches input (type: fuel, items: ['default:tin_ingot'])
WARNING[Main]: No craft recipe matches input (type: fuel, items: ['default:tinblock'])
WARNING[Main]: No craft recipe matches input (type: fuel, items: ['default:bronze_ingot'])
WARNING[Main]: No craft recipe matches input (type: fuel, items: ['default:bronzeblock'])
WARNING[Main]: No craft recipe matches input (type: fuel, items: ['default:steel_ingot'])
WARNING[Main]: No craft recipe matches input (type: fuel, items: ['default:steelblock'])
WARNING[Main]: No craft recipe matches input (type: fuel, items: ['default:gold_ingot'])
WARNING[Main]: No craft recipe matches input (type: fuel, items: ['default:goldblock'])
WARNING[Main]: No craft recipe known for output 'default:stone_with_mese'
WARNING[Main]: No craft recipe matches input (type: fuel, items: ['default:stone_with_mese'])
WARNING[Main]: No craft recipe matches input (type: fuel, items: ['default:mese'])
WARNING[Main]: No craft recipe matches input (type: fuel, items: ['default:mese_crystal'])
WARNING[Main]: No craft recipe matches input (type: fuel, items: ['default:mese_crystal_fragment'])
WARNING[Main]: No craft recipe matches input (type: fuel, items: ['default:meselamp'])
WARNING[Main]: No craft recipe matches input (type: fuel, items: ['default:mese_post_light'])
WARNING[Main]: No craft recipe matches input (type: fuel, items: ['default:mese_post_light_acacia_wood'])
WARNING[Main]: No craft recipe matches input (type: fuel, items: ['default:mese_post_light_junglewood'])
WARNING[Main]: No craft recipe matches input (type: fuel, items: ['default:mese_post_light_pine_wood'])
WARNING[Main]: No craft recipe matches input (type: fuel, items: ['default:mese_post_light_aspen_wood'])
WARNING[Main]: No craft recipe known for output 'default:stone_with_diamond'
WARNING[Main]: No craft recipe matches input (type: fuel, items: ['default:stone_with_diamond'])
WARNING[Main]: No craft recipe matches input (type: fuel, items: ['default:diamond'])
WARNING[Main]: No craft recipe matches input (type: fuel, items: ['default:diamondblock'])
WARNING[Main]: No craft recipe matches input (type: fuel, items: ['default:sign_wall_steel'])
WARNING[Main]: No craft recipe matches input (type: fuel, items: ['default:ladder_steel'])
WARNING[Main]: No craft recipe matches input (type: fuel, items: ['stairs:stair_steelblock'])
WARNING[Main]: No craft recipe matches input (type: fuel, items: ['stairs:stair_inner_steelblock'])
WARNING[Main]: No craft recipe matches input (type: fuel, items: ['stairs:stair_outer_steelblock'])
WARNING[Main]: No craft recipe matches input (type: fuel, items: ['stairs:slab_steelblock'])
WARNING[Main]: No craft recipe matches input (type: fuel, items: ['stairs:stair_tinblock'])
WARNING[Main]: No craft recipe matches input (type: fuel, items: ['stairs:stair_inner_tinblock'])
WARNING[Main]: No craft recipe matches input (type: fuel, items: ['stairs:stair_outer_tinblock'])
WARNING[Main]: No craft recipe matches input (type: fuel, items: ['stairs:slab_tinblock'])
WARNING[Main]: No craft recipe matches input (type: fuel, items: ['stairs:stair_copperblock'])
WARNING[Main]: No craft recipe matches input (type: fuel, items: ['stairs:stair_inner_copperblock'])
WARNING[Main]: No craft recipe matches input (type: fuel, items: ['stairs:stair_outer_copperblock'])
WARNING[Main]: No craft recipe matches input (type: fuel, items: ['stairs:slab_copperblock'])
WARNING[Main]: No craft recipe matches input (type: fuel, items: ['stairs:stair_bronzeblock'])
WARNING[Main]: No craft recipe matches input (type: fuel, items: ['stairs:stair_inner_bronzeblock'])
WARNING[Main]: No craft recipe matches input (type: fuel, items: ['stairs:stair_outer_bronzeblock'])
WARNING[Main]: No craft recipe matches input (type: fuel, items: ['stairs:slab_bronzeblock'])
WARNING[Main]: No craft recipe matches input (type: fuel, items: ['stairs:stair_goldblock'])
WARNING[Main]: No craft recipe matches input (type: fuel, items: ['stairs:stair_inner_goldblock'])
WARNING[Main]: No craft recipe matches input (type: fuel, items: ['stairs:stair_outer_goldblock'])
WARNING[Main]: No craft recipe matches input (type: fuel, items: ['stairs:slab_goldblock'])
ACTION[Main]: [grug_gear] 6 bracket catalogs: 24 weapons + 48 armor pieces
ACTION[Main]: [grug_materials] registry audit passed: 6 tiers, 15 resources, 12 processed forms, 6 race regions
ACTION[Main]: [grug_visuals] 48 armor pieces indexed for overlays, 2 art lines x 4 slots
ACTION[Main]: [grug_traders] human capital vendors come from the sockets of highcourt
ACTION[Main]: [grug_traders] drop audit: 1 mob(s) use a `drops` FUNCTION and cannot be walked statically (grug_mobs:bandit); their items are audited from the hardcoded FUNCTION_DROPS list
ACTION[Main]: World at [/tmp/grudgelands-headless.AtmL7i/world]
ACTION[Main]: Server for gameid="grudgelands" listening on 127.0.0.1:31142.
ACTION[Server]: [grug_core] start preload: emerging 6 start areas (128 x 128 nodes each, 2 at a time)
ACTION[Emerge-0]: [grug_core] start area ready: dwarf (1/6, 14.4 s)
ACTION[Server]: [grug_mobs] start npcs hearthpine: grug_mobs:guard_accord placed at socket gate_west (-1804,26,-2491)
ACTION[Server]: [grug_mobs] start npcs hearthpine: grug_mobs:guard_accord placed at socket gate_east (-1796,26,-2491)
ACTION[Server]: [grug_mobs] start npcs hearthpine: grug_mobs:guard_accord placed at socket watch_gate (-1800,26,-2498)
ACTION[Server]: [grug_mobs] start npcs hearthpine: grug_traders:vendor_race_dwarf placed at socket plaza_vendor (-1793,26,-2555)
ACTION[Server]: [grug_mobs] start npcs hearthpine: grug_mobs:villager_dwarf placed at socket idle_west_door (-1816,26,-2546)
ACTION[Server]: [grug_mobs] start npcs hearthpine: grug_mobs:villager_dwarf placed at socket idle_plaza_bench (-1793,26,-2549)
ACTION[Server]: [grug_mobs] start npcs hearthpine: grug_mobs:villager_dwarf placed at socket idle_workyard (-1819,26,-2533)
ACTION[Server]: [grug_mobs] start npcs hearthpine: grug_mobs:villager_dwarf placed at socket idle_forge_door (-1798,26,-2560)
ACTION[Server]: [grug_mobs] start npcs hearthpine: grug_mobs:elder_dwarf placed at socket hall_quest (-1828,26,-2524)
ACTION[Server]: [grug_mobs] start npcs dwarf hearthpine: guards 3/3 flair 4/4 vendor 1/1 quest 1/1 new 9 pending 0 spare 3
ACTION[Server]: GRUG_WP13_NPC boot=1 event=ready key=hearthpine race=dwarf anchor=(-1800,25,-2550) sockets=16 programme=full
ACTION[Server]: GRUG_WP13_NPC boot=1 event=forceload blocks=162
ACTION[Server]: GRUG_WP13_NPC boot=1 event=census phase=ready key=hearthpine roster=9 marked=9 live=9 twins=0 spare=3 strict=false
ACTION[Emerge-0]: [grug_core] start area ready: human (2/6, 21.9 s)
ACTION[Server]: [grug_mobs] start npcs dawnmere: grug_mobs:guard_accord placed at socket gate_west (-4,18,-2493)
ACTION[Server]: [grug_mobs] start npcs dawnmere: grug_mobs:guard_accord placed at socket gate_east (4,18,-2493)
ACTION[Server]: [grug_mobs] start npcs dawnmere: grug_mobs:guard_accord placed at socket watch_gate (0,18,-2498)
ACTION[Server]: [grug_mobs] start npcs dawnmere: grug_traders:vendor_race_human placed at socket green_vendor (6,18,-2554)
ACTION[Server]: [grug_mobs] start npcs dawnmere: grug_mobs:villager_human placed at socket idle_cottage_door (10,18,-2566)
ACTION[Server]: [grug_mobs] start npcs dawnmere: grug_mobs:villager_human placed at socket idle_green_bench (-6,18,-2543)
ACTION[Server]: [grug_mobs] start npcs dawnmere: grug_mobs:villager_human placed at socket idle_barn (-19,18,-2550)
ACTION[Server]: [grug_mobs] start npcs dawnmere: grug_mobs:villager_human placed at socket idle_smithy (22,18,-2551)
ACTION[Server]: [grug_mobs] start npcs dawnmere: grug_mobs:elder_human placed at socket hall_quest (-11,18,-2542)
ACTION[Server]: [grug_mobs] start npcs human dawnmere: guards 3/3 flair 4/4 vendor 1/1 quest 1/1 new 9 pending 0 spare 3
ACTION[Server]: GRUG_WP13_NPC boot=1 event=pos socket=idle_forge_door spot=4 at=4 spots=7 dwell=10.2 state=stand x=-1798.0 z=-2560.0
ACTION[Server]: GRUG_WP13_NPC boot=1 event=pos socket=idle_plaza_bench spot=2 at=2 spots=7 dwell=10.2 state=stand x=-1793.0 z=-2549.0
ACTION[Server]: GRUG_WP13_NPC boot=1 event=pos socket=idle_west_door spot=1 at=1 spots=7 dwell=10.2 state=stand x=-1816.0 z=-2546.0
ACTION[Server]: GRUG_WP13_NPC boot=1 event=pos socket=idle_workyard spot=3 at=3 spots=7 dwell=10.2 state=stand x=-1819.0 z=-2533.0
ACTION[Server]: GRUG_WP13_NPC boot=1 event=facing socket=hall_quest role=quest tag=door authored=0.000 want=3.142 have=3.142 delta=0.000
ACTION[Emerge-0]: [grug_core] start area ready: elf (3/6, 26.9 s)
ACTION[Server]: [grug_mobs] start npcs silverleaf: grug_mobs:guard_accord placed at socket gate_west (1796,22,-2493)
ACTION[Server]: [grug_mobs] start npcs silverleaf: grug_mobs:guard_accord placed at socket gate_east (1804,22,-2493)
ACTION[Server]: [grug_mobs] start npcs silverleaf: grug_mobs:guard_accord placed at socket watch_gate (1800,22,-2498)
ACTION[Server]: [grug_mobs] start npcs silverleaf: grug_traders:vendor_race_elf placed at socket court_vendor (1807,22,-2554)
ACTION[Server]: [grug_mobs] start npcs silverleaf: grug_mobs:villager_elf placed at socket idle_shrine_door (1779,22,-2534)
ACTION[Server]: [grug_mobs] start npcs silverleaf: grug_mobs:villager_elf placed at socket idle_court_bench (1793,22,-2545)
ACTION[Server]: [grug_mobs] start npcs silverleaf: grug_mobs:villager_elf placed at socket idle_bowyer (1828,22,-2551)
ACTION[Server]: [grug_mobs] start npcs silverleaf: grug_mobs:villager_elf placed at socket idle_market (1769,22,-2550)
ACTION[Server]: [grug_mobs] start npcs silverleaf: grug_mobs:elder_elf placed at socket hall_quest (1820,22,-2536)
ACTION[Server]: [grug_mobs] start npcs elf silverleaf: guards 3/3 flair 4/4 vendor 1/1 quest 1/1 new 9 pending 0 spare 3
ACTION[Emerge-0]: [grug_core] start area ready: undead (4/6, 33.2 s)
ACTION[Server]: [grug_mobs] start npcs stillgrave: grug_mobs:guard_throng placed at socket gate_west (-1804,55,2494)
ACTION[Server]: [grug_mobs] start npcs stillgrave: grug_mobs:guard_throng placed at socket gate_east (-1796,55,2494)
ACTION[Server]: [grug_mobs] start npcs stillgrave: grug_mobs:guard_throng placed at socket watch_gate (-1800,55,2498)
ACTION[Server]: [grug_mobs] start npcs stillgrave: grug_traders:vendor_race_undead placed at socket court_vendor (-1793,55,2545)
ACTION[Server]: [grug_mobs] start npcs stillgrave: grug_mobs:villager_undead placed at socket idle_warden_door (-1813,55,2582)
ACTION[Server]: [grug_mobs] start npcs stillgrave: grug_mobs:villager_undead placed at socket idle_court_settle (-1810,55,2554)
ACTION[Server]: [grug_mobs] start npcs stillgrave: grug_mobs:villager_undead placed at socket idle_bone_works (-1778,55,2549)
ACTION[Server]: [grug_mobs] start npcs stillgrave: grug_mobs:villager_undead placed at socket idle_gate_brazier (-1805,55,2493)
ACTION[Server]: [grug_mobs] start npcs stillgrave: grug_mobs:elder_undead placed at socket hall_quest (-1798,55,2560)
ACTION[Server]: [grug_mobs] start npcs undead stillgrave: guards 3/3 flair 4/4 vendor 1/1 quest 1/1 new 9 pending 0 spare 3
ACTION[Emerge-0]: [grug_core] start area ready: orc (5/6, 41.7 s)
ACTION[Server]: [grug_mobs] start npcs sunscar: grug_mobs:guard_throng placed at socket gate_west (-4,28,2499)
ACTION[Server]: [grug_mobs] start npcs sunscar: grug_mobs:guard_throng placed at socket gate_east (4,28,2499)
ACTION[Server]: [grug_mobs] start npcs sunscar: grug_mobs:guard_throng placed at socket watch_gate (0,28,2510)
ACTION[Server]: [grug_mobs] start npcs sunscar: grug_traders:vendor_race_orc placed at socket yard_vendor (8,28,2545)
ACTION[Server]: [grug_mobs] start npcs sunscar: grug_mobs:villager_orc placed at socket idle_tusk_door (-11,28,2528)
ACTION[Server]: [grug_mobs] start npcs sunscar: grug_mobs:villager_orc placed at socket idle_council_seat (-3,28,2558)
ACTION[Server]: [grug_mobs] start npcs sunscar: grug_mobs:villager_orc placed at socket idle_beast_pen (-25,28,2548)
ACTION[Server]: [grug_mobs] start npcs sunscar: grug_mobs:villager_orc placed at socket idle_armoury_forge (20,28,2548)
ACTION[Server]: [grug_mobs] start npcs sunscar: grug_mobs:elder_orc placed at socket hall_quest (3,28,2562)
ACTION[Server]: [grug_mobs] start npcs orc sunscar: guards 3/3 flair 4/4 vendor 1/1 quest 1/1 new 9 pending 0 spare 3
ACTION[Server]: GRUG_WP13_NPC boot=1 event=pos socket=idle_plaza_bench spot=5 at=- spots=7 dwell=-1.0 state=walk x=-1792.1 z=-2545.9
ACTION[Server]: GRUG_WP13_NPC boot=1 event=pos socket=idle_workyard spot=5 at=- spots=7 dwell=-1.0 state=walk x=-1818.8 z=-2534.8
ACTION[Server]: GRUG_WP13_NPC boot=1 event=pos socket=idle_west_door spot=5 at=- spots=7 dwell=-1.0 state=walk x=-1811.8 z=-2545.3
ACTION[Server]: GRUG_WP13_NPC boot=1 event=pos socket=idle_forge_door spot=5 at=- spots=7 dwell=-1.0 state=walk x=-1796.8 z=-2555.9
ACTION[Emerge-0]: [grug_core] start area ready: troll (6/6, 47.0 s)
ACTION[Emerge-0]: [grug_core] all 6 start areas ready after 47.0 s
ACTION[Server]: [grug_mobs] start npcs kapok: grug_mobs:guard_throng placed at socket gate_west (1796,21,2505)
ACTION[Server]: [grug_mobs] start npcs kapok: grug_mobs:guard_throng placed at socket gate_east (1804,21,2505)
ACTION[Server]: [grug_mobs] start npcs kapok: grug_mobs:guard_throng placed at socket watch_gate (1800,21,2514)
ACTION[Server]: [grug_mobs] start npcs kapok: grug_traders:vendor_race_troll placed at socket clearing_vendor (1807,21,2546)
ACTION[Server]: [grug_mobs] start npcs kapok: grug_mobs:villager_troll placed at socket idle_lodge_door (1798,21,2567)
ACTION[Server]: [grug_mobs] start npcs kapok: grug_mobs:villager_troll placed at socket idle_terrace_settle (1788,21,2577)
ACTION[Server]: [grug_mobs] start npcs kapok: grug_mobs:villager_troll placed at socket idle_drying_shed (1783,21,2574)
ACTION[Server]: [grug_mobs] start npcs kapok: grug_mobs:villager_troll placed at socket idle_smoker (1813,21,2570)
ACTION[Server]: [grug_mobs] start npcs kapok: grug_mobs:elder_troll placed at socket hall_quest (1803,21,2567)
ACTION[Server]: [grug_mobs] start npcs troll kapok: guards 3/3 flair 4/4 vendor 1/1 quest 1/1 new 9 pending 0 spare 3
ACTION[Server]: GRUG_WP13_NPC boot=1 event=pos socket=idle_workyard spot=5 at=- spots=7 dwell=-1.0 state=walk x=-1815.8 z=-2537.4
ACTION[Server]: GRUG_WP13_NPC boot=1 event=pos socket=idle_west_door spot=5 at=5 spots=7 dwell=55.8 state=stand x=-1794.0 z=-2541.5
ACTION[Server]: GRUG_WP13_NPC boot=1 event=pos socket=idle_forge_door spot=5 at=5 spots=7 dwell=17.7 state=stand x=-1793.4 z=-2541.7
ACTION[Server]: GRUG_WP13_NPC boot=1 event=pos socket=idle_plaza_bench spot=5 at=5 spots=7 dwell=10.7 state=stand x=-1792.8 z=-2541.9
ACTION[Server]: GRUG_WP13_NPC boot=1 event=pos socket=idle_plaza_bench spot=6 at=- spots=7 dwell=-1.0 state=walk x=-1799.4 z=-2542.3
ACTION[Server]: GRUG_WP13_NPC boot=1 event=pos socket=idle_workyard spot=5 at=- spots=7 dwell=-1.0 state=walk x=-1798.1 z=-2540.2
ACTION[Server]: GRUG_WP13_NPC boot=1 event=pos socket=idle_west_door spot=5 at=5 spots=7 dwell=36.3 state=stand x=-1794.0 z=-2541.5
ACTION[Server]: GRUG_WP13_NPC boot=1 event=pos socket=idle_forge_door spot=6 at=5 spots=7 dwell=-1.0 state=stand x=-1793.4 z=-2541.7
ACTION[Server]: GRUG_WP13_NPC boot=1 event=pos socket=idle_forge_door spot=7 at=- spots=7 dwell=-1.0 state=walk x=-1793.8 z=-2542.9
ACTION[Server]: GRUG_WP13_NPC boot=1 event=pos socket=idle_west_door spot=5 at=5 spots=7 dwell=15.8 state=stand x=-1794.0 z=-2541.5
ACTION[Server]: GRUG_WP13_NPC boot=1 event=pos socket=idle_workyard spot=7 at=- spots=7 dwell=-1.0 state=walk x=-1798.9 z=-2543.8
ACTION[Server]: GRUG_WP13_NPC boot=1 event=pos socket=idle_plaza_bench spot=6 at=6 spots=7 dwell=52.4 state=stand x=-1807.0 z=-2541.2
ACTION[Server]: GRUG_WP13_NPC boot=1 event=pos socket=idle_forge_door spot=7 at=- spots=7 dwell=-1.0 state=walk x=-1801.7 z=-2554.3
ACTION[Server]: GRUG_WP13_NPC boot=1 event=pos socket=idle_west_door spot=7 at=- spots=7 dwell=-1.0 state=stand x=-1794.0 z=-2542.7
ACTION[Server]: GRUG_WP13_NPC boot=1 event=pos socket=idle_workyard spot=7 at=- spots=7 dwell=-1.0 state=walk x=-1803.9 z=-2557.2
ACTION[Server]: GRUG_WP13_NPC boot=1 event=pos socket=idle_plaza_bench spot=6 at=6 spots=7 dwell=32.9 state=stand x=-1807.0 z=-2541.2
ACTION[Server]: GRUG_WP13_NPC boot=1 event=pos socket=idle_workyard spot=7 at=7 spots=7 dwell=12.1 state=stand x=-1806.3 z=-2562.4
ACTION[Server]: GRUG_WP13_NPC boot=1 event=pos socket=idle_forge_door spot=7 at=7 spots=7 dwell=45.3 state=stand x=-1806.0 z=-2561.8
ACTION[Server]: GRUG_WP13_NPC boot=1 event=pos socket=idle_west_door spot=7 at=- spots=7 dwell=-1.0 state=stand x=-1801.4 z=-2553.6
ACTION[Server]: GRUG_WP13_NPC boot=1 event=pos socket=idle_plaza_bench spot=6 at=6 spots=7 dwell=13.4 state=stand x=-1807.0 z=-2541.2
ACTION[Server]: GRUG_WP13_NPC boot=1 event=pos socket=idle_plaza_bench spot=1 at=- spots=7 dwell=-1.0 state=walk x=-1809.8 z=-2543.6
ACTION[Server]: GRUG_WP13_NPC boot=1 event=pos socket=idle_forge_door spot=7 at=7 spots=7 dwell=24.7 state=stand x=-1806.0 z=-2561.8
ACTION[Server]: GRUG_WP13_NPC boot=1 event=pos socket=idle_workyard spot=1 at=- spots=7 dwell=-1.0 state=stand x=-1808.1 z=-2560.3
ACTION[Server]: GRUG_WP13_NPC boot=1 event=pos socket=idle_west_door spot=7 at=- spots=7 dwell=-1.0 state=stand x=-1805.4 z=-2561.2
ACTION[Server]: GRUG_WP13_NPC boot=1 event=pos socket=idle_workyard spot=1 at=- spots=7 dwell=-1.0 state=walk x=-1814.3 z=-2549.6
ACTION[Server]: GRUG_WP13_NPC boot=1 event=pos socket=idle_west_door spot=1 at=- spots=7 dwell=-1.0 state=stand x=-1811.1 z=-2552.6
ACTION[Server]: GRUG_WP13_NPC boot=1 event=pos socket=idle_forge_door spot=7 at=7 spots=7 dwell=5.3 state=stand x=-1806.0 z=-2561.8
ACTION[Server]: GRUG_WP13_NPC boot=1 event=pos socket=idle_plaza_bench spot=1 at=1 spots=7 dwell=21.1 state=stand x=-1814.7 z=-2545.5
ACTION[Server]: GRUG_WP13_NPC boot=1 event=census phase=ambled key=hearthpine roster=9 marked=9 live=9 twins=0 spare=3 strict=true
ACTION[Server]: GRUG_WP13_NPC boot=1 event=wander socket=idle_plaza_bench distinct=4
ACTION[Server]: GRUG_WP13_NPC boot=1 event=wander socket=idle_forge_door distinct=3
ACTION[Server]: GRUG_WP13_NPC boot=1 event=wander socket=idle_workyard distinct=2
ACTION[Server]: GRUG_WP13_NPC boot=1 event=wander socket=idle_west_door distinct=2
ACTION[Server]: GRUG_WP13_NPC boot=1 event=wander_done villagers=4 moved=4
ACTION[Server]: GRUG_WP13_NPC boot=1 event=moved n=9 nodes=40
ACTION[Server]: GRUG_WP13_NPC boot=1 event=census phase=moved key=hearthpine roster=9 marked=9 live=9 twins=0 spare=3 strict=true
ACTION[Server]: GRUG_WP13_NPC boot=1 event=census phase=beat4 key=hearthpine roster=9 marked=9 live=9 twins=0 spare=3 strict=true
ACTION[Server]: [grug_mobs] grug_mobs:guard_accord could not reach its waypoint in 45 s and walks on to the next one
ACTION[Server]: GRUG_WP13_NPC boot=1 event=census phase=beat10 key=hearthpine roster=9 marked=9 live=9 twins=0 spare=3 strict=true
ACTION[Server]: GRUG_WP13_NPC boot=1 event=census phase=beat16 key=hearthpine roster=9 marked=9 live=9 twins=0 spare=3 strict=true
ACTION[Server]: GRUG_WP13_NPC boot=1 event=cleared socket=idle_forge_door
ACTION[Server]: GRUG_WP13_NPC boot=1 event=census phase=one_strike key=hearthpine roster=9 marked=9 live=8 twins=0 spare=3 strict=false
WARNING[Server]: [grug_mobs] start npcs hearthpine: socket idle_forge_door is marked but empty; grug_mobs:villager_dwarf is gone and the slot is queued again
ACTION[Server]: [grug_mobs] start npcs hearthpine: grug_mobs:villager_dwarf placed at socket idle_forge_door (-1798,26,-2560)
ACTION[Server]: [grug_mobs] start npcs dwarf hearthpine: guards 3/3 flair 4/4 vendor 1/1 quest 1/1 new 1 pending 0 spare 3
ACTION[Server]: GRUG_WP13_NPC boot=1 event=census phase=refilled key=hearthpine roster=9 marked=9 live=9 twins=0 spare=3 strict=true
ACTION[Server]: GRUG_WP13_NPC boot=1 event=refill socket=idle_forge_door live=9
ACTION[Server]: GRUG_WP13_NPC boot=1 event=hp phase=fresh socket=gate_east level=20 tier=normal self_hp_max=115 prop_hp_max=115 health=115 tag=Accord_Guard_[Lv_20]_115/115
ACTION[Server]: GRUG_WP13_NPC boot=1 event=hp phase=fresh socket=watch_gate level=20 tier=normal self_hp_max=115 prop_hp_max=115 health=115 tag=Accord_Guard_[Lv_20]_115/115
ACTION[Server]: GRUG_WP13_NPC boot=1 event=hp phase=fresh socket=gate_west level=20 tier=normal self_hp_max=115 prop_hp_max=115 health=115 tag=Accord_Guard_[Lv_20]_115/115
ACTION[Server]: GRUG_WP13_NPC boot=1 event=hp_heal socket=gate_east before=115 injected_self=nil injected_prop=10 after_self=115 after_prop=115 tag=Accord_Guard_[Lv_20]_115/115
ACTION[Server]: GRUG_WP13_NPC boot=1 event=hostile_spawn at=at_villager host=grug_mobs:villager_dwarf pos=(-1775.6687011719,26.5,-2545.8000488281)
ACTION[Server]: GRUG_WP13_NPC boot=1 event=hostile_spawn at=at_guard host=grug_mobs:guard_accord pos=(-1794.7349853516,25.5,-2520.4826660156)
ACTION[Server]: LuaEntitySAO "grug_mobs:guard_accord" at (-1794,26,-2520) (id=5, hp=10) punched LuaEntitySAO "grug_mobs:wolf" at (-1793,26,-2520) (id=75, hp=10), damage=0 (handled by Lua)
ACTION[Server]: LuaEntitySAO "grug_mobs:wolf" at (-1792,26,-2521) (id=75, hp=10) punched LuaEntitySAO "grug_mobs:guard_accord" at (-1793,26,-2520) (id=5, hp=10), damage=0 (handled by Lua)
ACTION[Server]: LuaEntitySAO "grug_mobs:guard_accord" at (-1795,26,-2520) (id=5, hp=10) punched LuaEntitySAO "grug_mobs:wolf" at (-1793,26,-2520) (id=75, hp=10), damage=0 (handled by Lua)
ACTION[Server]: GRUG_WP13_NPC boot=1 event=hostile phase=t3 at=at_villager attack_npcs=true attack_players=true noncombatant=nil state=stand target=nil health=65
ACTION[Server]: GRUG_WP13_NPC boot=1 event=hostile phase=t3 at=at_guard attack_npcs=true attack_players=true noncombatant=nil state=attack target=grug_mobs:guard_accord health=45
ACTION[Server]: GRUG_WP13_NPC boot=1 event=guard_target phase=t3 socket=gate_east state=walk target=nil
ACTION[Server]: GRUG_WP13_NPC boot=1 event=guard_target phase=t3 socket=watch_gate state=attack target=grug_mobs:wolf
ACTION[Server]: GRUG_WP13_NPC boot=1 event=guard_target phase=t3 socket=gate_west state=stand target=nil
ACTION[Server]: LuaEntitySAO "grug_mobs:wolf" at (-1792,26,-2522) (id=75, hp=10) punched LuaEntitySAO "grug_mobs:guard_accord" at (-1793,26,-2521) (id=5, hp=10), damage=0 (handled by Lua)
ACTION[Server]: LuaEntitySAO "grug_mobs:guard_accord" at (-1794,26,-2520) (id=5, hp=10) punched LuaEntitySAO "grug_mobs:wolf" at (-1793,26,-2521) (id=75, hp=10), damage=0 (handled by Lua)
ACTION[Server]: LuaEntitySAO "grug_mobs:wolf" at (-1791,26,-2522) (id=75, hp=10) punched LuaEntitySAO "grug_mobs:guard_accord" at (-1793,26,-2521) (id=5, hp=10), damage=0 (handled by Lua)
ACTION[Server]: GRUG_WP13_NPC boot=1 event=hostile phase=t6 at=at_villager attack_npcs=true attack_players=true noncombatant=nil state=stand target=nil health=65
ACTION[Server]: GRUG_WP13_NPC boot=1 event=hostile phase=t6 at=at_guard attack_npcs=true attack_players=true noncombatant=nil state=attack target=grug_mobs:guard_accord health=35
ACTION[Server]: GRUG_WP13_NPC boot=1 event=guard_target phase=t6 socket=gate_east state=walk target=nil
ACTION[Server]: GRUG_WP13_NPC boot=1 event=guard_target phase=t6 socket=watch_gate state=attack target=grug_mobs:wolf
ACTION[Server]: GRUG_WP13_NPC boot=1 event=guard_target phase=t6 socket=gate_west state=stand target=nil
ACTION[Server]: LuaEntitySAO "grug_mobs:guard_accord" at (-1794,26,-2520) (id=5, hp=10) punched LuaEntitySAO "grug_mobs:wolf" at (-1793,26,-2521) (id=75, hp=10), damage=0 (handled by Lua)
ACTION[Server]: LuaEntitySAO "grug_mobs:wolf" at (-1791,26,-2523) (id=75, hp=10) punched LuaEntitySAO "grug_mobs:guard_accord" at (-1792,26,-2522) (id=5, hp=10), damage=0 (handled by Lua)
ACTION[Server]: LuaEntitySAO "grug_mobs:guard_accord" at (-1793,26,-2521) (id=5, hp=10) punched LuaEntitySAO "grug_mobs:wolf" at (-1792,26,-2522) (id=75, hp=10), damage=0 (handled by Lua)
ACTION[Server]: LuaEntitySAO "grug_mobs:wolf" at (-1790,26,-2524) (id=75, hp=10) punched LuaEntitySAO "grug_mobs:guard_accord" at (-1791,26,-2523) (id=5, hp=10), damage=0 (handled by Lua)
ACTION[Server]: LuaEntitySAO "grug_mobs:guard_accord" at (-1792,26,-2522) (id=5, hp=10) punched LuaEntitySAO "grug_mobs:wolf" at (-1791,26,-2523) (id=75, hp=10), damage=0 (handled by Lua)
ACTION[Server]: LuaEntitySAO "grug_mobs:wolf" at (-1789,26,-2524) (id=75, hp=10) punched LuaEntitySAO "grug_mobs:guard_accord" at (-1790,26,-2523) (id=5, hp=10), damage=0 (handled by Lua)
ACTION[Server]: LuaEntitySAO "grug_mobs:guard_accord" at (-1791,26,-2523) (id=5, hp=10) punched LuaEntitySAO "grug_mobs:wolf" at (-1791,26,-2522) (id=75, hp=10), damage=0 (handled by Lua)
ACTION[Server]: GRUG_WP13_NPC boot=1 event=hostile phase=acquired at=at_villager attack_npcs=true attack_players=true noncombatant=nil state=walk target=nil health=65
ACTION[Server]: GRUG_WP13_NPC boot=1 event=hostile phase=acquired at=at_guard state=gone
ACTION[Server]: GRUG_WP13_NPC boot=1 event=guard_target phase=acquired socket=gate_east state=walk target=nil
ACTION[Server]: GRUG_WP13_NPC boot=1 event=guard_target phase=acquired socket=watch_gate state=walk target=nil
ACTION[Server]: GRUG_WP13_NPC boot=1 event=guard_target phase=acquired socket=gate_west state=stand target=nil
ACTION[Server]: GRUG_WP13_NPC boot=1 event=hostile phase=fought at=at_villager attack_npcs=true attack_players=true noncombatant=nil state=walk target=nil health=65
ACTION[Server]: GRUG_WP13_NPC boot=1 event=hostile phase=fought at=at_guard state=gone
ACTION[Server]: GRUG_WP13_NPC boot=1 event=guard_target phase=fought socket=gate_west state=walk target=nil
ACTION[Server]: GRUG_WP13_NPC boot=1 event=guard_target phase=fought socket=watch_gate state=walk target=nil
ACTION[Server]: GRUG_WP13_NPC boot=1 event=guard_target phase=fought socket=gate_east state=stand target=nil
ACTION[Server]: GRUG_WP13_NPC boot=1 event=engagement hostile_held_guard=true guard_held_target=true
ACTION[Server]: GRUG_WP13_NPC boot=1 event=census phase=after_fight key=hearthpine roster=9 marked=9 live=9 twins=0 spare=3 strict=false
ACTION[Server]: GRUG_WP13_NPC boot=1 event=away_request to=(-1672,25,-2550) ok=true
ACTION[Server]: GRUG_WP13_NPC boot=1 event=unload socket=idle_west_door to=(-1672,25,-2550) socket_block_active=true npc_block_active=true
ACTION[Server]: GRUG_WP13_NPC boot=1 event=census phase=unloaded key=hearthpine roster=9 marked=9 live=8 twins=0 spare=3 strict=false
ACTION[Server]: LuaEntitySAO "grug_mobs:guard_accord" at (-1796,26,-2524) (id=5, hp=10) punched LuaEntitySAO "grug_mobs:wolf" at (-1794,26,-2524) (id=74, hp=10), damage=0 (handled by Lua)
ACTION[Server]: LuaEntitySAO "grug_mobs:wolf" at (-1792,26,-2523) (id=74, hp=10) punched LuaEntitySAO "grug_mobs:guard_accord" at (-1794,26,-2523) (id=5, hp=10), damage=0 (handled by Lua)
ACTION[Server]: LuaEntitySAO "grug_mobs:wolf" at (-1793,26,-2523) (id=74, hp=10) punched LuaEntitySAO "grug_mobs:guard_accord" at (-1795,26,-2524) (id=5, hp=10), damage=0 (handled by Lua)
ACTION[Server]: LuaEntitySAO "grug_mobs:guard_accord" at (-1796,26,-2524) (id=5, hp=10) punched LuaEntitySAO "grug_mobs:wolf" at (-1795,26,-2524) (id=74, hp=10), damage=0 (handled by Lua)
ACTION[Server]: LuaEntitySAO "grug_mobs:wolf" at (-1793,26,-2523) (id=74, hp=10) punched LuaEntitySAO "grug_mobs:guard_accord" at (-1794,26,-2523) (id=5, hp=10), damage=0 (handled by Lua)
ACTION[Server]: GRUG_WP13_NPC boot=1 event=census phase=still_unloaded key=hearthpine roster=9 marked=9 live=8 twins=0 spare=3 strict=false
ACTION[Server]: LuaEntitySAO "grug_mobs:guard_accord" at (-1795,26,-2524) (id=5, hp=10) punched LuaEntitySAO "grug_mobs:wolf" at (-1794,26,-2523) (id=74, hp=10), damage=0 (handled by Lua)
ACTION[Server]: LuaEntitySAO "grug_mobs:wolf" at (-1792,26,-2522) (id=74, hp=10) punched LuaEntitySAO "grug_mobs:guard_accord" at (-1793,26,-2523) (id=5, hp=10), damage=0 (handled by Lua)
ACTION[Server]: LuaEntitySAO "grug_mobs:guard_accord" at (-1794,26,-2524) (id=5, hp=10) punched LuaEntitySAO "grug_mobs:wolf" at (-1793,26,-2523) (id=74, hp=10), damage=0 (handled by Lua)
ACTION[Server]: LuaEntitySAO "grug_mobs:wolf" at (-1791,26,-2522) (id=74, hp=10) punched LuaEntitySAO "grug_mobs:guard_accord" at (-1792,26,-2523) (id=5, hp=10), damage=0 (handled by Lua)
ACTION[Server]: LuaEntitySAO "grug_mobs:guard_accord" at (-1794,26,-2523) (id=5, hp=10) punched LuaEntitySAO "grug_mobs:wolf" at (-1792,26,-2523) (id=74, hp=10), damage=0 (handled by Lua)
ACTION[Server]: GRUG_WP13_NPC boot=1 event=reload_request ok=true active=false
ACTION[Server]: LuaEntitySAO "grug_mobs:wolf" at (-1790,26,-2522) (id=74, hp=10) punched LuaEntitySAO "grug_mobs:guard_accord" at (-1791,26,-2522) (id=5, hp=10), damage=0 (handled by Lua)
ACTION[Server]: LuaEntitySAO "grug_mobs:guard_accord" at (-1793,26,-2523) (id=5, hp=10) punched LuaEntitySAO "grug_mobs:wolf" at (-1791,26,-2522) (id=74, hp=10), damage=0 (handled by Lua)
ACTION[Server]: LuaEntitySAO "grug_mobs:guard_accord" at (-1790,26,-2522) (id=5, hp=10) punched LuaEntitySAO "grug_mobs:wolf" at (-1790,26,-2523) (id=74, hp=10), damage=0 (handled by Lua)
ACTION[Server]: GRUG_WP13_NPC boot=1 event=reload_wait active=true loaded=true
ACTION[Server]: GRUG_WP13_NPC boot=1 event=reload_seen back=true active=true
ACTION[Server]: GRUG_WP13_NPC boot=1 event=census phase=reloaded_npc key=hearthpine roster=9 marked=9 live=9 twins=0 spare=3 strict=true
ACTION[Server]: GRUG_WP13_NPC boot=1 event=unload_done socket=idle_west_door live=9
ACTION[Server]: GRUG_WP13_NPC boot=1 event=complete programme=full
ACTION[Main]: Server: Shutting down
