ACTION[Server]: GRUG_R5_DESPAWN event=start distance=32 active_block_range=4 unload_timeout=2 remove_ok=true forced=true
ACTION[Server]: GRUG_R5_DESPAWN event=lifetime second=0 phase=loaded active=true
ACTION[Server]: GRUG_R5_DESPAWN event=lifetime second=1 phase=loaded active=true
ACTION[Server]: GRUG_R5_DESPAWN event=lifetime second=2 phase=loaded active=true
ACTION[Server]: GRUG_R5_DESPAWN event=lifetime second=3 phase=loaded active=true
ACTION[Server]: GRUG_R5_DESPAWN event=lifetime second=4 phase=loaded active=true
ACTION[Server]: GRUG_R5_DESPAWN event=lifetime second=5 phase=loaded active=true
ACTION[Server]: GRUG_R5_DESPAWN event=lifetime second=6 phase=loaded active=true
ACTION[Server]: GRUG_R5_DESPAWN event=lifetime second=7 phase=loaded active=true
ACTION[Server]: GRUG_R5_DESPAWN event=lifetime second=8 phase=loaded active=true
ACTION[Server]: GRUG_R5_DESPAWN event=lifetime second=9 phase=loaded active=true
ACTION[Server]: GRUG_R5_DESPAWN event=block_unload second=10
ACTION[Server]: GRUG_R5_DESPAWN event=lifetime second=10 phase=unloaded active=true
ACTION[Server]: GRUG_R5_DESPAWN event=lifetime second=11 phase=unloaded active=false
ACTION[Server]: GRUG_R5_DESPAWN event=lifetime second=12 phase=unloaded active=false
ACTION[Server]: GRUG_R5_DESPAWN event=lifetime second=13 phase=unloaded active=false
ACTION[Server]: GRUG_R5_DESPAWN event=lifetime second=14 phase=unloaded active=false
ACTION[Server]: GRUG_R5_DESPAWN event=lifetime second=15 phase=unloaded active=false
ACTION[Server]: GRUG_R5_DESPAWN event=lifetime second=16 phase=unloaded active=false
ACTION[Server]: GRUG_R5_DESPAWN event=lifetime second=17 phase=unloaded active=false
ACTION[Server]: GRUG_R5_DESPAWN event=lifetime second=18 phase=unloaded active=false
ACTION[Server]: GRUG_R5_DESPAWN event=lifetime second=19 phase=unloaded active=false
ACTION[Server]: GRUG_R5_DESPAWN event=lifetime second=20 phase=unloaded active=false
ACTION[Server]: GRUG_R5_DESPAWN event=lifetime second=21 phase=unloaded active=false
ACTION[Server]: GRUG_R5_DESPAWN event=lifetime second=22 phase=unloaded active=false
ACTION[Server]: GRUG_R5_DESPAWN event=lifetime second=23 phase=unloaded active=false
ACTION[Server]: GRUG_R5_DESPAWN event=lifetime second=24 phase=unloaded active=false
ACTION[Server]: GRUG_R5_DESPAWN event=block_reload second=25 forced=true
ACTION[Server]: GRUG_R5_DESPAWN event=lifetime second=25 phase=reloaded active=false
ACTION[Server]: GRUG_R5_DESPAWN event=lifetime second=26 phase=reloaded active=false
ACTION[Server]: GRUG_R5_DESPAWN event=lifetime second=27 phase=reloaded active=true
ACTION[Server]: GRUG_R5_DESPAWN event=lifetime second=28 phase=reloaded active=true
ACTION[Server]: GRUG_R5_DESPAWN event=lifetime second=29 phase=reloaded active=true
ACTION[Server]: GRUG_R5_DESPAWN event=lifetime second=30 phase=reloaded active=true
ACTION[Server]: GRUG_R5_DESPAWN event=lifetime second=31 phase=reloaded active=true
ACTION[Server]: GRUG_R5_DESPAWN event=lifetime second=32 phase=reloaded active=true
ACTION[Server]: GRUG_R5_DESPAWN event=lifetime second=33 phase=reloaded active=true
ACTION[Server]: GRUG_R5_DESPAWN event=lifetime second=34 phase=reloaded active=true
ACTION[Server]: GRUG_R5_DESPAWN event=lifetime second=35 phase=reloaded active=true
ACTION[Server]: GRUG_R5_DESPAWN event=lifetime second=36 phase=reloaded active=true
ACTION[Server]: GRUG_R5_DESPAWN event=lifetime second=37 phase=reloaded active=true
ACTION[Server]: GRUG_R5_DESPAWN event=lifetime second=38 phase=reloaded active=true
ACTION[Server]: GRUG_R5_DESPAWN event=lifetime second=39 phase=reloaded active=true
ACTION[Server]: GRUG_R5_DESPAWN event=lifetime second=40 phase=reloaded active=true
ACTION[Server]: GRUG_R5_DESPAWN event=finish seconds=40 alive=true
