WARNING[Main]: /!\ You are using the old mod storage files backend. This backend is deprecated and may be removed in a future release /!\
WARNING[Main]: Switching to SQLite3 is advised, please read https://docs.luanti.org/for-server-hosts/database-backends.
[MOD] Mobs Redo loaded
ACTION[Main]: [grug_materials] 12 tools completing the six-tier pick/axe/shovel ladder
WARNING[Main]: No craft recipe matches input (type: fuel, items: ['default:pick_mese'])
WARNING[Main]: No craft recipe matches input (type: fuel, items: ['default:shovel_mese'])
WARNING[Main]: No craft recipe matches input (type: fuel, items: ['default:axe_mese'])
WARNING[Main]: No craft recipe matches input (type: fuel, items: ['default:sword_mese'])
WARNING[Main]: No craft recipe matches input (type: fuel, items: ['default:pick_diamond'])
WARNING[Main]: No craft recipe matches input (type: fuel, items: ['default:shovel_diamond'])
WARNING[Main]: No craft recipe matches input (type: fuel, items: ['default:axe_diamond'])
WARNING[Main]: No craft recipe matches input (type: fuel, items: ['default:sword_diamond'])
WARNING[Main]: No craft recipe matches input (type: fuel, items: ['default:sword_bronze'])
WARNING[Main]: No craft recipe matches input (type: fuel, items: ['default:sword_steel'])
WARNING[Main]: No craft recipe matches input (type: fuel, items: ['default:copper_ingot'])
WARNING[Main]: No craft recipe matches input (type: fuel, items: ['default:copperblock'])
WARNING[Main]: No craft recipe matches input (type: fuel, items: ['default:tin_ingot'])
WARNING[Main]: No craft recipe matches input (type: fuel, items: ['default:tinblock'])
WARNING[Main]: No craft recipe matches input (type: fuel, items: ['default:bronze_ingot'])
WARNING[Main]: No craft recipe matches input (type: fuel, items: ['default:bronzeblock'])
WARNING[Main]: No craft recipe matches input (type: fuel, items: ['default:steel_ingot'])
WARNING[Main]: No craft recipe matches input (type: fuel, items: ['default:steelblock'])
WARNING[Main]: No craft recipe matches input (type: fuel, items: ['default:gold_ingot'])
WARNING[Main]: No craft recipe matches input (type: fuel, items: ['default:goldblock'])
WARNING[Main]: No craft recipe known for output 'default:stone_with_mese'
WARNING[Main]: No craft recipe matches input (type: fuel, items: ['default:stone_with_mese'])
WARNING[Main]: No craft recipe matches input (type: fuel, items: ['default:mese'])
WARNING[Main]: No craft recipe matches input (type: fuel, items: ['default:mese_crystal'])
WARNING[Main]: No craft recipe matches input (type: fuel, items: ['default:mese_crystal_fragment'])
WARNING[Main]: No craft recipe matches input (type: fuel, items: ['default:meselamp'])
WARNING[Main]: No craft recipe matches input (type: fuel, items: ['default:mese_post_light'])
WARNING[Main]: No craft recipe matches input (type: fuel, items: ['default:mese_post_light_acacia_wood'])
WARNING[Main]: No craft recipe matches input (type: fuel, items: ['default:mese_post_light_junglewood'])
WARNING[Main]: No craft recipe matches input (type: fuel, items: ['default:mese_post_light_pine_wood'])
WARNING[Main]: No craft recipe matches input (type: fuel, items: ['default:mese_post_light_aspen_wood'])
WARNING[Main]: No craft recipe known for output 'default:stone_with_diamond'
WARNING[Main]: No craft recipe matches input (type: fuel, items: ['default:stone_with_diamond'])
WARNING[Main]: No craft recipe matches input (type: fuel, items: ['default:diamond'])
WARNING[Main]: No craft recipe matches input (type: fuel, items: ['default:diamondblock'])
WARNING[Main]: No craft recipe matches input (type: fuel, items: ['default:sign_wall_steel'])
WARNING[Main]: No craft recipe matches input (type: fuel, items: ['default:ladder_steel'])
WARNING[Main]: No craft recipe matches input (type: fuel, items: ['stairs:stair_steelblock'])
WARNING[Main]: No craft recipe matches input (type: fuel, items: ['stairs:stair_inner_steelblock'])
WARNING[Main]: No craft recipe matches input (type: fuel, items: ['stairs:stair_outer_steelblock'])
WARNING[Main]: No craft recipe matches input (type: fuel, items: ['stairs:slab_steelblock'])
WARNING[Main]: No craft recipe matches input (type: fuel, items: ['stairs:stair_tinblock'])
WARNING[Main]: No craft recipe matches input (type: fuel, items: ['stairs:stair_inner_tinblock'])
WARNING[Main]: No craft recipe matches input (type: fuel, items: ['stairs:stair_outer_tinblock'])
WARNING[Main]: No craft recipe matches input (type: fuel, items: ['stairs:slab_tinblock'])
WARNING[Main]: No craft recipe matches input (type: fuel, items: ['stairs:stair_copperblock'])
WARNING[Main]: No craft recipe matches input (type: fuel, items: ['stairs:stair_inner_copperblock'])
WARNING[Main]: No craft recipe matches input (type: fuel, items: ['stairs:stair_outer_copperblock'])
WARNING[Main]: No craft recipe matches input (type: fuel, items: ['stairs:slab_copperblock'])
WARNING[Main]: No craft recipe matches input (type: fuel, items: ['stairs:stair_bronzeblock'])
WARNING[Main]: No craft recipe matches input (type: fuel, items: ['stairs:stair_inner_bronzeblock'])
WARNING[Main]: No craft recipe matches input (type: fuel, items: ['stairs:stair_outer_bronzeblock'])
WARNING[Main]: No craft recipe matches input (type: fuel, items: ['stairs:slab_bronzeblock'])
WARNING[Main]: No craft recipe matches input (type: fuel, items: ['stairs:stair_goldblock'])
WARNING[Main]: No craft recipe matches input (type: fuel, items: ['stairs:stair_inner_goldblock'])
WARNING[Main]: No craft recipe matches input (type: fuel, items: ['stairs:stair_outer_goldblock'])
WARNING[Main]: No craft recipe matches input (type: fuel, items: ['stairs:slab_goldblock'])
ACTION[Main]: [grug_gear] 6 bracket catalogs: 42 weapons + 72 armor pieces
ACTION[Main]: [grug_quality] deterministic PcgRandom quality rolls enabled
WARNING[Main]: No craft recipe known for output 'grug_gear:sword_bronze'
WARNING[Main]: No craft recipe known for output 'grug_gear:dagger_bronze'
WARNING[Main]: No craft recipe known for output 'grug_gear:greataxe_bronze'
WARNING[Main]: No craft recipe known for output 'grug_gear:wand_bronze'
WARNING[Main]: No craft recipe known for output 'grug_gear:scepter_bronze'
WARNING[Main]: No craft recipe known for output 'grug_gear:orb_bronze'
WARNING[Main]: No craft recipe known for output 'grug_gear:staff_bronze'
WARNING[Main]: No craft recipe known for output 'grug_gear:feet_metal_bronze'
WARNING[Main]: No craft recipe known for output 'grug_gear:chest_metal_bronze'
WARNING[Main]: No craft recipe known for output 'grug_gear:legs_metal_bronze'
WARNING[Main]: No craft recipe known for output 'grug_gear:head_metal_bronze'
WARNING[Main]: No craft recipe known for output 'grug_gear:feet_cloth_patch'
WARNING[Main]: No craft recipe known for output 'grug_gear:chest_cloth_patch'
WARNING[Main]: No craft recipe known for output 'grug_gear:legs_cloth_patch'
WARNING[Main]: No craft recipe known for output 'grug_gear:head_cloth_patch'
WARNING[Main]: No craft recipe known for output 'grug_gear:feet_leather_light'
WARNING[Main]: No craft recipe known for output 'grug_gear:chest_leather_light'
WARNING[Main]: No craft recipe known for output 'grug_gear:legs_leather_light'
WARNING[Main]: No craft recipe known for output 'grug_gear:head_leather_light'
WARNING[Main]: No craft recipe known for output 'grug_gear:sword_iron'
WARNING[Main]: No craft recipe known for output 'grug_materials:pick_iron'
WARNING[Main]: No craft recipe known for output 'grug_materials:shovel_iron'
WARNING[Main]: No craft recipe known for output 'grug_materials:axe_iron'
WARNING[Main]: No craft recipe known for output 'grug_gear:dagger_iron'
WARNING[Main]: No craft recipe known for output 'grug_gear:greataxe_iron'
WARNING[Main]: No craft recipe known for output 'grug_gear:wand_iron'
WARNING[Main]: No craft recipe known for output 'grug_gear:scepter_iron'
WARNING[Main]: No craft recipe known for output 'grug_gear:orb_iron'
WARNING[Main]: No craft recipe known for output 'grug_gear:staff_iron'
WARNING[Main]: No craft recipe known for output 'grug_gear:feet_metal_iron'
WARNING[Main]: No craft recipe known for output 'grug_gear:chest_metal_iron'
WARNING[Main]: No craft recipe known for output 'grug_gear:legs_metal_iron'
WARNING[Main]: No craft recipe known for output 'grug_gear:head_metal_iron'
WARNING[Main]: No craft recipe known for output 'grug_gear:feet_cloth_woven'
WARNING[Main]: No craft recipe known for output 'grug_gear:chest_cloth_woven'
WARNING[Main]: No craft recipe known for output 'grug_gear:legs_cloth_woven'
WARNING[Main]: No craft recipe known for output 'grug_gear:head_cloth_woven'
WARNING[Main]: No craft recipe known for output 'grug_gear:feet_leather_cured'
WARNING[Main]: No craft recipe known for output 'grug_gear:chest_leather_cured'
WARNING[Main]: No craft recipe known for output 'grug_gear:legs_leather_cured'
WARNING[Main]: No craft recipe known for output 'grug_gear:head_leather_cured'
WARNING[Main]: No craft recipe known for output 'grug_gear:sword_steel'
WARNING[Main]: No craft recipe known for output 'default:pick_steel'
WARNING[Main]: No craft recipe known for output 'grug_gear:dagger_steel'
WARNING[Main]: No craft recipe known for output 'grug_gear:greataxe_steel'
WARNING[Main]: No craft recipe known for output 'grug_gear:wand_steel'
WARNING[Main]: No craft recipe known for output 'grug_gear:scepter_steel'
WARNING[Main]: No craft recipe known for output 'grug_gear:orb_steel'
WARNING[Main]: No craft recipe known for output 'grug_gear:staff_steel'
WARNING[Main]: No craft recipe known for output 'grug_gear:feet_metal_steel'
WARNING[Main]: No craft recipe known for output 'grug_gear:chest_metal_steel'
WARNING[Main]: No craft recipe known for output 'grug_gear:legs_metal_steel'
WARNING[Main]: No craft recipe known for output 'grug_gear:head_metal_steel'
WARNING[Main]: No craft recipe known for output 'grug_gear:feet_cloth_heavy'
WARNING[Main]: No craft recipe known for output 'grug_gear:chest_cloth_heavy'
WARNING[Main]: No craft recipe known for output 'grug_gear:legs_cloth_heavy'
WARNING[Main]: No craft recipe known for output 'grug_gear:head_cloth_heavy'
WARNING[Main]: No craft recipe known for output 'grug_gear:feet_leather_heavy'
WARNING[Main]: No craft recipe known for output 'grug_gear:chest_leather_heavy'
WARNING[Main]: No craft recipe known for output 'grug_gear:legs_leather_heavy'
WARNING[Main]: No craft recipe known for output 'grug_gear:head_leather_heavy'
WARNING[Main]: No craft recipe known for output 'grug_gear:sword_silversteel'
WARNING[Main]: No craft recipe known for output 'grug_materials:pick_silversteel'
WARNING[Main]: No craft recipe known for output 'grug_materials:shovel_silversteel'
WARNING[Main]: No craft recipe known for output 'grug_materials:axe_silversteel'
WARNING[Main]: No craft recipe known for output 'grug_gear:dagger_silversteel'
WARNING[Main]: No craft recipe known for output 'grug_gear:greataxe_silversteel'
WARNING[Main]: No craft recipe known for output 'grug_gear:wand_silversteel'
WARNING[Main]: No craft recipe known for output 'grug_gear:scepter_silversteel'
WARNING[Main]: No craft recipe known for output 'grug_gear:orb_silversteel'
WARNING[Main]: No craft recipe known for output 'grug_gear:staff_silversteel'
WARNING[Main]: No craft recipe known for output 'grug_gear:feet_metal_silversteel'
WARNING[Main]: No craft recipe known for output 'grug_gear:chest_metal_silversteel'
WARNING[Main]: No craft recipe known for output 'grug_gear:legs_metal_silversteel'
WARNING[Main]: No craft recipe known for output 'grug_gear:head_metal_silversteel'
WARNING[Main]: No craft recipe known for output 'grug_gear:feet_cloth_silkweave'
WARNING[Main]: No craft recipe known for output 'grug_gear:chest_cloth_silkweave'
WARNING[Main]: No craft recipe known for output 'grug_gear:legs_cloth_silkweave'
WARNING[Main]: No craft recipe known for output 'grug_gear:head_cloth_silkweave'
WARNING[Main]: No craft recipe known for output 'grug_gear:feet_leather_scaled'
WARNING[Main]: No craft recipe known for output 'grug_gear:chest_leather_scaled'
WARNING[Main]: No craft recipe known for output 'grug_gear:legs_leather_scaled'
WARNING[Main]: No craft recipe known for output 'grug_gear:head_leather_scaled'
WARNING[Main]: No craft recipe known for output 'grug_gear:sword_embersteel'
WARNING[Main]: No craft recipe known for output 'grug_materials:pick_embersteel'
WARNING[Main]: No craft recipe known for output 'grug_materials:shovel_embersteel'
WARNING[Main]: No craft recipe known for output 'grug_materials:axe_embersteel'
WARNING[Main]: No craft recipe known for output 'grug_gear:dagger_embersteel'
WARNING[Main]: No craft recipe known for output 'grug_gear:greataxe_embersteel'
WARNING[Main]: No craft recipe known for output 'grug_gear:wand_embersteel'
WARNING[Main]: No craft recipe known for output 'grug_gear:scepter_embersteel'
WARNING[Main]: No craft recipe known for output 'grug_gear:orb_embersteel'
WARNING[Main]: No craft recipe known for output 'grug_gear:staff_embersteel'
WARNING[Main]: No craft recipe known for output 'grug_gear:feet_metal_embersteel'
WARNING[Main]: No craft recipe known for output 'grug_gear:chest_metal_embersteel'
WARNING[Main]: No craft recipe known for output 'grug_gear:legs_metal_embersteel'
WARNING[Main]: No craft recipe known for output 'grug_gear:head_metal_embersteel'
WARNING[Main]: No craft recipe known for output 'grug_gear:feet_cloth_silk'
WARNING[Main]: No craft recipe known for output 'grug_gear:chest_cloth_silk'
WARNING[Main]: No craft recipe known for output 'grug_gear:legs_cloth_silk'
WARNING[Main]: No craft recipe known for output 'grug_gear:head_cloth_silk'
WARNING[Main]: No craft recipe known for output 'grug_gear:feet_leather_sleek'
WARNING[Main]: No craft recipe known for output 'grug_gear:chest_leather_sleek'
WARNING[Main]: No craft recipe known for output 'grug_gear:legs_leather_sleek'
WARNING[Main]: No craft recipe known for output 'grug_gear:head_leather_sleek'
WARNING[Main]: No craft recipe known for output 'grug_gear:sword_abyssal_steel'
WARNING[Main]: No craft recipe known for output 'grug_materials:pick_abyssal_steel'
WARNING[Main]: No craft recipe known for output 'grug_materials:shovel_abyssal_steel'
WARNING[Main]: No craft recipe known for output 'grug_materials:axe_abyssal_steel'
WARNING[Main]: No craft recipe known for output 'grug_gear:dagger_abyssal_steel'
WARNING[Main]: No craft recipe known for output 'grug_gear:greataxe_abyssal_steel'
WARNING[Main]: No craft recipe known for output 'grug_gear:wand_abyssal_steel'
WARNING[Main]: No craft recipe known for output 'grug_gear:scepter_abyssal_steel'
WARNING[Main]: No craft recipe known for output 'grug_gear:orb_abyssal_steel'
WARNING[Main]: No craft recipe known for output 'grug_gear:staff_abyssal_steel'
WARNING[Main]: No craft recipe known for output 'grug_gear:feet_metal_abyssal_steel'
WARNING[Main]: No craft recipe known for output 'grug_gear:chest_metal_abyssal_steel'
WARNING[Main]: No craft recipe known for output 'grug_gear:legs_metal_abyssal_steel'
WARNING[Main]: No craft recipe known for output 'grug_gear:head_metal_abyssal_steel'
WARNING[Main]: No craft recipe known for output 'grug_gear:feet_cloth_stormweave'
WARNING[Main]: No craft recipe known for output 'grug_gear:chest_cloth_stormweave'
WARNING[Main]: No craft recipe known for output 'grug_gear:legs_cloth_stormweave'
WARNING[Main]: No craft recipe known for output 'grug_gear:head_cloth_stormweave'
WARNING[Main]: No craft recipe known for output 'grug_gear:feet_leather_nightscale'
WARNING[Main]: No craft recipe known for output 'grug_gear:chest_leather_nightscale'
WARNING[Main]: No craft recipe known for output 'grug_gear:legs_leather_nightscale'
WARNING[Main]: No craft recipe known for output 'grug_gear:head_leather_nightscale'
WARNING[Main]: No craft recipe known for output 'grug_mobs:light_leather'
WARNING[Main]: No craft recipe known for output 'grug_professions:cured_leather'
WARNING[Main]: No craft recipe known for output 'grug_mobs:heavy_leather'
WARNING[Main]: No craft recipe known for output 'grug_mobs:scaled_hide'
WARNING[Main]: No craft recipe known for output 'grug_professions:sleek_leather'
WARNING[Main]: No craft recipe known for output 'grug_professions:nightscale_leather'
WARNING[Main]: No craft recipe known for output 'grug_professions:bolt_patch'
WARNING[Main]: No craft recipe known for output 'grug_professions:bolt_woven'
WARNING[Main]: No craft recipe known for output 'grug_professions:bolt_heavy'
WARNING[Main]: No craft recipe known for output 'grug_professions:bolt_silkweave'
WARNING[Main]: No craft recipe known for output 'grug_professions:bolt_silk'
WARNING[Main]: No craft recipe known for output 'grug_professions:bolt_stormweave'
ACTION[Main]: [grug_professions] registered Weaponsmith, Armorsmith, Leatherworker and Tailor catalogs
WARNING[Main]: No craft recipe known for output 'grug_artisans:seasoned_wood'
WARNING[Main]: No craft recipe known for output 'grug_artisans:polished_wood'
WARNING[Main]: No craft recipe known for output 'grug_artisans:hardened_wood'
WARNING[Main]: No craft recipe known for output 'grug_artisans:inlaid_wood'
WARNING[Main]: No craft recipe known for output 'grug_artisans:lacquered_wood'
WARNING[Main]: No craft recipe known for output 'grug_artisans:heartwood_wood'
ACTION[Main]: [grug_artisans] registered Woodcarver and Goldsmith catalogs
ACTION[Main]: [grug_materials] registry audit passed: 6 tiers, 15 resources, 12 processed forms, 6 race regions
ACTION[Main]: [grug_smelting] recipe audit passed: 5 cooking, 5 dualfurn, 12 storage pairs, 1 station
ACTION[Main]: [grug_visuals] 72 armor pieces indexed for overlays, 3 art lines x 4 slots
ACTION[Main]: [grug_mobs] settlement work activities: tools 7, weapon families 1, all registered
ACTION[Main]: [grug_fishing] tables=6 entries=18 weight=100 bite=3..10s rod_uses=64
ACTION[Main]: [grug_inventory] starter weapons: mage=grug_gear:staff_wood (2H), priest=grug_gear:staff_wood (2H), warrior=default:sword_stone
ACTION[Main]: [grug_traders] 12 profession shelves, 122 offers, all registered
ACTION[Main]: [grug_traders] dwarf capital vendors come from the sockets of dur_brannoc
ACTION[Main]: [grug_traders] elf capital vendors come from the sockets of lethariel
ACTION[Main]: [grug_traders] human capital vendors come from the sockets of highcourt
ACTION[Main]: [grug_traders] orc capital vendors come from the sockets of gor_drazhak
ACTION[Main]: [grug_traders] troll capital vendors come from the sockets of kezamba
ACTION[Main]: [grug_traders] undead capital vendors come from the sockets of nhal_veyr
ACTION[Main]: [grug_traders] 12 settlements indexed for profession vendor appearance
ACTION[Main]: [grug_traders] drop audit: 3 mob(s) use a `drops` FUNCTION and cannot be walked statically (grug_mobs:bandit, grug_mobs:bandit_archer, grug_mobs:poacher); their items are audited from the hardcoded FUNCTION_DROPS list
WARNING[Main]: [grug_traders] no vendor price for dropped item 'default:apple' (dropped by grug_mobs:ashen_treant, grug_mobs:gravewood_treant) — add a _grug_sell_price to its def or a grug_traders.set_price override; traders must buy every mob drop (economy.md §3)
WARNING[Main]: [grug_traders] no vendor price for dropped item 'default:stick' (dropped by grug_mobs:ashen_treant, grug_mobs:gravewood_treant) — add a _grug_sell_price to its def or a grug_traders.set_price override; traders must buy every mob drop (economy.md §3)
ACTION[Main]: GRUG_WP13_CAPITAL event=districts lore_spiritual=southeast market_professions=northwest martial_garrison=southwest residential_cultural=northeast permutation=3,4,1,2
ACTION[Main]: GRUG_WP13_CAPITAL event=start engine=5.17.0 seed=531802985935182545 manifest=1ed903592bfb06c812f89e92dc7bd283fee2b81fe08aba9b146294fd85795051 sockets_registered=1881 anchor=0,94,1500 mode=full build_us=module_load=35077,core=158598,plot_bazaar_butcher=7761,plot_bazaar_tannery=5087,plot_bazaar_brewhouse=8207,plot_bazaar_armourer=6958,plot_bazaar_smithy=5400,plot_bazaar_store=7588,plot_bazaar_wain_yard=4642,plot_bazaar_carver=3212,plot_bazaar_house=2768,plot_bazaar_stock_pen=3731,plot_bazaar_drying_floor=3427,plot_bazaar_spoil_heap=1925,plot_bazaar_fire_court=903,plot_war_barracks=10942,plot_war_arena=5722,plot_war_armoury=7348,plot_war_beast_pen=12026,plot_war_drill_yard=6565,plot_war_quartermaster=6111,plot_war_wain_shed=4478,plot_war_chief_house=3023,plot_war_watch_tower=3629,plot_war_muster_field=3806,plot_war_remount_paddock=3904,plot_war_wood_yard=2504,plot_war_guard_fire=1112,plot_bone_spirit_hall=19434,plot_bone_totem_court=7187,plot_bone_barrow=8418,plot_bone_quarry=6633,plot_bone_reader_hall=9926,plot_bone_herb_house=5430,plot_bone_store=8290,plot_bone_shaman_house=4586,plot_bone_ash_court=3185,plot_bone_ancestor_field=4660,plot_bone_scrub_garden=4209,plot_bone_spoil_shelf=2235,plot_bone_candle_court=1026,plot_warren_clan_house=10670,plot_warren_round_lodge=4510,plot_warren_cook_court=4495,plot_warren_house_spear=3672,plot_warren_house_tusk=3793,plot_warren_house_bone=4722,plot_warren_weaver=5502,plot_warren_store=7662,plot_warren_story_fire=3597,plot_warren_clan_ground=4531,plot_warren_dry_garden=4258,plot_warren_fuel_yard=2282,plot_warren_green=1154
ACTION[Main]: GRUG_WP13_CAPITAL event=build
ACTION[Main]: GRUG_WP13_CAPITAL event=build_time module_load=35077
ACTION[Main]: GRUG_WP13_CAPITAL event=build_time core=158598
ACTION[Main]: GRUG_WP13_CAPITAL event=build_time plot_bazaar_butcher=7761
ACTION[Main]: GRUG_WP13_CAPITAL event=build_time plot_bazaar_tannery=5087
ACTION[Main]: GRUG_WP13_CAPITAL event=build_time plot_bazaar_brewhouse=8207
ACTION[Main]: GRUG_WP13_CAPITAL event=build_time plot_bazaar_armourer=6958
ACTION[Main]: GRUG_WP13_CAPITAL event=build_time plot_bazaar_smithy=5400
ACTION[Main]: GRUG_WP13_CAPITAL event=build_time plot_bazaar_store=7588
ACTION[Main]: GRUG_WP13_CAPITAL event=build_time plot_bazaar_wain_yard=4642
ACTION[Main]: GRUG_WP13_CAPITAL event=build_time plot_bazaar_carver=3212
ACTION[Main]: GRUG_WP13_CAPITAL event=build_time plot_bazaar_house=2768
ACTION[Main]: GRUG_WP13_CAPITAL event=build_time plot_bazaar_stock_pen=3731
ACTION[Main]: GRUG_WP13_CAPITAL event=build_time plot_bazaar_drying_floor=3427
ACTION[Main]: GRUG_WP13_CAPITAL event=build_time plot_bazaar_spoil_heap=1925
ACTION[Main]: GRUG_WP13_CAPITAL event=build_time plot_bazaar_fire_court=903
ACTION[Main]: GRUG_WP13_CAPITAL event=build_time plot_war_barracks=10942
ACTION[Main]: GRUG_WP13_CAPITAL event=build_time plot_war_arena=5722
ACTION[Main]: GRUG_WP13_CAPITAL event=build_time plot_war_armoury=7348
ACTION[Main]: GRUG_WP13_CAPITAL event=build_time plot_war_beast_pen=12026
ACTION[Main]: GRUG_WP13_CAPITAL event=build_time plot_war_drill_yard=6565
ACTION[Main]: GRUG_WP13_CAPITAL event=build_time plot_war_quartermaster=6111
ACTION[Main]: GRUG_WP13_CAPITAL event=build_time plot_war_wain_shed=4478
ACTION[Main]: GRUG_WP13_CAPITAL event=build_time plot_war_chief_house=3023
ACTION[Main]: GRUG_WP13_CAPITAL event=build_time plot_war_watch_tower=3629
ACTION[Main]: GRUG_WP13_CAPITAL event=build_time plot_war_muster_field=3806
ACTION[Main]: GRUG_WP13_CAPITAL event=build_time plot_war_remount_paddock=3904
ACTION[Main]: GRUG_WP13_CAPITAL event=build_time plot_war_wood_yard=2504
ACTION[Main]: GRUG_WP13_CAPITAL event=build_time plot_war_guard_fire=1112
ACTION[Main]: GRUG_WP13_CAPITAL event=build_time plot_bone_spirit_hall=19434
ACTION[Main]: GRUG_WP13_CAPITAL event=build_time plot_bone_totem_court=7187
ACTION[Main]: GRUG_WP13_CAPITAL event=build_time plot_bone_barrow=8418
ACTION[Main]: GRUG_WP13_CAPITAL event=build_time plot_bone_quarry=6633
ACTION[Main]: GRUG_WP13_CAPITAL event=build_time plot_bone_reader_hall=9926
ACTION[Main]: GRUG_WP13_CAPITAL event=build_time plot_bone_herb_house=5430
ACTION[Main]: GRUG_WP13_CAPITAL event=build_time plot_bone_store=8290
ACTION[Main]: GRUG_WP13_CAPITAL event=build_time plot_bone_shaman_house=4586
ACTION[Main]: GRUG_WP13_CAPITAL event=build_time plot_bone_ash_court=3185
ACTION[Main]: GRUG_WP13_CAPITAL event=build_time plot_bone_ancestor_field=4660
ACTION[Main]: GRUG_WP13_CAPITAL event=build_time plot_bone_scrub_garden=4209
ACTION[Main]: GRUG_WP13_CAPITAL event=build_time plot_bone_spoil_shelf=2235
ACTION[Main]: GRUG_WP13_CAPITAL event=build_time plot_bone_candle_court=1026
ACTION[Main]: GRUG_WP13_CAPITAL event=build_time plot_warren_clan_house=10670
ACTION[Main]: GRUG_WP13_CAPITAL event=build_time plot_warren_round_lodge=4510
ACTION[Main]: GRUG_WP13_CAPITAL event=build_time plot_warren_cook_court=4495
ACTION[Main]: GRUG_WP13_CAPITAL event=build_time plot_warren_house_spear=3672
ACTION[Main]: GRUG_WP13_CAPITAL event=build_time plot_warren_house_tusk=3793
ACTION[Main]: GRUG_WP13_CAPITAL event=build_time plot_warren_house_bone=4722
ACTION[Main]: GRUG_WP13_CAPITAL event=build_time plot_warren_weaver=5502
ACTION[Main]: GRUG_WP13_CAPITAL event=build_time plot_warren_store=7662
ACTION[Main]: GRUG_WP13_CAPITAL event=build_time plot_warren_story_fire=3597
ACTION[Main]: GRUG_WP13_CAPITAL event=build_time plot_warren_clan_ground=4531
ACTION[Main]: GRUG_WP13_CAPITAL event=build_time plot_warren_dry_garden=4258
ACTION[Main]: GRUG_WP13_CAPITAL event=build_time plot_warren_fuel_yard=2282
ACTION[Main]: GRUG_WP13_CAPITAL event=build_time plot_warren_green=1154
ACTION[Main]: GRUG_WP13_CAPITAL event=socket sockets=338
ACTION[Main]: GRUG_WP13_CAPITAL event=socket role_gear_display=3
ACTION[Main]: GRUG_WP13_CAPITAL event=socket role_guard_patrol=50
ACTION[Main]: GRUG_WP13_CAPITAL event=socket role_guard_post=21
ACTION[Main]: GRUG_WP13_CAPITAL event=socket role_idle=177
ACTION[Main]: GRUG_WP13_CAPITAL event=socket role_king=1
ACTION[Main]: GRUG_WP13_CAPITAL event=socket role_mount_display=4
ACTION[Main]: GRUG_WP13_CAPITAL event=socket role_public_station=7
ACTION[Main]: GRUG_WP13_CAPITAL event=socket role_quest=2
ACTION[Main]: GRUG_WP13_CAPITAL event=socket role_riding_trainer=1
ACTION[Main]: GRUG_WP13_CAPITAL event=socket role_trainer=8
ACTION[Main]: GRUG_WP13_CAPITAL event=socket role_vendor=7
ACTION[Main]: GRUG_WP13_CAPITAL event=socket role_waypoint=1
ACTION[Main]: GRUG_WP13_CAPITAL event=socket role_work=56
ACTION[Main]: GRUG_WP13_CAPITAL event=socket loops=9
ACTION[Main]: GRUG_WP13_CAPITAL event=socket loop_gor_drazhak_bazaar_watch=9
ACTION[Main]: GRUG_WP13_CAPITAL event=socket loop_gor_drazhak_bone_watch=9
ACTION[Main]: GRUG_WP13_CAPITAL event=socket loop_gor_drazhak_gate_east_tower=2
ACTION[Main]: GRUG_WP13_CAPITAL event=socket loop_gor_drazhak_gate_north_tower=2
ACTION[Main]: GRUG_WP13_CAPITAL event=socket loop_gor_drazhak_gate_south_tower=2
ACTION[Main]: GRUG_WP13_CAPITAL event=socket loop_gor_drazhak_gate_west_tower=2
ACTION[Main]: GRUG_WP13_CAPITAL event=socket loop_gor_drazhak_war_watch=9
ACTION[Main]: GRUG_WP13_CAPITAL event=socket loop_gor_drazhak_warren_watch=9
ACTION[Main]: GRUG_WP13_CAPITAL event=socket loop_gor_drazhak_watch=6
ACTION[Main]: GRUG_WP13_CAPITAL event=corpus mapchunks=74
 _                   _   _ 
| |_   _  __ _ _ __ | |_(_)
| | | | |/ _` | '_ \| __| |
| | |_| | (_| | | | | |_| |
|_|\__,_|\__,_|_| |_|\__|_|  ___ 5.17.0
ACTION[Main]: World at [/tmp/grudgelands-wp13-capital.OQRz68/world]
ACTION[Main]: Server for gameid="grudgelands" listening on 127.0.0.1:31943.
ACTION[Server]: [grug_core] start preload: emerging 6 start areas (128 x 128 nodes each, 2 at a time)
ACTION[Emerge-0]: [grug_core] start area ready: dwarf (1/6, 23.3 s)
ACTION[Server]: [grug_mobs] start npcs hearthpine: grug_mobs:guard_accord placed at socket gate_west (-1804,26,-2491)
ACTION[Server]: [grug_mobs] start npcs hearthpine: grug_mobs:guard_accord placed at socket gate_east (-1796,26,-2491)
ACTION[Server]: [grug_mobs] start npcs hearthpine: grug_mobs:guard_accord placed at socket watch_gate (-1800,26,-2498)
ACTION[Server]: [grug_mobs] start npcs hearthpine: grug_traders:vendor_race_dwarf placed at socket plaza_vendor (-1793,26,-2555)
ACTION[Server]: [grug_mobs] start npcs hearthpine: grug_mobs:villager_dwarf placed at socket idle_west_door (-1816,26,-2546)
ACTION[Server]: [grug_mobs] start npcs hearthpine: grug_mobs:villager_dwarf placed at socket idle_plaza_bench (-1793,26,-2549)
ACTION[Server]: [grug_mobs] start npcs hearthpine: grug_mobs:villager_dwarf placed at socket idle_workyard (-1819,26,-2533)
ACTION[Server]: [grug_mobs] start npcs hearthpine: grug_mobs:villager_dwarf placed at socket idle_forge_door (-1798,26,-2560)
ACTION[Server]: [grug_mobs] start npcs hearthpine: grug_mobs:villager_dwarf placed at socket work_woodpile (-1812,26,-2563)
ACTION[Server]: [grug_mobs] start npcs hearthpine: grug_mobs:villager_dwarf placed at socket work_garden (-1819,26,-2529)
ACTION[Server]: [grug_mobs] start npcs hearthpine: grug_mobs:elder_dwarf placed at socket hall_quest (-1828,26,-2524)
ACTION[Server]: [grug_mobs] start npcs hearthpine: grug_mobs:villager_dwarf placed at socket trainer_cooking (-1798,26,-2540)
ACTION[Server]: [grug_mobs] start npcs dwarf hearthpine: guards 3/3 flair 7/7 vendor 1/1 quest 1/1 royal 0/0 new 12 pending 0 spare 3 residents 6 walkers 1
ACTION[Emerge-0]: [grug_core] start area ready: human (2/6, 32.0 s)
ACTION[Server]: [grug_mobs] start npcs dawnmere: grug_mobs:guard_accord placed at socket gate_west (-4,18,-2493)
ACTION[Server]: [grug_mobs] start npcs dawnmere: grug_mobs:guard_accord placed at socket gate_east (4,18,-2493)
ACTION[Server]: [grug_mobs] start npcs dawnmere: grug_mobs:guard_accord placed at socket watch_gate (0,18,-2498)
ACTION[Server]: [grug_mobs] start npcs dawnmere: grug_traders:vendor_race_human placed at socket green_vendor (6,18,-2554)
ACTION[Server]: [grug_mobs] start npcs dawnmere: grug_mobs:villager_human placed at socket idle_cottage_door (10,18,-2566)
ACTION[Server]: [grug_mobs] start npcs dawnmere: grug_mobs:villager_human placed at socket idle_green_bench (-6,18,-2543)
ACTION[Server]: [grug_mobs] start npcs dawnmere: grug_mobs:villager_human placed at socket idle_barn (-19,18,-2550)
ACTION[Server]: [grug_mobs] start npcs dawnmere: grug_mobs:villager_human placed at socket idle_smithy (22,18,-2551)
ACTION[Server]: [grug_mobs] start npcs dawnmere: grug_mobs:villager_human placed at socket work_field (18,18,-2519)
ACTION[Server]: [grug_mobs] start npcs dawnmere: grug_mobs:villager_human placed at socket work_green_seat (-5,18,-2535)
ACTION[Server]: [grug_mobs] start npcs dawnmere: grug_mobs:elder_human placed at socket hall_quest (-11,18,-2542)
ACTION[Server]: [grug_mobs] start npcs dawnmere: grug_mobs:villager_human placed at socket trainer_cooking (2,18,-2540)
ACTION[Server]: [grug_mobs] start npcs human dawnmere: guards 3/3 flair 7/7 vendor 1/1 quest 1/1 royal 0/0 new 12 pending 0 spare 3 residents 6 walkers 1
ACTION[Emerge-0]: GRUG_WP13_CAPITAL event=mapchunk case=warmup mapchunk=1488:48:688 kind=warmup elapsed_us=31892346
ACTION[Emerge-0]: [grug_core] start area ready: elf (3/6, 38.2 s)
ACTION[Server]: [grug_mobs] start npcs silverleaf: grug_mobs:guard_accord placed at socket gate_west (1796,22,-2493)
ACTION[Server]: [grug_mobs] start npcs silverleaf: grug_mobs:guard_accord placed at socket gate_east (1804,22,-2493)
ACTION[Server]: [grug_mobs] start npcs silverleaf: grug_mobs:guard_accord placed at socket watch_gate (1800,22,-2498)
ACTION[Server]: [grug_mobs] start npcs silverleaf: grug_traders:vendor_race_elf placed at socket court_vendor (1807,22,-2554)
ACTION[Server]: [grug_mobs] start npcs silverleaf: grug_mobs:villager_elf placed at socket idle_shrine_door (1779,22,-2534)
ACTION[Server]: [grug_mobs] start npcs silverleaf: grug_mobs:villager_elf placed at socket idle_court_bench (1793,22,-2545)
ACTION[Server]: [grug_mobs] start npcs silverleaf: grug_mobs:villager_elf placed at socket idle_bowyer (1828,22,-2551)
ACTION[Server]: [grug_mobs] start npcs silverleaf: grug_mobs:villager_elf placed at socket idle_market (1769,22,-2550)
ACTION[Server]: [grug_mobs] start npcs silverleaf: grug_mobs:villager_elf placed at socket work_planters (1804,22,-2539)
ACTION[Server]: [grug_mobs] start npcs silverleaf: grug_mobs:villager_elf placed at socket work_market (1767,22,-2545)
ACTION[Server]: [grug_mobs] start npcs silverleaf: grug_mobs:elder_elf placed at socket hall_quest (1820,22,-2536)
ACTION[Server]: [grug_mobs] start npcs silverleaf: grug_mobs:villager_elf placed at socket trainer_cooking (1802,22,-2540)
ACTION[Server]: [grug_mobs] start npcs elf silverleaf: guards 3/3 flair 7/7 vendor 1/1 quest 1/1 royal 0/0 new 12 pending 0 spare 3 residents 6 walkers 1
ACTION[Emerge-0]: [grug_core] start area ready: undead (4/6, 46.2 s)
ACTION[Server]: [grug_mobs] start npcs stillgrave: grug_mobs:guard_throng placed at socket gate_west (-1804,55,2494)
ACTION[Server]: [grug_mobs] start npcs stillgrave: grug_mobs:guard_throng placed at socket gate_east (-1796,55,2494)
ACTION[Server]: [grug_mobs] start npcs stillgrave: grug_mobs:guard_throng placed at socket watch_gate (-1800,55,2498)
ACTION[Server]: [grug_mobs] start npcs stillgrave: grug_traders:vendor_race_undead placed at socket court_vendor (-1793,55,2545)
ACTION[Server]: [grug_mobs] start npcs stillgrave: grug_mobs:villager_undead placed at socket idle_warden_door (-1813,55,2582)
ACTION[Server]: [grug_mobs] start npcs stillgrave: grug_mobs:villager_undead placed at socket idle_court_settle (-1810,55,2554)
ACTION[Server]: [grug_mobs] start npcs stillgrave: grug_mobs:villager_undead placed at socket idle_bone_works (-1778,55,2549)
ACTION[Server]: [grug_mobs] start npcs stillgrave: grug_mobs:villager_undead placed at socket idle_gate_brazier (-1805,55,2493)
ACTION[Server]: [grug_mobs] start npcs stillgrave: grug_mobs:villager_undead placed at socket work_gravewood (-1790,55,2544)
ACTION[Server]: [grug_mobs] start npcs stillgrave: grug_mobs:villager_undead placed at socket work_blightbed (-1822,55,2542)
ACTION[Server]: [grug_mobs] start npcs stillgrave: grug_mobs:elder_undead placed at socket hall_quest (-1798,55,2560)
ACTION[Server]: [grug_mobs] start npcs stillgrave: grug_mobs:villager_undead placed at socket trainer_cooking (-1798,55,2540)
ACTION[Server]: [grug_mobs] start npcs undead stillgrave: guards 3/3 flair 7/7 vendor 1/1 quest 1/1 royal 0/0 new 12 pending 0 spare 3 residents 6 walkers 1
ACTION[Emerge-0]: GRUG_WP13_CAPITAL event=mapchunk case=control_capital_lethariel mapchunk=1728:-32:-1552 kind=control_capital elapsed_us=14275227
ACTION[Server]: [grug_mobs] start npcs lethariel: grug_mobs:king_elf placed at socket king (1762,47,-1525)
ACTION[Server]: [grug_mobs] start npcs lethariel: grug_mobs:royal_guard_elf placed at socket throne_guard_west (1765,45,-1532)
ACTION[Server]: [grug_mobs] start npcs lethariel: grug_mobs:royal_guard_elf placed at socket throne_guard_east (1765,45,-1518)
ACTION[Server]: [grug_mobs] start npcs lethariel: grug_mobs:guard_accord placed at socket door_guard_west (1783,44,-1528)
ACTION[Server]: [grug_mobs] start npcs lethariel: grug_mobs:guard_accord placed at socket door_guard_east (1783,44,-1521)
ACTION[Server]: [grug_mobs] start npcs lethariel: grug_mobs:villager_elf placed at socket hall_idle_west (1775,44,-1538)
ACTION[Server]: [grug_mobs] start npcs lethariel: grug_mobs:villager_elf placed at socket hall_idle_east (1775,44,-1512)
ACTION[Server]: [grug_mobs] start npcs lethariel: grug_mobs:villager_elf placed at socket hall_idle_service (1766,44,-1538)
ACTION[Server]: [grug_mobs] start npcs lethariel: grug_mobs:guard_accord placed at socket gate_south_post_west (1798,42,-1548)
ACTION[Server]: [grug_mobs] start npcs lethariel: grug_mobs:guard_accord placed at socket gate_south_post_east (1802,42,-1548)
ACTION[Server]: [grug_mobs] start npcs lethariel: grug_mobs:villager_elf placed at socket gate_south_idle_west (1795,42,-1545)
ACTION[Server]: [grug_mobs] start npcs lethariel: grug_mobs:villager_elf placed at socket gate_south_idle_east (1805,42,-1545)
ACTION[Server]: [grug_mobs] start npcs lethariel: grug_mobs:guard_accord placed at socket gate_west_post_west (1752,42,-1498)
ACTION[Server]: [grug_mobs] start npcs lethariel: grug_mobs:guard_accord placed at socket gate_west_post_east (1752,42,-1502)
ACTION[Server]: [grug_mobs] start npcs lethariel: grug_mobs:villager_elf placed at socket gate_west_idle_west (1755,42,-1495)
ACTION[Server]: [grug_mobs] start npcs lethariel: grug_mobs:villager_elf placed at socket gate_west_idle_east (1755,42,-1505)
ACTION[Server]: [grug_mobs] start npcs lethariel: grug_mobs:villager_elf placed at socket colonnade_west_idle_a (1792,42,-1519)
ACTION[Server]: [grug_mobs] start npcs lethariel: grug_mobs:villager_elf placed at socket colonnade_west_idle_b (1794,42,-1529)
ACTION[Server]: [grug_mobs] start npcs lethariel: grug_mobs:guard_accord placed at socket colonnade_west_walk (1793,42,-1524)
ACTION[Server]: [grug_mobs] start npcs lethariel: grug_mobs:villager_elf placed at socket colonnade_east_idle_b (1807,42,-1519)
ACTION[Server]: [grug_mobs] start npcs lethariel: grug_mobs:villager_elf placed at socket fountain_court_idle_a (1761,42,-1490)
ACTION[Server]: [grug_mobs] start npcs lethariel: grug_mobs:villager_elf placed at socket fountain_court_idle_b (1761,42,-1484)
ACTION[Server]: [grug_mobs] start npcs lethariel: grug_mobs:villager_elf placed at socket star_hall_altar (1775,42,-1479)
ACTION[Server]: [grug_mobs] start npcs lethariel: grug_mobs:elder_elf placed at socket star_hall_quest (1775,42,-1495)
ACTION[Server]: [grug_mobs] start npcs lethariel: grug_mobs:villager_elf placed at socket bough_west_foot (1789,42,-1485)
ACTION[Server]: [grug_mobs] start npcs lethariel: grug_mobs:villager_elf placed at socket quay_idle_head (1796,42,-1481)
ACTION[Server]: [grug_mobs] start npcs lethariel: grug_mobs:villager_elf placed at socket forecourt_idle_west (1794,42,-1514)
ACTION[Server]: [grug_mobs] start npcs lethariel: grug_mobs:villager_elf placed at socket forecourt_idle_east (1807,42,-1514)
ACTION[Server]: [grug_mobs] start npcs lethariel: grug_mobs:villager_elf placed at socket shore_work_sweep (1796,42,-1481)
ACTION[Server]: [grug_mobs] start npcs lethariel: grug_mobs:villager_elf placed at socket crossing_work_west (1795,43,-1504)
ACTION[Server]: [grug_mobs] start npcs lethariel: grug_mobs:villager_elf placed at socket crossing_work_east (1805,43,-1504)
ACTION[Server]: [grug_mobs] start npcs elf lethariel: guards 9/22 flair 20/175 vendor 0/9 quest 1/2 royal 1/1 new 31 pending 178 spare 24 residents 159 walkers 22
ACTION[Emerge-0]: [grug_core] start area ready: orc (5/6, 56.2 s)
ACTION[Server]: [grug_mobs] start npcs sunscar: grug_mobs:guard_throng placed at socket gate_west (-4,28,2499)
ACTION[Server]: [grug_mobs] start npcs sunscar: grug_mobs:guard_throng placed at socket gate_east (4,28,2499)
ACTION[Server]: [grug_mobs] start npcs sunscar: grug_mobs:guard_throng placed at socket watch_gate (0,28,2510)
ACTION[Server]: [grug_mobs] start npcs sunscar: grug_traders:vendor_race_orc placed at socket yard_vendor (8,28,2545)
ACTION[Server]: [grug_mobs] start npcs sunscar: grug_mobs:villager_orc placed at socket idle_tusk_door (-11,28,2528)
ACTION[Server]: [grug_mobs] start npcs sunscar: grug_mobs:villager_orc placed at socket idle_council_seat (-3,28,2558)
ACTION[Server]: [grug_mobs] start npcs sunscar: grug_mobs:villager_orc placed at socket idle_beast_pen (-25,28,2548)
ACTION[Server]: [grug_mobs] start npcs sunscar: grug_mobs:villager_orc placed at socket idle_armoury_forge (20,28,2548)
ACTION[Server]: [grug_mobs] start npcs sunscar: grug_mobs:villager_orc placed at socket work_forge (-34,28,2552)
ACTION[Server]: [grug_mobs] start npcs sunscar: grug_mobs:villager_orc placed at socket work_acacia (-14,28,2549)
ACTION[Server]: [grug_mobs] start npcs sunscar: grug_mobs:elder_orc placed at socket hall_quest (3,28,2562)
ACTION[Server]: [grug_mobs] start npcs sunscar: grug_mobs:villager_orc placed at socket trainer_cooking (2,28,2540)
ACTION[Server]: [grug_mobs] start npcs orc sunscar: guards 3/3 flair 7/7 vendor 1/1 quest 1/1 royal 0/0 new 12 pending 0 spare 3 residents 6 walkers 1
ACTION[Emerge-0]: [grug_core] start area ready: troll (6/6, 61.5 s)
ACTION[Emerge-0]: [grug_core] all 6 start areas ready after 61.5 s
ACTION[Server]: [grug_mobs] start npcs kapok: grug_mobs:guard_throng placed at socket gate_west (1796,21,2505)
ACTION[Server]: [grug_mobs] start npcs kapok: grug_mobs:guard_throng placed at socket gate_east (1804,21,2505)
ACTION[Server]: [grug_mobs] start npcs kapok: grug_mobs:guard_throng placed at socket watch_gate (1800,21,2514)
ACTION[Server]: [grug_mobs] start npcs kapok: grug_traders:vendor_race_troll placed at socket clearing_vendor (1807,21,2546)
ACTION[Server]: [grug_mobs] start npcs kapok: grug_mobs:villager_troll placed at socket idle_lodge_door (1798,21,2567)
ACTION[Server]: [grug_mobs] start npcs kapok: grug_mobs:villager_troll placed at socket idle_terrace_settle (1788,21,2577)
ACTION[Server]: [grug_mobs] start npcs kapok: grug_mobs:villager_troll placed at socket idle_drying_shed (1783,21,2574)
ACTION[Server]: [grug_mobs] start npcs kapok: grug_mobs:villager_troll placed at socket idle_smoker (1813,21,2570)
ACTION[Server]: [grug_mobs] start npcs kapok: grug_mobs:villager_troll placed at socket work_jungle (1771,21,2563)
ACTION[Server]: [grug_mobs] start npcs kapok: grug_mobs:villager_troll placed at socket work_terrace (1784,21,2574)
ACTION[Server]: [grug_mobs] start npcs kapok: grug_mobs:elder_troll placed at socket hall_quest (1803,21,2567)
ACTION[Server]: [grug_mobs] start npcs kapok: grug_mobs:villager_troll placed at socket trainer_cooking (1802,21,2540)
ACTION[Server]: [grug_mobs] start npcs troll kapok: guards 3/3 flair 7/7 vendor 1/1 quest 1/1 royal 0/0 new 12 pending 0 spare 3 residents 6 walkers 1
ACTION[Emerge-0]: GRUG_WP13_CAPITAL event=mapchunk case=control_capital_lethariel mapchunk=1808:-32:-1552 kind=control_capital elapsed_us=14935231
ACTION[Emerge-0]: GRUG_WP13_CAPITAL event=mapchunk case=control_capital_lethariel mapchunk=1728:48:-1552 kind=control_capital elapsed_us=497963
ACTION[Emerge-0]: GRUG_WP13_CAPITAL event=mapchunk case=control_capital_lethariel mapchunk=1808:48:-1552 kind=control_capital elapsed_us=264569
ACTION[Emerge-0]: GRUG_WP13_CAPITAL event=mapchunk case=control_capital_lethariel mapchunk=1728:-32:-1472 kind=control_capital elapsed_us=568465
ACTION[Emerge-0]: GRUG_WP13_CAPITAL event=mapchunk case=control_capital_lethariel mapchunk=1808:-32:-1472 kind=control_capital elapsed_us=395424
ACTION[Emerge-0]: GRUG_WP13_CAPITAL event=mapchunk case=control_capital_lethariel mapchunk=1728:48:-1472 kind=control_capital elapsed_us=232296
ACTION[Emerge-0]: GRUG_WP13_CAPITAL event=mapchunk case=control_capital_lethariel mapchunk=1808:48:-1472 kind=control_capital elapsed_us=232734
ACTION[Server]: [grug_mobs] start npcs lethariel: grug_mobs:guard_accord placed at socket gate_south_deck (1800,53,-1546)
ACTION[Server]: [grug_mobs] start npcs lethariel: grug_mobs:guard_accord placed at socket gate_west_deck (1754,53,-1500)
ACTION[Server]: [grug_mobs] start npcs lethariel: grug_mobs:guard_accord placed at socket gate_east_post_west (1848,42,-1502)
ACTION[Server]: [grug_mobs] start npcs lethariel: grug_mobs:guard_accord placed at socket gate_east_post_east (1848,42,-1498)
ACTION[Server]: [grug_mobs] start npcs lethariel: grug_mobs:guard_accord placed at socket gate_east_deck (1846,53,-1500)
ACTION[Server]: [grug_mobs] start npcs lethariel: grug_mobs:villager_elf placed at socket gate_east_idle_west (1845,42,-1505)
ACTION[Server]: [grug_mobs] start npcs lethariel: grug_mobs:villager_elf placed at socket gate_east_idle_east (1845,42,-1495)
ACTION[Server]: [grug_mobs] start npcs lethariel: grug_mobs:villager_elf placed at socket market_booth_1 (1819,42,-1543)
ACTION[Server]: [grug_mobs] start npcs lethariel: grug_mobs:villager_elf placed at socket market_booth_2 (1829,42,-1543)
ACTION[Server]: [grug_mobs] start npcs lethariel: grug_mobs:villager_elf placed at socket market_booth_3 (1819,42,-1529)
ACTION[Server]: [grug_mobs] start npcs lethariel: grug_mobs:villager_elf placed at socket market_booth_4 (1829,42,-1529)
ACTION[Server]: [grug_mobs] start npcs lethariel: grug_mobs:villager_elf placed at socket market_idle_west (1817,42,-1541)
ACTION[Server]: [grug_mobs] start npcs lethariel: grug_mobs:villager_elf placed at socket market_idle_east (1831,42,-1531)
ACTION[Server]: [grug_mobs] start npcs lethariel: grug_mobs:villager_elf placed at socket colonnade_east_idle_a (1809,42,-1529)
ACTION[Server]: [grug_mobs] start npcs lethariel: grug_mobs:villager_elf placed at socket statue_idle (1810,42,-1496)
ACTION[Server]: [grug_mobs] start npcs lethariel: grug_mobs:villager_elf placed at socket sacred_grove_idle (1833,42,-1484)
ACTION[Server]: [grug_mobs] start npcs lethariel: grug_mobs:villager_elf placed at socket mere_shrine_keeper (1818,43,-1484)
ACTION[Server]: [grug_mobs] start npcs lethariel: grug_mobs:villager_elf placed at socket mere_shrine_south (1820,43,-1486)
ACTION[Server]: [grug_mobs] start npcs lethariel: grug_mobs:villager_elf placed at socket mere_shrine_north (1820,43,-1482)
ACTION[Server]: [grug_mobs] start npcs lethariel: grug_mobs:villager_elf placed at socket bough_west_deck (1790,49,-1487)
ACTION[Server]: [grug_mobs] start npcs lethariel: grug_mobs:villager_elf placed at socket bough_east_deck (1840,48,-1517)
ACTION[Server]: [grug_mobs] start npcs lethariel: grug_mobs:villager_elf placed at socket bough_east_foot (1839,42,-1515)
ACTION[Server]: [grug_mobs] start npcs lethariel: grug_traders:vendor_race_elf placed at socket vendor_race (1817,42,-1525)
ACTION[Server]: [grug_mobs] start npcs lethariel: grug_traders:vendor_general_accord placed at socket vendor_general (1824,42,-1525)
ACTION[Server]: [grug_mobs] start npcs lethariel: grug_mobs:villager_elf placed at socket quay_idle_west (1777,42,-1472)
ACTION[Server]: [grug_mobs] start npcs lethariel: grug_mobs:villager_elf placed at socket quay_idle_east (1823,42,-1472)
ACTION[Server]: [grug_mobs] start npcs lethariel: grug_mobs:villager_elf placed at socket grove_idle_walk (1822,42,-1491)
ACTION[Server]: [grug_mobs] start npcs lethariel: grug_mobs:villager_elf placed at socket grove_idle_shrine (1818,42,-1489)
ACTION[Server]: [grug_mobs] start npcs lethariel: grug_mobs:villager_elf placed at socket market_idle_walk (1812,42,-1524)
ACTION[Server]: [grug_mobs] start npcs lethariel: grug_mobs:villager_elf placed at socket shore_work_counter (1808,42,-1487)
ACTION[Server]: [grug_mobs] start npcs lethariel: grug_mobs:villager_elf placed at socket shore_work_pile (1813,42,-1487)
ACTION[Server]: [grug_mobs] start npcs lethariel: grug_mobs:villager_elf placed at socket shore_work_beds (1809,42,-1484)
ACTION[Server]: [grug_mobs] start npcs lethariel: grug_mobs:villager_elf placed at socket shore_work_stone (1813,42,-1484)
ACTION[Server]: [grug_mobs] start npcs lethariel: grug_mobs:villager_elf placed at socket market_granary/market_granary_work (1728,39,-1420)
ACTION[Server]: [grug_mobs] start npcs lethariel: grug_mobs:guard_accord placed at socket market_granary/market_granary_watch (1728,39,-1432)
ACTION[Server]: [grug_mobs] start npcs lethariel: grug_mobs:villager_elf placed at socket market_granary/market_granary_gate_idle (1728,39,-1432)
ACTION[Server]: [grug_mobs] start npcs elf lethariel: guards 15/22 flair 48/175 vendor 2/9 quest 1/2 royal 1/1 new 36 pending 142 spare 24 residents 159 walkers 22
ACTION[Emerge-0]: GRUG_WP13_CAPITAL event=mapchunk case=core mapchunk=-112:48:1408 kind=capital elapsed_us=1278337
ACTION[Emerge-0]: GRUG_WP13_CAPITAL event=mapchunk case=core mapchunk=-32:48:1408 kind=capital elapsed_us=710404
ACTION[Emerge-0]: GRUG_WP13_CAPITAL event=mapchunk case=core mapchunk=48:48:1408 kind=capital elapsed_us=755455
ACTION[Emerge-0]: GRUG_WP13_CAPITAL event=mapchunk case=core mapchunk=-112:128:1408 kind=capital elapsed_us=249760
ACTION[Emerge-0]: GRUG_WP13_CAPITAL event=mapchunk case=core mapchunk=-32:128:1408 kind=capital elapsed_us=250005
ACTION[Emerge-0]: GRUG_WP13_CAPITAL event=mapchunk case=core mapchunk=48:128:1408 kind=capital elapsed_us=237003
ACTION[Emerge-0]: GRUG_WP13_CAPITAL event=mapchunk case=core mapchunk=-112:48:1488 kind=capital elapsed_us=787288
ACTION[Emerge-0]: GRUG_WP13_CAPITAL event=mapchunk case=core mapchunk=-32:48:1488 kind=capital elapsed_us=628062
ACTION[Server]: [grug_mobs] start npcs gor_drazhak: grug_mobs:king_orc placed at socket king (0,100,1532)
ACTION[Server]: [grug_mobs] start npcs gor_drazhak: grug_mobs:royal_guard_orc placed at socket throne_guard_west (-7,98,1529)
ACTION[Server]: [grug_mobs] start npcs gor_drazhak: grug_mobs:royal_guard_orc placed at socket throne_guard_east (7,98,1529)
ACTION[Server]: [grug_mobs] start npcs gor_drazhak: grug_mobs:guard_throng placed at socket door_guard_west (-3,97,1511)
ACTION[Server]: [grug_mobs] start npcs gor_drazhak: grug_mobs:guard_throng placed at socket door_guard_east (4,97,1511)
ACTION[Server]: [grug_mobs] start npcs gor_drazhak: grug_mobs:villager_orc placed at socket hall_idle_west (-13,97,1519)
ACTION[Server]: [grug_mobs] start npcs gor_drazhak: grug_mobs:villager_orc placed at socket hall_idle_east (13,97,1519)
ACTION[Server]: [grug_mobs] start npcs gor_drazhak: grug_mobs:villager_orc placed at socket hall_idle_service (-13,97,1528)
ACTION[Server]: [grug_mobs] start npcs gor_drazhak: grug_mobs:guard_throng placed at socket gate_south_post_west (-2,95,1452)
ACTION[Server]: [grug_mobs] start npcs gor_drazhak: grug_mobs:guard_throng placed at socket gate_south_post_east (2,95,1452)
ACTION[Server]: [grug_mobs] start npcs gor_drazhak: grug_mobs:guard_throng placed at socket gate_south_deck (0,106,1454)
ACTION[Server]: [grug_mobs] start npcs gor_drazhak: grug_mobs:villager_orc placed at socket gate_south_idle_west (-5,95,1455)
ACTION[Server]: [grug_mobs] start npcs gor_drazhak: grug_mobs:villager_orc placed at socket gate_south_idle_east (5,95,1455)
ACTION[Server]: [grug_mobs] start npcs gor_drazhak: grug_mobs:guard_throng placed at socket gate_west_post_west (-48,95,1502)
ACTION[Server]: [grug_mobs] start npcs gor_drazhak: grug_mobs:guard_throng placed at socket gate_west_post_east (-48,95,1498)
ACTION[Server]: [grug_mobs] start npcs gor_drazhak: grug_mobs:guard_throng placed at socket gate_west_deck (-46,106,1500)
ACTION[Server]: [grug_mobs] start npcs gor_drazhak: grug_mobs:villager_orc placed at socket gate_west_idle_west (-45,95,1505)
ACTION[Server]: [grug_mobs] start npcs gor_drazhak: grug_mobs:villager_orc placed at socket gate_west_idle_east (-45,95,1495)
ACTION[Server]: [grug_mobs] start npcs gor_drazhak: grug_mobs:guard_throng placed at socket gate_north_post_west (2,95,1548)
ACTION[Server]: [grug_mobs] start npcs gor_drazhak: grug_mobs:guard_throng placed at socket gate_north_post_east (-2,95,1548)
ACTION[Server]: [grug_mobs] start npcs gor_drazhak: grug_mobs:guard_throng placed at socket gate_north_deck (0,106,1546)
ACTION[Server]: [grug_mobs] start npcs gor_drazhak: grug_mobs:villager_orc placed at socket gate_north_idle_west (5,95,1545)
ACTION[Server]: [grug_mobs] start npcs gor_drazhak: grug_mobs:villager_orc placed at socket gate_north_idle_east (-5,95,1545)
ACTION[Server]: [grug_mobs] start npcs gor_drazhak: grug_mobs:guard_throng placed at socket gate_east_deck (46,106,1500)
ACTION[Server]: [grug_mobs] start npcs gor_drazhak: grug_mobs:villager_orc placed at socket gate_east_idle_west (45,95,1495)
ACTION[Server]: [grug_mobs] start npcs gor_drazhak: grug_mobs:villager_orc placed at socket gate_east_idle_east (45,95,1505)
ACTION[Server]: [grug_mobs] start npcs gor_drazhak: grug_mobs:villager_orc placed at socket bazaar_square_booth_1 (-30,95,1475)
ACTION[Server]: [grug_mobs] start npcs gor_drazhak: grug_mobs:villager_orc placed at socket bazaar_square_booth_2 (-16,95,1475)
ACTION[Server]: [grug_mobs] start npcs gor_drazhak: grug_mobs:villager_orc placed at socket bazaar_square_booth_3 (-30,95,1493)
ACTION[Server]: [grug_mobs] start npcs gor_drazhak: grug_mobs:villager_orc placed at socket bazaar_square_booth_4 (-16,95,1493)
ACTION[Server]: [grug_mobs] start npcs gor_drazhak: grug_mobs:villager_orc placed at socket bazaar_square_idle_west (-32,95,1477)
ACTION[Server]: [grug_mobs] start npcs gor_drazhak: grug_mobs:villager_orc placed at socket bazaar_square_idle_east (-14,95,1491)
ACTION[Server]: [grug_mobs] start npcs gor_drazhak: grug_mobs:villager_orc placed at socket colonnade_west_idle_a (-8,95,1491)
ACTION[Server]: [grug_mobs] start npcs gor_drazhak: grug_mobs:villager_orc placed at socket colonnade_west_idle_b (-6,95,1481)
ACTION[Server]: [grug_mobs] start npcs gor_drazhak: grug_mobs:guard_throng placed at socket colonnade_west_walk (-7,95,1486)
ACTION[Server]: [grug_mobs] start npcs gor_drazhak: grug_mobs:villager_orc placed at socket colonnade_east_idle_a (7,95,1481)
ACTION[Server]: [grug_mobs] start npcs gor_drazhak: grug_mobs:villager_orc placed at socket colonnade_east_idle_b (5,95,1491)
ACTION[Server]: [grug_mobs] start npcs gor_drazhak: grug_mobs:villager_orc placed at socket statue_idle (16,95,1489)
ACTION[Server]: [grug_mobs] start npcs gor_drazhak: grug_mobs:villager_orc placed at socket cistern_court_idle_a (-40,95,1511)
ACTION[Server]: [grug_mobs] start npcs gor_drazhak: grug_mobs:villager_orc placed at socket cistern_court_idle_b (-40,95,1517)
ACTION[Server]: [grug_mobs] start npcs gor_drazhak: grug_mobs:villager_orc placed at socket skull_hall_altar (-38,95,1537)
ACTION[Server]: [grug_mobs] start npcs gor_drazhak: grug_mobs:elder_orc placed at socket skull_hall_quest (-38,95,1521)
ACTION[Server]: [grug_mobs] start npcs gor_drazhak: grug_mobs:villager_orc placed at socket host_store_work (29,95,1519)
ACTION[Server]: [grug_mobs] start npcs gor_drazhak: grug_mobs:villager_orc placed at socket council_house_desk_a (35,95,1466)
ACTION[Server]: [grug_mobs] start npcs gor_drazhak: grug_mobs:villager_orc placed at socket council_house_desk_b (35,95,1458)
ACTION[Server]: [grug_mobs] start npcs gor_drazhak: grug_traders:vendor_race_orc placed at socket vendor_race (43,95,1509)
ACTION[Server]: [grug_mobs] start npcs gor_drazhak: grug_traders:vendor_general_throng placed at socket vendor_general (43,95,1516)
ACTION[Server]: [grug_mobs] start npcs gor_drazhak: grug_mobs:guard_throng placed at socket platform_post_west (6,99,1504)
ACTION[Server]: [grug_mobs] start npcs gor_drazhak: grug_mobs:guard_throng placed at socket platform_post_east (11,99,1504)
ACTION[Server]: [grug_mobs] start npcs gor_drazhak: grug_mobs:villager_orc placed at socket platform_idle (8,99,1507)
ACTION[Server]: [grug_mobs] start npcs gor_drazhak: grug_mobs:villager_orc placed at socket court_work_spar_a (30,95,1524)
ACTION[Server]: [grug_mobs] start npcs gor_drazhak: grug_mobs:villager_orc placed at socket court_work_spar_b (31,95,1524)
ACTION[Server]: [grug_mobs] start npcs gor_drazhak: grug_mobs:villager_orc placed at socket court_work_fire (37,95,1519)
ACTION[Server]: [grug_mobs] start npcs gor_drazhak: grug_mobs:villager_orc placed at socket court_work_rack (26,95,1539)
ACTION[Server]: [grug_mobs] start npcs gor_drazhak: grug_mobs:villager_orc placed at socket court_idle_store (36,95,1520)
ACTION[Server]: [grug_mobs] start npcs gor_drazhak: grug_mobs:villager_orc placed at socket court_idle_wain (37,95,1531)
ACTION[Server]: [grug_mobs] start npcs gor_drazhak: grug_mobs:villager_orc placed at socket court_idle_fire (23,95,1517)
ACTION[Server]: [grug_mobs] start npcs gor_drazhak: grug_mobs:villager_orc placed at socket court_idle_bench (43,95,1537)
ACTION[Server]: [grug_mobs] start npcs gor_drazhak: grug_mobs:villager_orc placed at socket forecourt_idle_west (-9,95,1503)
ACTION[Server]: [grug_mobs] start npcs gor_drazhak: grug_mobs:villager_orc placed at socket forecourt_idle_east (3,95,1504)
ACTION[Server]: [grug_mobs] start npcs gor_drazhak: grug_mobs:villager_orc placed at socket crossing_idle_west (-5,95,1496)
ACTION[Server]: [grug_mobs] start npcs gor_drazhak: grug_mobs:villager_orc placed at socket crossing_idle_east (5,95,1496)
ACTION[Server]: [grug_mobs] start npcs gor_drazhak: grug_mobs:guard_throng placed at socket bazaar_butcher/bazaar_butcher_watch (-72,97,1565)
ACTION[Server]: [grug_mobs] start npcs gor_drazhak: grug_mobs:villager_orc placed at socket bazaar_butcher/bazaar_butcher_gate_idle (-72,97,1565)
ACTION[Server]: [grug_mobs] start npcs gor_drazhak: grug_mobs:guard_throng placed at socket war_barracks/war_barracks_post (-76,100,1421)
ACTION[Server]: [grug_mobs] start npcs gor_drazhak: grug_mobs:villager_orc placed at socket war_barracks/war_barracks_muster (-76,100,1434)
ACTION[Server]: [grug_mobs] start npcs gor_drazhak: grug_mobs:guard_throng placed at socket war_barracks/war_barracks_yard (-76,100,1431)
ACTION[Server]: [grug_mobs] start npcs gor_drazhak: grug_mobs:villager_orc placed at socket war_barracks/war_barracks_gate_idle (-76,100,1418)
ACTION[Server]: [grug_mobs] start npcs gor_drazhak: grug_mobs:guard_throng placed at socket war_barracks/war_barracks_post_gate_west (-84,100,1419)
ACTION[Server]: [grug_mobs] start npcs gor_drazhak: grug_mobs:guard_throng placed at socket war_barracks/war_barracks_post_gate_east (-68,100,1419)
ACTION[Server]: [grug_mobs] start npcs gor_drazhak: grug_mobs:villager_orc placed at socket war_beast_pen/war_beast_pen_gate (-108,96,1422)
ACTION[Server]: [grug_mobs] start npcs gor_drazhak: grug_mobs:villager_orc placed at socket war_beast_pen/war_beast_pen_gate_idle (-108,96,1422)
ACTION[Server]: [grug_mobs] start npcs gor_drazhak: grug_mobs:guard_throng placed at socket war_beast_pen/war_beast_pen_post_pen (-105,96,1418)
ACTION[Server]: [grug_mobs] start npcs gor_drazhak: grug_mobs:capital_display placed at socket war_beast_pen/war_beast_pen_mount_2 (-111,96,1425)
ACTION[Server]: [grug_mobs] start npcs gor_drazhak: grug_mobs:capital_display placed at socket war_beast_pen/war_beast_pen_mount_4 (-111,96,1431)
ACTION[Server]: [grug_mobs] start npcs gor_drazhak: grug_mobs:villager_orc placed at socket bone_spirit_hall/bone_spirit_hall_altar (72,99,1434)
ACTION[Server]: [grug_mobs] start npcs gor_drazhak: grug_mobs:elder_orc placed at socket bone_spirit_hall/bone_spirit_hall_quest (72,99,1418)
ACTION[Server]: [grug_mobs] start npcs gor_drazhak: grug_mobs:guard_throng placed at socket bone_spirit_hall/bone_spirit_hall_watch (72,99,1418)
ACTION[Server]: [grug_mobs] start npcs gor_drazhak: grug_mobs:villager_orc placed at socket bone_spirit_hall/bone_spirit_hall_gate_idle (72,99,1418)
ACTION[Server]: [grug_mobs] start npcs gor_drazhak: grug_mobs:villager_orc placed at socket bone_spirit_hall/bone_spirit_hall_work_hall_pray (72,99,1417)
ACTION[Server]: [grug_mobs] start npcs gor_drazhak: grug_mobs:villager_orc placed at socket bone_spirit_hall/bone_spirit_hall_idle_hall_step (70,99,1418)
ACTION[Server]: [grug_mobs] start npcs gor_drazhak: grug_mobs:villager_orc placed at socket bone_totem_court/bone_totem_court_gate_idle (116,99,1422)
ACTION[Server]: [grug_mobs] start npcs gor_drazhak: grug_mobs:villager_orc placed at socket bone_totem_court/bone_totem_court_work_totem_carve_west (111,99,1426)
ACTION[Server]: [grug_mobs] start npcs gor_drazhak: grug_mobs:villager_orc placed at socket bone_totem_court/bone_totem_court_idle_totem_pray (116,99,1430)
ACTION[Server]: [grug_mobs] start npcs gor_drazhak: grug_mobs:villager_orc placed at socket bone_totem_court/bone_totem_court_idle_totem_bench (114,100,1422)
ACTION[Server]: [grug_mobs] start npcs orc gor_drazhak: guards 24/30 flair 56/176 vendor 2/7 quest 2/2 royal 1/1 new 85 pending 131 spare 73 residents 160 walkers 21
ACTION[Emerge-0]: GRUG_WP13_CAPITAL event=mapchunk case=core mapchunk=48:48:1488 kind=capital elapsed_us=803992
ACTION[Emerge-0]: GRUG_WP13_CAPITAL event=mapchunk case=core mapchunk=-112:128:1488 kind=capital elapsed_us=294134
ACTION[Emerge-0]: GRUG_WP13_CAPITAL event=mapchunk case=core mapchunk=-32:128:1488 kind=capital elapsed_us=248460
ACTION[Emerge-0]: GRUG_WP13_CAPITAL event=mapchunk case=core mapchunk=48:128:1488 kind=capital elapsed_us=247249
ACTION[Emerge-0]: GRUG_WP13_CAPITAL event=mapchunk case=plot_bazaar_butcher mapchunk=-112:48:1568 kind=capital elapsed_us=1114279
ACTION[Emerge-0]: GRUG_WP13_CAPITAL event=mapchunk case=plot_bazaar_tannery mapchunk=-192:48:1488 kind=capital elapsed_us=868421
ACTION[Emerge-0]: GRUG_WP13_CAPITAL event=mapchunk case=plot_bazaar_tannery mapchunk=-192:48:1568 kind=capital elapsed_us=675887
ACTION[Emerge-0]: GRUG_WP13_CAPITAL event=mapchunk case=plot_bazaar_wain_yard mapchunk=-112:48:1648 kind=capital elapsed_us=960442
ACTION[Server]: [grug_mobs] start npcs gor_drazhak: grug_mobs:guard_throng placed at socket gate_east_post_west (48,95,1498)
ACTION[Server]: [grug_mobs] start npcs gor_drazhak: grug_mobs:guard_throng placed at socket gate_east_post_east (48,95,1502)
ACTION[Server]: [grug_mobs] start npcs gor_drazhak: grug_traders:vendor_butcher placed at socket bazaar_butcher/bazaar_butcher_vendor_butcher (-65,97,1579)
ACTION[Server]: [grug_mobs] start npcs gor_drazhak: grug_mobs:villager_orc placed at socket bazaar_butcher/bazaar_butcher_work_butcher_block (-65,97,1579)
ACTION[Server]: [grug_mobs] start npcs gor_drazhak: grug_mobs:villager_orc placed at socket bazaar_butcher/bazaar_butcher_work_butcher_rack (-78,97,1579)
ACTION[Server]: [grug_mobs] start npcs gor_drazhak: grug_mobs:villager_orc placed at socket bazaar_tannery/bazaar_tannery_gate_idle (-116,99,1565)
ACTION[Server]: [grug_mobs] start npcs gor_drazhak: grug_traders:vendor_tanner placed at socket bazaar_tannery/bazaar_tannery_vendor_tanner (-122,99,1579)
ACTION[Server]: [grug_mobs] start npcs gor_drazhak: grug_mobs:villager_orc placed at socket bazaar_tannery/bazaar_tannery_work_tan_vat_west (-124,99,1579)
ACTION[Server]: [grug_mobs] start npcs gor_drazhak: grug_mobs:villager_orc placed at socket bazaar_tannery/bazaar_tannery_leatherworker (-118,99,1571)
ACTION[Server]: [grug_mobs] start npcs gor_drazhak: grug_mobs:villager_orc placed at socket bazaar_brewhouse/bazaar_brewhouse_gate_idle (-160,97,1564)
ACTION[Server]: [grug_mobs] start npcs gor_drazhak: grug_traders:vendor_brewer placed at socket bazaar_brewhouse/bazaar_brewhouse_vendor_brewer (-165,97,1580)
ACTION[Server]: [grug_mobs] start npcs gor_drazhak: grug_mobs:villager_orc placed at socket bazaar_brewhouse/bazaar_brewhouse_work_grog_vat (-168,97,1581)
ACTION[Server]: [grug_mobs] start npcs gor_drazhak: grug_mobs:villager_orc placed at socket bazaar_brewhouse/bazaar_brewhouse_idle_grog_bench (-152,98,1580)
ACTION[Server]: [grug_mobs] start npcs gor_drazhak: grug_mobs:villager_orc placed at socket bazaar_armourer/bazaar_armourer_gate_idle (-72,96,1607)
ACTION[Server]: [grug_mobs] start npcs gor_drazhak: grug_traders:vendor_armourer placed at socket bazaar_armourer/bazaar_armourer_vendor_armourer (-65,96,1609)
ACTION[Server]: [grug_mobs] start npcs gor_drazhak: grug_mobs:villager_orc placed at socket bazaar_armourer/bazaar_armourer_work_armour_anvil (-64,96,1608)
ACTION[Server]: [grug_mobs] start npcs gor_drazhak: grug_mobs:villager_orc placed at socket bazaar_armourer/bazaar_armourer_goldsmith (-74,96,1615)
ACTION[Server]: [grug_mobs] start npcs gor_drazhak: grug_mobs:capital_display placed at socket bazaar_armourer/bazaar_armourer_jewel (-69,97,1618)
ACTION[Server]: [grug_mobs] start npcs gor_drazhak: grug_mobs:villager_orc placed at socket bazaar_smithy/bazaar_smithy_gate_idle (-116,99,1608)
ACTION[Server]: [grug_mobs] start npcs gor_drazhak: grug_traders:vendor_smith placed at socket bazaar_smithy/bazaar_smithy_vendor_smith (-109,99,1611)
ACTION[Server]: [grug_mobs] start npcs gor_drazhak: grug_mobs:villager_orc placed at socket bazaar_smithy/bazaar_smithy_work_smith_anvil (-108,99,1610)
ACTION[Server]: [grug_mobs] start npcs gor_drazhak: grug_mobs:villager_orc placed at socket bazaar_smithy/bazaar_smithy_weaponsmith (-118,99,1615)
ACTION[Server]: [grug_mobs] start npcs gor_drazhak: grug_mobs:villager_orc placed at socket bazaar_smithy/bazaar_smithy_armorsmith (-114,99,1615)
ACTION[Server]: [grug_mobs] start npcs gor_drazhak: grug_mobs:capital_display placed at socket bazaar_smithy/bazaar_smithy_weapon (-119,100,1619)
ACTION[Server]: [grug_mobs] start npcs gor_drazhak: grug_mobs:capital_display placed at socket bazaar_smithy/bazaar_smithy_armor (-113,100,1619)
ACTION[Server]: [grug_mobs] start npcs gor_drazhak: grug_mobs:villager_orc placed at socket bazaar_store/bazaar_store_work (-160,99,1620)
ACTION[Server]: [grug_mobs] start npcs gor_drazhak: grug_mobs:villager_orc placed at socket bazaar_store/bazaar_store_gate_idle (-160,99,1607)
ACTION[Server]: [grug_mobs] start npcs gor_drazhak: grug_mobs:villager_orc placed at socket bazaar_store/bazaar_store_work_store_counter (-154,99,1624)
ACTION[Server]: [grug_mobs] start npcs gor_drazhak: grug_mobs:villager_orc placed at socket bazaar_wain_yard/bazaar_wain_yard_gate_idle (-68,91,1653)
ACTION[Server]: [grug_mobs] start npcs gor_drazhak: grug_mobs:villager_orc placed at socket bazaar_wain_yard/bazaar_wain_yard_work_wain_saw (-77,91,1665)
ACTION[Server]: [grug_mobs] start npcs gor_drazhak: grug_mobs:villager_orc placed at socket bazaar_wain_yard/bazaar_wain_yard_idle_wain_load (-74,91,1667)
ACTION[Server]: [grug_mobs] start npcs gor_drazhak: grug_mobs:villager_orc placed at socket bazaar_carver/bazaar_carver_idle_carver_bench (-112,97,1667)
ACTION[Server]: [grug_mobs] start npcs gor_drazhak: grug_mobs:villager_orc placed at socket bazaar_drying_floor/bazaar_drying_floor_work_dry_rake (-104,87,1698)
ACTION[Server]: [grug_mobs] start npcs gor_drazhak: grug_mobs:villager_orc placed at socket bazaar_fire_court/bazaar_fire_court_work_fire_brew (-94,91,1659)
ACTION[Server]: [grug_mobs] start npcs gor_drazhak: grug_mobs:guard_throng placed at socket warren_clan_house/warren_clan_house_watch (72,99,1563)
ACTION[Server]: [grug_mobs] start npcs gor_drazhak: grug_mobs:villager_orc placed at socket warren_clan_house/warren_clan_house_gate_idle (72,99,1563)
ACTION[Server]: [grug_mobs] start npcs gor_drazhak: grug_mobs:villager_orc placed at socket warren_house_spear/warren_house_spear_gate_idle (116,99,1547)
ACTION[Server]: [grug_mobs] start npcs gor_drazhak: grug_mobs:villager_orc placed at socket warren_house_spear/warren_house_spear_idle_spear_step (121,99,1557)
ACTION[Server]: [grug_mobs] start npcs orc gor_drazhak: guards 27/30 flair 86/176 vendor 7/7 quest 2/2 royal 1/1 new 38 pending 93 spare 73 residents 160 walkers 21
ACTION[Emerge-0]: GRUG_WP13_CAPITAL event=mapchunk case=plot_bazaar_carver mapchunk=-192:48:1648 kind=capital elapsed_us=691716
ACTION[Emerge-0]: GRUG_WP13_CAPITAL event=mapchunk case=plot_bazaar_stock_pen mapchunk=-272:48:1568 kind=capital elapsed_us=827529
ACTION[Emerge-0]: GRUG_WP13_CAPITAL event=mapchunk case=plot_bazaar_spoil_heap mapchunk=-272:48:1648 kind=capital elapsed_us=699877
ACTION[Emerge-0]: GRUG_WP13_CAPITAL event=mapchunk case=plot_war_arena mapchunk=-112:48:1328 kind=capital elapsed_us=1024620
ACTION[Emerge-0]: GRUG_WP13_CAPITAL event=mapchunk case=plot_war_beast_pen mapchunk=-192:48:1408 kind=capital elapsed_us=897856
ACTION[Emerge-0]: GRUG_WP13_CAPITAL event=mapchunk case=plot_war_drill_yard mapchunk=-192:48:1328 kind=capital elapsed_us=677064
ACTION[Server]: [grug_mobs] start npcs gor_drazhak: grug_mobs:villager_orc placed at socket bazaar_carver/bazaar_carver_gate_idle (-116,96,1653)
ACTION[Server]: [grug_mobs] start npcs gor_drazhak: grug_mobs:villager_orc placed at socket bazaar_carver/bazaar_carver_work_carver_post (-121,96,1666)
ACTION[Server]: [grug_mobs] start npcs gor_drazhak: grug_mobs:villager_orc placed at socket bazaar_carver/bazaar_carver_woodcarver (-118,96,1659)
ACTION[Server]: [grug_mobs] start npcs gor_drazhak: grug_mobs:villager_orc placed at socket bazaar_house/bazaar_house_gate_idle (-160,95,1655)
ACTION[Server]: [grug_mobs] start npcs gor_drazhak: grug_mobs:villager_orc placed at socket bazaar_house/bazaar_house_idle_house_step (-165,95,1665)
ACTION[Server]: [grug_mobs] start npcs gor_drazhak: grug_mobs:villager_orc placed at socket bazaar_stock_pen/bazaar_stock_pen_work_pen_saw (-216,99,1595)
ACTION[Server]: [grug_mobs] start npcs gor_drazhak: grug_mobs:villager_orc placed at socket bazaar_spoil_heap/bazaar_spoil_heap_work_spoil_pick (-204,95,1695)
ACTION[Server]: [grug_mobs] start npcs gor_drazhak: grug_mobs:villager_orc placed at socket war_arena/war_arena_gate_idle (-72,99,1373)
ACTION[Server]: [grug_mobs] start npcs gor_drazhak: grug_mobs:villager_orc placed at socket war_arena/war_arena_work_arena_west_a (-75,99,1383)
ACTION[Server]: [grug_mobs] start npcs gor_drazhak: grug_mobs:villager_orc placed at socket war_arena/war_arena_work_arena_west_b (-73,99,1383)
ACTION[Server]: [grug_mobs] start npcs gor_drazhak: grug_mobs:villager_orc placed at socket war_arena/war_arena_work_arena_east_a (-71,99,1386)
ACTION[Server]: [grug_mobs] start npcs gor_drazhak: grug_mobs:villager_orc placed at socket war_arena/war_arena_work_arena_east_b (-69,99,1386)
ACTION[Server]: [grug_mobs] start npcs gor_drazhak: grug_mobs:villager_orc placed at socket war_arena/war_arena_idle_arena_dummy (-72,99,1389)
ACTION[Server]: [grug_mobs] start npcs gor_drazhak: grug_mobs:villager_orc placed at socket war_arena/war_arena_idle_arena_bench (-74,100,1376)
ACTION[Server]: [grug_mobs] start npcs gor_drazhak: grug_mobs:villager_orc placed at socket war_armoury/war_armoury_gate_idle (-72,94,1331)
ACTION[Server]: [grug_mobs] start npcs gor_drazhak: grug_mobs:villager_orc placed at socket war_armoury/war_armoury_work_armoury_anvil (-80,94,1350)
ACTION[Server]: [grug_mobs] start npcs gor_drazhak: grug_mobs:villager_orc placed at socket war_beast_pen/war_beast_pen_groom (-124,96,1422)
ACTION[Server]: [grug_mobs] start npcs gor_drazhak: grug_mobs:villager_orc placed at socket war_beast_pen/war_beast_pen_work_pen_muck (-127,96,1439)
ACTION[Server]: [grug_mobs] start npcs gor_drazhak: grug_mobs:capital_display placed at socket war_beast_pen/war_beast_pen_mount_1 (-121,96,1425)
ACTION[Server]: [grug_mobs] start npcs gor_drazhak: grug_mobs:capital_display placed at socket war_beast_pen/war_beast_pen_mount_3 (-121,96,1431)
ACTION[Server]: [grug_mobs] start npcs gor_drazhak: grug_mobs:villager_orc placed at socket war_beast_pen/war_beast_pen_riding (-116,96,1422)
ACTION[Server]: [grug_mobs] start npcs gor_drazhak: grug_mobs:villager_orc placed at socket war_drill_yard/war_drill_yard_gate_idle (-112,98,1380)
ACTION[Server]: [grug_mobs] start npcs gor_drazhak: grug_mobs:guard_throng placed at socket war_drill_yard/war_drill_yard_post_yard_west (-119,98,1384)
ACTION[Server]: [grug_mobs] start npcs gor_drazhak: grug_mobs:guard_throng placed at socket war_drill_yard/war_drill_yard_post_yard_east (-105,98,1384)
ACTION[Server]: [grug_mobs] start npcs gor_drazhak: grug_mobs:villager_orc placed at socket war_drill_yard/war_drill_yard_work_yard_spar_a (-119,98,1394)
ACTION[Server]: [grug_mobs] start npcs gor_drazhak: grug_mobs:villager_orc placed at socket war_drill_yard/war_drill_yard_work_yard_spar_b (-117,98,1394)
ACTION[Server]: [grug_mobs] start npcs gor_drazhak: grug_mobs:villager_orc placed at socket war_quartermaster/war_quartermaster_gate_idle (-116,91,1332)
ACTION[Server]: [grug_mobs] start npcs gor_drazhak: grug_mobs:villager_orc placed at socket war_quartermaster/war_quartermaster_work_quarter_counter (-110,91,1349)
ACTION[Server]: [grug_mobs] start npcs gor_drazhak: grug_mobs:villager_orc placed at socket war_wain_shed/war_wain_shed_gate_idle (-160,99,1425)
ACTION[Server]: [grug_mobs] start npcs gor_drazhak: grug_mobs:villager_orc placed at socket war_wain_shed/war_wain_shed_idle_wain_saw (-169,99,1426)
ACTION[Server]: [grug_mobs] start npcs gor_drazhak: grug_mobs:guard_throng placed at socket war_watch_tower/war_watch_tower_post_tower_foot (-165,95,1328)
ACTION[Server]: [grug_mobs] start npcs gor_drazhak: grug_mobs:villager_orc placed at socket war_guard_fire/war_guard_fire_work_guard_fire_brew (-168,95,1406)
ACTION[Server]: [grug_mobs] start npcs orc gor_drazhak: guards 30/30 flair 115/176 vendor 7/7 quest 2/2 royal 1/1 new 32 pending 61 spare 73 residents 160 walkers 21
ACTION[Emerge-0]: GRUG_WP13_CAPITAL event=mapchunk case=plot_war_chief_house mapchunk=-272:48:1328 kind=capital elapsed_us=816993
ACTION[Emerge-0]: GRUG_WP13_CAPITAL event=mapchunk case=plot_war_watch_tower mapchunk=-192:48:1248 kind=capital elapsed_us=767051
ACTION[Emerge-0]: GRUG_WP13_CAPITAL event=mapchunk case=plot_war_muster_field mapchunk=-112:48:1248 kind=capital elapsed_us=656805
ACTION[Emerge-0]: GRUG_WP13_CAPITAL event=mapchunk case=plot_war_wood_yard mapchunk=-272:48:1248 kind=capital elapsed_us=705766
ACTION[Emerge-0]: GRUG_WP13_CAPITAL event=mapchunk case=plot_bone_totem_court mapchunk=128:48:1408 kind=capital elapsed_us=867140
ACTION[Emerge-0]: GRUG_WP13_CAPITAL event=mapchunk case=plot_bone_quarry mapchunk=48:48:1328 kind=capital elapsed_us=829447
ACTION[Server]: [grug_mobs] start npcs gor_drazhak: grug_mobs:villager_orc placed at socket war_chief_house/war_chief_house_gate_idle (-204,96,1351)
ACTION[Server]: [grug_mobs] start npcs gor_drazhak: grug_mobs:villager_orc placed at socket war_chief_house/war_chief_house_idle_chief_step (-199,96,1361)
ACTION[Server]: [grug_mobs] start npcs gor_drazhak: grug_mobs:villager_orc placed at socket war_watch_tower/war_watch_tower_gate_idle (-160,95,1327)
ACTION[Server]: [grug_mobs] start npcs gor_drazhak: grug_mobs:villager_orc placed at socket war_muster_field/war_muster_field_work_muster_rake (-104,87,1283)
ACTION[Server]: [grug_mobs] start npcs gor_drazhak: grug_mobs:villager_orc placed at socket war_remount_paddock/war_remount_paddock_work_paddock_tend (-206,101,1386)
ACTION[Server]: [grug_mobs] start npcs gor_drazhak: grug_mobs:villager_orc placed at socket war_wood_yard/war_wood_yard_work_saw_west (-208,95,1294)
ACTION[Server]: [grug_mobs] start npcs gor_drazhak: grug_mobs:villager_orc placed at socket bone_barrow/bone_barrow_gate_idle (160,95,1417)
ACTION[Server]: [grug_mobs] start npcs gor_drazhak: grug_mobs:villager_orc placed at socket bone_barrow/bone_barrow_work_barrow_mourn (160,95,1424)
ACTION[Server]: [grug_mobs] start npcs gor_drazhak: grug_mobs:villager_orc placed at socket bone_barrow/bone_barrow_idle_barrow_keep (154,95,1424)
ACTION[Server]: [grug_mobs] start npcs gor_drazhak: grug_mobs:villager_orc placed at socket bone_barrow/bone_barrow_work_barrow_pray (166,95,1424)
ACTION[Server]: [grug_mobs] start npcs gor_drazhak: grug_mobs:villager_orc placed at socket bone_quarry/bone_quarry_gate_idle (68,95,1373)
ACTION[Server]: [grug_mobs] start npcs gor_drazhak: grug_mobs:villager_orc placed at socket bone_quarry/bone_quarry_work_quarry_face_west (62,95,1385)
ACTION[Server]: [grug_mobs] start npcs gor_drazhak: grug_mobs:villager_orc placed at socket bone_quarry/bone_quarry_work_quarry_face_east (73,95,1385)
ACTION[Server]: [grug_mobs] start npcs gor_drazhak: grug_mobs:villager_orc placed at socket bone_quarry/bone_quarry_work_quarry_haul (66,95,1378)
ACTION[Server]: [grug_mobs] start npcs gor_drazhak: grug_mobs:villager_orc placed at socket bone_reader_hall/bone_reader_hall_desk_a (116,92,1380)
ACTION[Server]: [grug_mobs] start npcs gor_drazhak: grug_mobs:villager_orc placed at socket bone_reader_hall/bone_reader_hall_desk_b (116,92,1388)
ACTION[Server]: [grug_mobs] start npcs gor_drazhak: grug_mobs:villager_orc placed at socket bone_reader_hall/bone_reader_hall_gate_idle (116,92,1375)
ACTION[Server]: [grug_mobs] start npcs gor_drazhak: grug_mobs:villager_orc placed at socket bone_reader_hall/bone_reader_hall_work_reader_carve (110,92,1393)
ACTION[Server]: [grug_mobs] start npcs gor_drazhak: grug_mobs:villager_orc placed at socket bone_store/bone_store_work (72,95,1340)
ACTION[Server]: [grug_mobs] start npcs gor_drazhak: grug_mobs:villager_orc placed at socket bone_store/bone_store_gate_idle (72,95,1328)
ACTION[Server]: [grug_mobs] start npcs gor_drazhak: grug_mobs:villager_orc placed at socket bone_shaman_house/bone_shaman_house_gate_idle (116,98,1331)
ACTION[Server]: [grug_mobs] start npcs gor_drazhak: grug_mobs:villager_orc placed at socket bone_shaman_house/bone_shaman_house_idle_shaman_step (111,98,1341)
ACTION[Server]: [grug_mobs] start npcs gor_drazhak: grug_mobs:villager_orc placed at socket bone_candle_court/bone_candle_court_work_candle_mourn (94,91,1339)
ACTION[Server]: [grug_mobs] start npcs orc gor_drazhak: guards 30/30 flair 138/176 vendor 7/7 quest 2/2 royal 1/1 new 23 pending 38 spare 73 residents 160 walkers 21
ACTION[Emerge-0]: GRUG_WP13_CAPITAL event=mapchunk case=plot_bone_herb_house mapchunk=128:48:1328 kind=capital elapsed_us=612041
ACTION[Emerge-0]: GRUG_WP13_CAPITAL event=mapchunk case=plot_bone_store mapchunk=48:48:1248 kind=capital elapsed_us=709519
ACTION[Emerge-0]: GRUG_WP13_CAPITAL event=mapchunk case=plot_bone_ancestor_field mapchunk=208:48:1328 kind=capital elapsed_us=761473
ACTION[Emerge-0]: GRUG_WP13_CAPITAL event=mapchunk case=plot_bone_spoil_shelf mapchunk=128:48:1248 kind=capital elapsed_us=598187
ACTION[Emerge-0]: GRUG_WP13_CAPITAL event=mapchunk case=plot_bone_spoil_shelf mapchunk=208:48:1248 kind=capital elapsed_us=666919
ACTION[Emerge-0]: GRUG_WP13_CAPITAL event=mapchunk case=plot_warren_clan_house mapchunk=48:48:1568 kind=capital elapsed_us=853701
ACTION[Emerge-0]: GRUG_WP13_CAPITAL event=mapchunk case=plot_warren_cook_court mapchunk=48:48:1648 kind=capital elapsed_us=898031
ACTION[Server]: [grug_mobs] start npcs gor_drazhak: grug_mobs:villager_orc placed at socket bone_herb_house/bone_herb_house_gate_idle (160,98,1376)
ACTION[Server]: [grug_mobs] start npcs gor_drazhak: grug_mobs:villager_orc placed at socket bone_herb_house/bone_herb_house_work_herb_tend_west (153,98,1390)
ACTION[Server]: [grug_mobs] start npcs gor_drazhak: grug_mobs:villager_orc placed at socket bone_herb_house/bone_herb_house_alchemist (158,98,1383)
ACTION[Server]: [grug_mobs] start npcs gor_drazhak: grug_mobs:villager_orc placed at socket bone_ash_court/bone_ash_court_idle_a (160,92,1337)
ACTION[Server]: [grug_mobs] start npcs gor_drazhak: grug_mobs:villager_orc placed at socket bone_ash_court/bone_ash_court_idle_b (160,92,1343)
ACTION[Server]: [grug_mobs] start npcs gor_drazhak: grug_mobs:villager_orc placed at socket bone_ash_court/bone_ash_court_gate_idle (160,92,1335)
ACTION[Server]: [grug_mobs] start npcs gor_drazhak: grug_mobs:villager_orc placed at socket bone_ash_court/bone_ash_court_idle_ash_seat (163,93,1345)
ACTION[Server]: [grug_mobs] start npcs gor_drazhak: grug_mobs:villager_orc placed at socket bone_ancestor_field/bone_ancestor_field_work_ancestor_mourn (210,91,1390)
ACTION[Server]: [grug_mobs] start npcs gor_drazhak: grug_mobs:villager_orc placed at socket bone_scrub_garden/bone_scrub_garden_work_scrub_tend_west (98,89,1289)
ACTION[Server]: [grug_mobs] start npcs gor_drazhak: grug_mobs:villager_orc placed at socket bone_spoil_shelf/bone_spoil_shelf_work_shelf_mine (198,88,1300)
ACTION[Server]: [grug_mobs] start npcs gor_drazhak: grug_mobs:villager_orc placed at socket warren_clan_house/warren_clan_house_work_clan_seat (77,100,1581)
ACTION[Server]: [grug_mobs] start npcs gor_drazhak: grug_mobs:villager_orc placed at socket warren_clan_house/warren_clan_house_idle_clan_step (66,99,1581)
ACTION[Server]: [grug_mobs] start npcs gor_drazhak: grug_mobs:villager_orc placed at socket warren_round_lodge/warren_round_lodge_gate_idle (72,96,1611)
ACTION[Server]: [grug_mobs] start npcs gor_drazhak: grug_mobs:villager_orc placed at socket warren_round_lodge/warren_round_lodge_idle_lodge_step (69,96,1621)
ACTION[Server]: [grug_mobs] start npcs gor_drazhak: grug_mobs:villager_orc placed at socket warren_cook_court/warren_cook_court_gate_idle (72,95,1651)
ACTION[Server]: [grug_mobs] start npcs gor_drazhak: grug_mobs:villager_orc placed at socket warren_cook_court/warren_cook_court_work_cook_oven_west (67,95,1662)
ACTION[Server]: [grug_mobs] start npcs gor_drazhak: grug_mobs:villager_orc placed at socket warren_cook_court/warren_cook_court_work_cook_counter (70,95,1656)
ACTION[Server]: [grug_mobs] start npcs gor_drazhak: grug_mobs:villager_orc placed at socket warren_cook_court/warren_cook_court_idle_cook_bench (70,96,1667)
ACTION[Server]: [grug_mobs] start npcs gor_drazhak: grug_mobs:villager_orc placed at socket warren_cook_court/warren_cook_court_cooking (70,95,1659)
ACTION[Server]: [grug_mobs] start npcs gor_drazhak: grug_mobs:villager_orc placed at socket warren_house_tusk/warren_house_tusk_gate_idle (116,97,1611)
ACTION[Server]: [grug_mobs] start npcs gor_drazhak: grug_mobs:villager_orc placed at socket warren_house_tusk/warren_house_tusk_idle_tusk_step (112,97,1621)
ACTION[Server]: [grug_mobs] start npcs gor_drazhak: grug_mobs:villager_orc placed at socket warren_house_bone/warren_house_bone_gate_idle (116,91,1653)
ACTION[Server]: [grug_mobs] start npcs gor_drazhak: grug_mobs:villager_orc placed at socket warren_house_bone/warren_house_bone_work_bone_house_saw (121,91,1666)
ACTION[Server]: [grug_mobs] start npcs gor_drazhak: grug_mobs:villager_orc placed at socket warren_clan_ground/warren_clan_ground_work_clan_ground_brew (104,83,1709)
ACTION[Server]: [grug_mobs] start npcs orc gor_drazhak: guards 30/30 flair 162/176 vendor 7/7 quest 2/2 royal 1/1 new 24 pending 14 spare 73 residents 160 walkers 21
ACTION[Emerge-0]: GRUG_WP13_CAPITAL event=mapchunk case=plot_warren_weaver mapchunk=128:48:1488 kind=capital elapsed_us=878185
ACTION[Emerge-0]: GRUG_WP13_CAPITAL event=mapchunk case=plot_warren_weaver mapchunk=128:48:1568 kind=capital elapsed_us=654928
ACTION[Emerge-0]: GRUG_WP13_CAPITAL event=mapchunk case=plot_warren_story_fire mapchunk=128:48:1648 kind=capital elapsed_us=833068
ACTION[Emerge-0]: GRUG_WP13_CAPITAL event=mapchunk case=plot_warren_dry_garden mapchunk=208:48:1568 kind=capital elapsed_us=939184
ACTION[Emerge-0]: GRUG_WP13_CAPITAL event=mapchunk case=plot_warren_fuel_yard mapchunk=208:48:1648 kind=capital elapsed_us=841210
ACTION[Emerge-0]: GRUG_WP13_CAPITAL event=mapchunk case=run_avenue_south mapchunk=-32:48:1168 kind=capital elapsed_us=954499
ACTION[Emerge-0]: GRUG_WP13_CAPITAL event=mapchunk case=run_avenue_south mapchunk=-32:48:1248 kind=capital elapsed_us=705097
ACTION[Emerge-0]: GRUG_WP13_CAPITAL event=mapchunk case=run_avenue_south mapchunk=-32:48:1328 kind=capital elapsed_us=726516
ACTION[Emerge-0]: GRUG_WP13_CAPITAL event=mapchunk case=run_avenue_north mapchunk=-32:48:1568 kind=capital elapsed_us=907450
ACTION[Emerge-0]: GRUG_WP13_CAPITAL event=mapchunk case=run_avenue_north mapchunk=-32:48:1648 kind=capital elapsed_us=836932
ACTION[Emerge-0]: GRUG_WP13_CAPITAL event=mapchunk case=run_avenue_north mapchunk=-32:48:1728 kind=capital elapsed_us=783045
ACTION[Emerge-0]: GRUG_WP13_CAPITAL event=mapchunk case=run_avenue_west mapchunk=-272:48:1488 kind=capital elapsed_us=922081
ACTION[Emerge-0]: GRUG_WP13_CAPITAL event=mapchunk case=run_avenue_east mapchunk=208:48:1488 kind=capital elapsed_us=959735
ACTION[Emerge-0]: GRUG_WP13_CAPITAL event=mapchunk case=run_wall_west mapchunk=-272:48:1168 kind=capital elapsed_us=1087329
ACTION[Emerge-0]: GRUG_WP13_CAPITAL event=mapchunk case=run_wall_west mapchunk=-272:48:1408 kind=capital elapsed_us=791421
ACTION[Emerge-0]: GRUG_WP13_CAPITAL event=mapchunk case=run_wall_west mapchunk=-272:48:1728 kind=capital elapsed_us=761426
ACTION[Emerge-0]: GRUG_WP13_CAPITAL event=mapchunk case=run_wall_east mapchunk=208:48:1168 kind=capital elapsed_us=984961
ACTION[Emerge-0]: GRUG_WP13_CAPITAL event=mapchunk case=run_wall_east mapchunk=208:48:1408 kind=capital elapsed_us=890907
ACTION[Emerge-0]: GRUG_WP13_CAPITAL event=mapchunk case=run_wall_east mapchunk=208:48:1728 kind=capital elapsed_us=865691
ACTION[Emerge-0]: GRUG_WP13_CAPITAL event=mapchunk case=run_wall_south mapchunk=-192:48:1168 kind=capital elapsed_us=1167094
ACTION[Emerge-0]: GRUG_WP13_CAPITAL event=mapchunk case=run_wall_south mapchunk=-112:48:1168 kind=capital elapsed_us=856725
ACTION[Emerge-0]: GRUG_WP13_CAPITAL event=mapchunk case=run_wall_south mapchunk=48:48:1168 kind=capital elapsed_us=1016408
ACTION[Emerge-0]: GRUG_WP13_CAPITAL event=mapchunk case=run_wall_south mapchunk=128:48:1168 kind=capital elapsed_us=839217
ACTION[Emerge-0]: GRUG_WP13_CAPITAL event=mapchunk case=run_wall_north mapchunk=-192:48:1728 kind=capital elapsed_us=982979
ACTION[Emerge-0]: GRUG_WP13_CAPITAL event=mapchunk case=run_wall_north mapchunk=-112:48:1728 kind=capital elapsed_us=895826
ACTION[Emerge-0]: GRUG_WP13_CAPITAL event=mapchunk case=run_wall_north mapchunk=48:48:1728 kind=capital elapsed_us=981982
ACTION[Emerge-0]: GRUG_WP13_CAPITAL event=mapchunk case=run_wall_north mapchunk=128:48:1728 kind=capital elapsed_us=724675
ACTION[Emerge-0]: GRUG_WP13_CAPITAL event=mapchunk case=control_open_land mapchunk=848:-32:848 kind=control elapsed_us=1200075
ACTION[Emerge-0]: GRUG_WP13_CAPITAL event=mapchunk case=control_open_land_far mapchunk=1168:48:768 kind=control elapsed_us=1006936
ACTION[Emerge-0]: GRUG_WP13_CAPITAL event=mapchunk case=control_dawnmere_start mapchunk=-32:-32:-2592 kind=control elapsed_us=3982
ACTION[Server]: GRUG_WP13_CAPITAL event=dump file=gor_drazhak-core.tsv cells=45193 ignored=0 road_cells=26551 held=224 unheld=0 emerge_trouble=0 retries=0 road_digest=0f248b4a4c8fce59c34fab358cb95521082281f09fd6e5feb9ae700848fc8724
ACTION[Server]: GRUG_WP13_CAPITAL event=dump file=gor_drazhak-plot.tsv cells=7729 ignored=0 road_cells=1587 held=27 unheld=0 emerge_trouble=0 retries=0 road_digest=82163523f2ac71adfdc6dd49cdf624c21f307d4f600cc2e934ef6a2e930b7283
ACTION[Server]: GRUG_WP13_CAPITAL event=dump file=gor_drazhak-avenue.tsv cells=67748 ignored=0 road_cells=15555 held=90 unheld=0 emerge_trouble=0 retries=0 road_digest=e8ab946fc119daf64290717d93cf599102c2dcebd818719e8e0a52d1cb9467b2
ACTION[Server]: GRUG_WP13_CAPITAL event=dump file=gor_drazhak-district.tsv cells=250941 ignored=0 road_cells=15045 held=256 unheld=0 emerge_trouble=0 retries=0 road_digest=630ead5c447ed4adf04c06dab035505c647c05b39949fe22fcf3eb01be35e227
ACTION[Server]: GRUG_WP13_CAPITAL event=dump file=gor_drazhak-approach.tsv cells=19476 ignored=0 road_cells=4561 held=30 unheld=0 emerge_trouble=0 retries=0 road_digest=6cd33acf9ceaa0abbd5440b362fc6683474d7c8ee375425f27d69dd5426ae128
ACTION[Server]: GRUG_WP13_CAPITAL event=dump file=gor_drazhak-rampart.tsv cells=41620 ignored=0 road_cells=10685 held=88 unheld=0 emerge_trouble=0 retries=0 road_digest=6a3d9219d83fa9b95c0ca3aaa3dff7bd665e4dc82e4e8ff6a8e2bdea6a477ac5
ACTION[Server]: GRUG_WP13_CAPITAL event=dump file=gor_drazhak-gate.tsv cells=27360 ignored=0 road_cells=2832 held=48 unheld=0 emerge_trouble=0 retries=0 road_digest=be849e63731c737cf531bc1b2c8fdac265a2c18f342804cc25dae1a34148895f
ACTION[Server]: GRUG_WP13_CAPITAL event=dump file=gor_drazhak-corner.tsv cells=35580 ignored=0 road_cells=10798 held=60 unheld=0 emerge_trouble=0 retries=0 road_digest=9d30229d372804d2a87440b73f1da5cbe2b24345e9f9c3a4a43dcde32834b7a1
ACTION[Server]: GRUG_WP13_CAPITAL event=precinct capital=gor_drazhak authored_ring_columns=384 authored_ring_cells=1616 authored_gates=4 digest=0471d1b6f7385960aa933c28ae019f190fec5e056f3da1c4fc2e64e58cee0c70 status=PASS
ACTION[Server]: [grug_mobs] start npcs gor_drazhak: grug_mobs:villager_orc placed at socket warren_weaver/warren_weaver_gate_idle (160,95,1565)
ACTION[Server]: [grug_mobs] start npcs gor_drazhak: grug_mobs:villager_orc placed at socket warren_weaver/warren_weaver_work_weaver_counter (167,95,1578)
ACTION[Server]: [grug_mobs] start npcs gor_drazhak: grug_mobs:villager_orc placed at socket warren_weaver/warren_weaver_work_weaver_rack (152,95,1579)
ACTION[Server]: [grug_mobs] start npcs gor_drazhak: grug_mobs:villager_orc placed at socket warren_weaver/warren_weaver_tailor (158,95,1571)
ACTION[Server]: [grug_mobs] start npcs orc gor_drazhak: guards 30/30 flair 166/176 vendor 7/7 quest 2/2 royal 1/1 new 4 pending 10 spare 73 residents 160 walkers 21
ACTION[Server]: GRUG_WP13_CAPITAL event=services capital=gor_drazhak plots=8 stations=7 profession_trainers=8 riding_trainers=1 mount_displays=4 gear_displays=3 entity_attempts=5 status=PASS
ACTION[Server]: r8_alch_capital_probe takes grug_alchemy:potion_healing 10 from brewing stand at (160,98,1385)
ACTION[Server]: GRUG_WP13_CAPITAL event=alchemy capital=gor_drazhak trainer=158,98,1383 stand=160,98,1385 learned=true brewed=10 output=grug_alchemy:potion_healing book_tiers=1,2,3,4,5,6 profession_level=2
ACTION[Server]: GRUG_WP13_CAPITAL event=complete mode=full requested=74 completed=74 warmup_chunks=1 warmup_total_us=31892346 warmup_first_us=31892346 warmup_worst_us=31892346 warmup_best_us=31892346 capital_chunks=62 capital_total_us=48459484 capital_first_us=1278337 capital_worst_us=1278337 capital_best_us=237003 capital_steady_mean_us=773461 control_capital_chunks=8 control_capital_total_us=31401909 control_capital_first_us=14275227 control_capital_worst_us=14935231 control_capital_best_us=232296 control_capital_steady_mean_us=2446668 control_chunks=3 control_total_us=2210993 control_first_us=1200075 control_worst_us=1200075 control_best_us=3982 control_steady_mean_us=505459 core_cells=45193 core_ignored=0 core_held=224 core_unheld=0 core_emerge_trouble=0 core_retries=0 core_road_cells=26551 core_road_digest=0f248b4a4c8fce59c34fab358cb95521082281f09fd6e5feb9ae700848fc8724 plot_cells=7729 plot_ignored=0 plot_held=27 plot_unheld=0 plot_emerge_trouble=0 plot_retries=0 plot_road_cells=1587 plot_road_digest=82163523f2ac71adfdc6dd49cdf624c21f307d4f600cc2e934ef6a2e930b7283 avenue_cells=67748 avenue_ignored=0 avenue_held=90 avenue_unheld=0 avenue_emerge_trouble=0 avenue_retries=0 avenue_road_cells=15555 avenue_road_digest=e8ab946fc119daf64290717d93cf599102c2dcebd818719e8e0a52d1cb9467b2 district_cells=250941 district_ignored=0 district_held=256 district_unheld=0 district_emerge_trouble=0 district_retries=0 district_road_cells=15045 district_road_digest=630ead5c447ed4adf04c06dab035505c647c05b39949fe22fcf3eb01be35e227 approach_cells=19476 approach_ignored=0 approach_held=30 approach_unheld=0 approach_emerge_trouble=0 approach_retries=0 approach_road_cells=4561 approach_road_digest=6cd33acf9ceaa0abbd5440b362fc6683474d7c8ee375425f27d69dd5426ae128 rampart_cells=41620 rampart_ignored=0 rampart_held=88 rampart_unheld=0 rampart_emerge_trouble=0 rampart_retries=0 rampart_road_cells=10685 rampart_road_digest=6a3d9219d83fa9b95c0ca3aaa3dff7bd665e4dc82e4e8ff6a8e2bdea6a477ac5 gate_cells=27360 gate_ignored=0 gate_held=48 gate_unheld=0 gate_emerge_trouble=0 gate_retries=0 gate_road_cells=2832 gate_road_digest=be849e63731c737cf531bc1b2c8fdac265a2c18f342804cc25dae1a34148895f corner_cells=35580 corner_ignored=0 corner_held=60 corner_unheld=0 corner_emerge_trouble=0 corner_retries=0 corner_road_cells=10798 corner_road_digest=9d30229d372804d2a87440b73f1da5cbe2b24345e9f9c3a4a43dcde32834b7a1 worst_plot_fall=6 worst_plot=war_armoury worst_plot_submerged=0 worst_submerged_plot=- sockets=338 role_gear_display=3 role_guard_patrol=50 role_guard_post=21 role_idle=177 role_king=1 role_mount_display=4 role_public_station=7 role_quest=2 role_riding_trainer=1 role_trainer=8 role_vendor=7 role_waypoint=1 role_work=56 loops=9 loop_gor_drazhak_bazaar_watch=9 loop_gor_drazhak_bone_watch=9 loop_gor_drazhak_gate_east_tower=2 loop_gor_drazhak_gate_north_tower=2 loop_gor_drazhak_gate_south_tower=2 loop_gor_drazhak_gate_west_tower=2 loop_gor_drazhak_war_watch=9 loop_gor_drazhak_warren_watch=9 loop_gor_drazhak_watch=6 trees_avenue_regions=4 trees_avenue_trunks=356 trees_avenue_wild=0 trees_avenue_canopy=0 trees_avenue_leaves=0 trees_avenue_worst=0 trees_avenue_worst_id=- trees_lane_regions=8 trees_lane_trunks=0 trees_lane_wild=0 trees_lane_canopy=0 trees_lane_leaves=0 trees_lane_worst=0 trees_lane_worst_id=- trees_plot_regions=52 trees_plot_trunks=4460 trees_plot_wild=0 trees_plot_canopy=0 trees_plot_leaves=58 trees_plot_worst=0 trees_plot_worst_id=- trees_ring_regions=4 trees_ring_trunks=0 trees_ring_wild=0 trees_ring_canopy=0 trees_ring_leaves=0 trees_ring_worst=0 trees_ring_worst_id=- trees_found_total=0
ACTION[Main]: Server: Shutting down
