mods/ITEMS/grug_cooking/init.lua
2	[4]	SETGLOBAL	0 -1	; grug_cooking
mods/ITEMS/grug_farming/init.lua
2	[6]	SETGLOBAL	0 -1	; grug_farming
mods/ITEMS/grug_food/init.lua
2	[4]	SETGLOBAL	0 -1	; grug_food
mods/ITEMS/grug_gear/init.lua
2	[32]	SETGLOBAL	0 -1	; grug_gear
mods/PLAYER/grug_abilities/init.lua
2	[6]	SETGLOBAL	0 -1	; grug_abilities
mods/PLAYER/grug_inventory/init.lua
2	[5]	SETGLOBAL	0 -1	; grug_inventory
mods/PLAYER/grug_jobs/init.lua
2	[4]	SETGLOBAL	0 -1	; grug_jobs
mods/PLAYER/grug_skills/init.lua
2	[1]	SETGLOBAL	0 -1	; grug_skills
mods/PLAYER/grug_trinkets/init.lua
2	[5]	SETGLOBAL	0 -1	; grug_trinkets
tools/r12_food/kat.lua
38	[12]	SETGLOBAL	5 -21	; grug_gathering
61	[28]	SETGLOBAL	6 -23	; core
67	[32]	SETGLOBAL	6 -34	; grug_core
73	[36]	SETGLOBAL	6 -37	; grug_classes
77	[37]	SETGLOBAL	6 -40	; grug_abilities
tools/r12_recipes/discovery_kat.lua
80	[23]	SETGLOBAL	9 -16	; core
84	[24]	SETGLOBAL	9 -32	; grug_jobs
tools/r12_recipes/formspec_kat.lua
36	[11]	SETGLOBAL	2 -4	; core
48	[13]	SETGLOBAL	2 -20	; sfinv
76	[19]	SETGLOBAL	2 -26	; grug_jobs
tools/r12_recipes/furnace_authority_kat.lua
7	[15]	SETGLOBAL	1 -4	; ItemStack
42	[35]	SETGLOBAL	6 -16	; core
108	[60]	SETGLOBAL	6 -39	; grug_xp
112	[61]	SETGLOBAL	6 -41	; grug_inventory
114	[62]	SETGLOBAL	6 -43	; grug_items
116	[63]	SETGLOBAL	6 -44	; grug_brewing
118	[64]	SETGLOBAL	6 -45	; grug_jobs
tools/r12_recipes/presentation_kat.lua
12	[5]	SETGLOBAL	1 -4	; core
tools/r12_skills/behavior.lua
273	[80]	SETGLOBAL	15 -72	; sfinv
293	[86]	SETGLOBAL	15 -85	; grug_money
301	[88]	SETGLOBAL	15 -87	; grug_mounts
427	[103]	SETGLOBAL	15 -112	; grug_skills
tools/wp39/combat_integration_test.lua
9	[8]	SETGLOBAL	1 -4	; player_api
25	[12]	SETGLOBAL	1 -6	; grug_inventory
54	[38]	SETGLOBAL	11 -25	; vector
93	[84]	SETGLOBAL	12 -38	; ItemStack
237	[210]	SETGLOBAL	13 -47	; core
239	[212]	SETGLOBAL	13 -102	; grug_core
280	[245]	SETGLOBAL	14 -103	; grug_classes
282	[247]	SETGLOBAL	14 -125	; grug_factions
295	[257]	SETGLOBAL	14 -129	; grug_xp
305	[265]	SETGLOBAL	15 -131	; grug_mobs
317	[277]	SETGLOBAL	18 -135	; grug_projectiles
1835	[835]	SETGLOBAL	63 -325	; grug_mounts
