== PREP 17:54:27
staged highcourt-full-8675309 from highcourt-full-8675309-a
staged nhal_veyr-full-531802985935182545 from nhal_veyr-full-531802985935182545-a
dur_brannoc-full-15912857179583385436
dur_brannoc-full-15912857179583385436.runner.txt
dur_brannoc-full-531802985935182545
dur_brannoc-full-531802985935182545.runner.txt
dur_brannoc-full-8675309
dur_brannoc-full-8675309.runner.txt
gor_drazhak-full-531802985935182545
gor_drazhak-full-531802985935182545.runner.txt
highcourt-full-531802985935182545
highcourt-full-531802985935182545.runner.txt
highcourt-full-8675309
highcourt-full-8675309-a
highcourt-full-8675309-a.runner.txt
highcourt-full-8675309-b
highcourt-full-8675309-b.runner.txt
highcourt-full-8675309-c
highcourt-full-8675309-c.runner.txt
highcourt-full-8675309-d
highcourt-full-8675309-d.runner.txt
kezamba-full-15912857179583385436
kezamba-full-15912857179583385436.runner.txt
kezamba-full-531802985935182545
kezamba-full-531802985935182545.runner.txt
lethariel-full-15912857179583385436
lethariel-full-15912857179583385436.runner.txt
lethariel-full-531802985935182545
lethariel-full-531802985935182545.runner.txt
nhal_veyr-full-15912857179583385436
nhal_veyr-full-15912857179583385436.runner.txt
nhal_veyr-full-531802985935182545
nhal_veyr-full-531802985935182545-a
nhal_veyr-full-531802985935182545-a.runner.txt
nhal_veyr-full-531802985935182545-b
nhal_veyr-full-531802985935182545-b.runner.txt
== REFREEZE 17:54:27
re-froze  dur_brannoc  avenue   15912857179583385436   daf0c26848f5e2994b8112fca3d8af341f17543807aeb19372b5c4cacdbed3f5 (was dfbd07dd1f3addf1)
confirmed dur_brannoc  rampart  15912857179583385436   4e4fdcd21728da5ad2f88119cf7b1aca4e03e79b6ec61b53ed42e28dc522b038
confirmed dur_brannoc  gate     15912857179583385436   722c76abea47366caa9b0dd3306d822a51a9349fee5dc83d721f173d57fe63f5
re-froze  dur_brannoc  avenue   531802985935182545     1e35beca74df122d78cf8f2c2fb624e8564c28cfa730f56d31034d9bcf72c52b (was 1f98738ed23194c4)
confirmed dur_brannoc  rampart  531802985935182545     12224311223a176ae1eff1835dd40dffb21650f8862adc99261ef04b4a82bcad
confirmed dur_brannoc  corner   531802985935182545     4677e70bc5fa75180a3e3f1df975e2042ab152a89a7b2fc53c700ed9a8246133
confirmed dur_brannoc  gate     531802985935182545     10eb9cbf61febbdbb0b1efa683cd629cd0465f790b25a5df44f0c8eabfe9fddc
re-froze  dur_brannoc  avenue   8675309                916e90cc971ee86ee9cc0fc2f88356a4a35ea1dc4afb918e097ce66f304aadac (was 0bc3555e4f14798c)
confirmed dur_brannoc  rampart  8675309                30a502a8b0c5b797d7688c29adf4c0382121ab9cf6ef144e42367d9f38c13d88
confirmed dur_brannoc  gate     8675309                7390c51b361d6b9bdf01cd2d170646ca0a2a59762b4bd7c0fd64255fa2a93bfe
re-froze  gor_drazhak  avenue   531802985935182545     b5d947a639e85d56a1de207474257d35cf5e14a0018513ce3b8e92c835bd7714 (was b93337ec736e0ff0)
confirmed gor_drazhak  rampart  531802985935182545     6a3d9219d83fa9b95c0ca3aaa3dff7bd665e4dc82e4e8ff6a8e2bdea6a477ac5
confirmed gor_drazhak  corner   531802985935182545     9d30229d372804d2a87440b73f1da5cbe2b24345e9f9c3a4a43dcde32834b7a1
confirmed gor_drazhak  gate     531802985935182545     be849e63731c737cf531bc1b2c8fdac265a2c18f342804cc25dae1a34148895f
re-froze  highcourt    avenue   531802985935182545     1d0e286828e26b0a86fb01fc15dde545831361ee9313518620e1bb621425eb89 (was 44e552bc8f6862f0)
confirmed highcourt    rampart  531802985935182545     8118864bac90befe1c950eca9f5a8365e1c0a9d94466c6602feed65c8897ce27
confirmed highcourt    corner   531802985935182545     44adce1519f359dafc855b7edaf506c0c7d55e62cfecbc96e54cf561a306d11d
confirmed highcourt    gate     531802985935182545     038dd1e62688766e8e1e5902f91da27e9b4837b36a8a09c8ff6d0dc576eae859
re-froze  highcourt    avenue   8675309                a0dc9ee0024abbe3faa08405009948adef460efb2a9eaae5935a559c43a8d2fe (was 46ab2c74205f8843)
confirmed highcourt    rampart  8675309                f926186b12c700ba7cfcadfaf961bc84c7f26677874204815c6fc0dee7ff18c6
confirmed highcourt    corner   8675309                cc6da1b72127eb8bd0eaeedb0b9f7fa5eeb713379b01cce8510e695237c8bb12
confirmed highcourt    gate     8675309                da7eadc2bec162d43d42a4251d3c42f57c2a3b6f0e09103dc809e83832f8c2dd
re-froze  kezamba      avenue   531802985935182545     d021d645432a42f41325188c542ff081856e1c9965f54681d9fd668ebba5635d (was a0cc1bdfd18bfbb3)
re-froze  lethariel    avenue   531802985935182545     a0d99054886bfb13cd7db3ed561f9261740d79810b2d2beda01e5c685a9e6f9c (was f62eb73410de56b7)
re-froze  nhal_veyr    avenue   531802985935182545     6a8a2158a82e96a8f648b0c62f7c91d2080303096bf9ad72fb24b48432f89966 (was bde0dc8cbe7b4ca3)
confirmed nhal_veyr    rampart  531802985935182545     317799719955dcd8903c35429d7d375675a6bfbf28166468e99522f2077e652a
confirmed nhal_veyr    corner   531802985935182545     1de2189a4a37f4737bf910060bcf7e55097af44177c9a0fc77c239c213e2067f
confirmed nhal_veyr    gate     531802985935182545     46a73b86f858cbf19de55975ad8c2dac9f280d3a08568a9124bf4e1cacae9cf9
9 digests moved, 19 confirmed unchanged
== CAMPAIGN C 17:54:27
START 17:54:27 lethariel 531802985935182545 -verify
DONE  17:56:42 lethariel 531802985935182545 -verify rc=0
exit=0 errors=0 complete=1 log=/tmp/grug-w4-G/eng/lethariel-full-531802985935182545-verify/server.log
avenue overlay digest matches the committed value
0
START 17:56:42 highcourt 531802985935182545 -verify
DONE  17:59:00 highcourt 531802985935182545 -verify rc=0
exit=0 errors=0 complete=1 log=/tmp/grug-w4-G/eng/highcourt-full-531802985935182545-verify/server.log
avenue overlay digest matches the committed value
rampart overlay digest matches the committed value
corner overlay digest matches the committed value
gate overlay digest matches the committed value
0
START 17:59:00 dur_brannoc 531802985935182545 -verify
DONE  18:01:38 dur_brannoc 531802985935182545 -verify rc=0
exit=0 errors=0 complete=1 log=/tmp/grug-w4-G/eng/dur_brannoc-full-531802985935182545-verify/server.log
avenue overlay digest matches the committed value
rampart overlay digest matches the committed value
corner overlay digest matches the committed value
gate overlay digest matches the committed value
0
START 18:01:38 gor_drazhak 531802985935182545 -verify
DONE  18:03:46 gor_drazhak 531802985935182545 -verify rc=0
exit=0 errors=0 complete=1 log=/tmp/grug-w4-G/eng/gor_drazhak-full-531802985935182545-verify/server.log
avenue overlay digest matches the committed value
rampart overlay digest matches the committed value
corner overlay digest matches the committed value
gate overlay digest matches the committed value
0
START 18:03:46 kezamba 531802985935182545 -verify
DONE  18:05:42 kezamba 531802985935182545 -verify rc=0
exit=0 errors=0 complete=1 log=/tmp/grug-w4-G/eng/kezamba-full-531802985935182545-verify/server.log
avenue overlay digest matches the committed value
0
START 18:05:42 nhal_veyr 531802985935182545 -verify
DONE  18:08:36 nhal_veyr 531802985935182545 -verify rc=0
exit=0 errors=0 complete=1 log=/tmp/grug-w4-G/eng/nhal_veyr-full-531802985935182545-verify/server.log
avenue overlay digest matches the committed value
rampart overlay digest matches the committed value
corner overlay digest matches the committed value
gate overlay digest matches the committed value
0
CAMPAIGN COMPLETE 18:08:36
== EXTRAS 18:08:36
START 18:08:36 run_highcourt full 8675309
DONE  18:10:56 rc=0
exit=0 errors=0 complete=1 log=/tmp/grug-w4-G/eng/hc-runner-full-8675309/server.log
avenue road digest matches the committed value
WP13 Highcourt pass PASS: /tmp/grug-w4-G/eng/hc-runner-full-8675309
START 18:10:56 run_capital edge 15912857179583385436
DONE  18:12:15 rc=0
exit=0 errors=0 complete=1 log=/tmp/grug-w4-G/eng/highcourt-edge-15912857179583385436/server.log
WP13 capital pass PASS: highcourt edge /tmp/grug-w4-G/eng/highcourt-edge-15912857179583385436
START 18:12:15 run_npc_load highcourt
DONE  18:19:31 rc=0
errors=1 complete=1 windows=7/7 load=/tmp/grug-w4-G/eng/npc-load-highcourt/load.txt
WP13 NPC load probe FAILED; inspect /tmp/grug-w4-G/eng/npc-load-highcourt
EXTRAS COMPLETE 18:19:31
== FINISH COMPLETE 18:19:31
START 17:17:06 lethariel 531802985935182545 
DONE  17:19:34 lethariel 531802985935182545  rc=1
exit=0 errors=0 complete=1 log=/tmp/grug-w4-G/eng/lethariel-full-531802985935182545/server.log
WP13 lethariel: the built avenue moved.
0
START 17:19:34 highcourt 8675309 -a
DONE  17:21:51 highcourt 8675309 -a rc=1
exit=0 errors=0 complete=1 log=/tmp/grug-w4-G/eng/highcourt-full-8675309-a/server.log
WP13 highcourt: the built avenue moved.
rampart overlay digest matches the committed value
corner overlay digest matches the committed value
gate overlay digest matches the committed value
0
START 17:21:51 highcourt 8675309 -b
DONE  17:24:05 highcourt 8675309 -b rc=1
exit=0 errors=0 complete=1 log=/tmp/grug-w4-G/eng/highcourt-full-8675309-b/server.log
WP13 highcourt: the built avenue moved.
rampart overlay digest matches the committed value
corner overlay digest matches the committed value
gate overlay digest matches the committed value
0
START 17:24:05 highcourt 8675309 -c
DONE  17:26:25 highcourt 8675309 -c rc=1
exit=0 errors=0 complete=1 log=/tmp/grug-w4-G/eng/highcourt-full-8675309-c/server.log
WP13 highcourt: the built avenue moved.
rampart overlay digest matches the committed value
corner overlay digest matches the committed value
gate overlay digest matches the committed value
0
START 17:26:25 highcourt 8675309 -d
DONE  17:28:49 highcourt 8675309 -d rc=1
exit=0 errors=0 complete=1 log=/tmp/grug-w4-G/eng/highcourt-full-8675309-d/server.log
WP13 highcourt: the built avenue moved.
rampart overlay digest matches the committed value
corner overlay digest matches the committed value
gate overlay digest matches the committed value
0
START 17:28:49 nhal_veyr 531802985935182545 -a
DONE  17:31:12 nhal_veyr 531802985935182545 -a rc=1
exit=0 errors=0 complete=1 log=/tmp/grug-w4-G/eng/nhal_veyr-full-531802985935182545-a/server.log
WP13 nhal_veyr: the built avenue moved.
rampart overlay digest matches the committed value
corner overlay digest matches the committed value
gate overlay digest matches the committed value
0
START 17:31:12 nhal_veyr 531802985935182545 -b
DONE  17:33:41 nhal_veyr 531802985935182545 -b rc=1
exit=0 errors=0 complete=1 log=/tmp/grug-w4-G/eng/nhal_veyr-full-531802985935182545-b/server.log
WP13 nhal_veyr: the built avenue moved.
rampart overlay digest matches the committed value
corner overlay digest matches the committed value
gate overlay digest matches the committed value
0
START 17:33:41 highcourt 531802985935182545 
DONE  17:35:58 highcourt 531802985935182545  rc=1
exit=0 errors=0 complete=1 log=/tmp/grug-w4-G/eng/highcourt-full-531802985935182545/server.log
WP13 highcourt: the built avenue moved.
rampart overlay digest matches the committed value
corner overlay digest matches the committed value
gate overlay digest matches the committed value
0
START 17:35:58 dur_brannoc 531802985935182545 
DONE  17:38:38 dur_brannoc 531802985935182545  rc=1
exit=0 errors=0 complete=1 log=/tmp/grug-w4-G/eng/dur_brannoc-full-531802985935182545/server.log
WP13 dur_brannoc: the built avenue moved.
rampart overlay digest matches the committed value
corner overlay digest matches the committed value
gate overlay digest matches the committed value
0
START 17:38:38 gor_drazhak 531802985935182545 
DONE  17:40:37 gor_drazhak 531802985935182545  rc=1
exit=0 errors=0 complete=1 log=/tmp/grug-w4-G/eng/gor_drazhak-full-531802985935182545/server.log
WP13 gor_drazhak: the built avenue moved.
rampart overlay digest matches the committed value
corner overlay digest matches the committed value
gate overlay digest matches the committed value
0
START 17:40:37 kezamba 531802985935182545 
DONE  17:42:34 kezamba 531802985935182545  rc=1
exit=0 errors=0 complete=1 log=/tmp/grug-w4-G/eng/kezamba-full-531802985935182545/server.log
WP13 kezamba: the built avenue moved.
0
CAMPAIGN COMPLETE 17:42:34
START 17:42:51 dur_brannoc 8675309 
DONE  17:45:23 dur_brannoc 8675309  rc=1
exit=0 errors=0 complete=1 log=/tmp/grug-w4-G/eng/dur_brannoc-full-8675309/server.log
WP13 dur_brannoc: the built avenue moved.
rampart overlay digest matches the committed value
gate overlay digest matches the committed value
0
START 17:45:23 dur_brannoc 15912857179583385436 
DONE  17:47:52 dur_brannoc 15912857179583385436  rc=1
exit=0 errors=0 complete=1 log=/tmp/grug-w4-G/eng/dur_brannoc-full-15912857179583385436/server.log
WP13 dur_brannoc: the built avenue moved.
rampart overlay digest matches the committed value
gate overlay digest matches the committed value
0
START 17:47:52 lethariel 15912857179583385436 
DONE  17:50:07 lethariel 15912857179583385436  rc=0
exit=0 errors=0 complete=1 log=/tmp/grug-w4-G/eng/lethariel-full-15912857179583385436/server.log
0
START 17:50:07 kezamba 15912857179583385436 
DONE  17:52:02 kezamba 15912857179583385436  rc=0
exit=0 errors=0 complete=1 log=/tmp/grug-w4-G/eng/kezamba-full-15912857179583385436/server.log
0
START 17:52:02 nhal_veyr 15912857179583385436 
DONE  17:54:19 nhal_veyr 15912857179583385436  rc=0
exit=0 errors=0 complete=1 log=/tmp/grug-w4-G/eng/nhal_veyr-full-15912857179583385436/server.log
0
CAMPAIGN COMPLETE 17:54:19
