

-------------
  Separator
-------------

WARNING[Main]: /!\ You are using the old mod storage files backend. This backend is deprecated and may be removed in a future release /!\
WARNING[Main]: Switching to SQLite3 is advised, please read https://docs.luanti.org/for-server-hosts/database-backends.
ACTION[Main]: [grug_materials] 12 tools completing the six-tier pick/axe/shovel ladder
WARNING[Main]: No craft recipe matches input (type: fuel, items: ['default:pick_mese'])
WARNING[Main]: No craft recipe matches input (type: fuel, items: ['default:shovel_mese'])
WARNING[Main]: No craft recipe matches input (type: fuel, items: ['default:axe_mese'])
WARNING[Main]: No craft recipe matches input (type: fuel, items: ['default:sword_mese'])
WARNING[Main]: No craft recipe matches input (type: fuel, items: ['default:pick_diamond'])
WARNING[Main]: No craft recipe matches input (type: fuel, items: ['default:shovel_diamond'])
WARNING[Main]: No craft recipe matches input (type: fuel, items: ['default:axe_diamond'])
WARNING[Main]: No craft recipe matches input (type: fuel, items: ['default:sword_diamond'])
WARNING[Main]: No craft recipe matches input (type: fuel, items: ['default:sword_bronze'])
WARNING[Main]: No craft recipe matches input (type: fuel, items: ['default:sword_steel'])
WARNING[Main]: No craft recipe matches input (type: fuel, items: ['default:copper_ingot'])
WARNING[Main]: No craft recipe matches input (type: fuel, items: ['default:copperblock'])
WARNING[Main]: No craft recipe matches input (type: fuel, items: ['default:tin_ingot'])
WARNING[Main]: No craft recipe matches input (type: fuel, items: ['default:tinblock'])
WARNING[Main]: No craft recipe matches input (type: fuel, items: ['default:bronze_ingot'])
WARNING[Main]: No craft recipe matches input (type: fuel, items: ['default:bronzeblock'])
WARNING[Main]: No craft recipe matches input (type: fuel, items: ['default:steel_ingot'])
WARNING[Main]: No craft recipe matches input (type: fuel, items: ['default:steelblock'])
WARNING[Main]: No craft recipe matches input (type: fuel, items: ['default:gold_ingot'])
WARNING[Main]: No craft recipe matches input (type: fuel, items: ['default:goldblock'])
WARNING[Main]: No craft recipe known for output 'default:stone_with_mese'
WARNING[Main]: No craft recipe matches input (type: fuel, items: ['default:stone_with_mese'])
WARNING[Main]: No craft recipe matches input (type: fuel, items: ['default:mese'])
WARNING[Main]: No craft recipe matches input (type: fuel, items: ['default:mese_crystal'])
WARNING[Main]: No craft recipe matches input (type: fuel, items: ['default:mese_crystal_fragment'])
WARNING[Main]: No craft recipe matches input (type: fuel, items: ['default:meselamp'])
WARNING[Main]: No craft recipe matches input (type: fuel, items: ['default:mese_post_light'])
WARNING[Main]: No craft recipe matches input (type: fuel, items: ['default:mese_post_light_acacia_wood'])
WARNING[Main]: No craft recipe matches input (type: fuel, items: ['default:mese_post_light_junglewood'])
WARNING[Main]: No craft recipe matches input (type: fuel, items: ['default:mese_post_light_pine_wood'])
WARNING[Main]: No craft recipe matches input (type: fuel, items: ['default:mese_post_light_aspen_wood'])
WARNING[Main]: No craft recipe known for output 'default:stone_with_diamond'
WARNING[Main]: No craft recipe matches input (type: fuel, items: ['default:stone_with_diamond'])
WARNING[Main]: No craft recipe matches input (type: fuel, items: ['default:diamond'])
WARNING[Main]: No craft recipe matches input (type: fuel, items: ['default:diamondblock'])
WARNING[Main]: No craft recipe matches input (type: fuel, items: ['default:sign_wall_steel'])
WARNING[Main]: No craft recipe matches input (type: fuel, items: ['default:ladder_steel'])
WARNING[Main]: No craft recipe matches input (type: fuel, items: ['stairs:stair_steelblock'])
WARNING[Main]: No craft recipe matches input (type: fuel, items: ['stairs:stair_inner_steelblock'])
WARNING[Main]: No craft recipe matches input (type: fuel, items: ['stairs:stair_outer_steelblock'])
WARNING[Main]: No craft recipe matches input (type: fuel, items: ['stairs:slab_steelblock'])
WARNING[Main]: No craft recipe matches input (type: fuel, items: ['stairs:stair_tinblock'])
WARNING[Main]: No craft recipe matches input (type: fuel, items: ['stairs:stair_inner_tinblock'])
WARNING[Main]: No craft recipe matches input (type: fuel, items: ['stairs:stair_outer_tinblock'])
WARNING[Main]: No craft recipe matches input (type: fuel, items: ['stairs:slab_tinblock'])
WARNING[Main]: No craft recipe matches input (type: fuel, items: ['stairs:stair_copperblock'])
WARNING[Main]: No craft recipe matches input (type: fuel, items: ['stairs:stair_inner_copperblock'])
WARNING[Main]: No craft recipe matches input (type: fuel, items: ['stairs:stair_outer_copperblock'])
WARNING[Main]: No craft recipe matches input (type: fuel, items: ['stairs:slab_copperblock'])
WARNING[Main]: No craft recipe matches input (type: fuel, items: ['stairs:stair_bronzeblock'])
WARNING[Main]: No craft recipe matches input (type: fuel, items: ['stairs:stair_inner_bronzeblock'])
WARNING[Main]: No craft recipe matches input (type: fuel, items: ['stairs:stair_outer_bronzeblock'])
WARNING[Main]: No craft recipe matches input (type: fuel, items: ['stairs:slab_bronzeblock'])
WARNING[Main]: No craft recipe matches input (type: fuel, items: ['stairs:stair_goldblock'])
WARNING[Main]: No craft recipe matches input (type: fuel, items: ['stairs:stair_inner_goldblock'])
WARNING[Main]: No craft recipe matches input (type: fuel, items: ['stairs:stair_outer_goldblock'])
WARNING[Main]: No craft recipe matches input (type: fuel, items: ['stairs:slab_goldblock'])
ACTION[Main]: [grug_gear] 6 bracket catalogs: 24 weapons + 48 armor pieces
ACTION[Main]: [grug_materials] registry audit passed: 6 tiers, 15 resources, 12 processed forms, 6 race regions
ACTION[Main]: [grug_smelting] recipe audit passed: 5 cooking, 5 dualfurn, 12 storage pairs, 1 station
ACTION[Main]: [grug_visuals] 48 armor pieces indexed for overlays, 2 art lines x 4 slots
ACTION[Main]: [grug_mobs] settlement work activities: tools 7, weapon families 1, all registered
ACTION[Main]: [probe] arena x=3000 y=260 z=3000 run=80 half_z=8 mob=grug_mobs:boar window_s=10 target_speed=4
ACTION[Main]: [grug_fishing] 3 catch entries, weight 100, bite 3..10s, rod 64 uses
ACTION[Main]: [grug_inventory] starter weapons: mage=grug_gear:staff_wood (2H), priest=grug_gear:staff_wood (2H), warrior=default:sword_stone
ACTION[Main]: [grug_traders] 12 profession shelves, 62 offers, all registered
ACTION[Main]: [grug_traders] dwarf capital vendors come from the sockets of dur_brannoc
ACTION[Main]: [grug_traders] elf capital vendors come from the sockets of lethariel
ACTION[Main]: [grug_traders] human capital vendors come from the sockets of highcourt
ACTION[Main]: [grug_traders] orc capital vendors come from the sockets of gor_drazhak
ACTION[Main]: [grug_traders] troll capital vendors come from the sockets of kezamba
ACTION[Main]: [grug_traders] undead capital vendors come from the sockets of nhal_veyr
ACTION[Main]: [grug_traders] 12 settlements indexed for profession vendor appearance
ACTION[Main]: [grug_traders] drop audit: 2 mob(s) use a `drops` FUNCTION and cannot be walked statically (grug_mobs:bandit, grug_mobs:bandit_archer); their items are audited from the hardcoded FUNCTION_DROPS list
ACTION[Main]: World at [/tmp/grudgelands-headless.qtKr0U/world]
ACTION[Main]: Server for gameid="grudgelands" listening on 127.0.0.1:31204.
ACTION[Server]: [grug_core] start preload: emerging 6 start areas (128 x 128 nodes each, 2 at a time)
ACTION[Server]: [probe] starts ready=0 of=6 t=1.1
ACTION[Emerge-0]: [grug_core] start area ready: dwarf (1/6, 18.4 s)
ACTION[Server]: [grug_mobs] start npcs hearthpine: grug_mobs:guard_accord placed at socket gate_west (-1804,26,-2491)
ACTION[Server]: [grug_mobs] start npcs hearthpine: grug_mobs:guard_accord placed at socket gate_east (-1796,26,-2491)
ACTION[Server]: [grug_mobs] start npcs hearthpine: grug_mobs:guard_accord placed at socket watch_gate (-1800,26,-2498)
ACTION[Server]: [grug_mobs] start npcs hearthpine: grug_traders:vendor_race_dwarf placed at socket plaza_vendor (-1793,26,-2555)
ACTION[Server]: [grug_mobs] start npcs hearthpine: grug_mobs:villager_dwarf placed at socket idle_west_door (-1816,26,-2546)
ACTION[Server]: [grug_mobs] start npcs hearthpine: grug_mobs:villager_dwarf placed at socket idle_plaza_bench (-1793,26,-2549)
ACTION[Server]: [grug_mobs] start npcs hearthpine: grug_mobs:villager_dwarf placed at socket idle_workyard (-1819,26,-2533)
ACTION[Server]: [grug_mobs] start npcs hearthpine: grug_mobs:villager_dwarf placed at socket idle_forge_door (-1798,26,-2560)
ACTION[Server]: [grug_mobs] start npcs hearthpine: grug_mobs:villager_dwarf placed at socket work_woodpile (-1812,26,-2563)
ACTION[Server]: [grug_mobs] start npcs hearthpine: grug_mobs:villager_dwarf placed at socket work_garden (-1819,26,-2529)
ACTION[Server]: [grug_mobs] start npcs hearthpine: grug_mobs:elder_dwarf placed at socket hall_quest (-1828,26,-2524)
ACTION[Server]: [grug_mobs] start npcs dwarf hearthpine: guards 3/3 flair 6/6 vendor 1/1 quest 1/1 new 11 pending 0 spare 3 residents 6 walkers 1
ACTION[Server]: [probe] starts ready=1 of=6 t=19.5
ACTION[Emerge-0]: [grug_core] start area ready: human (2/6, 25.7 s)
ACTION[Server]: [grug_mobs] start npcs dawnmere: grug_mobs:guard_accord placed at socket gate_west (-4,23,-2493)
ACTION[Server]: [grug_mobs] start npcs dawnmere: grug_mobs:guard_accord placed at socket gate_east (4,23,-2493)
ACTION[Server]: [grug_mobs] start npcs dawnmere: grug_mobs:guard_accord placed at socket watch_gate (0,23,-2498)
ACTION[Server]: [grug_mobs] start npcs dawnmere: grug_traders:vendor_race_human placed at socket green_vendor (6,23,-2554)
ACTION[Server]: [grug_mobs] start npcs dawnmere: grug_mobs:villager_human placed at socket idle_cottage_door (10,23,-2566)
ACTION[Server]: [grug_mobs] start npcs dawnmere: grug_mobs:villager_human placed at socket idle_green_bench (-6,23,-2543)
ACTION[Server]: [grug_mobs] start npcs dawnmere: grug_mobs:villager_human placed at socket idle_barn (-19,23,-2550)
ACTION[Server]: [grug_mobs] start npcs dawnmere: grug_mobs:villager_human placed at socket idle_smithy (22,23,-2551)
ACTION[Server]: [grug_mobs] start npcs dawnmere: grug_mobs:villager_human placed at socket work_field (18,23,-2519)
ACTION[Server]: [grug_mobs] start npcs dawnmere: grug_mobs:villager_human placed at socket work_green_seat (-5,23,-2535)
ACTION[Server]: [grug_mobs] start npcs dawnmere: grug_mobs:elder_human placed at socket hall_quest (-11,23,-2542)
ACTION[Server]: [grug_mobs] start npcs human dawnmere: guards 3/3 flair 6/6 vendor 1/1 quest 1/1 new 11 pending 0 spare 3 residents 6 walkers 1
ACTION[Server]: [probe] starts ready=2 of=6 t=25.9
ACTION[Emerge-0]: [grug_core] start area ready: elf (3/6, 31.0 s)
ACTION[Server]: [grug_mobs] start npcs silverleaf: grug_mobs:guard_accord placed at socket gate_west (1796,35,-2493)
ACTION[Server]: [grug_mobs] start npcs silverleaf: grug_mobs:guard_accord placed at socket gate_east (1804,35,-2493)
ACTION[Server]: [grug_mobs] start npcs silverleaf: grug_mobs:guard_accord placed at socket watch_gate (1800,35,-2498)
ACTION[Server]: [grug_mobs] start npcs silverleaf: grug_traders:vendor_race_elf placed at socket court_vendor (1807,35,-2554)
ACTION[Server]: [grug_mobs] start npcs silverleaf: grug_mobs:villager_elf placed at socket idle_shrine_door (1779,35,-2534)
ACTION[Server]: [grug_mobs] start npcs silverleaf: grug_mobs:villager_elf placed at socket idle_court_bench (1793,35,-2545)
ACTION[Server]: [grug_mobs] start npcs silverleaf: grug_mobs:villager_elf placed at socket idle_bowyer (1828,35,-2551)
ACTION[Server]: [grug_mobs] start npcs silverleaf: grug_mobs:villager_elf placed at socket idle_market (1769,35,-2550)
ACTION[Server]: [grug_mobs] start npcs silverleaf: grug_mobs:villager_elf placed at socket work_planters (1804,35,-2539)
ACTION[Server]: [grug_mobs] start npcs silverleaf: grug_mobs:villager_elf placed at socket work_market (1767,35,-2545)
ACTION[Server]: [grug_mobs] start npcs silverleaf: grug_mobs:elder_elf placed at socket hall_quest (1820,35,-2536)
ACTION[Server]: [grug_mobs] start npcs elf silverleaf: guards 3/3 flair 6/6 vendor 1/1 quest 1/1 new 11 pending 0 spare 3 residents 6 walkers 1
ACTION[Server]: [probe] starts ready=3 of=6 t=31.4
ACTION[Emerge-0]: [grug_core] start area ready: undead (4/6, 37.7 s)
ACTION[Server]: [grug_mobs] start npcs stillgrave: grug_mobs:guard_throng placed at socket gate_west (-1804,58,2494)
ACTION[Server]: [grug_mobs] start npcs stillgrave: grug_mobs:guard_throng placed at socket gate_east (-1796,58,2494)
ACTION[Server]: [grug_mobs] start npcs stillgrave: grug_mobs:guard_throng placed at socket watch_gate (-1800,58,2498)
ACTION[Server]: [grug_mobs] start npcs stillgrave: grug_traders:vendor_race_undead placed at socket court_vendor (-1793,58,2545)
ACTION[Server]: [grug_mobs] start npcs stillgrave: grug_mobs:villager_undead placed at socket idle_warden_door (-1813,58,2582)
ACTION[Server]: [grug_mobs] start npcs stillgrave: grug_mobs:villager_undead placed at socket idle_court_settle (-1810,58,2554)
ACTION[Server]: [grug_mobs] start npcs stillgrave: grug_mobs:villager_undead placed at socket idle_bone_works (-1778,58,2549)
ACTION[Server]: [grug_mobs] start npcs stillgrave: grug_mobs:villager_undead placed at socket idle_gate_brazier (-1805,58,2493)
ACTION[Server]: [grug_mobs] start npcs stillgrave: grug_mobs:villager_undead placed at socket work_gravewood (-1790,58,2544)
ACTION[Server]: [grug_mobs] start npcs stillgrave: grug_mobs:villager_undead placed at socket work_blightbed (-1822,58,2542)
ACTION[Server]: [grug_mobs] start npcs stillgrave: grug_mobs:elder_undead placed at socket hall_quest (-1798,58,2560)
ACTION[Server]: [grug_mobs] start npcs undead stillgrave: guards 3/3 flair 6/6 vendor 1/1 quest 1/1 new 11 pending 0 spare 3 residents 6 walkers 1
ACTION[Server]: [probe] starts ready=4 of=6 t=37.8
ACTION[Emerge-0]: [grug_core] start area ready: orc (5/6, 45.6 s)
ACTION[Server]: [grug_mobs] start npcs sunscar: grug_mobs:guard_throng placed at socket gate_west (-4,31,2499)
ACTION[Server]: [grug_mobs] start npcs sunscar: grug_mobs:guard_throng placed at socket gate_east (4,31,2499)
ACTION[Server]: [grug_mobs] start npcs sunscar: grug_mobs:guard_throng placed at socket watch_gate (0,31,2510)
ACTION[Server]: [grug_mobs] start npcs sunscar: grug_traders:vendor_race_orc placed at socket yard_vendor (8,31,2545)
ACTION[Server]: [grug_mobs] start npcs sunscar: grug_mobs:villager_orc placed at socket idle_tusk_door (-11,31,2528)
ACTION[Server]: [grug_mobs] start npcs sunscar: grug_mobs:villager_orc placed at socket idle_council_seat (-3,31,2558)
ACTION[Server]: [grug_mobs] start npcs sunscar: grug_mobs:villager_orc placed at socket idle_beast_pen (-25,31,2548)
ACTION[Server]: [grug_mobs] start npcs sunscar: grug_mobs:villager_orc placed at socket idle_armoury_forge (20,31,2548)
ACTION[Server]: [grug_mobs] start npcs sunscar: grug_mobs:villager_orc placed at socket work_forge (-34,31,2552)
ACTION[Server]: [grug_mobs] start npcs sunscar: grug_mobs:villager_orc placed at socket work_acacia (-14,31,2549)
ACTION[Server]: [grug_mobs] start npcs sunscar: grug_mobs:elder_orc placed at socket hall_quest (3,31,2562)
ACTION[Server]: [grug_mobs] start npcs orc sunscar: guards 3/3 flair 6/6 vendor 1/1 quest 1/1 new 11 pending 0 spare 3 residents 6 walkers 1
ACTION[Server]: [probe] starts ready=5 of=6 t=46.5
ACTION[Emerge-0]: [grug_core] start area ready: troll (6/6, 50.5 s)
ACTION[Emerge-0]: [grug_core] all 6 start areas ready after 50.5 s
ACTION[Server]: [grug_mobs] start npcs kapok: grug_mobs:guard_throng placed at socket gate_west (1796,20,2505)
ACTION[Server]: [grug_mobs] start npcs kapok: grug_mobs:guard_throng placed at socket gate_east (1804,20,2505)
ACTION[Server]: [grug_mobs] start npcs kapok: grug_mobs:guard_throng placed at socket watch_gate (1800,20,2514)
ACTION[Server]: [grug_mobs] start npcs kapok: grug_traders:vendor_race_troll placed at socket clearing_vendor (1807,20,2546)
ACTION[Server]: [grug_mobs] start npcs kapok: grug_mobs:villager_troll placed at socket idle_lodge_door (1798,20,2567)
ACTION[Server]: [grug_mobs] start npcs kapok: grug_mobs:villager_troll placed at socket idle_terrace_settle (1788,20,2577)
ACTION[Server]: [grug_mobs] start npcs kapok: grug_mobs:villager_troll placed at socket idle_drying_shed (1783,20,2574)
ACTION[Server]: [grug_mobs] start npcs kapok: grug_mobs:villager_troll placed at socket idle_smoker (1813,20,2570)
ACTION[Server]: [grug_mobs] start npcs kapok: grug_mobs:villager_troll placed at socket work_jungle (1771,20,2563)
ACTION[Server]: [grug_mobs] start npcs kapok: grug_mobs:villager_troll placed at socket work_terrace (1784,20,2574)
ACTION[Server]: [grug_mobs] start npcs kapok: grug_mobs:elder_troll placed at socket hall_quest (1803,20,2567)
ACTION[Server]: [grug_mobs] start npcs troll kapok: guards 3/3 flair 6/6 vendor 1/1 quest 1/1 new 11 pending 0 spare 3 residents 6 walkers 1
ACTION[Server]: [probe] starts ready=6 of=6 t=50.8
ACTION[Server]: [probe] forceload blocks=96
ACTION[Server]: [probe] arena_loaded t=53.0
ACTION[Server]: [probe] platform nodes=1513
ACTION[Server]: LuaEntitySAO "grug_mobs:boar" at (3015,261,3000) (id=86, hp=10) punched LuaEntitySAO "grug_cadence_probe:target" at (3016,261,3000) (id=85, hp=65535), damage=0 (handled by Lua)
ACTION[Server]: LuaEntitySAO "grug_mobs:boar" at (3019,261,3000) (id=86, hp=10) punched LuaEntitySAO "grug_cadence_probe:target" at (3020,261,3000) (id=85, hp=65535), damage=0 (handled by Lua)
ACTION[Server]: LuaEntitySAO "grug_mobs:boar" at (3023,261,3000) (id=86, hp=10) punched LuaEntitySAO "grug_cadence_probe:target" at (3025,261,3000) (id=85, hp=65535), damage=0 (handled by Lua)
ACTION[Server]: LuaEntitySAO "grug_mobs:boar" at (3028,261,3000) (id=86, hp=10) punched LuaEntitySAO "grug_cadence_probe:target" at (3029,261,3000) (id=85, hp=65535), damage=0 (handled by Lua)
ACTION[Server]: LuaEntitySAO "grug_mobs:boar" at (3032,261,3000) (id=86, hp=10) punched LuaEntitySAO "grug_cadence_probe:target" at (3033,261,3000) (id=85, hp=65535), damage=0 (handled by Lua)
ACTION[Server]: LuaEntitySAO "grug_mobs:boar" at (3037,261,3000) (id=86, hp=10) punched LuaEntitySAO "grug_cadence_probe:target" at (3038,261,3000) (id=85, hp=65535), damage=0 (handled by Lua)
ACTION[Server]: LuaEntitySAO "grug_mobs:boar" at (3041,261,3000) (id=86, hp=10) punched LuaEntitySAO "grug_cadence_probe:target" at (3042,261,3000) (id=85, hp=65535), damage=0 (handled by Lua)
ACTION[Server]: LuaEntitySAO "grug_mobs:boar" at (3045,261,3000) (id=86, hp=10) punched LuaEntitySAO "grug_cadence_probe:target" at (3046,261,3000) (id=85, hp=65535), damage=0 (handled by Lua)
ACTION[Server]: LuaEntitySAO "grug_mobs:boar" at (3049,261,3000) (id=86, hp=10) punched LuaEntitySAO "grug_cadence_probe:target" at (3051,261,3000) (id=85, hp=65535), damage=0 (handled by Lua)
ACTION[Server]: LuaEntitySAO "grug_mobs:boar" at (3054,261,3000) (id=86, hp=10) punched LuaEntitySAO "grug_cadence_probe:target" at (3055,261,3000) (id=85, hp=65535), damage=0 (handled by Lua)
ACTION[Server]: LuaEntitySAO "grug_mobs:boar" at (3058,261,3000) (id=86, hp=10) punched LuaEntitySAO "grug_cadence_probe:target" at (3059,261,3000) (id=85, hp=65535), damage=0 (handled by Lua)
ACTION[Server]: [probe] mob=grug_mobs:boar level=1 reach=2 punch_interval=1 run_velocity=4.6 damage=2.4 attack_type=dogfight
ACTION[Server]: [probe] cadence scenario=receding punches=10 window_s=10.01 per_10s=9.99 gap_min=1.49 gap_max=1.88 gap_mean=1.68 steps=111 step_mean=0.0902 target_lost=0 dtime_max=0.091
ACTION[Server]: LuaEntitySAO "grug_mobs:boar" at (3011,261,3000) (id=88, hp=10) punched LuaEntitySAO "grug_cadence_probe:target" at (3012,261,3000) (id=87, hp=65535), damage=0 (handled by Lua)
ACTION[Server]: LuaEntitySAO "grug_mobs:boar" at (3011,261,3000) (id=88, hp=10) punched LuaEntitySAO "grug_cadence_probe:target" at (3012,261,3000) (id=87, hp=65535), damage=0 (handled by Lua)
ACTION[Server]: LuaEntitySAO "grug_mobs:boar" at (3011,261,3000) (id=88, hp=10) punched LuaEntitySAO "grug_cadence_probe:target" at (3012,261,3000) (id=87, hp=65535), damage=0 (handled by Lua)
ACTION[Server]: LuaEntitySAO "grug_mobs:boar" at (3011,261,3000) (id=88, hp=10) punched LuaEntitySAO "grug_cadence_probe:target" at (3012,261,3000) (id=87, hp=65535), damage=0 (handled by Lua)
ACTION[Server]: LuaEntitySAO "grug_mobs:boar" at (3011,261,3000) (id=88, hp=10) punched LuaEntitySAO "grug_cadence_probe:target" at (3012,261,3000) (id=87, hp=65535), damage=0 (handled by Lua)
ACTION[Server]: LuaEntitySAO "grug_mobs:boar" at (3011,261,3000) (id=88, hp=10) punched LuaEntitySAO "grug_cadence_probe:target" at (3012,261,3000) (id=87, hp=65535), damage=0 (handled by Lua)
ACTION[Server]: LuaEntitySAO "grug_mobs:boar" at (3011,261,3000) (id=88, hp=10) punched LuaEntitySAO "grug_cadence_probe:target" at (3012,261,3000) (id=87, hp=65535), damage=0 (handled by Lua)
ACTION[Server]: LuaEntitySAO "grug_mobs:boar" at (3011,261,3000) (id=88, hp=10) punched LuaEntitySAO "grug_cadence_probe:target" at (3012,261,3000) (id=87, hp=65535), damage=0 (handled by Lua)
ACTION[Server]: LuaEntitySAO "grug_mobs:boar" at (3011,261,3000) (id=88, hp=10) punched LuaEntitySAO "grug_cadence_probe:target" at (3012,261,3000) (id=87, hp=65535), damage=0 (handled by Lua)
ACTION[Server]: LuaEntitySAO "grug_mobs:boar" at (3011,261,3000) (id=88, hp=10) punched LuaEntitySAO "grug_cadence_probe:target" at (3012,261,3000) (id=87, hp=65535), damage=0 (handled by Lua)
ACTION[Server]: LuaEntitySAO "grug_mobs:boar" at (3011,261,3000) (id=88, hp=10) punched LuaEntitySAO "grug_cadence_probe:target" at (3012,261,3000) (id=87, hp=65535), damage=0 (handled by Lua)
ACTION[Server]: [probe] mob=grug_mobs:boar level=1 reach=2 punch_interval=1 run_velocity=4.6 damage=2.4 attack_type=dogfight
ACTION[Server]: [probe] cadence scenario=standing punches=10 window_s=10.01 per_10s=9.99 gap_min=0.90 gap_max=0.90 gap_mean=0.90 steps=111 step_mean=0.0902 target_lost=0 dtime_max=0.091
ACTION[Server]: [probe] cadence complete
ACTION[Main]: Server: Shutting down
