parser PASS mods/ITEMS/grug_farming/init.lua
	2	[6]	SETGLOBAL	0 -1	; grug_farming
parser PASS mods/ITEMS/grug_gathering/catalog.lua
parser PASS mods/ITEMS/grug_gathering/init.lua
	2	[4]	SETGLOBAL	0 -1	; grug_gathering
parser PASS mods/ITEMS/grug_materials/registry.lua
parser PASS mods/ITEMS/grug_nodes/crop_soil.lua
parser PASS mods/ITEMS/grug_nodes/crop_visual.lua
parser PASS mods/ITEMS/grug_nodes/init.lua
	303	[247]	SETGLOBAL	3 -108	; grug_nodes
parser PASS mods/MAPGEN/grug_mapgen/init.lua
	2	[5]	SETGLOBAL	0 -1	; grug_mapgen
parser PASS mods/MAPGEN/grug_mapgen/world_nodes.lua
parser PASS mods/MAPGEN/grug_mapgen/wp13/elf_parts.lua
parser PASS mods/MAPGEN/grug_mapgen/wp13/palette.lua
parser PASS mods/MAPGEN/grug_mapgen/wp13/parts.lua
parser PASS mods/MAPGEN/grug_mapgen/wp13/troll_palette.lua
parser PASS mods/MAPGEN/grug_mapgen/wp40/r6_content.lua
parser PASS mods/MAPGEN/grug_mapgen/wp40/r6_settlement.lua
parser PASS mods/MAPGEN/grug_mapgen/wp40/r7_anchor_activation.lua
parser PASS mods/MAPGEN/grug_mapgen/wp40/r7_content.lua
parser PASS mods/MAPGEN/grug_mapgen/wp40/r7_manifest.lua
parser PASS mods/MAPGEN/grug_mapgen/wp40/r7_p9g.lua
parser PASS mods/MAPGEN/grug_mapgen/wp40/r7_runtime.lua
parser PASS mods/MAPGEN/grug_mapgen/wp40/r7_successor.lua
parser PASS mods/MAPGEN/grug_mapgen/wp40/world_content.lua
parser PASS mods/MAPGEN/grug_mapgen/wp40/world_content_catalog.lua
parser PASS tools/r10_art/art_kat.lua
parser PASS tools/r10_farm/farming_completion_kat.lua
parser PASS tools/r10_map_b/content_fixture.lua
parser PASS tools/r10_map_b/derive_pins.lua
parser PASS tools/r10_map_b/engine_probe/init.lua
parser PASS tools/r10_map_b/placement_fixture.lua
parser PASS tools/r10_map_b/registration_fixture.lua
parser PASS tools/r10_map_b/regressions.lua
parser PASS tools/r10_map_b/runtime_fixture.lua
parser PASS tools/r10_map_b/template_refs.lua
parser PASS tools/r10_map_b/writer_fixture.lua
parser PASS tools/r10_world/material_salt_fixture.lua
parser PASS tools/r9_farm/farming_kat.lua
parser PASS tools/wp13/blueprint_kat.lua
parser PASS tools/wp13/integration_fixture.lua
parser PASS tools/wp13/library_kat.lua
parser PASS tools/wp40/quality/vendor_fixture.lua
parser PASS tools/wp40/r6/fixtures.lua
parser PASS tools/wp40/r6/micro_kat_fixture.lua
parser PASS tools/wp40/r7/anchor_activation_kat.lua
parser PASS tools/wp40/r7/contract.lua
parser PASS tools/wp40/r7/contract_kat.lua
parser PASS tools/wp40/r7/micro_kat_fixture.lua
parser PASS tools/wp40/r7/node_semantics_fixture.lua
sweep 1 PASS
sweep 2 PASS
sweep 3 PASS
sweep 4 PASS
sweep 5 PASS
files 47
