WARNING[Main]: /!\ You are using the old mod storage files backend. This backend is deprecated and may be removed in a future release /!\
WARNING[Main]: Switching to SQLite3 is advised, please read https://docs.luanti.org/for-server-hosts/database-backends.
[MOD] Mobs Redo loaded
WARNING[Main]: No craft recipe matches input (type: fuel, items: ['default:pick_mese'])
WARNING[Main]: No craft recipe matches input (type: fuel, items: ['default:shovel_mese'])
WARNING[Main]: No craft recipe matches input (type: fuel, items: ['default:axe_mese'])
WARNING[Main]: No craft recipe matches input (type: fuel, items: ['default:sword_mese'])
WARNING[Main]: No craft recipe matches input (type: fuel, items: ['default:pick_diamond'])
WARNING[Main]: No craft recipe matches input (type: fuel, items: ['default:shovel_diamond'])
WARNING[Main]: No craft recipe matches input (type: fuel, items: ['default:axe_diamond'])
WARNING[Main]: No craft recipe matches input (type: fuel, items: ['default:sword_diamond'])
WARNING[Main]: No craft recipe matches input (type: fuel, items: ['default:copper_ingot'])
WARNING[Main]: No craft recipe matches input (type: fuel, items: ['default:copperblock'])
WARNING[Main]: No craft recipe matches input (type: fuel, items: ['default:tin_ingot'])
WARNING[Main]: No craft recipe matches input (type: fuel, items: ['default:tinblock'])
WARNING[Main]: No craft recipe matches input (type: fuel, items: ['default:bronze_ingot'])
WARNING[Main]: No craft recipe matches input (type: fuel, items: ['default:bronzeblock'])
WARNING[Main]: No craft recipe matches input (type: fuel, items: ['default:steel_ingot'])
WARNING[Main]: No craft recipe matches input (type: fuel, items: ['default:steelblock'])
WARNING[Main]: No craft recipe matches input (type: fuel, items: ['default:gold_ingot'])
WARNING[Main]: No craft recipe matches input (type: fuel, items: ['default:goldblock'])
WARNING[Main]: No craft recipe known for output 'default:stone_with_mese'
WARNING[Main]: No craft recipe matches input (type: fuel, items: ['default:stone_with_mese'])
WARNING[Main]: No craft recipe matches input (type: fuel, items: ['default:mese'])
WARNING[Main]: No craft recipe matches input (type: fuel, items: ['default:mese_crystal'])
WARNING[Main]: No craft recipe matches input (type: fuel, items: ['default:mese_crystal_fragment'])
WARNING[Main]: No craft recipe matches input (type: fuel, items: ['default:meselamp'])
WARNING[Main]: No craft recipe matches input (type: fuel, items: ['default:mese_post_light'])
WARNING[Main]: No craft recipe matches input (type: fuel, items: ['default:mese_post_light_acacia_wood'])
WARNING[Main]: No craft recipe matches input (type: fuel, items: ['default:mese_post_light_junglewood'])
WARNING[Main]: No craft recipe matches input (type: fuel, items: ['default:mese_post_light_pine_wood'])
WARNING[Main]: No craft recipe matches input (type: fuel, items: ['default:mese_post_light_aspen_wood'])
WARNING[Main]: No craft recipe known for output 'default:stone_with_diamond'
WARNING[Main]: No craft recipe matches input (type: fuel, items: ['default:stone_with_diamond'])
WARNING[Main]: No craft recipe matches input (type: fuel, items: ['default:diamond'])
WARNING[Main]: No craft recipe matches input (type: fuel, items: ['default:diamondblock'])
WARNING[Main]: No craft recipe matches input (type: fuel, items: ['default:sign_wall_steel'])
WARNING[Main]: No craft recipe matches input (type: fuel, items: ['default:ladder_steel'])
WARNING[Main]: No craft recipe matches input (type: fuel, items: ['stairs:stair_steelblock'])
WARNING[Main]: No craft recipe matches input (type: fuel, items: ['stairs:stair_inner_steelblock'])
WARNING[Main]: No craft recipe matches input (type: fuel, items: ['stairs:stair_outer_steelblock'])
WARNING[Main]: No craft recipe matches input (type: fuel, items: ['stairs:slab_steelblock'])
WARNING[Main]: No craft recipe matches input (type: fuel, items: ['stairs:stair_tinblock'])
WARNING[Main]: No craft recipe matches input (type: fuel, items: ['stairs:stair_inner_tinblock'])
WARNING[Main]: No craft recipe matches input (type: fuel, items: ['stairs:stair_outer_tinblock'])
WARNING[Main]: No craft recipe matches input (type: fuel, items: ['stairs:slab_tinblock'])
WARNING[Main]: No craft recipe matches input (type: fuel, items: ['stairs:stair_copperblock'])
WARNING[Main]: No craft recipe matches input (type: fuel, items: ['stairs:stair_inner_copperblock'])
WARNING[Main]: No craft recipe matches input (type: fuel, items: ['stairs:stair_outer_copperblock'])
WARNING[Main]: No craft recipe matches input (type: fuel, items: ['stairs:slab_copperblock'])
WARNING[Main]: No craft recipe matches input (type: fuel, items: ['stairs:stair_bronzeblock'])
WARNING[Main]: No craft recipe matches input (type: fuel, items: ['stairs:stair_inner_bronzeblock'])
WARNING[Main]: No craft recipe matches input (type: fuel, items: ['stairs:stair_outer_bronzeblock'])
WARNING[Main]: No craft recipe matches input (type: fuel, items: ['stairs:slab_bronzeblock'])
WARNING[Main]: No craft recipe matches input (type: fuel, items: ['stairs:stair_goldblock'])
WARNING[Main]: No craft recipe matches input (type: fuel, items: ['stairs:stair_inner_goldblock'])
WARNING[Main]: No craft recipe matches input (type: fuel, items: ['stairs:stair_outer_goldblock'])
WARNING[Main]: No craft recipe matches input (type: fuel, items: ['stairs:slab_goldblock'])
ACTION[Main]: [grug_gear] 6 bracket catalogs: 24 weapons + 48 armor pieces
ACTION[Main]: [grug_materials] registry audit passed: 6 tiers, 15 resources, 12 processed forms, 6 race regions
ACTION[Main]: GRUG_WP40_PROFILE_PROBE phase=cold event=start engine=5.17.0 lua=LuaJIT_2.1.1784272936 seed=531802985935182545 cases=21 manifest=eae975a1e1f51da30e5a5b2bc6aba76d6143599c849513e51c8c1d5d6c83f2a9 full_digest=false
ACTION[Main]: [grug_traders] drop audit: 1 mob(s) use a `drops` FUNCTION and cannot be walked statically (grug_mobs:bandit); their items are audited from the hardcoded FUNCTION_DROPS list
 _                   _   _ 
| |_   _  __ _ _ __ | |_(_)
| | | | |/ _` | '_ \| __| |
| | |_| | (_| | | | | |_| |
|_|\__,_|\__,_|_| |_|\__|_|  ___ 5.17.0
ACTION[Main]: World at [/tmp/grudgelands-wp40-profile-run.oN52lX2G/world]
ACTION[Main]: Server for gameid="grudgelands" listening on 127.0.0.1:32610.
ACTION[Emerge-0]: GRUG_WP40_PROFILE_CALLBACK callback=1 minp=48,-32,-2672 maxp=127,47,-2593 blockseed=2143039207 plan_us=348899 writer_us=255403 total_us=604302 columns=6400 candidate_cells=49 candidates=944 r5_runs=25440 result=applied_clq vm_get_emerged_area_calls=1 vm_get_emerged_area_us=3 vm_get_data_calls=1 vm_get_data_us=4375 vm_get_param2_data_calls=1 vm_get_param2_data_us=4389 vm_get_light_data_calls=2 vm_get_light_data_us=8701 vm_set_data_calls=1 vm_set_data_us=7315 vm_set_param2_data_calls=0 vm_set_param2_data_us=0 vm_set_lighting_calls=81 vm_set_lighting_us=212 vm_calc_lighting_calls=1 vm_calc_lighting_us=3328 vm_set_light_data_calls=1 vm_set_light_data_us=7113 vm_update_liquids_calls=1 vm_update_liquids_us=923
ACTION[Emerge-0]: GRUG_WP40_PROFILE_PROBE phase=cold event=emerge case=owner_48:-32:-2672 mapchunk=48,-32,-2672 elapsed_us=8844880 generated=1 disk=0 memory=124 cancelled=0 errored=0
ACTION[Emerge-0]: GRUG_WP40_PROFILE_CALLBACK callback=2 minp=48,-32,-2592 maxp=127,47,-2513 blockseed=4105102377 plan_us=221160 writer_us=300040 total_us=521200 columns=6400 candidate_cells=49 candidates=607 r5_runs=25440 result=applied_clq vm_get_emerged_area_calls=1 vm_get_emerged_area_us=2 vm_get_data_calls=1 vm_get_data_us=4377 vm_get_param2_data_calls=1 vm_get_param2_data_us=4215 vm_get_light_data_calls=2 vm_get_light_data_us=9093 vm_set_data_calls=1 vm_set_data_us=7470 vm_set_param2_data_calls=0 vm_set_param2_data_us=0 vm_set_lighting_calls=96 vm_set_lighting_us=300 vm_calc_lighting_calls=1 vm_calc_lighting_us=4003 vm_set_light_data_calls=1 vm_set_light_data_us=7225 vm_update_liquids_calls=1 vm_update_liquids_us=983
ACTION[Emerge-0]: GRUG_WP40_PROFILE_PROBE phase=cold event=emerge case=owner_48:-32:-2592 mapchunk=48,-32,-2592 elapsed_us=554480 generated=1 disk=0 memory=124 cancelled=0 errored=0
ACTION[Emerge-0]: GRUG_WP40_PROFILE_CALLBACK callback=3 minp=48,-32,-2512 maxp=127,47,-2433 blockseed=2231744537 plan_us=245633 writer_us=283295 total_us=528928 columns=6400 candidate_cells=49 candidates=409 r5_runs=25779 result=applied_clq vm_get_emerged_area_calls=1 vm_get_emerged_area_us=2 vm_get_data_calls=1 vm_get_data_us=4368 vm_get_param2_data_calls=1 vm_get_param2_data_us=4350 vm_get_light_data_calls=2 vm_get_light_data_us=8727 vm_set_data_calls=1 vm_set_data_us=7312 vm_set_param2_data_calls=0 vm_set_param2_data_us=0 vm_set_lighting_calls=96 vm_set_lighting_us=207 vm_calc_lighting_calls=1 vm_calc_lighting_us=4269 vm_set_light_data_calls=1 vm_set_light_data_us=7120 vm_update_liquids_calls=1 vm_update_liquids_us=947
ACTION[Emerge-0]: GRUG_WP40_PROFILE_PROBE phase=cold event=emerge case=owner_48:-32:-2512 mapchunk=48,-32,-2512 elapsed_us=562047 generated=1 disk=0 memory=124 cancelled=0 errored=0
ACTION[Emerge-0]: GRUG_WP40_PROFILE_CALLBACK callback=4 minp=1808,-32,-2672 maxp=1887,47,-2593 blockseed=3863239555 plan_us=296596 writer_us=349219 total_us=645815 columns=6400 candidate_cells=49 candidates=94 r5_runs=25600 result=applied_clq vm_get_emerged_area_calls=1 vm_get_emerged_area_us=4 vm_get_data_calls=1 vm_get_data_us=4359 vm_get_param2_data_calls=1 vm_get_param2_data_us=4357 vm_get_light_data_calls=2 vm_get_light_data_us=8484 vm_set_data_calls=1 vm_set_data_us=7348 vm_set_param2_data_calls=0 vm_set_param2_data_us=0 vm_set_lighting_calls=1 vm_set_lighting_us=132 vm_calc_lighting_calls=1 vm_calc_lighting_us=3397 vm_set_light_data_calls=1 vm_set_light_data_us=10390 vm_update_liquids_calls=1 vm_update_liquids_us=1826
ACTION[Emerge-0]: GRUG_WP40_PROFILE_PROBE phase=cold event=emerge case=owner_1808:-32:-2672 mapchunk=1808,-32,-2672 elapsed_us=680687 generated=1 disk=0 memory=124 cancelled=0 errored=0
ACTION[Emerge-0]: GRUG_WP40_PROFILE_CALLBACK callback=5 minp=1808,-32,-2592 maxp=1887,47,-2513 blockseed=4271983665 plan_us=206905 writer_us=359696 total_us=566601 columns=6400 candidate_cells=49 candidates=0 r5_runs=25600 result=applied_cplq vm_get_emerged_area_calls=1 vm_get_emerged_area_us=3 vm_get_data_calls=1 vm_get_data_us=4487 vm_get_param2_data_calls=1 vm_get_param2_data_us=4358 vm_get_light_data_calls=2 vm_get_light_data_us=8443 vm_set_data_calls=1 vm_set_data_us=7354 vm_set_param2_data_calls=1 vm_set_param2_data_us=7130 vm_set_lighting_calls=1 vm_set_lighting_us=145 vm_calc_lighting_calls=1 vm_calc_lighting_us=5066 vm_set_light_data_calls=1 vm_set_light_data_us=7143 vm_update_liquids_calls=1 vm_update_liquids_us=999
ACTION[Emerge-0]: GRUG_WP40_PROFILE_PROBE phase=cold event=emerge case=owner_1808:-32:-2592 mapchunk=1808,-32,-2592 elapsed_us=600746 generated=1 disk=0 memory=124 cancelled=0 errored=0
ACTION[Emerge-0]: GRUG_WP40_PROFILE_CALLBACK callback=6 minp=1808,-32,-2512 maxp=1887,47,-2433 blockseed=3301998945 plan_us=216095 writer_us=356221 total_us=572316 columns=6400 candidate_cells=49 candidates=54 r5_runs=25600 result=applied_cplq vm_get_emerged_area_calls=1 vm_get_emerged_area_us=3 vm_get_data_calls=1 vm_get_data_us=4393 vm_get_param2_data_calls=1 vm_get_param2_data_us=4393 vm_get_light_data_calls=2 vm_get_light_data_us=8752 vm_set_data_calls=1 vm_set_data_us=7332 vm_set_param2_data_calls=1 vm_set_param2_data_us=7162 vm_set_lighting_calls=1 vm_set_lighting_us=131 vm_calc_lighting_calls=1 vm_calc_lighting_us=4191 vm_set_light_data_calls=1 vm_set_light_data_us=7141 vm_update_liquids_calls=1 vm_update_liquids_us=953
ACTION[Emerge-0]: GRUG_WP40_PROFILE_PROBE phase=cold event=emerge case=owner_1808:-32:-2512 mapchunk=1808,-32,-2512 elapsed_us=606230 generated=1 disk=0 memory=124 cancelled=0 errored=0
ACTION[Emerge-0]: GRUG_WP40_PROFILE_CALLBACK callback=7 minp=1728,-32,-2672 maxp=1807,47,-2593 blockseed=531517827 plan_us=204844 writer_us=348674 total_us=553518 columns=6400 candidate_cells=49 candidates=90 r5_runs=25600 result=applied_clq vm_get_emerged_area_calls=1 vm_get_emerged_area_us=2 vm_get_data_calls=1 vm_get_data_us=4410 vm_get_param2_data_calls=1 vm_get_param2_data_us=4380 vm_get_light_data_calls=2 vm_get_light_data_us=8816 vm_set_data_calls=1 vm_set_data_us=7601 vm_set_param2_data_calls=0 vm_set_param2_data_us=0 vm_set_lighting_calls=1 vm_set_lighting_us=171 vm_calc_lighting_calls=1 vm_calc_lighting_us=4417 vm_set_light_data_calls=1 vm_set_light_data_us=7252 vm_update_liquids_calls=1 vm_update_liquids_us=1029
ACTION[Emerge-0]: GRUG_WP40_PROFILE_PROBE phase=cold event=emerge case=owner_1728:-32:-2672 mapchunk=1728,-32,-2672 elapsed_us=597319 generated=1 disk=0 memory=124 cancelled=0 errored=0
ACTION[Emerge-0]: GRUG_WP40_PROFILE_CALLBACK callback=8 minp=1728,-32,-2592 maxp=1807,47,-2513 blockseed=2502033521 plan_us=135913 writer_us=352724 total_us=488637 columns=6400 candidate_cells=49 candidates=0 r5_runs=25600 result=applied_cplq vm_get_emerged_area_calls=1 vm_get_emerged_area_us=2 vm_get_data_calls=1 vm_get_data_us=4431 vm_get_param2_data_calls=1 vm_get_param2_data_us=4387 vm_get_light_data_calls=2 vm_get_light_data_us=8730 vm_set_data_calls=1 vm_set_data_us=7310 vm_set_param2_data_calls=1 vm_set_param2_data_us=7146 vm_set_lighting_calls=1 vm_set_lighting_us=173 vm_calc_lighting_calls=1 vm_calc_lighting_us=6695 vm_set_light_data_calls=1 vm_set_light_data_us=7001 vm_update_liquids_calls=1 vm_update_liquids_us=992
ACTION[Emerge-0]: GRUG_WP40_PROFILE_PROBE phase=cold event=emerge case=owner_1728:-32:-2592 mapchunk=1728,-32,-2592 elapsed_us=525040 generated=1 disk=0 memory=124 cancelled=0 errored=0
ACTION[Emerge-0]: GRUG_WP40_PROFILE_CALLBACK callback=9 minp=1728,-32,-2512 maxp=1807,47,-2433 blockseed=1028341473 plan_us=145171 writer_us=343758 total_us=488929 columns=6400 candidate_cells=49 candidates=56 r5_runs=25600 result=applied_cplq vm_get_emerged_area_calls=1 vm_get_emerged_area_us=2 vm_get_data_calls=1 vm_get_data_us=4360 vm_get_param2_data_calls=1 vm_get_param2_data_us=4371 vm_get_light_data_calls=2 vm_get_light_data_us=8695 vm_set_data_calls=1 vm_set_data_us=7286 vm_set_param2_data_calls=1 vm_set_param2_data_us=7101 vm_set_lighting_calls=1 vm_set_lighting_us=145 vm_calc_lighting_calls=1 vm_calc_lighting_us=5321 vm_set_light_data_calls=1 vm_set_light_data_us=7100 vm_update_liquids_calls=1 vm_update_liquids_us=933
ACTION[Emerge-0]: GRUG_WP40_PROFILE_PROBE phase=cold event=emerge case=owner_1728:-32:-2512 mapchunk=1728,-32,-2512 elapsed_us=525222 generated=1 disk=0 memory=124 cancelled=0 errored=0
ACTION[Emerge-0]: GRUG_WP40_PROFILE_CALLBACK callback=10 minp=-32,-32,-2672 maxp=47,47,-2593 blockseed=3815956711 plan_us=301651 writer_us=300937 total_us=602588 columns=6400 candidate_cells=49 candidates=387 r5_runs=25600 result=applied_clq vm_get_emerged_area_calls=1 vm_get_emerged_area_us=2 vm_get_data_calls=1 vm_get_data_us=4340 vm_get_param2_data_calls=1 vm_get_param2_data_us=4352 vm_get_light_data_calls=2 vm_get_light_data_us=8736 vm_set_data_calls=1 vm_set_data_us=7316 vm_set_param2_data_calls=0 vm_set_param2_data_us=0 vm_set_lighting_calls=96 vm_set_lighting_us=152 vm_calc_lighting_calls=1 vm_calc_lighting_us=4211 vm_set_light_data_calls=1 vm_set_light_data_us=7130 vm_update_liquids_calls=1 vm_update_liquids_us=926
ACTION[Emerge-0]: GRUG_WP40_PROFILE_PROBE phase=cold event=emerge case=owner_-32:-32:-2672 mapchunk=-32,-32,-2672 elapsed_us=635360 generated=1 disk=0 memory=124 cancelled=0 errored=0
ACTION[Emerge-0]: GRUG_WP40_PROFILE_CALLBACK callback=11 minp=-32,-32,-2592 maxp=47,47,-2513 blockseed=3750423273 plan_us=194261 writer_us=327847 total_us=522108 columns=6400 candidate_cells=49 candidates=0 r5_runs=25600 result=applied_cplq vm_get_emerged_area_calls=1 vm_get_emerged_area_us=2 vm_get_data_calls=1 vm_get_data_us=4368 vm_get_param2_data_calls=1 vm_get_param2_data_us=4362 vm_get_light_data_calls=2 vm_get_light_data_us=8808 vm_set_data_calls=1 vm_set_data_us=7444 vm_set_param2_data_calls=1 vm_set_param2_data_us=6986 vm_set_lighting_calls=1 vm_set_lighting_us=173 vm_calc_lighting_calls=1 vm_calc_lighting_us=7175 vm_set_light_data_calls=1 vm_set_light_data_us=7107 vm_update_liquids_calls=1 vm_update_liquids_us=1006
ACTION[Emerge-0]: GRUG_WP40_PROFILE_PROBE phase=cold event=emerge case=owner_-32:-32:-2592 mapchunk=-32,-32,-2592 elapsed_us=555546 generated=1 disk=0 memory=124 cancelled=0 errored=0
ACTION[Emerge-0]: GRUG_WP40_PROFILE_CALLBACK callback=12 minp=-32,-32,-2512 maxp=47,47,-2433 blockseed=3787661465 plan_us=251256 writer_us=356195 total_us=607451 columns=6400 candidate_cells=49 candidates=197 r5_runs=25694 result=applied_cplq vm_get_emerged_area_calls=1 vm_get_emerged_area_us=2 vm_get_data_calls=1 vm_get_data_us=4384 vm_get_param2_data_calls=1 vm_get_param2_data_us=4663 vm_get_light_data_calls=2 vm_get_light_data_us=9356 vm_set_data_calls=1 vm_set_data_us=7403 vm_set_param2_data_calls=1 vm_set_param2_data_us=7247 vm_set_lighting_calls=1 vm_set_lighting_us=192 vm_calc_lighting_calls=1 vm_calc_lighting_us=5692 vm_set_light_data_calls=1 vm_set_light_data_us=7216 vm_update_liquids_calls=1 vm_update_liquids_us=959
ACTION[Emerge-0]: GRUG_WP40_PROFILE_PROBE phase=cold event=emerge case=owner_-32:-32:-2512 mapchunk=-32,-32,-2512 elapsed_us=641060 generated=1 disk=0 memory=124 cancelled=0 errored=0
ACTION[Emerge-0]: GRUG_WP40_PROFILE_CALLBACK callback=13 minp=-1872,-32,-2672 maxp=-1793,47,-2593 blockseed=2347589339 plan_us=356971 writer_us=250057 total_us=607028 columns=6400 candidate_cells=49 candidates=98 r5_runs=25600 result=applied_clq vm_get_emerged_area_calls=1 vm_get_emerged_area_us=5 vm_get_data_calls=1 vm_get_data_us=4345 vm_get_param2_data_calls=1 vm_get_param2_data_us=4371 vm_get_light_data_calls=2 vm_get_light_data_us=8769 vm_set_data_calls=1 vm_set_data_us=7117 vm_set_param2_data_calls=0 vm_set_param2_data_us=0 vm_set_lighting_calls=1 vm_set_lighting_us=167 vm_calc_lighting_calls=1 vm_calc_lighting_us=3027 vm_set_light_data_calls=1 vm_set_light_data_us=6921 vm_update_liquids_calls=1 vm_update_liquids_us=933
ACTION[Emerge-0]: GRUG_WP40_PROFILE_PROBE phase=cold event=emerge case=owner_-1872:-32:-2672 mapchunk=-1872,-32,-2672 elapsed_us=638168 generated=1 disk=0 memory=124 cancelled=0 errored=0
ACTION[Emerge-0]: GRUG_WP40_PROFILE_CALLBACK callback=14 minp=-1872,-32,-2592 maxp=-1793,47,-2513 blockseed=1061529625 plan_us=218543 writer_us=301431 total_us=519974 columns=6400 candidate_cells=49 candidates=0 r5_runs=25600 result=applied_cplq vm_get_emerged_area_calls=1 vm_get_emerged_area_us=2 vm_get_data_calls=1 vm_get_data_us=4370 vm_get_param2_data_calls=1 vm_get_param2_data_us=4352 vm_get_light_data_calls=2 vm_get_light_data_us=8751 vm_set_data_calls=1 vm_set_data_us=7346 vm_set_param2_data_calls=1 vm_set_param2_data_us=7152 vm_set_lighting_calls=1 vm_set_lighting_us=133 vm_calc_lighting_calls=1 vm_calc_lighting_us=4686 vm_set_light_data_calls=1 vm_set_light_data_us=7126 vm_update_liquids_calls=1 vm_update_liquids_us=959
ACTION[Emerge-0]: GRUG_WP40_PROFILE_PROBE phase=cold event=emerge case=owner_-1872:-32:-2592 mapchunk=-1872,-32,-2592 elapsed_us=554945 generated=1 disk=0 memory=124 cancelled=0 errored=0
ACTION[Emerge-0]: GRUG_WP40_PROFILE_CALLBACK callback=15 minp=-1872,-32,-2512 maxp=-1793,47,-2433 blockseed=3973185169 plan_us=262437 writer_us=302072 total_us=564509 columns=6400 candidate_cells=49 candidates=51 r5_runs=25600 result=applied_cplq vm_get_emerged_area_calls=1 vm_get_emerged_area_us=2 vm_get_data_calls=1 vm_get_data_us=5171 vm_get_param2_data_calls=1 vm_get_param2_data_us=4584 vm_get_light_data_calls=2 vm_get_light_data_us=8735 vm_set_data_calls=1 vm_set_data_us=7349 vm_set_param2_data_calls=1 vm_set_param2_data_us=7141 vm_set_lighting_calls=1 vm_set_lighting_us=135 vm_calc_lighting_calls=1 vm_calc_lighting_us=4110 vm_set_light_data_calls=1 vm_set_light_data_us=7147 vm_update_liquids_calls=1 vm_update_liquids_us=936
ACTION[Emerge-0]: GRUG_WP40_PROFILE_PROBE phase=cold event=emerge case=owner_-1872:-32:-2512 mapchunk=-1872,-32,-2512 elapsed_us=597969 generated=1 disk=0 memory=124 cancelled=0 errored=0
ACTION[Emerge-0]: GRUG_WP40_PROFILE_CALLBACK callback=16 minp=-1792,-32,-2672 maxp=-1713,47,-2593 blockseed=3424714971 plan_us=241630 writer_us=269794 total_us=511424 columns=6400 candidate_cells=49 candidates=100 r5_runs=25600 result=applied_clq vm_get_emerged_area_calls=1 vm_get_emerged_area_us=3 vm_get_data_calls=1 vm_get_data_us=4375 vm_get_param2_data_calls=1 vm_get_param2_data_us=4407 vm_get_light_data_calls=2 vm_get_light_data_us=8339 vm_set_data_calls=1 vm_set_data_us=7402 vm_set_param2_data_calls=0 vm_set_param2_data_us=0 vm_set_lighting_calls=1 vm_set_lighting_us=176 vm_calc_lighting_calls=1 vm_calc_lighting_us=3710 vm_set_light_data_calls=1 vm_set_light_data_us=7065 vm_update_liquids_calls=1 vm_update_liquids_us=960
ACTION[Emerge-0]: GRUG_WP40_PROFILE_PROBE phase=cold event=emerge case=owner_-1792:-32:-2672 mapchunk=-1792,-32,-2672 elapsed_us=543198 generated=1 disk=0 memory=124 cancelled=0 errored=0
ACTION[Emerge-0]: GRUG_WP40_PROFILE_CALLBACK callback=17 minp=-1792,-32,-2592 maxp=-1713,47,-2513 blockseed=477511193 plan_us=153799 writer_us=325028 total_us=478827 columns=6400 candidate_cells=49 candidates=0 r5_runs=25600 result=applied_cplq vm_get_emerged_area_calls=1 vm_get_emerged_area_us=2 vm_get_data_calls=1 vm_get_data_us=4363 vm_get_param2_data_calls=1 vm_get_param2_data_us=4374 vm_get_light_data_calls=2 vm_get_light_data_us=8826 vm_set_data_calls=1 vm_set_data_us=7380 vm_set_param2_data_calls=1 vm_set_param2_data_us=7168 vm_set_lighting_calls=1 vm_set_lighting_us=138 vm_calc_lighting_calls=1 vm_calc_lighting_us=5523 vm_set_light_data_calls=1 vm_set_light_data_us=7190 vm_update_liquids_calls=1 vm_update_liquids_us=980
ACTION[Emerge-0]: GRUG_WP40_PROFILE_PROBE phase=cold event=emerge case=owner_-1792:-32:-2592 mapchunk=-1792,-32,-2592 elapsed_us=523053 generated=1 disk=0 memory=124 cancelled=0 errored=0
ACTION[Emerge-0]: GRUG_WP40_PROFILE_CALLBACK callback=18 minp=-1792,-32,-2512 maxp=-1713,47,-2433 blockseed=582672721 plan_us=170011 writer_us=272954 total_us=442965 columns=6400 candidate_cells=49 candidates=52 r5_runs=25600 result=applied_clq vm_get_emerged_area_calls=1 vm_get_emerged_area_us=2 vm_get_data_calls=1 vm_get_data_us=4399 vm_get_param2_data_calls=1 vm_get_param2_data_us=4394 vm_get_light_data_calls=2 vm_get_light_data_us=8781 vm_set_data_calls=1 vm_set_data_us=7367 vm_set_param2_data_calls=0 vm_set_param2_data_us=0 vm_set_lighting_calls=1 vm_set_lighting_us=142 vm_calc_lighting_calls=1 vm_calc_lighting_us=4504 vm_set_light_data_calls=1 vm_set_light_data_us=7167 vm_update_liquids_calls=1 vm_update_liquids_us=951
ACTION[Emerge-0]: GRUG_WP40_PROFILE_PROBE phase=cold event=emerge case=owner_-1792:-32:-2512 mapchunk=-1792,-32,-2512 elapsed_us=477065 generated=1 disk=0 memory=124 cancelled=0 errored=0
ACTION[Emerge-0]: GRUG_WP40_PROFILE_CALLBACK callback=19 minp=-112,-32,-2672 maxp=-33,47,-2593 blockseed=2649330407 plan_us=314261 writer_us=303433 total_us=617694 columns=6400 candidate_cells=49 candidates=437 r5_runs=25600 result=applied_clq vm_get_emerged_area_calls=1 vm_get_emerged_area_us=4 vm_get_data_calls=1 vm_get_data_us=4366 vm_get_param2_data_calls=1 vm_get_param2_data_us=4361 vm_get_light_data_calls=2 vm_get_light_data_us=9259 vm_set_data_calls=1 vm_set_data_us=7305 vm_set_param2_data_calls=0 vm_set_param2_data_us=0 vm_set_lighting_calls=96 vm_set_lighting_us=146 vm_calc_lighting_calls=1 vm_calc_lighting_us=4162 vm_set_light_data_calls=1 vm_set_light_data_us=7120 vm_update_liquids_calls=1 vm_update_liquids_us=934
ACTION[Emerge-0]: GRUG_WP40_PROFILE_PROBE phase=cold event=emerge case=owner_-112:-32:-2672 mapchunk=-112,-32,-2672 elapsed_us=651413 generated=1 disk=0 memory=124 cancelled=0 errored=0
ACTION[Emerge-0]: GRUG_WP40_PROFILE_CALLBACK callback=20 minp=-112,-32,-2592 maxp=-33,47,-2513 blockseed=2906213861 plan_us=207485 writer_us=310332 total_us=517817 columns=6400 candidate_cells=49 candidates=63 r5_runs=25600 result=applied_cplq vm_get_emerged_area_calls=1 vm_get_emerged_area_us=3 vm_get_data_calls=1 vm_get_data_us=4344 vm_get_param2_data_calls=1 vm_get_param2_data_us=4342 vm_get_light_data_calls=2 vm_get_light_data_us=8713 vm_set_data_calls=1 vm_set_data_us=7283 vm_set_param2_data_calls=1 vm_set_param2_data_us=7093 vm_set_lighting_calls=1 vm_set_lighting_us=146 vm_calc_lighting_calls=1 vm_calc_lighting_us=5651 vm_set_light_data_calls=1 vm_set_light_data_us=7235 vm_update_liquids_calls=1 vm_update_liquids_us=995
ACTION[Emerge-0]: GRUG_WP40_PROFILE_PROBE phase=cold event=emerge case=owner_-112:-32:-2592 mapchunk=-112,-32,-2592 elapsed_us=549643 generated=1 disk=0 memory=124 cancelled=0 errored=0
ACTION[Emerge-0]: GRUG_WP40_PROFILE_CALLBACK callback=21 minp=-112,-32,-2512 maxp=-33,47,-2433 blockseed=477054105 plan_us=222630 writer_us=298825 total_us=521455 columns=6400 candidate_cells=49 candidates=333 r5_runs=25600 result=applied_clq vm_get_emerged_area_calls=1 vm_get_emerged_area_us=3 vm_get_data_calls=1 vm_get_data_us=4574 vm_get_param2_data_calls=1 vm_get_param2_data_us=4131 vm_get_light_data_calls=2 vm_get_light_data_us=8332 vm_set_data_calls=1 vm_set_data_us=7134 vm_set_param2_data_calls=0 vm_set_param2_data_us=0 vm_set_lighting_calls=96 vm_set_lighting_us=242 vm_calc_lighting_calls=1 vm_calc_lighting_us=4769 vm_set_light_data_calls=1 vm_set_light_data_us=7428 vm_update_liquids_calls=1 vm_update_liquids_us=1134
ACTION[Emerge-0]: GRUG_WP40_PROFILE_PROBE phase=cold event=emerge case=owner_-112:-32:-2512 mapchunk=-112,-32,-2512 elapsed_us=553751 generated=1 disk=0 memory=124 cancelled=0 errored=0
ACTION[Server]: GRUG_WP40_PROFILE_PROBE phase=cold event=complete requested=21 completed=21 callbacks=21 generated=21 disk=0 memory=2604 cancelled=0 errored=0 samples=777 expected_nodes=0 digest=8e47324859a2bbdfd0acb7ffbf18761f743ee078ad0ab3c19759f9410f69144c full_digest=disabled full_vocabulary_digest=- full_voxels=0 measured_elapsed_us=20968148 diagnostic_us=11042
ACTION[Main]: Server: Shutting down
ACTION[Main]: GRUG_WP13_ENGINE phase=cold starts=3 owners=21 edit_canary=placed digest_excluded_cells=1 filler_boundary=false hearthpine_cells=61932 hearthpine_torches=74 hearthpine_soil=2 hearthpine_anchor=-1800,25,-2550 hearthpine_digest=03311c95b8463c422371e78afabcba743ed70d4f56a013c16a362938ac00693c dawnmere_cells=66343 dawnmere_torches=98 dawnmere_soil=2 dawnmere_anchor=0,17,-2550 dawnmere_digest=cdbc03239c181f1f41caf1a4a2bd851753c17f2b04e2df95037d1e62893ef4f9 silverleaf_cells=68712 silverleaf_torches=113 silverleaf_soil=3 silverleaf_anchor=1800,21,-2550 silverleaf_digest=b9b35277e1b52a88bd25692de1b6b3d8e1f2cb41e1e295816da3bfe7ea611f62 digest=691180ff3f753405567c8627f2e7c274b2e1d2db6c7827414c41f4c74141221c
