pools	eight ordinary families	exact
roll_matrix	240	legal unique bounded
trinket	one prefix	one suffix	unrefined exception
station_ops	preserve stack	append one	mastery prefix/suffix
kits	imbue 1-2	temper values	cap two	trinkets fixed two
crafted	Common/refined/Fine/Masterwork	100% exact rows
drop	3/20+3/100+25/100	ledger hook	King 70 Dragon 75	immediate+queued player descriptions
description	meta round-trip	prefix/suffix positional	fixed seed 424242
consumers	attributes	crit/dodge/armor/pools cached
r10_base_recipes	6 tiers	141 exact outputs	2D+yields	PASS
r10_professions	seven primaries	split smiths	owned operations	PASS
r10_vendor	13+3	four concepts	caster deterministic	Uncommon retained	PASS
wp13_gear_trinket_special	Restores 2 Rage on an accepted hit
wp13_gear_metals	Bronze,Iron,Steel,Silversteel,Embersteel,Abyssal Steel
wp13_gear_cloth	Patch,Woven,Heavy,Silkweave,Silk,Stormweave
wp13_gear_leather	Light,Cured,Heavy,Scaled,Sleek,Nightscale
wp13_gear_item	grug_gear:sword_bronze	Bronze Sword	3	5
wp13_gear_item	grug_gear:dagger_bronze	Bronze Dagger	3	4
wp13_gear_item	grug_gear:greataxe_bronze	Bronze Greataxe	3	8
wp13_gear_item	grug_gear:staff_bronze	Bronze Staff	3	6
wp13_gear_item	grug_gear:wand_bronze	Bronze Wand	3	5
wp13_gear_item	grug_gear:bow_bronze	Bronze Bow	3	5
wp13_gear_item	grug_gear:head_metal_bronze	Bronze Helm	3	2
wp13_gear_item	grug_gear:chest_metal_bronze	Bronze Chestplate	3	3
wp13_gear_item	grug_gear:legs_metal_bronze	Bronze Greaves	3	2
wp13_gear_item	grug_gear:feet_metal_bronze	Bronze Sabatons	3	1
wp13_gear_item	grug_gear:head_leather_light	Light Hood	3	1
wp13_gear_item	grug_gear:chest_leather_light	Light Jerkin	3	2
wp13_gear_item	grug_gear:legs_leather_light	Light Pants	3	1
wp13_gear_item	grug_gear:feet_leather_light	Light Boots	3	1
wp13_gear_item	grug_gear:head_cloth_patch	Patch Cowl	3	1
wp13_gear_item	grug_gear:chest_cloth_patch	Patch Robe	3	1
wp13_gear_item	grug_gear:legs_cloth_patch	Patch Leggings	3	1
wp13_gear_item	grug_gear:feet_cloth_patch	Patch Slippers	3	1
wp13_gear_item	grug_gear:sword_iron	Iron Sword	10	8
wp13_gear_item	grug_gear:dagger_iron	Iron Dagger	10	6
wp13_gear_item	grug_gear:greataxe_iron	Iron Greataxe	10	12
wp13_gear_item	grug_gear:staff_iron	Iron Staff	10	10
wp13_gear_item	grug_gear:wand_iron	Iron Wand	10	8
wp13_gear_item	grug_gear:bow_iron	Iron Bow	10	8
wp13_gear_item	grug_gear:head_metal_iron	Iron Helm	10	3
wp13_gear_item	grug_gear:chest_metal_iron	Iron Chestplate	10	5
wp13_gear_item	grug_gear:legs_metal_iron	Iron Greaves	10	4
wp13_gear_item	grug_gear:feet_metal_iron	Iron Sabatons	10	2
wp13_gear_item	grug_gear:head_leather_cured	Cured Hood	10	2
wp13_gear_item	grug_gear:chest_leather_cured	Cured Jerkin	10	3
wp13_gear_item	grug_gear:legs_leather_cured	Cured Pants	10	3
wp13_gear_item	grug_gear:feet_leather_cured	Cured Boots	10	2
wp13_gear_item	grug_gear:head_cloth_woven	Woven Cowl	10	1
wp13_gear_item	grug_gear:chest_cloth_woven	Woven Robe	10	2
wp13_gear_item	grug_gear:legs_cloth_woven	Woven Leggings	10	1
wp13_gear_item	grug_gear:feet_cloth_woven	Woven Slippers	10	1
wp13_gear_item	grug_gear:sword_steel	Steel Sword	20	11
wp13_gear_item	grug_gear:dagger_steel	Steel Dagger	20	8
wp13_gear_item	grug_gear:greataxe_steel	Steel Greataxe	20	17
wp13_gear_item	grug_gear:staff_steel	Steel Staff	20	13
wp13_gear_item	grug_gear:wand_steel	Steel Wand	20	11
wp13_gear_item	grug_gear:bow_steel	Steel Bow	20	11
wp13_gear_item	grug_gear:head_metal_steel	Steel Helm	20	5
wp13_gear_item	grug_gear:chest_metal_steel	Steel Chestplate	20	8
wp13_gear_item	grug_gear:legs_metal_steel	Steel Greaves	20	6
wp13_gear_item	grug_gear:feet_metal_steel	Steel Sabatons	20	4
wp13_gear_item	grug_gear:head_leather_heavy	Heavy Hood	20	4
wp13_gear_item	grug_gear:chest_leather_heavy	Heavy Jerkin	20	6
wp13_gear_item	grug_gear:legs_leather_heavy	Heavy Pants	20	4
wp13_gear_item	grug_gear:feet_leather_heavy	Heavy Boots	20	3
wp13_gear_item	grug_gear:head_cloth_heavy	Heavy Cowl	20	1
wp13_gear_item	grug_gear:chest_cloth_heavy	Heavy Robe	20	2
wp13_gear_item	grug_gear:legs_cloth_heavy	Heavy Leggings	20	2
wp13_gear_item	grug_gear:feet_cloth_heavy	Heavy Slippers	20	1
wp13_gear_item	grug_gear:sword_silversteel	Silversteel Sword	30	15
wp13_gear_item	grug_gear:dagger_silversteel	Silversteel Dagger	30	11
wp13_gear_item	grug_gear:greataxe_silversteel	Silversteel Greataxe	30	23
wp13_gear_item	grug_gear:staff_silversteel	Silversteel Staff	30	18
wp13_gear_item	grug_gear:wand_silversteel	Silversteel Wand	30	15
wp13_gear_item	grug_gear:bow_silversteel	Silversteel Bow	30	15
wp13_gear_item	grug_gear:head_metal_silversteel	Silversteel Helm	30	7
wp13_gear_item	grug_gear:chest_metal_silversteel	Silversteel Chestplate	30	11
wp13_gear_item	grug_gear:legs_metal_silversteel	Silversteel Greaves	30	9
wp13_gear_item	grug_gear:feet_metal_silversteel	Silversteel Sabatons	30	5
wp13_gear_item	grug_gear:head_leather_scaled	Scaled Hood	30	5
wp13_gear_item	grug_gear:chest_leather_scaled	Scaled Jerkin	30	8
wp13_gear_item	grug_gear:legs_leather_scaled	Scaled Pants	30	6
wp13_gear_item	grug_gear:feet_leather_scaled	Scaled Boots	30	4
wp13_gear_item	grug_gear:head_cloth_silkweave	Silkweave Cowl	30	2
wp13_gear_item	grug_gear:chest_cloth_silkweave	Silkweave Robe	30	3
wp13_gear_item	grug_gear:legs_cloth_silkweave	Silkweave Leggings	30	2
wp13_gear_item	grug_gear:feet_cloth_silkweave	Silkweave Slippers	30	1
wp13_gear_item	grug_gear:sword_embersteel	Embersteel Sword	40	18
wp13_gear_item	grug_gear:dagger_embersteel	Embersteel Dagger	40	13
wp13_gear_item	grug_gear:greataxe_embersteel	Embersteel Greataxe	40	27
wp13_gear_item	grug_gear:staff_embersteel	Embersteel Staff	40	22
wp13_gear_item	grug_gear:wand_embersteel	Embersteel Wand	40	18
wp13_gear_item	grug_gear:bow_embersteel	Embersteel Bow	40	18
wp13_gear_item	grug_gear:head_metal_embersteel	Embersteel Helm	40	9
wp13_gear_item	grug_gear:chest_metal_embersteel	Embersteel Chestplate	40	14
wp13_gear_item	grug_gear:legs_metal_embersteel	Embersteel Greaves	40	11
wp13_gear_item	grug_gear:feet_metal_embersteel	Embersteel Sabatons	40	6
wp13_gear_item	grug_gear:head_leather_sleek	Sleek Hood	40	6
wp13_gear_item	grug_gear:chest_leather_sleek	Sleek Jerkin	40	10
wp13_gear_item	grug_gear:legs_leather_sleek	Sleek Pants	40	8
wp13_gear_item	grug_gear:feet_leather_sleek	Sleek Boots	40	5
wp13_gear_item	grug_gear:head_cloth_silk	Silk Cowl	40	2
wp13_gear_item	grug_gear:chest_cloth_silk	Silk Robe	40	4
wp13_gear_item	grug_gear:legs_cloth_silk	Silk Leggings	40	3
wp13_gear_item	grug_gear:feet_cloth_silk	Silk Slippers	40	2
wp13_gear_item	grug_gear:sword_abyssal_steel	Abyssal Steel Sword	50	22
wp13_gear_item	grug_gear:dagger_abyssal_steel	Abyssal Steel Dagger	50	15
wp13_gear_item	grug_gear:greataxe_abyssal_steel	Abyssal Steel Greataxe	50	33
wp13_gear_item	grug_gear:staff_abyssal_steel	Abyssal Steel Staff	50	26
wp13_gear_item	grug_gear:wand_abyssal_steel	Abyssal Steel Wand	50	22
wp13_gear_item	grug_gear:bow_abyssal_steel	Abyssal Steel Bow	50	22
wp13_gear_item	grug_gear:head_metal_abyssal_steel	Abyssal Steel Helm	50	11
wp13_gear_item	grug_gear:chest_metal_abyssal_steel	Abyssal Steel Chestplate	50	17
wp13_gear_item	grug_gear:legs_metal_abyssal_steel	Abyssal Steel Greaves	50	13
wp13_gear_item	grug_gear:feet_metal_abyssal_steel	Abyssal Steel Sabatons	50	8
wp13_gear_item	grug_gear:head_leather_nightscale	Nightscale Hood	50	8
wp13_gear_item	grug_gear:chest_leather_nightscale	Nightscale Jerkin	50	12
wp13_gear_item	grug_gear:legs_leather_nightscale	Nightscale Pants	50	10
wp13_gear_item	grug_gear:feet_leather_nightscale	Nightscale Boots	50	6
wp13_gear_item	grug_gear:head_cloth_stormweave	Stormweave Cowl	50	3
wp13_gear_item	grug_gear:chest_cloth_stormweave	Stormweave Robe	50	5
wp13_gear_item	grug_gear:legs_cloth_stormweave	Stormweave Leggings	50	4
wp13_gear_item	grug_gear:feet_cloth_stormweave	Stormweave Slippers	50	2
wp13_gear_count	108
wp13_gear_trinkets	36
wp13_gear_starter	grug_gear:staff_wood	Wooden Staff	default:sword_stone
wp13_gear_retrofit	default:axe_bronze,default:axe_steel,default:axe_stone,default:axe_wood,default:sword_stone,default:sword_wood,grug_materials:axe_silversteel
wp13_gear_adjectives	0
wp13_gear_duplicates	0
wp13_gear_vendored	default:axe_bronze,default:axe_steel,default:axe_stone,default:axe_wood,default:sword_stone,default:sword_wood	not	default:sword_bronze,default:sword_steel
wp13_gear_prices	3:50/40/25 10:70/56/35 20:98/78/49 30:137/110/69 40:192/154/96 50:269/215/134
wp13_gear_result	PASS	0
PASS r9 goldsmith catalog recipes=80 outputs=68
stations	ids=5	nodes=5	grid=3x3	book_button
recipes	housing_t3=5	acyclic	shaped+shapeless	station_isolated
operation	near+ACL	exact-once	full-inventory-no-roll
capitals	count=6	stations_each=7	authored_outer_socket	reachable	shared_forge
weaponsmith	forge	grug_jobs:forge	0,1,-8
leatherworker	tanning_rack	grug_jobs:tanning_rack	2,1,-20
tailor	tailor_bench	grug_jobs:tailor_bench	0,1,-16
woodcarver	carving_bench	grug_jobs:carving_bench	0,1,-24
goldsmith	jewellers_bench	grug_jobs:jewellers_bench	2,1,-28
ammo	quiver-first	main-fallback	filled-transfer	full-main-atomic-refusal	throttled-message
books	mastery-15/16	shared-craft-authority	station-independent
