WARNING[Main]: /!\ You are using the old mod storage files backend. This backend is deprecated and may be removed in a future release /!\
WARNING[Main]: Switching to SQLite3 is advised, please read https://docs.luanti.org/for-server-hosts/database-backends.
[MOD] Mobs Redo loaded
WARNING[Main]: No craft recipe matches input (type: fuel, items: ['default:pick_mese'])
WARNING[Main]: No craft recipe matches input (type: fuel, items: ['default:shovel_mese'])
WARNING[Main]: No craft recipe matches input (type: fuel, items: ['default:axe_mese'])
WARNING[Main]: No craft recipe matches input (type: fuel, items: ['default:sword_mese'])
WARNING[Main]: No craft recipe matches input (type: fuel, items: ['default:pick_diamond'])
WARNING[Main]: No craft recipe matches input (type: fuel, items: ['default:shovel_diamond'])
WARNING[Main]: No craft recipe matches input (type: fuel, items: ['default:axe_diamond'])
WARNING[Main]: No craft recipe matches input (type: fuel, items: ['default:sword_diamond'])
WARNING[Main]: No craft recipe matches input (type: fuel, items: ['default:copper_ingot'])
WARNING[Main]: No craft recipe matches input (type: fuel, items: ['default:copperblock'])
WARNING[Main]: No craft recipe matches input (type: fuel, items: ['default:tin_ingot'])
WARNING[Main]: No craft recipe matches input (type: fuel, items: ['default:tinblock'])
WARNING[Main]: No craft recipe matches input (type: fuel, items: ['default:bronze_ingot'])
WARNING[Main]: No craft recipe matches input (type: fuel, items: ['default:bronzeblock'])
WARNING[Main]: No craft recipe matches input (type: fuel, items: ['default:steel_ingot'])
WARNING[Main]: No craft recipe matches input (type: fuel, items: ['default:steelblock'])
WARNING[Main]: No craft recipe matches input (type: fuel, items: ['default:gold_ingot'])
WARNING[Main]: No craft recipe matches input (type: fuel, items: ['default:goldblock'])
WARNING[Main]: No craft recipe known for output 'default:stone_with_mese'
WARNING[Main]: No craft recipe matches input (type: fuel, items: ['default:stone_with_mese'])
WARNING[Main]: No craft recipe matches input (type: fuel, items: ['default:mese'])
WARNING[Main]: No craft recipe matches input (type: fuel, items: ['default:mese_crystal'])
WARNING[Main]: No craft recipe matches input (type: fuel, items: ['default:mese_crystal_fragment'])
WARNING[Main]: No craft recipe matches input (type: fuel, items: ['default:meselamp'])
WARNING[Main]: No craft recipe matches input (type: fuel, items: ['default:mese_post_light'])
WARNING[Main]: No craft recipe matches input (type: fuel, items: ['default:mese_post_light_acacia_wood'])
WARNING[Main]: No craft recipe matches input (type: fuel, items: ['default:mese_post_light_junglewood'])
WARNING[Main]: No craft recipe matches input (type: fuel, items: ['default:mese_post_light_pine_wood'])
WARNING[Main]: No craft recipe matches input (type: fuel, items: ['default:mese_post_light_aspen_wood'])
WARNING[Main]: No craft recipe known for output 'default:stone_with_diamond'
WARNING[Main]: No craft recipe matches input (type: fuel, items: ['default:stone_with_diamond'])
WARNING[Main]: No craft recipe matches input (type: fuel, items: ['default:diamond'])
WARNING[Main]: No craft recipe matches input (type: fuel, items: ['default:diamondblock'])
WARNING[Main]: No craft recipe matches input (type: fuel, items: ['default:sign_wall_steel'])
WARNING[Main]: No craft recipe matches input (type: fuel, items: ['default:ladder_steel'])
WARNING[Main]: No craft recipe matches input (type: fuel, items: ['stairs:stair_steelblock'])
WARNING[Main]: No craft recipe matches input (type: fuel, items: ['stairs:stair_inner_steelblock'])
WARNING[Main]: No craft recipe matches input (type: fuel, items: ['stairs:stair_outer_steelblock'])
WARNING[Main]: No craft recipe matches input (type: fuel, items: ['stairs:slab_steelblock'])
WARNING[Main]: No craft recipe matches input (type: fuel, items: ['stairs:stair_tinblock'])
WARNING[Main]: No craft recipe matches input (type: fuel, items: ['stairs:stair_inner_tinblock'])
WARNING[Main]: No craft recipe matches input (type: fuel, items: ['stairs:stair_outer_tinblock'])
WARNING[Main]: No craft recipe matches input (type: fuel, items: ['stairs:slab_tinblock'])
WARNING[Main]: No craft recipe matches input (type: fuel, items: ['stairs:stair_copperblock'])
WARNING[Main]: No craft recipe matches input (type: fuel, items: ['stairs:stair_inner_copperblock'])
WARNING[Main]: No craft recipe matches input (type: fuel, items: ['stairs:stair_outer_copperblock'])
WARNING[Main]: No craft recipe matches input (type: fuel, items: ['stairs:slab_copperblock'])
WARNING[Main]: No craft recipe matches input (type: fuel, items: ['stairs:stair_bronzeblock'])
WARNING[Main]: No craft recipe matches input (type: fuel, items: ['stairs:stair_inner_bronzeblock'])
WARNING[Main]: No craft recipe matches input (type: fuel, items: ['stairs:stair_outer_bronzeblock'])
WARNING[Main]: No craft recipe matches input (type: fuel, items: ['stairs:slab_bronzeblock'])
WARNING[Main]: No craft recipe matches input (type: fuel, items: ['stairs:stair_goldblock'])
WARNING[Main]: No craft recipe matches input (type: fuel, items: ['stairs:stair_inner_goldblock'])
WARNING[Main]: No craft recipe matches input (type: fuel, items: ['stairs:stair_outer_goldblock'])
WARNING[Main]: No craft recipe matches input (type: fuel, items: ['stairs:slab_goldblock'])
ACTION[Main]: [grug_gear] 6 bracket catalogs: 24 weapons + 48 armor pieces
ACTION[Main]: [grug_materials] registry audit passed: 6 tiers, 15 resources, 12 processed forms, 6 race regions
ACTION[Main]: GRUG_WP40_PROFILE_PROBE phase=cold event=start engine=5.17.0 lua=LuaJIT_2.1.1784272936 seed=8675309 cases=16 manifest=ca795c4a8838c56e0d649605760639638d1fcdda5ff0eb5007a0cd4e4998afde full_digest=false
ACTION[Main]: [grug_traders] drop audit: 1 mob(s) use a `drops` FUNCTION and cannot be walked statically (grug_mobs:bandit); their items are audited from the hardcoded FUNCTION_DROPS list
 _                   _   _ 
| |_   _  __ _ _ __ | |_(_)
| | | | |/ _` | '_ \| __| |
| | |_| | (_| | | | | |_| |
|_|\__,_|\__,_|_| |_|\__|_|  ___ 5.17.0
ACTION[Main]: World at [/tmp/grudgelands-wp40-profile-run.yn9pmqsm/world]
ACTION[Main]: Server for gameid="grudgelands" listening on 127.0.0.1:32500.
ACTION[Emerge-0]: GRUG_WP40_PROFILE_CALLBACK callback=1 minp=-112,-32,-2512 maxp=-33,47,-2433 blockseed=287273105 plan_us=340948 writer_us=303277 total_us=644225 columns=6400 candidate_cells=49 candidates=338 r5_runs=25600 result=applied_clq vm_get_emerged_area_calls=1 vm_get_emerged_area_us=11 vm_get_data_calls=1 vm_get_data_us=4350 vm_get_param2_data_calls=1 vm_get_param2_data_us=4354 vm_get_light_data_calls=2 vm_get_light_data_us=10157 vm_set_data_calls=1 vm_set_data_us=7475 vm_set_param2_data_calls=0 vm_set_param2_data_us=0 vm_set_lighting_calls=81 vm_set_lighting_us=164 vm_calc_lighting_calls=1 vm_calc_lighting_us=3126 vm_set_light_data_calls=1 vm_set_light_data_us=7130 vm_update_liquids_calls=1 vm_update_liquids_us=997
ACTION[Emerge-0]: GRUG_WP40_PROFILE_PROBE phase=cold event=emerge case=owner_-112:-32:-2512 mapchunk=-112,-32,-2512 elapsed_us=8892601 generated=1 disk=0 memory=124 cancelled=0 errored=0
ACTION[Emerge-0]: GRUG_WP40_PROFILE_CALLBACK callback=2 minp=-112,-32,-2592 maxp=-33,47,-2513 blockseed=1650661153 plan_us=223135 writer_us=460945 total_us=684080 columns=6400 candidate_cells=49 candidates=69 r5_runs=25600 result=applied_cplq vm_get_emerged_area_calls=1 vm_get_emerged_area_us=2 vm_get_data_calls=1 vm_get_data_us=4354 vm_get_param2_data_calls=1 vm_get_param2_data_us=4355 vm_get_light_data_calls=2 vm_get_light_data_us=8471 vm_set_data_calls=1 vm_set_data_us=7142 vm_set_param2_data_calls=1 vm_set_param2_data_us=6860 vm_set_lighting_calls=96 vm_set_lighting_us=188 vm_calc_lighting_calls=1 vm_calc_lighting_us=3714 vm_set_light_data_calls=1 vm_set_light_data_us=7108 vm_update_liquids_calls=1 vm_update_liquids_us=917
ACTION[Emerge-0]: GRUG_WP40_PROFILE_PROBE phase=cold event=emerge case=owner_-112:-32:-2592 mapchunk=-112,-32,-2592 elapsed_us=719044 generated=1 disk=0 memory=124 cancelled=0 errored=0
ACTION[Emerge-0]: GRUG_WP40_PROFILE_CALLBACK callback=3 minp=-112,-32,-2672 maxp=-33,47,-2593 blockseed=1502518227 plan_us=248313 writer_us=444309 total_us=692622 columns=6400 candidate_cells=49 candidates=472 r5_runs=25600 result=applied_clq vm_get_emerged_area_calls=1 vm_get_emerged_area_us=2 vm_get_data_calls=1 vm_get_data_us=4349 vm_get_param2_data_calls=1 vm_get_param2_data_us=4349 vm_get_light_data_calls=2 vm_get_light_data_us=8726 vm_set_data_calls=1 vm_set_data_us=7399 vm_set_param2_data_calls=0 vm_set_param2_data_us=0 vm_set_lighting_calls=96 vm_set_lighting_us=213 vm_calc_lighting_calls=1 vm_calc_lighting_us=3615 vm_set_light_data_calls=1 vm_set_light_data_us=7158 vm_update_liquids_calls=1 vm_update_liquids_us=1731
ACTION[Emerge-0]: GRUG_WP40_PROFILE_PROBE phase=cold event=emerge case=owner_-112:-32:-2672 mapchunk=-112,-32,-2672 elapsed_us=730123 generated=1 disk=0 memory=124 cancelled=0 errored=0
ACTION[Emerge-0]: GRUG_WP40_PROFILE_CALLBACK callback=4 minp=-1792,-32,-2512 maxp=-1713,47,-2433 blockseed=3167975801 plan_us=340178 writer_us=328202 total_us=668380 columns=6400 candidate_cells=49 candidates=65 r5_runs=25600 result=applied_clq vm_get_emerged_area_calls=1 vm_get_emerged_area_us=1 vm_get_data_calls=1 vm_get_data_us=4341 vm_get_param2_data_calls=1 vm_get_param2_data_us=4335 vm_get_light_data_calls=2 vm_get_light_data_us=8718 vm_set_data_calls=1 vm_set_data_us=7309 vm_set_param2_data_calls=0 vm_set_param2_data_us=0 vm_set_lighting_calls=1 vm_set_lighting_us=155 vm_calc_lighting_calls=1 vm_calc_lighting_us=3648 vm_set_light_data_calls=1 vm_set_light_data_us=7095 vm_update_liquids_calls=1 vm_update_liquids_us=922
ACTION[Emerge-0]: GRUG_WP40_PROFILE_PROBE phase=cold event=emerge case=owner_-1792:-32:-2512 mapchunk=-1792,-32,-2512 elapsed_us=700054 generated=1 disk=0 memory=124 cancelled=0 errored=0
ACTION[Emerge-0]: GRUG_WP40_PROFILE_CALLBACK callback=5 minp=-1792,-32,-2592 maxp=-1713,47,-2513 blockseed=1129085769 plan_us=227768 writer_us=310870 total_us=538638 columns=6400 candidate_cells=49 candidates=0 r5_runs=25600 result=applied_cplq vm_get_emerged_area_calls=1 vm_get_emerged_area_us=2 vm_get_data_calls=1 vm_get_data_us=4344 vm_get_param2_data_calls=1 vm_get_param2_data_us=4314 vm_get_light_data_calls=2 vm_get_light_data_us=9284 vm_set_data_calls=1 vm_set_data_us=7344 vm_set_param2_data_calls=1 vm_set_param2_data_us=7134 vm_set_lighting_calls=1 vm_set_lighting_us=143 vm_calc_lighting_calls=1 vm_calc_lighting_us=5190 vm_set_light_data_calls=1 vm_set_light_data_us=7254 vm_update_liquids_calls=1 vm_update_liquids_us=956
ACTION[Emerge-0]: GRUG_WP40_PROFILE_PROBE phase=cold event=emerge case=owner_-1792:-32:-2592 mapchunk=-1792,-32,-2592 elapsed_us=568728 generated=1 disk=0 memory=124 cancelled=0 errored=0
ACTION[Emerge-0]: GRUG_WP40_PROFILE_CALLBACK callback=6 minp=-1792,-32,-2672 maxp=-1713,47,-2593 blockseed=1283694911 plan_us=248690 writer_us=277311 total_us=526001 columns=6400 candidate_cells=49 candidates=100 r5_runs=25600 result=applied_clq vm_get_emerged_area_calls=1 vm_get_emerged_area_us=2 vm_get_data_calls=1 vm_get_data_us=4144 vm_get_param2_data_calls=1 vm_get_param2_data_us=4246 vm_get_light_data_calls=2 vm_get_light_data_us=8714 vm_set_data_calls=1 vm_set_data_us=7332 vm_set_param2_data_calls=0 vm_set_param2_data_us=0 vm_set_lighting_calls=96 vm_set_lighting_us=145 vm_calc_lighting_calls=1 vm_calc_lighting_us=4089 vm_set_light_data_calls=1 vm_set_light_data_us=7137 vm_update_liquids_calls=1 vm_update_liquids_us=929
ACTION[Emerge-0]: GRUG_WP40_PROFILE_PROBE phase=cold event=emerge case=owner_-1792:-32:-2672 mapchunk=-1792,-32,-2672 elapsed_us=558544 generated=1 disk=0 memory=124 cancelled=0 errored=0
ACTION[Emerge-0]: GRUG_WP40_PROFILE_CALLBACK callback=7 minp=-1872,-32,-2512 maxp=-1793,47,-2433 blockseed=1272754105 plan_us=253381 writer_us=318060 total_us=571441 columns=6400 candidate_cells=49 candidates=64 r5_runs=25600 result=applied_cplq vm_get_emerged_area_calls=1 vm_get_emerged_area_us=2 vm_get_data_calls=1 vm_get_data_us=4352 vm_get_param2_data_calls=1 vm_get_param2_data_us=4359 vm_get_light_data_calls=2 vm_get_light_data_us=8710 vm_set_data_calls=1 vm_set_data_us=7340 vm_set_param2_data_calls=1 vm_set_param2_data_us=7137 vm_set_lighting_calls=1 vm_set_lighting_us=143 vm_calc_lighting_calls=1 vm_calc_lighting_us=4888 vm_set_light_data_calls=1 vm_set_light_data_us=7126 vm_update_liquids_calls=1 vm_update_liquids_us=1110
ACTION[Emerge-0]: GRUG_WP40_PROFILE_PROBE phase=cold event=emerge case=owner_-1872:-32:-2512 mapchunk=-1872,-32,-2512 elapsed_us=605226 generated=1 disk=0 memory=124 cancelled=0 errored=0
ACTION[Emerge-0]: GRUG_WP40_PROFILE_CALLBACK callback=8 minp=-1872,-32,-2592 maxp=-1793,47,-2513 blockseed=1225995573 plan_us=170261 writer_us=325001 total_us=495262 columns=6400 candidate_cells=49 candidates=0 r5_runs=25600 result=applied_cplq vm_get_emerged_area_calls=1 vm_get_emerged_area_us=3 vm_get_data_calls=1 vm_get_data_us=4371 vm_get_param2_data_calls=1 vm_get_param2_data_us=4376 vm_get_light_data_calls=2 vm_get_light_data_us=8769 vm_set_data_calls=1 vm_set_data_us=7322 vm_set_param2_data_calls=1 vm_set_param2_data_us=7129 vm_set_lighting_calls=1 vm_set_lighting_us=132 vm_calc_lighting_calls=1 vm_calc_lighting_us=7012 vm_set_light_data_calls=1 vm_set_light_data_us=7168 vm_update_liquids_calls=1 vm_update_liquids_us=1239
ACTION[Emerge-0]: GRUG_WP40_PROFILE_PROBE phase=cold event=emerge case=owner_-1872:-32:-2592 mapchunk=-1872,-32,-2592 elapsed_us=531083 generated=1 disk=0 memory=124 cancelled=0 errored=0
ACTION[Emerge-0]: GRUG_WP40_PROFILE_CALLBACK callback=9 minp=-1872,-32,-2672 maxp=-1793,47,-2593 blockseed=566933471 plan_us=186582 writer_us=226782 total_us=413364 columns=6400 candidate_cells=49 candidates=99 r5_runs=25600 result=applied_clq vm_get_emerged_area_calls=1 vm_get_emerged_area_us=1 vm_get_data_calls=1 vm_get_data_us=4360 vm_get_param2_data_calls=1 vm_get_param2_data_us=4367 vm_get_light_data_calls=2 vm_get_light_data_us=8731 vm_set_data_calls=1 vm_set_data_us=7334 vm_set_param2_data_calls=0 vm_set_param2_data_us=0 vm_set_lighting_calls=96 vm_set_lighting_us=146 vm_calc_lighting_calls=1 vm_calc_lighting_us=4844 vm_set_light_data_calls=1 vm_set_light_data_us=7123 vm_update_liquids_calls=1 vm_update_liquids_us=938
ACTION[Emerge-0]: GRUG_WP40_PROFILE_PROBE phase=cold event=emerge case=owner_-1872:-32:-2672 mapchunk=-1872,-32,-2672 elapsed_us=447549 generated=1 disk=0 memory=124 cancelled=0 errored=0
ACTION[Emerge-0]: GRUG_WP40_PROFILE_CALLBACK callback=10 minp=-1872,-32,2528 maxp=-1793,47,2607 blockseed=4067764897 plan_us=378012 writer_us=543315 total_us=921327 columns=6400 candidate_cells=49 candidates=0 r5_runs=6400 result=applied_clq vm_get_emerged_area_calls=1 vm_get_emerged_area_us=2 vm_get_data_calls=1 vm_get_data_us=4342 vm_get_param2_data_calls=1 vm_get_param2_data_us=4345 vm_get_light_data_calls=2 vm_get_light_data_us=8702 vm_set_data_calls=1 vm_set_data_us=7321 vm_set_param2_data_calls=0 vm_set_param2_data_us=0 vm_set_lighting_calls=1 vm_set_lighting_us=143 vm_calc_lighting_calls=1 vm_calc_lighting_us=797 vm_set_light_data_calls=1 vm_set_light_data_us=7116 vm_update_liquids_calls=1 vm_update_liquids_us=917
ACTION[Emerge-0]: GRUG_WP40_PROFILE_PROBE phase=cold event=emerge case=owner_-1872:-32:2528 mapchunk=-1872,-32,2528 elapsed_us=956434 generated=1 disk=0 memory=124 cancelled=0 errored=0
ACTION[Emerge-0]: GRUG_WP40_PROFILE_CALLBACK callback=11 minp=-32,-32,-2512 maxp=47,47,-2433 blockseed=3103740625 plan_us=352072 writer_us=418755 total_us=770827 columns=6400 candidate_cells=49 candidates=196 r5_runs=25706 result=applied_cplq vm_get_emerged_area_calls=1 vm_get_emerged_area_us=2 vm_get_data_calls=1 vm_get_data_us=4365 vm_get_param2_data_calls=1 vm_get_param2_data_us=4364 vm_get_light_data_calls=2 vm_get_light_data_us=8717 vm_set_data_calls=1 vm_set_data_us=7351 vm_set_param2_data_calls=1 vm_set_param2_data_us=7067 vm_set_lighting_calls=1 vm_set_lighting_us=135 vm_calc_lighting_calls=1 vm_calc_lighting_us=4407 vm_set_light_data_calls=1 vm_set_light_data_us=7185 vm_update_liquids_calls=1 vm_update_liquids_us=1179
ACTION[Emerge-0]: GRUG_WP40_PROFILE_PROBE phase=cold event=emerge case=owner_-32:-32:-2512 mapchunk=-32,-32,-2512 elapsed_us=804526 generated=1 disk=0 memory=124 cancelled=0 errored=0
ACTION[Emerge-0]: GRUG_WP40_PROFILE_CALLBACK callback=12 minp=-32,-32,-2592 maxp=47,47,-2513 blockseed=312714017 plan_us=219148 writer_us=435601 total_us=654749 columns=6400 candidate_cells=49 candidates=0 r5_runs=25600 result=applied_cplq vm_get_emerged_area_calls=1 vm_get_emerged_area_us=2 vm_get_data_calls=1 vm_get_data_us=4352 vm_get_param2_data_calls=1 vm_get_param2_data_us=4355 vm_get_light_data_calls=2 vm_get_light_data_us=8425 vm_set_data_calls=1 vm_set_data_us=7310 vm_set_param2_data_calls=1 vm_set_param2_data_us=7111 vm_set_lighting_calls=1 vm_set_lighting_us=133 vm_calc_lighting_calls=1 vm_calc_lighting_us=6856 vm_set_light_data_calls=1 vm_set_light_data_us=7202 vm_update_liquids_calls=1 vm_update_liquids_us=1095
ACTION[Emerge-0]: GRUG_WP40_PROFILE_PROBE phase=cold event=emerge case=owner_-32:-32:-2592 mapchunk=-32,-32,-2592 elapsed_us=688536 generated=1 disk=0 memory=124 cancelled=0 errored=0
ACTION[Emerge-0]: GRUG_WP40_PROFILE_CALLBACK callback=13 minp=-32,-32,-2672 maxp=47,47,-2593 blockseed=2995381875 plan_us=240058 writer_us=413038 total_us=653096 columns=6400 candidate_cells=49 candidates=268 r5_runs=25600 result=applied_clq vm_get_emerged_area_calls=1 vm_get_emerged_area_us=12 vm_get_data_calls=1 vm_get_data_us=4657 vm_get_param2_data_calls=1 vm_get_param2_data_us=4389 vm_get_light_data_calls=2 vm_get_light_data_us=8480 vm_set_data_calls=1 vm_set_data_us=7348 vm_set_param2_data_calls=0 vm_set_param2_data_us=0 vm_set_lighting_calls=96 vm_set_lighting_us=184 vm_calc_lighting_calls=1 vm_calc_lighting_us=4269 vm_set_light_data_calls=1 vm_set_light_data_us=7238 vm_update_liquids_calls=1 vm_update_liquids_us=1177
ACTION[Emerge-0]: GRUG_WP40_PROFILE_PROBE phase=cold event=emerge case=owner_-32:-32:-2672 mapchunk=-32,-32,-2672 elapsed_us=688007 generated=1 disk=0 memory=124 cancelled=0 errored=0
ACTION[Emerge-0]: GRUG_WP40_PROFILE_CALLBACK callback=14 minp=48,-32,-2512 maxp=127,47,-2433 blockseed=4110608401 plan_us=269672 writer_us=343274 total_us=612946 columns=6400 candidate_cells=49 candidates=361 r5_runs=25790 result=applied_clq vm_get_emerged_area_calls=1 vm_get_emerged_area_us=2 vm_get_data_calls=1 vm_get_data_us=4372 vm_get_param2_data_calls=1 vm_get_param2_data_us=4391 vm_get_light_data_calls=2 vm_get_light_data_us=8700 vm_set_data_calls=1 vm_set_data_us=7358 vm_set_param2_data_calls=0 vm_set_param2_data_us=0 vm_set_lighting_calls=96 vm_set_lighting_us=155 vm_calc_lighting_calls=1 vm_calc_lighting_us=4233 vm_set_light_data_calls=1 vm_set_light_data_us=7122 vm_update_liquids_calls=1 vm_update_liquids_us=933
ACTION[Emerge-0]: GRUG_WP40_PROFILE_PROBE phase=cold event=emerge case=owner_48:-32:-2512 mapchunk=48,-32,-2512 elapsed_us=649408 generated=1 disk=0 memory=124 cancelled=0 errored=0
ACTION[Emerge-0]: GRUG_WP40_PROFILE_CALLBACK callback=15 minp=48,-32,-2592 maxp=127,47,-2513 blockseed=698610337 plan_us=166586 writer_us=349758 total_us=516344 columns=6400 candidate_cells=49 candidates=145 r5_runs=25440 result=applied_clq vm_get_emerged_area_calls=1 vm_get_emerged_area_us=1 vm_get_data_calls=1 vm_get_data_us=4080 vm_get_param2_data_calls=1 vm_get_param2_data_us=4090 vm_get_light_data_calls=2 vm_get_light_data_us=8723 vm_set_data_calls=1 vm_set_data_us=7341 vm_set_param2_data_calls=0 vm_set_param2_data_us=0 vm_set_lighting_calls=111 vm_set_lighting_us=196 vm_calc_lighting_calls=1 vm_calc_lighting_us=4664 vm_set_light_data_calls=1 vm_set_light_data_us=7147 vm_update_liquids_calls=1 vm_update_liquids_us=987
ACTION[Emerge-0]: GRUG_WP40_PROFILE_PROBE phase=cold event=emerge case=owner_48:-32:-2592 mapchunk=48,-32,-2592 elapsed_us=552767 generated=1 disk=0 memory=124 cancelled=0 errored=0
ACTION[Emerge-0]: GRUG_WP40_PROFILE_CALLBACK callback=16 minp=48,-32,-2672 maxp=127,47,-2593 blockseed=1659142601 plan_us=161600 writer_us=339116 total_us=500716 columns=6400 candidate_cells=49 candidates=12 r5_runs=25440 result=applied_clq vm_get_emerged_area_calls=1 vm_get_emerged_area_us=2 vm_get_data_calls=1 vm_get_data_us=4351 vm_get_param2_data_calls=1 vm_get_param2_data_us=4351 vm_get_light_data_calls=2 vm_get_light_data_us=8687 vm_set_data_calls=1 vm_set_data_us=7306 vm_set_param2_data_calls=0 vm_set_param2_data_us=0 vm_set_lighting_calls=96 vm_set_lighting_us=196 vm_calc_lighting_calls=1 vm_calc_lighting_us=4275 vm_set_light_data_calls=1 vm_set_light_data_us=7379 vm_update_liquids_calls=1 vm_update_liquids_us=942
ACTION[Emerge-0]: GRUG_WP40_PROFILE_PROBE phase=cold event=emerge case=owner_48:-32:-2672 mapchunk=48,-32,-2672 elapsed_us=538004 generated=1 disk=0 memory=124 cancelled=0 errored=0
ACTION[Server]: GRUG_WP40_PROFILE_PROBE phase=cold event=complete requested=16 completed=16 callbacks=16 generated=16 disk=0 memory=1984 cancelled=0 errored=0 samples=592 expected_nodes=0 digest=9c147158e9477a88f0f0774bb27db0b401685e9fb71087b0d944db90fb827c9f full_digest=disabled full_vocabulary_digest=- full_voxels=0 measured_elapsed_us=19060297 diagnostic_us=960
ACTION[Main]: Server: Shutting down
ACTION[Main]: GRUG_WP13_ENGINE phase=cold starts=2 owners=16 edit_canary=placed digest_excluded_cells=1 filler_boundary=true hearthpine_cells=61932 hearthpine_torches=74 hearthpine_soil=3 hearthpine_anchor=-1800,16,-2550 hearthpine_digest=03311c95b8463c422371e78afabcba743ed70d4f56a013c16a362938ac00693c dawnmere_cells=66343 dawnmere_torches=98 dawnmere_soil=3 dawnmere_anchor=0,21,-2550 dawnmere_digest=cdbc03239c181f1f41caf1a4a2bd851753c17f2b04e2df95037d1e62893ef4f9 digest=cf0390e03f2f52be7a5e6646587dc624c89f9e6d0c32cbe57bc8f91483866924
