INFO[Main]: Profiler:
INFO[Main]:   Server::RunStep() (max) [ms] ____________________    1x       51
INFO[Main]: Profiler:
INFO[Main]:   Server: map saving (sum) [ms] 
INFO[Main]:   Server::RunStep() (max) [ms] ____________________    1x       51
INFO[Main]: Profiler:
INFO[Main]:   Server: map saving (sum) [ms] 
INFO[Main]:   Server::RunStep() (max) [ms] ____________________    1x       51
INFO[Main]: Profiler:
INFO[Main]:   Server: map saving (sum) [ms] 
INFO[Main]:   Server::RunStep() (max) [ms] ____________________    1x       51
INFO[Main]: Profiler:
INFO[Main]:   Server: map saving (sum) [ms] 
INFO[Main]:   Server::RunStep() (max) [ms] ____________________    1x       51
INFO[Main]: Profiler:
INFO[Main]:   Server: map saving (sum) [ms] 
INFO[Main]:   Server::RunStep() (max) [ms] ____________________    1x       51
INFO[Main]: Profiler:
INFO[Main]:   Server: map saving (sum) [ms] 
INFO[Main]:   Server::RunStep() (max) [ms] ____________________    1x       51
INFO[Main]: Profiler:
INFO[Main]:   Server: map saving (sum) [ms] ___________________    1x        1
INFO[Main]:   Server::RunStep() (max) [ms] ____________________    1x       51
INFO[Main]: Profiler:
INFO[Main]:   EmergeThread: Lua on_generated [ms] _____________    1x      532
INFO[Main]:   EmergeThread: Mapgen::makeChunk [ms] ____________    2x       32
INFO[Main]:   EmergeThread: after Mapgen::makeChunk [ms] 
INFO[Main]:   EmergeThread: load block - async (sum) [ms] 
INFO[Main]:   EmergeThread: update lighting [ms] ______________   84x    0.166
INFO[Main]:   Server: map saving (sum) [ms] 
INFO[Main]:   Server::RunStep() (max) [ms] ____________________    1x       51
INFO[Main]: Profiler:
INFO[Main]:   EmergeThread: Lua on_generated [ms] _____________    1x      478
INFO[Main]:   EmergeThread: Mapgen::makeChunk [ms] ____________    1x       33
INFO[Main]:   EmergeThread: after Mapgen::makeChunk [ms] ______    1x        1
INFO[Main]:   EmergeThread: load block - async (sum) [ms] 
INFO[Main]:   EmergeThread: update lighting [ms] ______________   98x    0.112
INFO[Main]:   Server: map saving (sum) [ms] ___________________    1x        7
INFO[Main]:   Server::RunStep() (max) [ms] ____________________    1x       51
INFO[Main]: Profiler:
INFO[Main]:   EmergeThread: Lua on_generated [ms] _____________    2x      615
INFO[Main]:   EmergeThread: Mapgen::makeChunk [ms] ____________    2x     32.5
INFO[Main]:   EmergeThread: after Mapgen::makeChunk [ms] ______    2x      0.5
INFO[Main]:   EmergeThread: load block - async (sum) [ms] 
INFO[Main]:   EmergeThread: update lighting [ms] ______________  196x    0.107
INFO[Main]:   Server: map saving (sum) [ms] ___________________    1x        8
INFO[Main]:   Server::RunStep() (max) [ms] ____________________    1x       51
INFO[Main]: Profiler:
INFO[Main]:   EmergeThread: Lua on_generated [ms] _____________    2x      478
INFO[Main]:   EmergeThread: Mapgen::makeChunk [ms] ____________    2x       32
INFO[Main]:   EmergeThread: after Mapgen::makeChunk [ms] ______    2x        1
INFO[Main]:   EmergeThread: load block - async (sum) [ms] 
INFO[Main]:   EmergeThread: update lighting [ms] ______________    6x        4
INFO[Main]:   Server: map saving (sum) [ms] ___________________    1x       11
INFO[Main]:   Server::RunStep() (max) [ms] ____________________    1x       51
INFO[Main]: Profiler:
INFO[Main]:   EmergeThread: Lua on_generated [ms] _____________    1x      705
INFO[Main]:   EmergeThread: Mapgen::makeChunk [ms] ____________    1x       31
INFO[Main]:   EmergeThread: after Mapgen::makeChunk [ms] ______    1x        1
INFO[Main]:   EmergeThread: load block - async (sum) [ms] 
INFO[Main]:   EmergeThread: update lighting [ms] ______________    3x    1.333
INFO[Main]:   Server: map saving (sum) [ms] ___________________    1x       13
INFO[Main]:   Server::RunStep() (max) [ms] ____________________    1x       51
INFO[Main]: Profiler:
INFO[Main]:   EmergeThread: Lua on_generated [ms] _____________    2x    521.5
INFO[Main]:   EmergeThread: Mapgen::makeChunk [ms] ____________    2x       30
INFO[Main]:   EmergeThread: after Mapgen::makeChunk [ms] ______    2x        1
INFO[Main]:   EmergeThread: load block - async (sum) [ms] 
INFO[Main]:   EmergeThread: update lighting [ms] ______________   86x    0.232
INFO[Main]:   Server: map saving (sum) [ms] ___________________    1x        8
INFO[Main]:   Server::RunStep() (max) [ms] ____________________    1x       51
INFO[Main]: Profiler:
INFO[Main]:   EmergeThread: Lua on_generated [ms] _____________    2x    511.5
INFO[Main]:   EmergeThread: Mapgen::makeChunk [ms] ____________    2x       30
INFO[Main]:   EmergeThread: after Mapgen::makeChunk [ms] ______    2x        1
INFO[Main]:   EmergeThread: load block - async (sum) [ms] 
INFO[Main]:   EmergeThread: update lighting [ms] ______________  101x    0.188
INFO[Main]:   Server: map saving (sum) [ms] ___________________    1x       13
INFO[Main]:   Server::RunStep() (max) [ms] ____________________    1x       51
INFO[Main]: Profiler:
INFO[Main]:   EmergeThread: Lua on_generated [ms] _____________    2x      477
INFO[Main]:   EmergeThread: Mapgen::makeChunk [ms] ____________    1x       27
INFO[Main]:   EmergeThread: after Mapgen::makeChunk [ms] ______    2x        1
INFO[Main]:   EmergeThread: load block - async (sum) [ms] 
INFO[Main]:   EmergeThread: update lighting [ms] ______________    5x        3
INFO[Main]:   Server: map saving (sum) [ms] ___________________    1x       11
INFO[Main]:   Server::RunStep() (max) [ms] ____________________    1x       51
INFO[Main]: Profiler:
INFO[Main]:   EmergeThread: Lua on_generated [ms] _____________    1x      681
INFO[Main]:   EmergeThread: Mapgen::makeChunk [ms] ____________    2x     33.5
INFO[Main]:   EmergeThread: after Mapgen::makeChunk [ms] ______    1x        1
INFO[Main]:   EmergeThread: load block - async (sum) [ms] 
INFO[Main]:   EmergeThread: update lighting [ms] ______________   99x    0.191
INFO[Main]:   Server: map saving (sum) [ms] ___________________    1x       12
INFO[Main]:   Server::RunStep() (max) [ms] ____________________    1x       51
INFO[Main]: Profiler:
INFO[Main]:   EmergeThread: Lua on_generated [ms] _____________    2x      568
INFO[Main]:   EmergeThread: Mapgen::makeChunk [ms] ____________    1x       43
INFO[Main]:   EmergeThread: after Mapgen::makeChunk [ms] ______    2x        1
INFO[Main]:   EmergeThread: load block - async (sum) [ms] 
INFO[Main]:   EmergeThread: update lighting [ms] ______________  210x      0.1
INFO[Main]:   Server: map saving (sum) [ms] ___________________    1x        7
INFO[Main]:   Server::RunStep() (max) [ms] ____________________    1x       51
INFO[Main]: Profiler:
INFO[Main]:   EmergeThread: Lua on_generated [ms] 
INFO[Main]:   EmergeThread: Mapgen::makeChunk [ms] 
INFO[Main]:   EmergeThread: after Mapgen::makeChunk [ms] 
INFO[Main]:   EmergeThread: load block - async (sum) [ms] 
INFO[Main]:   EmergeThread: update lighting [ms] 
INFO[Main]:   Server: map saving (sum) [ms] ___________________    1x        8
INFO[Main]:   Server::RunStep() (max) [ms] ____________________    1x       50
