

-------------
  Separator
-------------

INFO[Main]: Gettext: domainname="luanti" path="/app/share/locale"
INFO[Main]: Message locale is now set to: C
INFO[Main]: Using commanded gameid [grudgelands]
INFO[Main]: Server created for gameid "grudgelands"
INFO[Main]: - world:  /tmp/grudgelands-wp40-profile-run.6tT0HPwd/world
INFO[Main]: - game:   /tmp/grudgelands-wp40-profile-run.6tT0HPwd/user/games/grudgelands
INFO[Main]: Initializing world at /tmp/grudgelands-wp40-profile-run.6tT0HPwd/world
INFO[Main]: ObjDefManager: added biome: name="default" index=0 uid=49
INFO[Main]: BanManager: loading from /tmp/grudgelands-wp40-profile-run.6tT0HPwd/world/ipban.txt
WARNING[Main]: /!\ You are using the old mod storage files backend. This backend is deprecated and may be removed in a future release /!\
WARNING[Main]: Switching to SQLite3 is advised, please read https://docs.luanti.org/for-server-hosts/database-backends.
INFO[Main]: Creating map database with backend "sqlite3"
INFO[Main]: MapDatabaseSQLite3: split column format = yes
INFO[Main]: ServerMap: Metadata loaded from /tmp/grudgelands-wp40-profile-run.6tT0HPwd/world
INFO[Main]: Server: Initializing Lua
INFO[Main]: SCRIPTAPI: Initialized game modules
INFO[Main]: Server: Loading mods: sfinv creative player_api default stairs mobs grug_trees grug_materials grug_nodes grug_gear grug_core grug_xp grug_money grug_gathering grug_mapgen grug_wp40_profile_probe grug_factions grug_projectiles grug_mobs grug_classes grug_in
INFO[Main]: ventory grug_traders grug_abilities 
INFO[Main]: Mod "sfinv" loaded after 0 ms
INFO[Main]: Server creating detached inventory "trash"
INFO[Main]: Mod "creative" loaded after 0 ms
INFO[Main]: Mod "player_api" loaded after 0 ms
INFO[Main]: Mod "default" loaded after 5 ms
INFO[Main]: Mod "stairs" loaded after 5 ms
INFO[Main]: Mod "mobs" loaded after 2 ms
INFO[Main]: ObjDefManager: added schematic: name="" index=0 uid=124
INFO[Main]: ObjDefManager: added schematic: name="" index=1 uid=119
INFO[Main]: ObjDefManager: added schematic: name="" index=2 uid=78
INFO[Main]: Mod "grug_trees" loaded after 0 ms
WARNING[Main]: No craft recipe matches input (type: fuel, items: ['default:pick_mese'])
WARNING[Main]: No craft recipe matches input (type: fuel, items: ['default:shovel_mese'])
WARNING[Main]: No craft recipe matches input (type: fuel, items: ['default:axe_mese'])
WARNING[Main]: No craft recipe matches input (type: fuel, items: ['default:sword_mese'])
WARNING[Main]: No craft recipe matches input (type: fuel, items: ['default:pick_diamond'])
WARNING[Main]: No craft recipe matches input (type: fuel, items: ['default:shovel_diamond'])
WARNING[Main]: No craft recipe matches input (type: fuel, items: ['default:axe_diamond'])
WARNING[Main]: No craft recipe matches input (type: fuel, items: ['default:sword_diamond'])
WARNING[Main]: No craft recipe matches input (type: fuel, items: ['default:copper_ingot'])
WARNING[Main]: No craft recipe matches input (type: fuel, items: ['default:copperblock'])
WARNING[Main]: No craft recipe matches input (type: fuel, items: ['default:tin_ingot'])
WARNING[Main]: No craft recipe matches input (type: fuel, items: ['default:tinblock'])
WARNING[Main]: No craft recipe matches input (type: fuel, items: ['default:bronze_ingot'])
WARNING[Main]: No craft recipe matches input (type: fuel, items: ['default:bronzeblock'])
WARNING[Main]: No craft recipe matches input (type: fuel, items: ['default:steel_ingot'])
WARNING[Main]: No craft recipe matches input (type: fuel, items: ['default:steelblock'])
WARNING[Main]: No craft recipe matches input (type: fuel, items: ['default:gold_ingot'])
WARNING[Main]: No craft recipe matches input (type: fuel, items: ['default:goldblock'])
WARNING[Main]: No craft recipe known for output 'default:stone_with_mese'
WARNING[Main]: No craft recipe matches input (type: fuel, items: ['default:stone_with_mese'])
WARNING[Main]: No craft recipe matches input (type: fuel, items: ['default:mese'])
WARNING[Main]: No craft recipe matches input (type: fuel, items: ['default:mese_crystal'])
WARNING[Main]: No craft recipe matches input (type: fuel, items: ['default:mese_crystal_fragment'])
WARNING[Main]: No craft recipe matches input (type: fuel, items: ['default:meselamp'])
WARNING[Main]: No craft recipe matches input (type: fuel, items: ['default:mese_post_light'])
WARNING[Main]: No craft recipe matches input (type: fuel, items: ['default:mese_post_light_acacia_wood'])
WARNING[Main]: No craft recipe matches input (type: fuel, items: ['default:mese_post_light_junglewood'])
WARNING[Main]: No craft recipe matches input (type: fuel, items: ['default:mese_post_light_pine_wood'])
WARNING[Main]: No craft recipe matches input (type: fuel, items: ['default:mese_post_light_aspen_wood'])
WARNING[Main]: No craft recipe known for output 'default:stone_with_diamond'
WARNING[Main]: No craft recipe matches input (type: fuel, items: ['default:stone_with_diamond'])
WARNING[Main]: No craft recipe matches input (type: fuel, items: ['default:diamond'])
WARNING[Main]: No craft recipe matches input (type: fuel, items: ['default:diamondblock'])
WARNING[Main]: No craft recipe matches input (type: fuel, items: ['default:sign_wall_steel'])
WARNING[Main]: No craft recipe matches input (type: fuel, items: ['default:ladder_steel'])
WARNING[Main]: No craft recipe matches input (type: fuel, items: ['stairs:stair_steelblock'])
WARNING[Main]: No craft recipe matches input (type: fuel, items: ['stairs:stair_inner_steelblock'])
WARNING[Main]: No craft recipe matches input (type: fuel, items: ['stairs:stair_outer_steelblock'])
WARNING[Main]: No craft recipe matches input (type: fuel, items: ['stairs:slab_steelblock'])
WARNING[Main]: No craft recipe matches input (type: fuel, items: ['stairs:stair_tinblock'])
WARNING[Main]: No craft recipe matches input (type: fuel, items: ['stairs:stair_inner_tinblock'])
WARNING[Main]: No craft recipe matches input (type: fuel, items: ['stairs:stair_outer_tinblock'])
WARNING[Main]: No craft recipe matches input (type: fuel, items: ['stairs:slab_tinblock'])
WARNING[Main]: No craft recipe matches input (type: fuel, items: ['stairs:stair_copperblock'])
WARNING[Main]: No craft recipe matches input (type: fuel, items: ['stairs:stair_inner_copperblock'])
WARNING[Main]: No craft recipe matches input (type: fuel, items: ['stairs:stair_outer_copperblock'])
WARNING[Main]: No craft recipe matches input (type: fuel, items: ['stairs:slab_copperblock'])
WARNING[Main]: No craft recipe matches input (type: fuel, items: ['stairs:stair_bronzeblock'])
WARNING[Main]: No craft recipe matches input (type: fuel, items: ['stairs:stair_inner_bronzeblock'])
WARNING[Main]: No craft recipe matches input (type: fuel, items: ['stairs:stair_outer_bronzeblock'])
WARNING[Main]: No craft recipe matches input (type: fuel, items: ['stairs:slab_bronzeblock'])
WARNING[Main]: No craft recipe matches input (type: fuel, items: ['stairs:stair_goldblock'])
WARNING[Main]: No craft recipe matches input (type: fuel, items: ['stairs:stair_inner_goldblock'])
WARNING[Main]: No craft recipe matches input (type: fuel, items: ['stairs:stair_outer_goldblock'])
WARNING[Main]: No craft recipe matches input (type: fuel, items: ['stairs:slab_goldblock'])
INFO[Main]: Mod "grug_materials" loaded after 4 ms
INFO[Main]: Mod "grug_nodes" loaded after 0 ms
ACTION[Main]: [grug_gear] 6 bracket catalogs: 24 weapons + 48 armor pieces
INFO[Main]: Mod "grug_gear" loaded after 1 ms
INFO[Main]: Mod "grug_core" loaded after 1 ms
INFO[Main]: Mod "grug_xp" loaded after 0 ms
INFO[Main]: Mod "grug_money" loaded after 0 ms
INFO[Main]: Mod "grug_gathering" loaded after 2 ms
INFO[Main]: ObjDefManager: added ore: name="grug_mapgen:native_gravel_blob_v1" index=0 uid=21
INFO[Main]: ObjDefManager: added ore: name="grug_mapgen:native_stratum_iron_v1" index=1 uid=71
INFO[Main]: ObjDefManager: added ore: name="grug_mapgen:native_stratum_steel_v1" index=2 uid=39
INFO[Main]: ObjDefManager: added ore: name="grug_mapgen:native_stratum_silversteel_v1" index=3 uid=107
INFO[Main]: ObjDefManager: added ore: name="grug_mapgen:native_stratum_embersteel_v1" index=4 uid=89
INFO[Main]: ObjDefManager: added ore: name="grug_mapgen:native_stratum_abyssal_steel_v1" index=5 uid=48
INFO[Main]: Mod "grug_mapgen" loaded after 7280 ms
INFO[Main]: Mod "grug_wp40_profile_probe" loaded after 1 ms
INFO[Main]: Mod "grug_factions" loaded after 0 ms
INFO[Main]: Mod "grug_projectiles" loaded after 0 ms
INFO[Main]: Mod "grug_mobs" loaded after 3 ms
INFO[Main]: Mod "grug_classes" loaded after 0 ms
INFO[Main]: Mod "grug_inventory" loaded after 0 ms
INFO[Main]: Mod "grug_traders" loaded after 1 ms
INFO[Main]: Mod "grug_abilities" loaded after 1 ms
ACTION[Main]: [grug_materials] registry audit passed: 6 tiers, 15 resources, 12 processed forms, 6 race regions
ACTION[Main]: GRUG_WP40_PROFILE_PROBE phase=disk event=start engine=5.17.0 lua=LuaJIT_2.1.1784272936 seed=0 cases=10 manifest=1def39eb4797c00c7b134a8c493e1bd819c08840d0f5a4010cabda62d28f439a full_digest=true
ACTION[Main]: [grug_traders] drop audit: 1 mob(s) use a `drops` FUNCTION and cannot be walked statically (grug_mobs:bandit); their items are audited from the hardcoded FUNCTION_DROPS list
INFO[Main]: All mods loaded after 7307 ms
INFO[Main]: Server: Calculating media file checksums
INFO[Main]: Server: ignoring unsupported file extension: "template.txt"
INFO[Main]: Server: ignoring unsupported file extension: "template.txt"
INFO[Main]: Server: ignoring unsupported file extension: "template.txt"
INFO[Main]: Server: ignoring unsupported file extension: "template.txt"
INFO[Main]: Server: ignoring unsupported file extension: "character.blend"
INFO[Main]: Server: ignoring unsupported file extension: "template.txt"
INFO[Main]: Server: ignoring unsupported file extension: "template.txt"
INFO[Main]: Server: 671 media files collected
INFO[Main]: EmergeManager: initializing for mapgen=v7 and chunksize=(5,5,5)
INFO[Main]: EmergeManager: using 1 thread(s)
INFO[Main]: SCRIPTAPI: Initializing async engine
INFO[Main]: AsyncEngine: using at most 14 threads with automatic scaling
INFO[Main]: Initializing asynchronous environment (game)
INFO[Main]: ServerEnvironment: 52 ABMs are registered
INFO[Main]: ServerEnvironment: Loading environment metadata from file
INFO[Main]: LBMManager: 1 unique times in lookup table
INFO[Main]: Starting server thread...
ACTION[Main]: World at [/tmp/grudgelands-wp40-profile-run.6tT0HPwd/world]
ACTION[Main]: Server for gameid="grudgelands" listening on 127.0.0.1:32711.
INFO[Emerge-0]: Initialized emerge Lua environment
INFO[Main]: Profiler:
INFO[Main]:   ActiveObjectMgr: SAO count [#] 
INFO[Main]:   Server: send SAO messages [ms] 
INFO[Main]:   Server: update objects within range [ms] 
INFO[Main]:   Server::AsyncRunStep() [ms] _____________________   20x      0.1
INFO[Main]:   Server::RunStep() (max) [ms] ____________________    1x       50
INFO[Main]:   Server::SendBlocks(): Collect list [ms] 
INFO[Main]:   Server::SendBlocks(): Send to clients [ms] 
INFO[Main]:   ServerEnv: Run SAO::step() [ms] 
INFO[Main]:   ServerEnv: Run node timers [ms] 
INFO[Main]:   ServerEnv::step() [ms] 
INFO[Main]:   ServerEnvironment::removeRemovedObjects() [ms] 
INFO[Main]: Profiler:
INFO[Main]:   ActiveObjectMgr: SAO count [#] 
INFO[Main]:   SEnv: modify in blocks avg per interval [ms] 
INFO[Main]:   Server: map saving (sum) [ms] ___________________    1x        1
INFO[Main]:   Server: send SAO messages [ms] 
INFO[Main]:   Server: update objects within range [ms] 
INFO[Main]:   Server::AsyncRunStep() [ms] _____________________   20x     0.05
INFO[Main]:   Server::RunStep() (max) [ms] ____________________    1x       51
INFO[Main]:   Server::SendBlocks(): Collect list [ms] 
INFO[Main]:   Server::SendBlocks(): Send to clients [ms] 
INFO[Main]:   ServerEnv: ABMs run 
INFO[Main]:   ServerEnv: Run SAO::step() [ms] 
INFO[Main]:   ServerEnv: Run node timers [ms] 
INFO[Main]:   ServerEnv: active blocks 
INFO[Main]:   ServerEnv: active blocks cached 
INFO[Main]:   ServerEnv: active blocks scanned for ABMs 
INFO[Main]:   ServerEnv::step() [ms] 
INFO[Main]:   ServerEnvironment::removeRemovedObjects() [ms] 
INFO[Main]: Profiler:
INFO[Main]:   ActiveObjectMgr: SAO count [#] 
INFO[Main]:   SEnv: modify in blocks avg per interval [ms] 
INFO[Main]:   Server: map saving (sum) [ms] 
INFO[Main]:   Server: map timer and unload [ms] 
INFO[Main]:   Server: send SAO messages [ms] 
INFO[Main]:   Server: update objects within range [ms] 
INFO[Main]:   Server::AsyncRunStep() [ms] _____________________   20x     0.05
INFO[Main]:   Server::RunStep() (max) [ms] ____________________    1x       51
INFO[Main]:   Server::SendBlocks(): Collect list [ms] 
INFO[Main]:   Server::SendBlocks(): Send to clients [ms] 
INFO[Main]:   ServerEnv: ABMs run 
INFO[Main]:   ServerEnv: Run SAO::step() [ms] 
INFO[Main]:   ServerEnv: Run node timers [ms] 
INFO[Main]:   ServerEnv: active blocks 
INFO[Main]:   ServerEnv: active blocks cached 
INFO[Main]:   ServerEnv: active blocks scanned for ABMs 
INFO[Main]:   ServerEnv: update active blocks [ms] 
INFO[Main]:   ServerEnv::step() [ms] __________________________   20x     0.05
INFO[Main]:   ServerEnvironment::removeRemovedObjects() [ms] 
INFO[Main]: Profiler:
INFO[Main]:   ActiveObjectMgr: SAO count [#] 
INFO[Main]:   SEnv: modify in blocks avg per interval [ms] 
INFO[Main]:   Server: map saving (sum) [ms] 
INFO[Main]:   Server: map timer and unload [ms] 
INFO[Main]:   Server: send SAO messages [ms] 
INFO[Main]:   Server: update objects within range [ms] 
INFO[Main]:   Server::AsyncRunStep() [ms] 
INFO[Main]:   Server::RunStep() (max) [ms] ____________________    1x       51
INFO[Main]:   Server::SendBlocks(): Collect list [ms] 
INFO[Main]:   Server::SendBlocks(): Send to clients [ms] 
INFO[Main]:   ServerEnv: ABMs run 
INFO[Main]:   ServerEnv: Run SAO::step() [ms] 
INFO[Main]:   ServerEnv: Run node timers [ms] 
INFO[Main]:   ServerEnv: active blocks 
INFO[Main]:   ServerEnv: active blocks cached 
INFO[Main]:   ServerEnv: active blocks scanned for ABMs 
INFO[Main]:   ServerEnv: update active blocks [ms] 
INFO[Main]:   ServerEnv::step() [ms] 
INFO[Main]:   ServerEnvironment::removeRemovedObjects() [ms] 
INFO[Main]: Profiler:
INFO[Main]:   ActiveObjectMgr: SAO count [#] 
INFO[Main]:   SEnv: modify in blocks avg per interval [ms] ____    2x      0.5
INFO[Main]:   Server: map saving (sum) [ms] 
INFO[Main]:   Server: map timer and unload [ms] 
INFO[Main]:   Server: send SAO messages [ms] 
INFO[Main]:   Server: update objects within range [ms] 
INFO[Main]:   Server::AsyncRunStep() [ms] _____________________   21x    0.047
INFO[Main]:   Server::RunStep() (max) [ms] ____________________    1x       50
INFO[Main]:   Server::SendBlocks(): Collect list [ms] 
INFO[Main]:   Server::SendBlocks(): Send to clients [ms] 
INFO[Main]:   ServerEnv: ABMs run 
INFO[Main]:   ServerEnv: Run SAO::step() [ms] 
INFO[Main]:   ServerEnv: Run node timers [ms] 
INFO[Main]:   ServerEnv: active blocks 
INFO[Main]:   ServerEnv: active blocks cached 
INFO[Main]:   ServerEnv: active blocks scanned for ABMs 
INFO[Main]:   ServerEnv: update active blocks [ms] 
INFO[Main]:   ServerEnv::step() [ms] __________________________   21x    0.047
INFO[Main]:   ServerEnvironment::removeRemovedObjects() [ms] 
INFO[Main]: Profiler:
INFO[Main]:   ActiveObjectMgr: SAO count [#] 
INFO[Main]:   SEnv: modify in blocks avg per interval [ms] 
INFO[Main]:   Server: map saving (sum) [ms] 
INFO[Main]:   Server: map timer and unload [ms] 
INFO[Main]:   Server: send SAO messages [ms] 
INFO[Main]:   Server: update objects within range [ms] 
INFO[Main]:   Server::AsyncRunStep() [ms] _____________________   20x     0.05
INFO[Main]:   Server::RunStep() (max) [ms] ____________________    1x       51
INFO[Main]:   Server::SendBlocks(): Collect list [ms] 
INFO[Main]:   Server::SendBlocks(): Send to clients [ms] 
INFO[Main]:   ServerEnv: ABMs run 
INFO[Main]:   ServerEnv: Run SAO::step() [ms] 
INFO[Main]:   ServerEnv: Run node timers [ms] 
INFO[Main]:   ServerEnv: active blocks 
INFO[Main]:   ServerEnv: active blocks cached 
INFO[Main]:   ServerEnv: active blocks scanned for ABMs 
INFO[Main]:   ServerEnv: update active blocks [ms] 
INFO[Main]:   ServerEnv::step() [ms] __________________________   20x     0.05
INFO[Main]:   ServerEnvironment::removeRemovedObjects() [ms] 
INFO[Main]: Profiler:
INFO[Main]:   ActiveObjectMgr: SAO count [#] 
INFO[Main]:   SEnv: modify in blocks avg per interval [ms] 
INFO[Main]:   Server: map saving (sum) [ms] 
INFO[Main]:   Server: map timer and unload [ms] 
INFO[Main]:   Server: send SAO messages [ms] 
INFO[Main]:   Server: update objects within range [ms] 
INFO[Main]:   Server::AsyncRunStep() [ms] 
INFO[Main]:   Server::RunStep() (max) [ms] ____________________    1x       50
INFO[Main]:   Server::SendBlocks(): Collect list [ms] 
INFO[Main]:   Server::SendBlocks(): Send to clients [ms] 
INFO[Main]:   ServerEnv: ABMs run 
INFO[Main]:   ServerEnv: Run SAO::step() [ms] 
INFO[Main]:   ServerEnv: Run node timers [ms] 
INFO[Main]:   ServerEnv: active blocks 
INFO[Main]:   ServerEnv: active blocks cached 
INFO[Main]:   ServerEnv: active blocks scanned for ABMs 
INFO[Main]:   ServerEnv: update active blocks [ms] 
INFO[Main]:   ServerEnv::step() [ms] 
INFO[Main]:   ServerEnvironment::removeRemovedObjects() [ms] 
ACTION[Emerge-0]: GRUG_WP40_PROFILE_PROBE phase=disk event=emerge case=pine_hearthpine_center mapchunk=-1872,-32,-2592 elapsed_us=7739818 generated=0 disk=125 memory=0 cancelled=0 errored=0
ACTION[Emerge-0]: GRUG_WP40_PROFILE_PROBE phase=disk event=emerge case=pine_hearthpine_east mapchunk=-1792,-32,-2592 elapsed_us=2419 generated=0 disk=125 memory=0 cancelled=0 errored=0
ACTION[Emerge-0]: GRUG_WP40_PROFILE_PROBE phase=disk event=emerge case=pine_hearthpine_south mapchunk=-1872,-32,-2512 elapsed_us=2278 generated=0 disk=125 memory=0 cancelled=0 errored=0
ACTION[Emerge-0]: GRUG_WP40_PROFILE_PROBE phase=disk event=emerge case=human_capital mapchunk=-32,-32,-1552 elapsed_us=2666 generated=0 disk=125 memory=0 cancelled=0 errored=0
ACTION[Emerge-0]: GRUG_WP40_PROFILE_PROBE phase=disk event=emerge case=elandor_front mapchunk=-32,48,-272 elapsed_us=2259 generated=0 disk=125 memory=0 cancelled=0 errored=0
ACTION[Emerge-0]: GRUG_WP40_PROFILE_PROBE phase=disk event=emerge case=broken_causeway mapchunk=-752,-32,-32 elapsed_us=2672 generated=0 disk=125 memory=0 cancelled=0 errored=0
INFO[Main]: Profiler:
INFO[Main]:   ActiveObjectMgr: SAO count [#] 
INFO[Main]:   Emerge-0: processed [#] _________________________    1x      751
INFO[Main]:   EmergeThread: load block - async (sum) [ms] _____    1x        2
INFO[Main]:   SEnv: modify in blocks avg per interval [ms] 
INFO[Main]:   Server: map saving (sum) [ms] 
INFO[Main]:   Server: map timer and unload [ms] 
INFO[Main]:   Server: send SAO messages [ms] 
INFO[Main]:   Server: update objects within range [ms] 
INFO[Main]:   Server::AsyncRunStep() [ms] _____________________   20x     0.05
INFO[Main]:   Server::RunStep() (max) [ms] ____________________    1x       51
INFO[Main]:   Server::SendBlocks(): Collect list [ms] 
INFO[Main]:   Server::SendBlocks(): Send to clients [ms] 
INFO[Main]:   ServerEnv: ABMs run 
INFO[Main]:   ServerEnv: Run SAO::step() [ms] 
INFO[Main]:   ServerEnv: Run node timers [ms] 
INFO[Main]:   ServerEnv: active blocks 
INFO[Main]:   ServerEnv: active blocks cached 
INFO[Main]:   ServerEnv: active blocks scanned for ABMs 
INFO[Main]:   ServerEnv: update active blocks [ms] 
INFO[Main]:   ServerEnv::step() [ms] __________________________   20x     0.05
INFO[Main]:   ServerEnvironment::removeRemovedObjects() [ms] 
INFO[Main]:   ServerMap: deSer block [us] _____________________  750x     8.74
INFO[Main]:   ServerMap: load block [us] ______________________  750x   15.144
ACTION[Emerge-0]: GRUG_WP40_PROFILE_PROBE phase=disk event=emerge case=whitebridge mapchunk=-432,-32,-1552 elapsed_us=3115 generated=0 disk=125 memory=0 cancelled=0 errored=0
ACTION[Emerge-0]: GRUG_WP40_PROFILE_PROBE phase=disk event=emerge case=wyrmglass_channel mapchunk=-2752,-32,-32 elapsed_us=2863 generated=0 disk=125 memory=0 cancelled=0 errored=0
ACTION[Emerge-0]: GRUG_WP40_PROFILE_PROBE phase=disk event=emerge case=wyrmglass_island mapchunk=-3312,208,-112 elapsed_us=2415 generated=0 disk=125 memory=0 cancelled=0 errored=0
ACTION[Emerge-0]: GRUG_WP40_PROFILE_PROBE phase=disk event=emerge case=deep_cross_border mapchunk=-1712,-912,128 elapsed_us=3193 generated=0 disk=125 memory=0 cancelled=0 errored=0
ACTION[Server]: GRUG_WP40_PROFILE_PROBE phase=disk event=normalized_owner case=pine_hearthpine_center normalized=28ce071c3dc0fac024d080c1f7cb86bcf0ace778bb3e86232b7b74fe8eb28256 param2=a3e59e9470b32c661d8e641ab11759a5667037f4d3d8256be466615875d4f918 light=dde920cbf67f21c2b96e5f22b206c310651d010b92d5fd743067a280dd07e0f7
ACTION[Server]: GRUG_WP40_PROFILE_PROBE phase=disk event=normalized_owner case=pine_hearthpine_east normalized=e68f724a534136755c247c45caa194fa84d0dd6883b443458f45bf25cc501a8b param2=a3e59e9470b32c661d8e641ab11759a5667037f4d3d8256be466615875d4f918 light=729c95b834fc7008e776e9a3b0ccd5fe09dc1083b5f303b74547cbeb2d551e7b
ACTION[Server]: GRUG_WP40_PROFILE_PROBE phase=disk event=normalized_owner case=pine_hearthpine_south normalized=5ccd6401ed4ff361dc28eb24beb6dea284cf8b241ba90a9b304fc138ef2892f7 param2=a3e59e9470b32c661d8e641ab11759a5667037f4d3d8256be466615875d4f918 light=ba2708132e6a23a61c00764b276d98effe63afd96e501332bfdb8287cc69aa56
ACTION[Server]: GRUG_WP40_PROFILE_PROBE phase=disk event=normalized_owner case=human_capital normalized=f1bdce7ae97dcdadd63f25b0eb48409fda537ffcf019948351b40c670d715c56 param2=a3e59e9470b32c661d8e641ab11759a5667037f4d3d8256be466615875d4f918 light=8bbdd32c48a21459cbe9018251dfbab609447fa5be194a90f75bd6ef015c4fdc
ACTION[Server]: GRUG_WP40_PROFILE_PROBE phase=disk event=normalized_owner case=elandor_front normalized=5226a6c3d93660c0d50b5ed25301fde56e9c5faf6db0ec3372934ece81555de2 param2=cab4eaf19dd5e8f853f2f55ca9c80f757efd7769e4f4e3ed21a49bb3a834e60d light=229de656dfd6c63a3c5d6e2dc07429d420e4a70409504c46b61ed32a40417421
ACTION[Server]: GRUG_WP40_PROFILE_PROBE phase=disk event=ore_count case=broken_causeway resource=coal nodes=405
ACTION[Server]: GRUG_WP40_PROFILE_PROBE phase=disk event=ore_count case=broken_causeway resource=copper nodes=198
ACTION[Server]: GRUG_WP40_PROFILE_PROBE phase=disk event=ore_count case=broken_causeway resource=iron nodes=401
ACTION[Server]: GRUG_WP40_PROFILE_PROBE phase=disk event=ore_count case=broken_causeway resource=quartz nodes=201
ACTION[Server]: GRUG_WP40_PROFILE_PROBE phase=disk event=ore_count case=broken_causeway resource=tin nodes=133
ACTION[Server]: GRUG_WP40_PROFILE_PROBE phase=disk event=normalized_owner case=broken_causeway normalized=93d25e9c80bc3c74dbb648aedf35c92a5ba9c9004bd7e4207bbceea065b3cd6e param2=bd0c7b68379ccc537108dcead462919ec7a4c0108dbed31fb80562e738fb9e65 light=89a1a204b84c1490fb821ca74a686176b78370f64a195f9c6d292bbf88703b39
ACTION[Server]: GRUG_WP40_PROFILE_PROBE phase=disk event=ore_count case=whitebridge resource=coal nodes=1748
ACTION[Server]: GRUG_WP40_PROFILE_PROBE phase=disk event=ore_count case=whitebridge resource=copper nodes=880
ACTION[Server]: GRUG_WP40_PROFILE_PROBE phase=disk event=ore_count case=whitebridge resource=iron nodes=1749
ACTION[Server]: GRUG_WP40_PROFILE_PROBE phase=disk event=ore_count case=whitebridge resource=quartz nodes=873
ACTION[Server]: GRUG_WP40_PROFILE_PROBE phase=disk event=ore_count case=whitebridge resource=tin nodes=581
ACTION[Server]: GRUG_WP40_PROFILE_PROBE phase=disk event=normalized_owner case=whitebridge normalized=1e74f58150bd16af82c9920b2a1bcd2473130eb553d6c970e9f3416250c18620 param2=a3e59e9470b32c661d8e641ab11759a5667037f4d3d8256be466615875d4f918 light=89d2ca1757916e39999572e54581a4e2705e7b5aa80bfe94f272f3c474d09b82
ACTION[Server]: GRUG_WP40_PROFILE_PROBE phase=disk event=normalized_owner case=wyrmglass_channel normalized=7f7b9e9ce831ca2648851028a0ff39a321cf01c7fb15cedcb9958c1275609a8a param2=a3e59e9470b32c661d8e641ab11759a5667037f4d3d8256be466615875d4f918 light=001b3a607b566ede3a972efd036bb726cc264e5554654f6b8d65d8bcd4ef631a
ACTION[Server]: GRUG_WP40_PROFILE_PROBE phase=disk event=normalized_owner case=wyrmglass_island normalized=0e34b0dbc645fd4385f967885292322e1814d9117aea3046f14cbc0e6548c535 param2=a3e59e9470b32c661d8e641ab11759a5667037f4d3d8256be466615875d4f918 light=af4429cddeef432df121fbedef8d57465fb147fe9174f4cf9bc34313a0b934f3
ACTION[Server]: GRUG_WP40_PROFILE_PROBE phase=disk event=ore_count case=deep_cross_border resource=abyssal_crystal nodes=241
ACTION[Server]: GRUG_WP40_PROFILE_PROBE phase=disk event=ore_count case=deep_cross_border resource=citrine nodes=162
ACTION[Server]: GRUG_WP40_PROFILE_PROBE phase=disk event=ore_count case=deep_cross_border resource=coal nodes=3829
ACTION[Server]: GRUG_WP40_PROFILE_PROBE phase=disk event=ore_count case=deep_cross_border resource=copper nodes=1917
ACTION[Server]: GRUG_WP40_PROFILE_PROBE phase=disk event=ore_count case=deep_cross_border resource=emberglass nodes=236
ACTION[Server]: GRUG_WP40_PROFILE_PROBE phase=disk event=ore_count case=deep_cross_border resource=gold nodes=477
ACTION[Server]: GRUG_WP40_PROFILE_PROBE phase=disk event=ore_count case=deep_cross_border resource=iron nodes=3832
ACTION[Server]: GRUG_WP40_PROFILE_PROBE phase=disk event=ore_count case=deep_cross_border resource=quartz nodes=1914
ACTION[Server]: GRUG_WP40_PROFILE_PROBE phase=disk event=ore_count case=deep_cross_border resource=ruby nodes=80
ACTION[Server]: GRUG_WP40_PROFILE_PROBE phase=disk event=ore_count case=deep_cross_border resource=silver nodes=480
ACTION[Server]: GRUG_WP40_PROFILE_PROBE phase=disk event=ore_count case=deep_cross_border resource=tin nodes=1263
INFO[Main]: Profiler:
INFO[Main]:   ActiveObjectMgr: SAO count [#] 
INFO[Main]:   Emerge-0: processed [#] _________________________    1x      499
INFO[Main]:   EmergeThread: load block - async (sum) [ms] _____    1x        2
INFO[Main]:   SEnv: modify in blocks avg per interval [ms] 
INFO[Main]:   Server: map saving (sum) [ms] 
INFO[Main]:   Server: map timer and unload [ms] 
INFO[Main]:   Server: send SAO messages [ms] 
INFO[Main]:   Server: update objects within range [ms] 
INFO[Main]:   Server::AsyncRunStep() [ms] 
INFO[Main]:   Server::RunStep() (max) [ms] ____________________    1x       50
INFO[Main]:   Server::SendBlocks(): Collect list [ms] 
INFO[Main]:   Server::SendBlocks(): Send to clients [ms] 
INFO[Main]:   ServerEnv: ABMs run 
INFO[Main]:   ServerEnv: Run SAO::step() [ms] 
INFO[Main]:   ServerEnv: Run node timers [ms] 
INFO[Main]:   ServerEnv: active blocks 
INFO[Main]:   ServerEnv: active blocks cached 
INFO[Main]:   ServerEnv: active blocks scanned for ABMs 
INFO[Main]:   ServerEnv: update active blocks [ms] 
INFO[Main]:   ServerEnv::step() [ms] 
INFO[Main]:   ServerEnvironment::removeRemovedObjects() [ms] 
INFO[Main]:   ServerMap: deSer block [us] _____________________  500x   10.772
INFO[Main]:   ServerMap: load block [us] ______________________  500x   18.628
ACTION[Server]: GRUG_WP40_PROFILE_PROBE phase=disk event=normalized_owner case=deep_cross_border normalized=2d159f05ee85573f8ff256890fe89a4ed5290028ca469e196eada202f1da1f48 param2=bd7c6e544012fb5d9e547186f372c0f60a9f5e65bc9b37959e30986d42b982ec light=cce37d5a4ca03740e032a9ed5d125d13ec539ead957cc606594d5956725d49d9
ACTION[Server]: GRUG_WP40_PROFILE_PROBE phase=disk event=complete requested=10 completed=10 callbacks=0 generated=0 disk=1250 memory=0 cancelled=0 errored=0 samples=370 expected_nodes=0 digest=b0c8d9527473a99e356139f5bb7bd84d510f67f1daf7f916e7cabe4add4fbe64 full_digest=0104d96f7464b82c1862e5d178b9b5a93dd2747faa0b5da319df166d4eb2f6fe full_vocabulary_digest=b91b8197fb574561aa33c8cc7c56d3e935d9d4842f99019afc713a8bc5f56c22 full_voxels=5120000 measured_elapsed_us=8230771 diagnostic_us=805458
INFO[Server]: *** Server shutting down in 0s.
INFO[Server]: Server: Maximum lag peaked at 0.805696 (steplen=0.05)
INFO[Main]: Dedicated server quitting
INFO[Main]: Profiler:
INFO[Main]:   ActiveObjectMgr: SAO count [#] 
INFO[Main]:   Emerge-0: processed [#] 
INFO[Main]:   EmergeThread: load block - async (sum) [ms] 
INFO[Main]:   SEnv: modify in blocks avg per interval [ms] 
INFO[Main]:   Server: map saving (sum) [ms] 
INFO[Main]:   Server: map timer and unload [ms] 
INFO[Main]:   Server: send SAO messages [ms] 
INFO[Main]:   Server: update objects within range [ms] 
INFO[Main]:   Server::AsyncRunStep() [ms] _____________________    2x      403
INFO[Main]:   Server::RunStep() (max) [ms] ____________________    1x      806
INFO[Main]:   Server::SendBlocks(): Collect list [ms] 
INFO[Main]:   Server::SendBlocks(): Send to clients [ms] 
INFO[Main]:   ServerEnv: ABMs run 
INFO[Main]:   ServerEnv: Run SAO::step() [ms] 
INFO[Main]:   ServerEnv: Run node timers [ms] 
INFO[Main]:   ServerEnv: active blocks 
INFO[Main]:   ServerEnv: active blocks cached 
INFO[Main]:   ServerEnv: active blocks scanned for ABMs 
INFO[Main]:   ServerEnv: update active blocks [ms] 
INFO[Main]:   ServerEnv::step() [ms] __________________________    2x      403
INFO[Main]:   ServerEnvironment::removeRemovedObjects() [ms] 
INFO[Main]:   ServerMap: deSer block [us] 
INFO[Main]:   ServerMap: load block [us] 
ACTION[Main]: Server: Shutting down
INFO[Main]: Server: Stopping and waiting for threads
INFO[Main]: Server: Threads stopped
INFO[Main]: Server: Executing shutdown hooks
INFO[Main]: Server: Saving players
INFO[Main]: Server: Kicking players
INFO[Main]: Server: Saving environment metadata
INFO[Main]: AsyncEngine: Waiting for 1 threads
INFO[Main]: ServerMap: Saved map to /tmp/grudgelands-wp40-profile-run.6tT0HPwd/world
INFO[Main]: BanManager: saving to /tmp/grudgelands-wp40-profile-run.6tT0HPwd/world/ipban.txt
