ACTION[Main]: GRUG_WP40_PROFILE_PROBE phase=disk event=start engine=5.17.0 lua=LuaJIT_2.1.1784272936 seed=531802985935182545 cases=44 manifest=f16612708edce0bee76d9b19a351df17c77a3249a9064afd14fa2e40fffeac31 full_digest=false
ACTION[Emerge-0]: GRUG_WP40_PROFILE_PROBE phase=disk event=emerge case=owner_48:-32:2608 mapchunk=48,-32,2608 elapsed_us=8688213 generated=0 disk=125 memory=0 cancelled=0 errored=0
ACTION[Emerge-0]: GRUG_WP40_PROFILE_PROBE phase=disk event=emerge case=owner_48:-32:2528 mapchunk=48,-32,2528 elapsed_us=2450 generated=0 disk=125 memory=0 cancelled=0 errored=0
ACTION[Emerge-0]: GRUG_WP40_PROFILE_PROBE phase=disk event=emerge case=owner_48:-32:2448 mapchunk=48,-32,2448 elapsed_us=2789 generated=0 disk=125 memory=0 cancelled=0 errored=0
ACTION[Emerge-0]: GRUG_WP40_PROFILE_PROBE phase=disk event=emerge case=owner_48:-32:-2672 mapchunk=48,-32,-2672 elapsed_us=2669 generated=0 disk=125 memory=0 cancelled=0 errored=0
ACTION[Emerge-0]: GRUG_WP40_PROFILE_PROBE phase=disk event=emerge case=owner_48:-32:-2592 mapchunk=48,-32,-2592 elapsed_us=2456 generated=0 disk=125 memory=0 cancelled=0 errored=0
ACTION[Emerge-0]: GRUG_WP40_PROFILE_PROBE phase=disk event=emerge case=owner_48:-32:-2512 mapchunk=48,-32,-2512 elapsed_us=2432 generated=0 disk=125 memory=0 cancelled=0 errored=0
ACTION[Emerge-0]: GRUG_WP40_PROFILE_PROBE phase=disk event=emerge case=owner_1808:-32:2608 mapchunk=1808,-32,2608 elapsed_us=2486 generated=0 disk=125 memory=0 cancelled=0 errored=0
ACTION[Emerge-0]: GRUG_WP40_PROFILE_PROBE phase=disk event=emerge case=owner_1808:-32:2528 mapchunk=1808,-32,2528 elapsed_us=2728 generated=0 disk=125 memory=0 cancelled=0 errored=0
ACTION[Emerge-0]: GRUG_WP40_PROFILE_PROBE phase=disk event=emerge case=owner_1808:-32:2448 mapchunk=1808,-32,2448 elapsed_us=2862 generated=0 disk=125 memory=0 cancelled=0 errored=0
ACTION[Emerge-0]: GRUG_WP40_PROFILE_PROBE phase=disk event=emerge case=owner_1808:-32:-2672 mapchunk=1808,-32,-2672 elapsed_us=2387 generated=0 disk=125 memory=0 cancelled=0 errored=0
ACTION[Emerge-0]: GRUG_WP40_PROFILE_PROBE phase=disk event=emerge case=owner_1808:-32:-2592 mapchunk=1808,-32,-2592 elapsed_us=3031 generated=0 disk=125 memory=0 cancelled=0 errored=0
ACTION[Emerge-0]: GRUG_WP40_PROFILE_PROBE phase=disk event=emerge case=owner_1808:-32:-2512 mapchunk=1808,-32,-2512 elapsed_us=2578 generated=0 disk=125 memory=0 cancelled=0 errored=0
ACTION[Emerge-0]: GRUG_WP40_PROFILE_PROBE phase=disk event=emerge case=owner_1728:-32:2608 mapchunk=1728,-32,2608 elapsed_us=3119 generated=0 disk=125 memory=0 cancelled=0 errored=0
ACTION[Emerge-0]: GRUG_WP40_PROFILE_PROBE phase=disk event=emerge case=owner_1728:-32:2528 mapchunk=1728,-32,2528 elapsed_us=2766 generated=0 disk=125 memory=0 cancelled=0 errored=0
ACTION[Emerge-0]: GRUG_WP40_PROFILE_PROBE phase=disk event=emerge case=owner_1728:-32:2448 mapchunk=1728,-32,2448 elapsed_us=2599 generated=0 disk=125 memory=0 cancelled=0 errored=0
ACTION[Emerge-0]: GRUG_WP40_PROFILE_PROBE phase=disk event=emerge case=owner_1728:-32:-2672 mapchunk=1728,-32,-2672 elapsed_us=2370 generated=0 disk=125 memory=0 cancelled=0 errored=0
ACTION[Emerge-0]: GRUG_WP40_PROFILE_PROBE phase=disk event=emerge case=owner_1728:-32:-2592 mapchunk=1728,-32,-2592 elapsed_us=2976 generated=0 disk=125 memory=0 cancelled=0 errored=0
ACTION[Emerge-0]: GRUG_WP40_PROFILE_PROBE phase=disk event=emerge case=owner_1728:-32:-2512 mapchunk=1728,-32,-2512 elapsed_us=2763 generated=0 disk=125 memory=0 cancelled=0 errored=0
ACTION[Emerge-0]: GRUG_WP40_PROFILE_PROBE phase=disk event=emerge case=owner_-32:-32:2608 mapchunk=-32,-32,2608 elapsed_us=2501 generated=0 disk=125 memory=0 cancelled=0 errored=0
ACTION[Emerge-0]: GRUG_WP40_PROFILE_PROBE phase=disk event=emerge case=owner_-32:-32:2528 mapchunk=-32,-32,2528 elapsed_us=2827 generated=0 disk=125 memory=0 cancelled=0 errored=0
ACTION[Emerge-0]: GRUG_WP40_PROFILE_PROBE phase=disk event=emerge case=owner_-32:-32:2448 mapchunk=-32,-32,2448 elapsed_us=2748 generated=0 disk=125 memory=0 cancelled=0 errored=0
ACTION[Emerge-0]: GRUG_WP40_PROFILE_PROBE phase=disk event=emerge case=owner_-32:-32:-2672 mapchunk=-32,-32,-2672 elapsed_us=2522 generated=0 disk=125 memory=0 cancelled=0 errored=0
ACTION[Emerge-0]: GRUG_WP40_PROFILE_PROBE phase=disk event=emerge case=owner_-32:-32:-2592 mapchunk=-32,-32,-2592 elapsed_us=2716 generated=0 disk=125 memory=0 cancelled=0 errored=0
ACTION[Emerge-0]: GRUG_WP40_PROFILE_PROBE phase=disk event=emerge case=owner_-32:-32:-2512 mapchunk=-32,-32,-2512 elapsed_us=2522 generated=0 disk=125 memory=0 cancelled=0 errored=0
ACTION[Emerge-0]: GRUG_WP40_PROFILE_PROBE phase=disk event=emerge case=owner_-1872:48:2608 mapchunk=-1872,48,2608 elapsed_us=1814 generated=0 disk=125 memory=0 cancelled=0 errored=0
ACTION[Emerge-0]: GRUG_WP40_PROFILE_PROBE phase=disk event=emerge case=owner_-1872:48:2528 mapchunk=-1872,48,2528 elapsed_us=2026 generated=0 disk=125 memory=0 cancelled=0 errored=0
ACTION[Emerge-0]: GRUG_WP40_PROFILE_PROBE phase=disk event=emerge case=owner_-1872:48:2448 mapchunk=-1872,48,2448 elapsed_us=1793 generated=0 disk=125 memory=0 cancelled=0 errored=0
ACTION[Emerge-0]: GRUG_WP40_PROFILE_PROBE phase=disk event=emerge case=owner_-1872:-32:-2672 mapchunk=-1872,-32,-2672 elapsed_us=2652 generated=0 disk=125 memory=0 cancelled=0 errored=0
ACTION[Emerge-0]: GRUG_WP40_PROFILE_PROBE phase=disk event=emerge case=owner_-1872:-32:-2592 mapchunk=-1872,-32,-2592 elapsed_us=2777 generated=0 disk=125 memory=0 cancelled=0 errored=0
ACTION[Emerge-0]: GRUG_WP40_PROFILE_PROBE phase=disk event=emerge case=owner_-1872:-32:-2512 mapchunk=-1872,-32,-2512 elapsed_us=2589 generated=0 disk=125 memory=0 cancelled=0 errored=0
ACTION[Emerge-0]: GRUG_WP40_PROFILE_PROBE phase=disk event=emerge case=owner_-1792:48:2608 mapchunk=-1792,48,2608 elapsed_us=1853 generated=0 disk=125 memory=0 cancelled=0 errored=0
ACTION[Emerge-0]: GRUG_WP40_PROFILE_PROBE phase=disk event=emerge case=owner_-1792:48:2528 mapchunk=-1792,48,2528 elapsed_us=1970 generated=0 disk=125 memory=0 cancelled=0 errored=0
ACTION[Emerge-0]: GRUG_WP40_PROFILE_PROBE phase=disk event=emerge case=owner_-1792:48:2448 mapchunk=-1792,48,2448 elapsed_us=1871 generated=0 disk=125 memory=0 cancelled=0 errored=0
ACTION[Emerge-0]: GRUG_WP40_PROFILE_PROBE phase=disk event=emerge case=owner_-1792:-32:-2672 mapchunk=-1792,-32,-2672 elapsed_us=2489 generated=0 disk=125 memory=0 cancelled=0 errored=0
ACTION[Emerge-0]: GRUG_WP40_PROFILE_PROBE phase=disk event=emerge case=owner_-1792:-32:-2592 mapchunk=-1792,-32,-2592 elapsed_us=2767 generated=0 disk=125 memory=0 cancelled=0 errored=0
ACTION[Emerge-0]: GRUG_WP40_PROFILE_PROBE phase=disk event=emerge case=owner_-1792:-32:-2512 mapchunk=-1792,-32,-2512 elapsed_us=2540 generated=0 disk=125 memory=0 cancelled=0 errored=0
ACTION[Emerge-0]: GRUG_WP40_PROFILE_PROBE phase=disk event=emerge case=owner_-1792:-112:-2592 mapchunk=-1792,-112,-2592 elapsed_us=2831 generated=0 disk=125 memory=0 cancelled=0 errored=0
ACTION[Emerge-0]: GRUG_WP40_PROFILE_PROBE phase=disk event=emerge case=owner_-1712:-112:-2592 mapchunk=-1712,-112,-2592 elapsed_us=3103 generated=0 disk=125 memory=0 cancelled=0 errored=0
ACTION[Emerge-0]: GRUG_WP40_PROFILE_PROBE phase=disk event=emerge case=owner_-112:-32:2608 mapchunk=-112,-32,2608 elapsed_us=2810 generated=0 disk=125 memory=0 cancelled=0 errored=0
ACTION[Emerge-0]: GRUG_WP40_PROFILE_PROBE phase=disk event=emerge case=owner_-112:-32:2528 mapchunk=-112,-32,2528 elapsed_us=2810 generated=0 disk=125 memory=0 cancelled=0 errored=0
ACTION[Emerge-0]: GRUG_WP40_PROFILE_PROBE phase=disk event=emerge case=owner_-112:-32:2448 mapchunk=-112,-32,2448 elapsed_us=2654 generated=0 disk=125 memory=0 cancelled=0 errored=0
ACTION[Emerge-0]: GRUG_WP40_PROFILE_PROBE phase=disk event=emerge case=owner_-112:-32:-2672 mapchunk=-112,-32,-2672 elapsed_us=2449 generated=0 disk=125 memory=0 cancelled=0 errored=0
ACTION[Emerge-0]: GRUG_WP40_PROFILE_PROBE phase=disk event=emerge case=owner_-112:-32:-2592 mapchunk=-112,-32,-2592 elapsed_us=2722 generated=0 disk=125 memory=0 cancelled=0 errored=0
ACTION[Emerge-0]: GRUG_WP40_PROFILE_PROBE phase=disk event=emerge case=owner_-112:-32:-2512 mapchunk=-112,-32,-2512 elapsed_us=2504 generated=0 disk=125 memory=0 cancelled=0 errored=0
ACTION[Server]: GRUG_WP40_PROFILE_PROBE phase=disk event=complete requested=44 completed=44 callbacks=0 generated=0 disk=5500 memory=0 cancelled=0 errored=0 samples=1628 expected_nodes=0 digest=a8b521437fa514fadea5ab4862556d57af1fb1d20fba1a810c36875edffdcd84 full_digest=disabled full_vocabulary_digest=- full_voxels=0 measured_elapsed_us=10892010 diagnostic_us=2456
