ACTION[Main]: GRUG_WP40_PROFILE_PROBE phase=disk event=start engine=5.17.0 lua=LuaJIT_2.1.1784272936 seed=8675309 cases=33 manifest=0b0b203c7f897306c4be01d7970bc43fbff5b2149a0b7a2aafd5393f9ea5ff95 full_digest=false
ACTION[Emerge-0]: GRUG_WP40_PROFILE_PROBE phase=disk event=emerge case=owner_48:48:2608 mapchunk=48,48,2608 elapsed_us=8289165 generated=0 disk=125 memory=0 cancelled=0 errored=0
ACTION[Emerge-0]: GRUG_WP40_PROFILE_PROBE phase=disk event=emerge case=owner_48:48:2528 mapchunk=48,48,2528 elapsed_us=1632 generated=0 disk=125 memory=0 cancelled=0 errored=0
ACTION[Emerge-0]: GRUG_WP40_PROFILE_PROBE phase=disk event=emerge case=owner_48:48:2448 mapchunk=48,48,2448 elapsed_us=1504 generated=0 disk=125 memory=0 cancelled=0 errored=0
ACTION[Emerge-0]: GRUG_WP40_PROFILE_PROBE phase=disk event=emerge case=owner_48:-32:2608 mapchunk=48,-32,2608 elapsed_us=2567 generated=0 disk=125 memory=0 cancelled=0 errored=0
ACTION[Emerge-0]: GRUG_WP40_PROFILE_PROBE phase=disk event=emerge case=owner_48:-32:2528 mapchunk=48,-32,2528 elapsed_us=2974 generated=0 disk=125 memory=0 cancelled=0 errored=0
ACTION[Emerge-0]: GRUG_WP40_PROFILE_PROBE phase=disk event=emerge case=owner_48:-32:2448 mapchunk=48,-32,2448 elapsed_us=2587 generated=0 disk=125 memory=0 cancelled=0 errored=0
ACTION[Emerge-0]: GRUG_WP40_PROFILE_PROBE phase=disk event=emerge case=owner_48:-32:-2672 mapchunk=48,-32,-2672 elapsed_us=2416 generated=0 disk=125 memory=0 cancelled=0 errored=0
ACTION[Emerge-0]: GRUG_WP40_PROFILE_PROBE phase=disk event=emerge case=owner_48:-32:-2592 mapchunk=48,-32,-2592 elapsed_us=2444 generated=0 disk=125 memory=0 cancelled=0 errored=0
ACTION[Emerge-0]: GRUG_WP40_PROFILE_PROBE phase=disk event=emerge case=owner_48:-32:-2512 mapchunk=48,-32,-2512 elapsed_us=2280 generated=0 disk=125 memory=0 cancelled=0 errored=0
ACTION[Emerge-0]: GRUG_WP40_PROFILE_PROBE phase=disk event=emerge case=owner_-32:48:2608 mapchunk=-32,48,2608 elapsed_us=1660 generated=0 disk=125 memory=0 cancelled=0 errored=0
ACTION[Emerge-0]: GRUG_WP40_PROFILE_PROBE phase=disk event=emerge case=owner_-32:48:2528 mapchunk=-32,48,2528 elapsed_us=1921 generated=0 disk=125 memory=0 cancelled=0 errored=0
ACTION[Emerge-0]: GRUG_WP40_PROFILE_PROBE phase=disk event=emerge case=owner_-32:48:2448 mapchunk=-32,48,2448 elapsed_us=1737 generated=0 disk=125 memory=0 cancelled=0 errored=0
ACTION[Emerge-0]: GRUG_WP40_PROFILE_PROBE phase=disk event=emerge case=owner_-32:-32:2608 mapchunk=-32,-32,2608 elapsed_us=2832 generated=0 disk=125 memory=0 cancelled=0 errored=0
ACTION[Emerge-0]: GRUG_WP40_PROFILE_PROBE phase=disk event=emerge case=owner_-32:-32:2528 mapchunk=-32,-32,2528 elapsed_us=2776 generated=0 disk=125 memory=0 cancelled=0 errored=0
ACTION[Emerge-0]: GRUG_WP40_PROFILE_PROBE phase=disk event=emerge case=owner_-32:-32:2448 mapchunk=-32,-32,2448 elapsed_us=2623 generated=0 disk=125 memory=0 cancelled=0 errored=0
ACTION[Emerge-0]: GRUG_WP40_PROFILE_PROBE phase=disk event=emerge case=owner_-32:-32:-2672 mapchunk=-32,-32,-2672 elapsed_us=2860 generated=0 disk=125 memory=0 cancelled=0 errored=0
ACTION[Emerge-0]: GRUG_WP40_PROFILE_PROBE phase=disk event=emerge case=owner_-32:-32:-2592 mapchunk=-32,-32,-2592 elapsed_us=4434 generated=0 disk=125 memory=0 cancelled=0 errored=0
ACTION[Emerge-0]: GRUG_WP40_PROFILE_PROBE phase=disk event=emerge case=owner_-32:-32:-2512 mapchunk=-32,-32,-2512 elapsed_us=2518 generated=0 disk=125 memory=0 cancelled=0 errored=0
ACTION[Emerge-0]: GRUG_WP40_PROFILE_PROBE phase=disk event=emerge case=owner_-1872:-32:2528 mapchunk=-1872,-32,2528 elapsed_us=3119 generated=0 disk=125 memory=0 cancelled=0 errored=0
ACTION[Emerge-0]: GRUG_WP40_PROFILE_PROBE phase=disk event=emerge case=owner_-1872:-32:-2672 mapchunk=-1872,-32,-2672 elapsed_us=2524 generated=0 disk=125 memory=0 cancelled=0 errored=0
ACTION[Emerge-0]: GRUG_WP40_PROFILE_PROBE phase=disk event=emerge case=owner_-1872:-32:-2592 mapchunk=-1872,-32,-2592 elapsed_us=2654 generated=0 disk=125 memory=0 cancelled=0 errored=0
ACTION[Emerge-0]: GRUG_WP40_PROFILE_PROBE phase=disk event=emerge case=owner_-1872:-32:-2512 mapchunk=-1872,-32,-2512 elapsed_us=2907 generated=0 disk=125 memory=0 cancelled=0 errored=0
ACTION[Emerge-0]: GRUG_WP40_PROFILE_PROBE phase=disk event=emerge case=owner_-1792:-32:-2672 mapchunk=-1792,-32,-2672 elapsed_us=2817 generated=0 disk=125 memory=0 cancelled=0 errored=0
ACTION[Emerge-0]: GRUG_WP40_PROFILE_PROBE phase=disk event=emerge case=owner_-1792:-32:-2592 mapchunk=-1792,-32,-2592 elapsed_us=2764 generated=0 disk=125 memory=0 cancelled=0 errored=0
ACTION[Emerge-0]: GRUG_WP40_PROFILE_PROBE phase=disk event=emerge case=owner_-1792:-32:-2512 mapchunk=-1792,-32,-2512 elapsed_us=2456 generated=0 disk=125 memory=0 cancelled=0 errored=0
ACTION[Emerge-0]: GRUG_WP40_PROFILE_PROBE phase=disk event=emerge case=owner_-112:48:2528 mapchunk=-112,48,2528 elapsed_us=1659 generated=0 disk=125 memory=0 cancelled=0 errored=0
ACTION[Emerge-0]: GRUG_WP40_PROFILE_PROBE phase=disk event=emerge case=owner_-112:48:2448 mapchunk=-112,48,2448 elapsed_us=1553 generated=0 disk=125 memory=0 cancelled=0 errored=0
ACTION[Emerge-0]: GRUG_WP40_PROFILE_PROBE phase=disk event=emerge case=owner_-112:-32:2608 mapchunk=-112,-32,2608 elapsed_us=2925 generated=0 disk=125 memory=0 cancelled=0 errored=0
ACTION[Emerge-0]: GRUG_WP40_PROFILE_PROBE phase=disk event=emerge case=owner_-112:-32:2528 mapchunk=-112,-32,2528 elapsed_us=2568 generated=0 disk=125 memory=0 cancelled=0 errored=0
ACTION[Emerge-0]: GRUG_WP40_PROFILE_PROBE phase=disk event=emerge case=owner_-112:-32:2448 mapchunk=-112,-32,2448 elapsed_us=2517 generated=0 disk=125 memory=0 cancelled=0 errored=0
ACTION[Emerge-0]: GRUG_WP40_PROFILE_PROBE phase=disk event=emerge case=owner_-112:-32:-2672 mapchunk=-112,-32,-2672 elapsed_us=2380 generated=0 disk=125 memory=0 cancelled=0 errored=0
ACTION[Emerge-0]: GRUG_WP40_PROFILE_PROBE phase=disk event=emerge case=owner_-112:-32:-2592 mapchunk=-112,-32,-2592 elapsed_us=2473 generated=0 disk=125 memory=0 cancelled=0 errored=0
ACTION[Emerge-0]: GRUG_WP40_PROFILE_PROBE phase=disk event=emerge case=owner_-112:-32:-2512 mapchunk=-112,-32,-2512 elapsed_us=2333 generated=0 disk=125 memory=0 cancelled=0 errored=0
ACTION[Server]: GRUG_WP40_PROFILE_PROBE phase=disk event=complete requested=33 completed=33 callbacks=0 generated=0 disk=4125 memory=0 cancelled=0 errored=0 samples=1221 expected_nodes=0 digest=b6a31401985d594f633f8592f52def58d37c81e0ebcd5bde9578bf29a53ca117 full_digest=disabled full_vocabulary_digest=- full_voxels=0 measured_elapsed_us=9943832 diagnostic_us=945
