ACTION[Main]: [grug_core] world preparation mode=full cursor=0/400
ACTION[Emerge-0]: [r23p] tile 1/400 x=-3072 z=-2672 y_min=-272 y_max=768 us=37734261563
ACTION[Emerge-0]: [r23p] tile 2/400 x=-2992 z=-2672 y_min=-272 y_max=768 us=37735280161
ACTION[Emerge-0]: [r23p] tile 3/400 x=-2912 z=-2672 y_min=-272 y_max=768 us=37736270123
ACTION[Emerge-0]: [r23p] tile 4/400 x=-2832 z=-2672 y_min=-272 y_max=768 us=37737267867
ACTION[Emerge-0]: [r23p] tile 5/400 x=-2752 z=-2672 y_min=-272 y_max=768 us=37738266062
ACTION[Emerge-0]: [r23p] tile 6/400 x=-2672 z=-2672 y_min=-272 y_max=768 us=37739318486
ACTION[Emerge-0]: [r23p] tile 7/400 x=-2592 z=-2672 y_min=-272 y_max=768 us=37740222819
ACTION[Emerge-0]: [r23p] tile 8/400 x=-2512 z=-2672 y_min=-272 y_max=768 us=37741306681
ACTION[Emerge-0]: [r23p] tile 9/400 x=-2432 z=-2672 y_min=-272 y_max=768 us=37742660747
ACTION[Emerge-0]: [r23p] tile 10/400 x=-2352 z=-2672 y_min=-272 y_max=768 us=37745075813
ACTION[Emerge-0]: [r23p] tile 11/400 x=-2272 z=-2672 y_min=-272 y_max=768 us=37747541525
ACTION[Emerge-0]: [r23p] tile 12/400 x=-2192 z=-2672 y_min=-192 y_max=768 us=37749824474
ACTION[Emerge-0]: [r23p] tile 13/400 x=-2112 z=-2672 y_min=-192 y_max=768 us=37752260562
ACTION[Emerge-0]: [r23p] tile 14/400 x=-2032 z=-2672 y_min=-192 y_max=768 us=37754518875
ACTION[Emerge-0]: [r23p] tile 15/400 x=-1952 z=-2672 y_min=-192 y_max=768 us=37756865427
ACTION[Server]: [r23s] t=30.0 completed=15/400
ACTION[Emerge-0]: [r23p] tile 16/400 x=-1872 z=-2672 y_min=-192 y_max=768 us=37759021241
ACTION[Emerge-0]: [r23p] tile 17/400 x=-1792 z=-2672 y_min=-192 y_max=768 us=37760767931
ACTION[Emerge-0]: [r23p] tile 18/400 x=-1712 z=-2672 y_min=-192 y_max=768 us=37763085005
ACTION[Emerge-0]: [r23p] tile 19/400 x=-1632 z=-2672 y_min=-192 y_max=768 us=37765523338
ACTION[Emerge-0]: [r23p] tile 20/400 x=-1552 z=-2672 y_min=-192 y_max=768 us=37768002322
ACTION[Emerge-0]: [r23p] tile 21/400 x=-3072 z=-2592 y_min=-272 y_max=768 us=37769164507
ACTION[Emerge-0]: [r23p] tile 22/400 x=-2992 z=-2592 y_min=-272 y_max=768 us=37770069762
ACTION[Emerge-0]: [r23p] tile 23/400 x=-2912 z=-2592 y_min=-272 y_max=768 us=37771199646
ACTION[Emerge-0]: [r23p] tile 24/400 x=-2832 z=-2592 y_min=-272 y_max=768 us=37772197591
ACTION[Emerge-0]: [r23p] tile 25/400 x=-2752 z=-2592 y_min=-272 y_max=768 us=37773058126
ACTION[Emerge-0]: [r23p] tile 26/400 x=-2672 z=-2592 y_min=-272 y_max=768 us=37774065679
ACTION[Emerge-0]: [r23p] tile 27/400 x=-2592 z=-2592 y_min=-272 y_max=768 us=37775040562
ACTION[Emerge-0]: [r23p] tile 28/400 x=-2512 z=-2592 y_min=-272 y_max=768 us=37776219950
ACTION[Emerge-0]: [r23p] tile 29/400 x=-2432 z=-2592 y_min=-272 y_max=768 us=37777726371
ACTION[Emerge-0]: [r23p] tile 30/400 x=-2352 z=-2592 y_min=-272 y_max=768 us=37779893199
ACTION[Emerge-0]: [r23p] tile 31/400 x=-2272 z=-2592 y_min=-272 y_max=768 us=37782435085
ACTION[Emerge-0]: [r23p] tile 32/400 x=-2192 z=-2592 y_min=-192 y_max=768 us=37784584198
ACTION[Emerge-0]: [r23p] tile 33/400 x=-2112 z=-2592 y_min=-192 y_max=768 us=37787329099
ACTION[Server]: [r23s] t=60.1 completed=33/400
ACTION[Emerge-0]: [r23p] tile 34/400 x=-2032 z=-2592 y_min=-192 y_max=768 us=37790271384
ACTION[Emerge-0]: [r23p] tile 35/400 x=-1952 z=-2592 y_min=-192 y_max=768 us=37792472865
ACTION[Emerge-0]: [r23p] tile 36/400 x=-1872 z=-2592 y_min=-192 y_max=768 us=37793520940
ACTION[Emerge-0]: [r23p] tile 37/400 x=-1792 z=-2592 y_min=-192 y_max=768 us=37794845215
ACTION[Emerge-0]: [r23p] tile 38/400 x=-1712 z=-2592 y_min=-192 y_max=768 us=37796951839
ACTION[Emerge-0]: [r23p] tile 39/400 x=-1632 z=-2592 y_min=-192 y_max=768 us=37799197130
ACTION[Emerge-0]: [r23p] tile 40/400 x=-1552 z=-2592 y_min=-192 y_max=768 us=37801497092
ACTION[Emerge-0]: [r23p] tile 41/400 x=-3072 z=-2512 y_min=-272 y_max=768 us=37802568432
ACTION[Emerge-0]: [r23p] tile 42/400 x=-2992 z=-2512 y_min=-272 y_max=768 us=37803585992
ACTION[Emerge-0]: [r23p] tile 43/400 x=-2912 z=-2512 y_min=-272 y_max=768 us=37804491420
ACTION[Emerge-0]: [r23p] tile 44/400 x=-2832 z=-2512 y_min=-272 y_max=768 us=37805574619
ACTION[Emerge-0]: [r23p] tile 45/400 x=-2752 z=-2512 y_min=-272 y_max=768 us=37806569434
ACTION[Emerge-0]: [r23p] tile 46/400 x=-2672 z=-2512 y_min=-272 y_max=768 us=37807473602
ACTION[Emerge-0]: [r23p] tile 47/400 x=-2592 z=-2512 y_min=-272 y_max=768 us=37808661280
ACTION[Emerge-0]: [r23p] tile 48/400 x=-2512 z=-2512 y_min=-272 y_max=768 us=37809657858
ACTION[Emerge-0]: [r23p] tile 49/400 x=-2432 z=-2512 y_min=-272 y_max=768 us=37810654051
ACTION[Emerge-0]: [r23p] tile 50/400 x=-2352 z=-2512 y_min=-272 y_max=768 us=37813201443
ACTION[Emerge-0]: [r23p] tile 51/400 x=-2272 z=-2512 y_min=-272 y_max=768 us=37815737136
ACTION[Server]: [r23s] t=90.2 completed=51/400
ACTION[Emerge-0]: [r23p] tile 52/400 x=-2192 z=-2512 y_min=-272 y_max=768 us=37818714502
ACTION[Emerge-0]: [r23p] tile 53/400 x=-2112 z=-2512 y_min=-192 y_max=768 us=37821015360
ACTION[Emerge-0]: [r23p] tile 54/400 x=-2032 z=-2512 y_min=-192 y_max=768 us=37823408599
ACTION[Emerge-0]: [r23p] tile 55/400 x=-1952 z=-2512 y_min=-192 y_max=768 us=37826378753
ACTION[Emerge-0]: [r23p] tile 56/400 x=-1872 z=-2512 y_min=-192 y_max=768 us=37827889517
ACTION[Emerge-0]: [r23p] tile 57/400 x=-1792 z=-2512 y_min=-192 y_max=768 us=37829756277
ACTION[Emerge-0]: [r23p] tile 58/400 x=-1712 z=-2512 y_min=-192 y_max=768 us=37831829951
ACTION[Emerge-0]: [r23p] tile 59/400 x=-1632 z=-2512 y_min=-192 y_max=768 us=37833850310
ACTION[Emerge-0]: [r23p] tile 60/400 x=-1552 z=-2512 y_min=-192 y_max=768 us=37835935673
ACTION[Emerge-0]: [r23p] tile 61/400 x=-3072 z=-2432 y_min=-272 y_max=768 us=37837007810
ACTION[Emerge-0]: [r23p] tile 62/400 x=-2992 z=-2432 y_min=-272 y_max=768 us=37837913083
ACTION[Emerge-0]: [r23p] tile 63/400 x=-2912 z=-2432 y_min=-272 y_max=768 us=37838814314
ACTION[Emerge-0]: [r23p] tile 64/400 x=-2832 z=-2432 y_min=-272 y_max=768 us=37839822958
ACTION[Emerge-0]: [r23p] tile 65/400 x=-2752 z=-2432 y_min=-272 y_max=768 us=37840804620
ACTION[Emerge-0]: [r23p] tile 66/400 x=-2672 z=-2432 y_min=-272 y_max=768 us=37841709937
ACTION[Emerge-0]: [r23p] tile 67/400 x=-2592 z=-2432 y_min=-272 y_max=768 us=37842600052
ACTION[Emerge-0]: [r23p] tile 68/400 x=-2512 z=-2432 y_min=-272 y_max=768 us=37843616587
ACTION[Emerge-0]: [r23p] tile 69/400 x=-2432 z=-2432 y_min=-272 y_max=768 us=37844859385
ACTION[Emerge-0]: [r23p] tile 70/400 x=-2352 z=-2432 y_min=-272 y_max=768 us=37847744390
ACTION[Server]: [r23s] t=120.2 completed=70/400
ACTION[Emerge-0]: [r23p] tile 71/400 x=-2272 z=-2432 y_min=-272 y_max=768 us=37850334767
ACTION[Emerge-0]: [r23p] tile 72/400 x=-2192 z=-2432 y_min=-272 y_max=768 us=37853457263
ACTION[Emerge-0]: [r23p] tile 73/400 x=-2112 z=-2432 y_min=-192 y_max=768 us=37855568891
ACTION[Emerge-0]: [r23p] tile 74/400 x=-2032 z=-2432 y_min=-192 y_max=768 us=37857981917
ACTION[Emerge-0]: [r23p] tile 75/400 x=-1952 z=-2432 y_min=-192 y_max=768 us=37860894065
ACTION[Emerge-0]: [r23p] tile 76/400 x=-1872 z=-2432 y_min=-192 y_max=768 us=37863154212
ACTION[Emerge-0]: [r23p] tile 77/400 x=-1792 z=-2432 y_min=-192 y_max=768 us=37865318507
ACTION[Emerge-0]: [r23p] tile 78/400 x=-1712 z=-2432 y_min=-192 y_max=768 us=37867453486
ACTION[Emerge-0]: [r23p] tile 79/400 x=-1632 z=-2432 y_min=-192 y_max=768 us=37869439511
ACTION[Emerge-0]: [r23p] tile 80/400 x=-1552 z=-2432 y_min=-192 y_max=768 us=37871457092
ACTION[Emerge-0]: [r23p] tile 81/400 x=-3072 z=-2352 y_min=-272 y_max=768 us=37872736022
ACTION[Emerge-0]: [r23p] tile 82/400 x=-2992 z=-2352 y_min=-272 y_max=768 us=37873642668
ACTION[Emerge-0]: [r23p] tile 83/400 x=-2912 z=-2352 y_min=-272 y_max=768 us=37874545892
ACTION[Emerge-0]: [r23p] tile 84/400 x=-2832 z=-2352 y_min=-272 y_max=768 us=37875639891
ACTION[Emerge-0]: [r23p] tile 85/400 x=-2752 z=-2352 y_min=-272 y_max=768 us=37876624356
ACTION[Emerge-0]: [r23p] tile 86/400 x=-2672 z=-2352 y_min=-272 y_max=768 us=37877782135
ACTION[Server]: [r23s] t=150.3 completed=86/400
ACTION[Emerge-0]: [r23p] tile 87/400 x=-2592 z=-2352 y_min=-272 y_max=768 us=37878775817
ACTION[Emerge-0]: [r23p] tile 88/400 x=-2512 z=-2352 y_min=-272 y_max=768 us=37879770906
ACTION[Emerge-0]: [r23p] tile 89/400 x=-2432 z=-2352 y_min=-272 y_max=768 us=37880796075
ACTION[Emerge-0]: [r23p] tile 90/400 x=-2352 z=-2352 y_min=-272 y_max=768 us=37882298265
ACTION[Emerge-0]: [r23p] tile 91/400 x=-2272 z=-2352 y_min=-272 y_max=768 us=37885045970
ACTION[Emerge-0]: [r23p] tile 92/400 x=-2192 z=-2352 y_min=-272 y_max=768 us=37888334701
ACTION[Emerge-0]: [r23p] tile 93/400 x=-2112 z=-2352 y_min=-192 y_max=768 us=37890733919
ACTION[Emerge-0]: [r23p] tile 94/400 x=-2032 z=-2352 y_min=-192 y_max=768 us=37893332459
ACTION[Emerge-0]: [r23p] tile 95/400 x=-1952 z=-2352 y_min=-192 y_max=768 us=37896357001
ACTION[Emerge-0]: [r23p] tile 96/400 x=-1872 z=-2352 y_min=-192 y_max=768 us=37898664194
ACTION[Emerge-0]: [r23p] tile 97/400 x=-1792 z=-2352 y_min=-192 y_max=768 us=37901053350
ACTION[Emerge-0]: [r23p] tile 98/400 x=-1712 z=-2352 y_min=-192 y_max=768 us=37903327288
ACTION[Emerge-0]: [r23p] tile 99/400 x=-1632 z=-2352 y_min=-192 y_max=768 us=37905526193
ACTION[Emerge-0]: [r23p] tile 100/400 x=-1552 z=-2352 y_min=-192 y_max=768 us=37907793447
ACTION[Server]: [r23s] t=180.4 completed=100/400
ACTION[Emerge-0]: [r23p] tile 101/400 x=-3072 z=-2272 y_min=-272 y_max=768 us=37908976018
ACTION[Emerge-0]: [r23p] tile 102/400 x=-2992 z=-2272 y_min=-272 y_max=768 us=37909886776
ACTION[Emerge-0]: [r23p] tile 103/400 x=-2912 z=-2272 y_min=-272 y_max=768 us=37910892193
ACTION[Emerge-0]: [r23p] tile 104/400 x=-2832 z=-2272 y_min=-272 y_max=768 us=37911795313
ACTION[Emerge-0]: [r23p] tile 105/400 x=-2752 z=-2272 y_min=-272 y_max=768 us=37912690165
ACTION[Emerge-0]: [r23p] tile 106/400 x=-2672 z=-2272 y_min=-272 y_max=768 us=37913703277
ACTION[Emerge-0]: [r23p] tile 107/400 x=-2592 z=-2272 y_min=-272 y_max=768 us=37914675272
ACTION[Emerge-0]: [r23p] tile 108/400 x=-2512 z=-2272 y_min=-272 y_max=768 us=37915891057
ACTION[Emerge-0]: [r23p] tile 109/400 x=-2432 z=-2272 y_min=-272 y_max=768 us=37916866455
ACTION[Emerge-0]: [r23p] tile 110/400 x=-2352 z=-2272 y_min=-272 y_max=768 us=37917837472
ACTION[Emerge-0]: [r23p] tile 111/400 x=-2272 z=-2272 y_min=-272 y_max=768 us=37920339862
ACTION[Emerge-0]: [r23p] tile 112/400 x=-2192 z=-2272 y_min=-272 y_max=768 us=37923386706
ACTION[Emerge-0]: [r23p] tile 113/400 x=-2112 z=-2272 y_min=-192 y_max=768 us=37925823832
ACTION[Emerge-0]: [r23p] tile 114/400 x=-2032 z=-2272 y_min=-192 y_max=768 us=37928403465
ACTION[Emerge-0]: [r23p] tile 115/400 x=-1952 z=-2272 y_min=-192 y_max=768 us=37931560764
ACTION[Emerge-0]: [r23p] tile 116/400 x=-1872 z=-2272 y_min=-192 y_max=768 us=37934090541
ACTION[Emerge-0]: [r23p] tile 117/400 x=-1792 z=-2272 y_min=-192 y_max=768 us=37936468135
ACTION[Server]: [r23s] t=210.4 completed=117/400
ACTION[Emerge-0]: [r23p] tile 118/400 x=-1712 z=-2272 y_min=-192 y_max=768 us=37938724290
ACTION[Emerge-0]: [r23p] tile 119/400 x=-1632 z=-2272 y_min=-192 y_max=768 us=37940890723
ACTION[Emerge-0]: [r23p] tile 120/400 x=-1552 z=-2272 y_min=-192 y_max=768 us=37943055588
ACTION[Emerge-0]: [r23p] tile 121/400 x=-3072 z=-2192 y_min=-272 y_max=768 us=37944231889
ACTION[Emerge-0]: [r23p] tile 122/400 x=-2992 z=-2192 y_min=-272 y_max=768 us=37945137342
ACTION[Emerge-0]: [r23p] tile 123/400 x=-2912 z=-2192 y_min=-272 y_max=768 us=37946042410
ACTION[Emerge-0]: [r23p] tile 124/400 x=-2832 z=-2192 y_min=-272 y_max=768 us=37947182831
ACTION[Emerge-0]: [r23p] tile 125/400 x=-2752 z=-2192 y_min=-272 y_max=768 us=37948176801
ACTION[Emerge-0]: [r23p] tile 126/400 x=-2672 z=-2192 y_min=-272 y_max=768 us=37949193781
ACTION[Emerge-0]: [r23p] tile 127/400 x=-2592 z=-2192 y_min=-272 y_max=768 us=37950166335
ACTION[Emerge-0]: [r23p] tile 128/400 x=-2512 z=-2192 y_min=-272 y_max=768 us=37951280352
ACTION[Emerge-0]: [r23p] tile 129/400 x=-2432 z=-2192 y_min=-272 y_max=768 us=37952402078
ACTION[Emerge-0]: [r23p] tile 130/400 x=-2352 z=-2192 y_min=-272 y_max=768 us=37953441340
ACTION[Emerge-0]: [r23p] tile 131/400 x=-2272 z=-2192 y_min=-272 y_max=768 us=37955425491
ACTION[Emerge-0]: [r23p] tile 132/400 x=-2192 z=-2192 y_min=-272 y_max=768 us=37957501156
ACTION[Emerge-0]: [r23p] tile 133/400 x=-2112 z=-2192 y_min=-192 y_max=768 us=37959329225
ACTION[Emerge-0]: [r23p] tile 134/400 x=-2032 z=-2192 y_min=-192 y_max=768 us=37961922257
ACTION[Emerge-0]: [r23p] tile 135/400 x=-1952 z=-2192 y_min=-192 y_max=768 us=37964262785
ACTION[Emerge-0]: [r23p] tile 136/400 x=-1872 z=-2192 y_min=-192 y_max=768 us=37967358424
ACTION[Server]: [r23s] t=240.5 completed=136/400
ACTION[Emerge-0]: [r23p] tile 137/400 x=-1792 z=-2192 y_min=-192 y_max=768 us=37969678250
ACTION[Emerge-0]: [r23p] tile 138/400 x=-1712 z=-2192 y_min=-192 y_max=768 us=37971870388
ACTION[Emerge-0]: [r23p] tile 139/400 x=-1632 z=-2192 y_min=-192 y_max=768 us=37974125511
ACTION[Emerge-0]: [r23p] tile 140/400 x=-1552 z=-2192 y_min=-192 y_max=768 us=37976308968
ACTION[Emerge-0]: [r23p] tile 141/400 x=-3072 z=-2112 y_min=-272 y_max=768 us=37977376440
ACTION[Emerge-0]: [r23p] tile 142/400 x=-2992 z=-2112 y_min=-272 y_max=768 us=37978282228
ACTION[Emerge-0]: [r23p] tile 143/400 x=-2912 z=-2112 y_min=-272 y_max=768 us=37979338199
ACTION[Emerge-0]: [r23p] tile 144/400 x=-2832 z=-2112 y_min=-272 y_max=768 us=37980346197
ACTION[Emerge-0]: [r23p] tile 145/400 x=-2752 z=-2112 y_min=-272 y_max=768 us=37981347680
ACTION[Emerge-0]: [r23p] tile 146/400 x=-2672 z=-2112 y_min=-272 y_max=768 us=37982356458
ACTION[Emerge-0]: [r23p] tile 147/400 x=-2592 z=-2112 y_min=-272 y_max=768 us=37983354059
ACTION[Emerge-0]: [r23p] tile 148/400 x=-2512 z=-2112 y_min=-272 y_max=768 us=37984502210
ACTION[Emerge-0]: [r23p] tile 149/400 x=-2432 z=-2112 y_min=-272 y_max=768 us=37985347094
ACTION[Emerge-0]: [r23p] tile 150/400 x=-2352 z=-2112 y_min=-272 y_max=768 us=37986366361
ACTION[Emerge-0]: [r23p] tile 151/400 x=-2272 z=-2112 y_min=-272 y_max=768 us=37988507980
ACTION[Emerge-0]: [r23p] tile 152/400 x=-2192 z=-2112 y_min=-272 y_max=768 us=37990547247
ACTION[Emerge-0]: [r23p] tile 153/400 x=-2112 z=-2112 y_min=-192 y_max=768 us=37992188173
ACTION[Emerge-0]: [r23p] tile 154/400 x=-2032 z=-2112 y_min=-192 y_max=768 us=37994318376
ACTION[Emerge-0]: [r23p] tile 155/400 x=-1952 z=-2112 y_min=-192 y_max=768 us=37995619374
ACTION[Emerge-0]: [r23p] tile 156/400 x=-1872 z=-2112 y_min=-192 y_max=768 us=37996793327
ACTION[Server]: [r23s] t=270.6 completed=156/400
ACTION[Emerge-0]: [r23p] tile 157/400 x=-1792 z=-2112 y_min=-192 y_max=768 us=37998755448
ACTION[Emerge-0]: [r23p] tile 158/400 x=-1712 z=-2112 y_min=-192 y_max=768 us=38001291810
ACTION[Emerge-0]: [r23p] tile 159/400 x=-1632 z=-2112 y_min=-192 y_max=768 us=38002705594
ACTION[Emerge-0]: [r23p] tile 160/400 x=-1552 z=-2112 y_min=-192 y_max=768 us=38004466122
ACTION[Emerge-0]: [r23p] tile 161/400 x=-3072 z=-2032 y_min=-272 y_max=768 us=38005636396
ACTION[Emerge-0]: [r23p] tile 162/400 x=-2992 z=-2032 y_min=-272 y_max=768 us=38006666348
ACTION[Emerge-0]: [r23p] tile 163/400 x=-2912 z=-2032 y_min=-272 y_max=768 us=38007467298
ACTION[Emerge-0]: [r23p] tile 164/400 x=-2832 z=-2032 y_min=-272 y_max=768 us=38008657424
ACTION[Emerge-0]: [r23p] tile 165/400 x=-2752 z=-2032 y_min=-272 y_max=768 us=38009549219
ACTION[Emerge-0]: [r23p] tile 166/400 x=-2672 z=-2032 y_min=-272 y_max=768 us=38010632306
ACTION[Emerge-0]: [r23p] tile 167/400 x=-2592 z=-2032 y_min=-272 y_max=768 us=38011783685
ACTION[Emerge-0]: [r23p] tile 168/400 x=-2512 z=-2032 y_min=-272 y_max=768 us=38012816202
ACTION[Emerge-0]: [r23p] tile 169/400 x=-2432 z=-2032 y_min=-272 y_max=768 us=38013677535
ACTION[Emerge-0]: [r23p] tile 170/400 x=-2352 z=-2032 y_min=-272 y_max=768 us=38015024209
ACTION[Emerge-0]: [r23p] tile 171/400 x=-2272 z=-2032 y_min=-272 y_max=768 us=38018343230
ACTION[Emerge-0]: [r23p] tile 172/400 x=-2192 z=-2032 y_min=-272 y_max=768 us=38020844069
ACTION[Emerge-0]: [r23p] tile 173/400 x=-2112 z=-2032 y_min=-192 y_max=768 us=38023150677
ACTION[Emerge-0]: [r23p] tile 174/400 x=-2032 z=-2032 y_min=-192 y_max=768 us=38025257004
ACTION[Emerge-0]: [r23p] tile 175/400 x=-1952 z=-2032 y_min=-192 y_max=768 us=38026613541
ACTION[Emerge-0]: [r23p] tile 176/400 x=-1872 z=-2032 y_min=-192 y_max=768 us=38027915556
ACTION[Server]: [r23s] t=300.6 completed=176/400
ACTION[Emerge-0]: [r23p] tile 177/400 x=-1792 z=-2032 y_min=-192 y_max=768 us=38029843954
ACTION[Emerge-0]: [r23p] tile 178/400 x=-1712 z=-2032 y_min=-192 y_max=768 us=38032028872
ACTION[Emerge-0]: [r23p] tile 179/400 x=-1632 z=-2032 y_min=-192 y_max=768 us=38034076522
ACTION[Emerge-0]: [r23p] tile 180/400 x=-1552 z=-2032 y_min=-192 y_max=768 us=38036210378
ACTION[Emerge-0]: [r23p] tile 181/400 x=-3072 z=-1952 y_min=-272 y_max=768 us=38037377514
ACTION[Emerge-0]: [r23p] tile 182/400 x=-2992 z=-1952 y_min=-272 y_max=768 us=38038310339
ACTION[Emerge-0]: [r23p] tile 183/400 x=-2912 z=-1952 y_min=-272 y_max=768 us=38039216105
ACTION[Emerge-0]: [r23p] tile 184/400 x=-2832 z=-1952 y_min=-272 y_max=768 us=38040108679
ACTION[Emerge-0]: [r23p] tile 185/400 x=-2752 z=-1952 y_min=-272 y_max=768 us=38041154826
ACTION[Emerge-0]: [r23p] tile 186/400 x=-2672 z=-1952 y_min=-272 y_max=768 us=38042029711
ACTION[Emerge-0]: [r23p] tile 187/400 x=-2592 z=-1952 y_min=-272 y_max=768 us=38043283925
ACTION[Emerge-0]: [r23p] tile 188/400 x=-2512 z=-1952 y_min=-272 y_max=768 us=38044300226
ACTION[Emerge-0]: [r23p] tile 189/400 x=-2432 z=-1952 y_min=-272 y_max=768 us=38045278296
ACTION[Emerge-0]: [r23p] tile 190/400 x=-2352 z=-1952 y_min=-272 y_max=768 us=38047715369
ACTION[Emerge-0]: [r23p] tile 191/400 x=-2272 z=-1952 y_min=-272 y_max=768 us=38050356134
ACTION[Emerge-0]: [r23p] tile 192/400 x=-2192 z=-1952 y_min=-272 y_max=768 us=38053156394
ACTION[Emerge-0]: [r23p] tile 193/400 x=-2112 z=-1952 y_min=-192 y_max=768 us=38056074978
ACTION[Emerge-0]: [r23p] tile 194/400 x=-2032 z=-1952 y_min=-192 y_max=768 us=38058123507
ACTION[Server]: [r23s] t=330.6 completed=194/400
ACTION[Emerge-0]: [r23p] tile 195/400 x=-1952 z=-1952 y_min=-192 y_max=768 us=38060196003
ACTION[Emerge-0]: [r23p] tile 196/400 x=-1872 z=-1952 y_min=-192 y_max=768 us=38062245260
ACTION[Emerge-0]: [r23p] tile 197/400 x=-1792 z=-1952 y_min=-192 y_max=768 us=38064230684
ACTION[Emerge-0]: [r23p] tile 198/400 x=-1712 z=-1952 y_min=-192 y_max=768 us=38066280523
ACTION[Emerge-0]: [r23p] tile 199/400 x=-1632 z=-1952 y_min=-192 y_max=768 us=38068478248
ACTION[Emerge-0]: [r23p] tile 200/400 x=-1552 z=-1952 y_min=-192 y_max=768 us=38070733357
ACTION[Emerge-0]: [r23p] tile 201/400 x=-3072 z=-1872 y_min=-272 y_max=768 us=38071907142
ACTION[Emerge-0]: [r23p] tile 202/400 x=-2992 z=-1872 y_min=-272 y_max=768 us=38072815744
ACTION[Emerge-0]: [r23p] tile 203/400 x=-2912 z=-1872 y_min=-272 y_max=768 us=38073719234
ACTION[Emerge-0]: [r23p] tile 204/400 x=-2832 z=-1872 y_min=-272 y_max=768 us=38074765618
ACTION[Emerge-0]: [r23p] tile 205/400 x=-2752 z=-1872 y_min=-272 y_max=768 us=38075777970
ACTION[Emerge-0]: [r23p] tile 206/400 x=-2672 z=-1872 y_min=-272 y_max=768 us=38076802767
ACTION[Emerge-0]: [r23p] tile 207/400 x=-2592 z=-1872 y_min=-272 y_max=768 us=38077678158
ACTION[Emerge-0]: [r23p] tile 208/400 x=-2512 z=-1872 y_min=-272 y_max=768 us=38078823734
ACTION[Emerge-0]: [r23p] tile 209/400 x=-2432 z=-1872 y_min=-272 y_max=768 us=38080048463
ACTION[Emerge-0]: [r23p] tile 210/400 x=-2352 z=-1872 y_min=-272 y_max=768 us=38082343560
ACTION[Emerge-0]: [r23p] tile 211/400 x=-2272 z=-1872 y_min=-272 y_max=768 us=38085321954
ACTION[Emerge-0]: [r23p] tile 212/400 x=-2192 z=-1872 y_min=-272 y_max=768 us=38087919560
ACTION[Server]: [r23s] t=360.6 completed=212/400
ACTION[Emerge-0]: [r23p] tile 213/400 x=-2112 z=-1872 y_min=-192 y_max=768 us=38090895618
ACTION[Emerge-0]: [r23p] tile 214/400 x=-2032 z=-1872 y_min=-192 y_max=768 us=38092913030
ACTION[Emerge-0]: [r23p] tile 215/400 x=-1952 z=-1872 y_min=-192 y_max=768 us=38095064221
ACTION[Emerge-0]: [r23p] tile 216/400 x=-1872 z=-1872 y_min=-192 y_max=768 us=38097057201
ACTION[Emerge-0]: [r23p] tile 217/400 x=-1792 z=-1872 y_min=-192 y_max=768 us=38099128446
ACTION[Emerge-0]: [r23p] tile 218/400 x=-1712 z=-1872 y_min=-192 y_max=768 us=38101112961
ACTION[Emerge-0]: [r23p] tile 219/400 x=-1632 z=-1872 y_min=-192 y_max=768 us=38103196209
ACTION[Emerge-0]: [r23p] tile 220/400 x=-1552 z=-1872 y_min=-192 y_max=768 us=38105393198
ACTION[Emerge-0]: [r23p] tile 221/400 x=-3072 z=-1792 y_min=-272 y_max=768 us=38106568061
ACTION[Emerge-0]: [r23p] tile 222/400 x=-2992 z=-1792 y_min=-272 y_max=768 us=38107593873
ACTION[Emerge-0]: [r23p] tile 223/400 x=-2912 z=-1792 y_min=-272 y_max=768 us=38108493898
ACTION[Emerge-0]: [r23p] tile 224/400 x=-2832 z=-1792 y_min=-272 y_max=768 us=38109397745
ACTION[Emerge-0]: [r23p] tile 225/400 x=-2752 z=-1792 y_min=-272 y_max=768 us=38110392092
ACTION[Emerge-0]: [r23p] tile 226/400 x=-2672 z=-1792 y_min=-272 y_max=768 us=38111296403
ACTION[Emerge-0]: [r23p] tile 227/400 x=-2592 z=-1792 y_min=-272 y_max=768 us=38112200710
ACTION[Emerge-0]: [r23p] tile 228/400 x=-2512 z=-1792 y_min=-272 y_max=768 us=38113363394
ACTION[Emerge-0]: [r23p] tile 229/400 x=-2432 z=-1792 y_min=-272 y_max=768 us=38115257423
ACTION[Emerge-0]: [r23p] tile 230/400 x=-2352 z=-1792 y_min=-272 y_max=768 us=38118287402
ACTION[Server]: [r23s] t=390.7 completed=230/400
ACTION[Emerge-0]: [r23p] tile 231/400 x=-2272 z=-1792 y_min=-272 y_max=768 us=38121553676
ACTION[Emerge-0]: [r23p] tile 232/400 x=-2192 z=-1792 y_min=-272 y_max=768 us=38124159727
ACTION[Emerge-0]: [r23p] tile 233/400 x=-2112 z=-1792 y_min=-192 y_max=768 us=38127180411
ACTION[Emerge-0]: [r23p] tile 234/400 x=-2032 z=-1792 y_min=-192 y_max=768 us=38129257400
ACTION[Emerge-0]: [r23p] tile 235/400 x=-1952 z=-1792 y_min=-192 y_max=768 us=38131241977
ACTION[Emerge-0]: [r23p] tile 236/400 x=-1872 z=-1792 y_min=-192 y_max=768 us=38133257667
ACTION[Emerge-0]: [r23p] tile 237/400 x=-1792 z=-1792 y_min=-192 y_max=768 us=38135186196
ACTION[Emerge-0]: [r23p] tile 238/400 x=-1712 z=-1792 y_min=-192 y_max=768 us=38137172270
ACTION[Emerge-0]: [r23p] tile 239/400 x=-1632 z=-1792 y_min=-192 y_max=768 us=38139368054
ACTION[Emerge-0]: [r23p] tile 240/400 x=-1552 z=-1792 y_min=-192 y_max=768 us=38141732131
ACTION[Emerge-0]: [r23p] tile 241/400 x=-3072 z=-1712 y_min=-272 y_max=768 us=38142798173
ACTION[Emerge-0]: [r23p] tile 242/400 x=-2992 z=-1712 y_min=-272 y_max=768 us=38143704476
ACTION[Emerge-0]: [r23p] tile 243/400 x=-2912 z=-1712 y_min=-272 y_max=768 us=38144740285
ACTION[Emerge-0]: [r23p] tile 244/400 x=-2832 z=-1712 y_min=-272 y_max=768 us=38145644546
ACTION[Emerge-0]: [r23p] tile 245/400 x=-2752 z=-1712 y_min=-272 y_max=768 us=38146548084
ACTION[Emerge-0]: [r23p] tile 246/400 x=-2672 z=-1712 y_min=-272 y_max=768 us=38147452494
ACTION[Emerge-0]: [r23p] tile 247/400 x=-2592 z=-1712 y_min=-272 y_max=768 us=38148357348
ACTION[Server]: [r23s] t=420.7 completed=247/400
ACTION[Emerge-0]: [r23p] tile 248/400 x=-2512 z=-1712 y_min=-272 y_max=768 us=38149352112
ACTION[Emerge-0]: [r23p] tile 249/400 x=-2432 z=-1712 y_min=-272 y_max=768 us=38151318967
ACTION[Emerge-0]: [r23p] tile 250/400 x=-2352 z=-1712 y_min=-272 y_max=768 us=38153881945
ACTION[Emerge-0]: [r23p] tile 251/400 x=-2272 z=-1712 y_min=-272 y_max=768 us=38156971229
ACTION[Emerge-0]: [r23p] tile 252/400 x=-2192 z=-1712 y_min=-272 y_max=768 us=38159622939
ACTION[Emerge-0]: [r23p] tile 253/400 x=-2112 z=-1712 y_min=-192 y_max=768 us=38162755902
ACTION[Emerge-0]: [r23p] tile 254/400 x=-2032 z=-1712 y_min=-192 y_max=768 us=38164923925
ACTION[Emerge-0]: [r23p] tile 255/400 x=-1952 z=-1712 y_min=-192 y_max=768 us=38166400927
ACTION[Emerge-0]: [r23p] tile 256/400 x=-1872 z=-1712 y_min=-192 y_max=768 us=38167665667
ACTION[Emerge-0]: [r23p] tile 257/400 x=-1792 z=-1712 y_min=-192 y_max=768 us=38169032437
ACTION[Emerge-0]: [r23p] tile 258/400 x=-1712 z=-1712 y_min=-192 y_max=768 us=38170793767
ACTION[Emerge-0]: [r23p] tile 259/400 x=-1632 z=-1712 y_min=-192 y_max=768 us=38172895575
ACTION[Emerge-0]: [r23p] tile 260/400 x=-1552 z=-1712 y_min=-192 y_max=768 us=38175292157
ACTION[Emerge-0]: [r23p] tile 261/400 x=-3072 z=-1632 y_min=-272 y_max=768 us=38176355943
ACTION[Emerge-0]: [r23p] tile 262/400 x=-2992 z=-1632 y_min=-272 y_max=768 us=38177420302
ACTION[Emerge-0]: [r23p] tile 263/400 x=-2912 z=-1632 y_min=-272 y_max=768 us=38178531153
ACTION[Server]: [r23s] t=450.8 completed=263/400
ACTION[Emerge-0]: [r23p] tile 264/400 x=-2832 z=-1632 y_min=-272 y_max=768 us=38179409785
ACTION[Emerge-0]: [r23p] tile 265/400 x=-2752 z=-1632 y_min=-272 y_max=768 us=38180429206
ACTION[Emerge-0]: [r23p] tile 266/400 x=-2672 z=-1632 y_min=-272 y_max=768 us=38181439986
ACTION[Emerge-0]: [r23p] tile 267/400 x=-2592 z=-1632 y_min=-272 y_max=768 us=38182758985
ACTION[Emerge-0]: [r23p] tile 268/400 x=-2512 z=-1632 y_min=-272 y_max=768 us=38184180760
ACTION[Emerge-0]: [r23p] tile 269/400 x=-2432 z=-1632 y_min=-272 y_max=768 us=38185571054
ACTION[Emerge-0]: [r23p] tile 270/400 x=-2352 z=-1632 y_min=-272 y_max=768 us=38187703733
ACTION[Emerge-0]: [r23p] tile 271/400 x=-2272 z=-1632 y_min=-272 y_max=768 us=38190504302
ACTION[Emerge-0]: [r23p] tile 272/400 x=-2192 z=-1632 y_min=-192 y_max=768 us=38193152671
ACTION[Emerge-0]: [r23p] tile 273/400 x=-2112 z=-1632 y_min=-192 y_max=768 us=38195711978
ACTION[Emerge-0]: [r23p] tile 274/400 x=-2032 z=-1632 y_min=-192 y_max=768 us=38197607369
ACTION[Emerge-0]: [r23p] tile 275/400 x=-1952 z=-1632 y_min=-192 y_max=768 us=38198876673
ACTION[Emerge-0]: [r23p] tile 276/400 x=-1872 z=-1632 y_min=-192 y_max=768 us=38200710272
ACTION[Emerge-0]: [r23p] tile 277/400 x=-1792 z=-1632 y_min=-192 y_max=768 us=38202304832
ACTION[Emerge-0]: [r23p] tile 278/400 x=-1712 z=-1632 y_min=-192 y_max=768 us=38203583581
ACTION[Emerge-0]: [r23p] tile 279/400 x=-1632 z=-1632 y_min=-192 y_max=768 us=38205661265
ACTION[Emerge-0]: [r23p] tile 280/400 x=-1552 z=-1632 y_min=-192 y_max=768 us=38207951981
ACTION[Server]: [r23s] t=480.8 completed=280/400
ACTION[Emerge-0]: [r23p] tile 281/400 x=-3072 z=-1552 y_min=-272 y_max=768 us=38209229705
ACTION[Emerge-0]: [r23p] tile 282/400 x=-2992 z=-1552 y_min=-272 y_max=768 us=38210138046
ACTION[Emerge-0]: [r23p] tile 283/400 x=-2912 z=-1552 y_min=-272 y_max=768 us=38211041934
ACTION[Emerge-0]: [r23p] tile 284/400 x=-2832 z=-1552 y_min=-272 y_max=768 us=38212165027
ACTION[Emerge-0]: [r23p] tile 285/400 x=-2752 z=-1552 y_min=-272 y_max=768 us=38213109807
ACTION[Emerge-0]: [r23p] tile 286/400 x=-2672 z=-1552 y_min=-272 y_max=768 us=38214164081
ACTION[Emerge-0]: [r23p] tile 287/400 x=-2592 z=-1552 y_min=-272 y_max=768 us=38215700584
ACTION[Emerge-0]: [r23p] tile 288/400 x=-2512 z=-1552 y_min=-272 y_max=768 us=38217507240
ACTION[Emerge-0]: [r23p] tile 289/400 x=-2432 z=-1552 y_min=-272 y_max=768 us=38219225324
ACTION[Emerge-0]: [r23p] tile 290/400 x=-2352 z=-1552 y_min=-272 y_max=768 us=38221739315
ACTION[Emerge-0]: [r23p] tile 291/400 x=-2272 z=-1552 y_min=-272 y_max=768 us=38224647520
ACTION[Emerge-0]: [r23p] tile 292/400 x=-2192 z=-1552 y_min=-192 y_max=768 us=38227060690
ACTION[Emerge-0]: [r23p] tile 293/400 x=-2112 z=-1552 y_min=-192 y_max=768 us=38229539078
ACTION[Emerge-0]: [r23p] tile 294/400 x=-2032 z=-1552 y_min=-192 y_max=768 us=38231437495
ACTION[Emerge-0]: [r23p] tile 295/400 x=-1952 z=-1552 y_min=-192 y_max=768 us=38232790582
ACTION[Emerge-0]: [r23p] tile 296/400 x=-1872 z=-1552 y_min=-192 y_max=768 us=38235158531
ACTION[Emerge-0]: [r23p] tile 297/400 x=-1792 z=-1552 y_min=-192 y_max=768 us=38236699683
ACTION[Emerge-0]: [r23p] tile 298/400 x=-1712 z=-1552 y_min=-192 y_max=768 us=38237875244
ACTION[Server]: [r23s] t=510.8 completed=298/400
ACTION[Emerge-0]: [r23p] tile 299/400 x=-1632 z=-1552 y_min=-192 y_max=768 us=38239965448
ACTION[Emerge-0]: [r23p] tile 300/400 x=-1552 z=-1552 y_min=-192 y_max=768 us=38242235036
ACTION[Emerge-0]: [r23p] tile 301/400 x=-3072 z=-1472 y_min=-272 y_max=768 us=38243298808
ACTION[Emerge-0]: [r23p] tile 302/400 x=-2992 z=-1472 y_min=-272 y_max=768 us=38244205726
ACTION[Emerge-0]: [r23p] tile 303/400 x=-2912 z=-1472 y_min=-272 y_max=768 us=38245110382
ACTION[Emerge-0]: [r23p] tile 304/400 x=-2832 z=-1472 y_min=-272 y_max=768 us=38246194848
ACTION[Emerge-0]: [r23p] tile 305/400 x=-2752 z=-1472 y_min=-272 y_max=768 us=38247095831
ACTION[Emerge-0]: [r23p] tile 306/400 x=-2672 z=-1472 y_min=-272 y_max=768 us=38248082085
ACTION[Emerge-0]: [r23p] tile 307/400 x=-2592 z=-1472 y_min=-272 y_max=768 us=38249078620
ACTION[Emerge-0]: [r23p] tile 308/400 x=-2512 z=-1472 y_min=-272 y_max=768 us=38251500516
ACTION[Emerge-0]: [r23p] tile 309/400 x=-2432 z=-1472 y_min=-272 y_max=768 us=38254035095
ACTION[Emerge-0]: [r23p] tile 310/400 x=-2352 z=-1472 y_min=-272 y_max=768 us=38257009929
ACTION[Emerge-0]: [r23p] tile 311/400 x=-2272 z=-1472 y_min=-192 y_max=768 us=38259296423
ACTION[Emerge-0]: [r23p] tile 312/400 x=-2192 z=-1472 y_min=-192 y_max=768 us=38261554093
ACTION[Emerge-0]: [r23p] tile 313/400 x=-2112 z=-1472 y_min=-192 y_max=768 us=38264202897
ACTION[Emerge-0]: [r23p] tile 314/400 x=-2032 z=-1472 y_min=-192 y_max=768 us=38266279417
ACTION[Emerge-0]: [r23p] tile 315/400 x=-1952 z=-1472 y_min=-192 y_max=768 us=38267725076
ACTION[Server]: [r23s] t=540.9 completed=315/400
ACTION[Emerge-0]: [r23p] tile 316/400 x=-1872 z=-1472 y_min=-192 y_max=768 us=38270067077
ACTION[Emerge-0]: [r23p] tile 317/400 x=-1792 z=-1472 y_min=-192 y_max=768 us=38271431390
ACTION[Emerge-0]: [r23p] tile 318/400 x=-1712 z=-1472 y_min=-192 y_max=768 us=38272604970
ACTION[Emerge-0]: [r23p] tile 319/400 x=-1632 z=-1472 y_min=-192 y_max=768 us=38274573428
ACTION[Emerge-0]: [r23p] tile 320/400 x=-1552 z=-1472 y_min=-192 y_max=768 us=38276681088
ACTION[Emerge-0]: [r23p] tile 321/400 x=-3072 z=-1392 y_min=-272 y_max=768 us=38277853516
ACTION[Emerge-0]: [r23p] tile 322/400 x=-2992 z=-1392 y_min=-272 y_max=768 us=38278871560
ACTION[Emerge-0]: [r23p] tile 323/400 x=-2912 z=-1392 y_min=-272 y_max=768 us=38279945004
ACTION[Emerge-0]: [r23p] tile 324/400 x=-2832 z=-1392 y_min=-272 y_max=768 us=38280851563
ACTION[Emerge-0]: [r23p] tile 325/400 x=-2752 z=-1392 y_min=-272 y_max=768 us=38281755951
ACTION[Emerge-0]: [r23p] tile 326/400 x=-2672 z=-1392 y_min=-272 y_max=768 us=38282749410
ACTION[Emerge-0]: [r23p] tile 327/400 x=-2592 z=-1392 y_min=-272 y_max=768 us=38284058429
ACTION[Emerge-0]: [r23p] tile 328/400 x=-2512 z=-1392 y_min=-272 y_max=768 us=38286147662
ACTION[Emerge-0]: [r23p] tile 329/400 x=-2432 z=-1392 y_min=-272 y_max=768 us=38288132549
ACTION[Emerge-0]: [r23p] tile 330/400 x=-2352 z=-1392 y_min=-192 y_max=768 us=38290602632
ACTION[Emerge-0]: [r23p] tile 331/400 x=-2272 z=-1392 y_min=-192 y_max=768 us=38292924617
ACTION[Emerge-0]: [r23p] tile 332/400 x=-2192 z=-1392 y_min=-192 y_max=768 us=38295444575
ACTION[Emerge-0]: [r23p] tile 333/400 x=-2112 z=-1392 y_min=-192 y_max=768 us=38297527726
ACTION[Server]: [r23s] t=570.9 completed=333/400
ACTION[Emerge-0]: [r23p] tile 334/400 x=-2032 z=-1392 y_min=-192 y_max=768 us=38299889392
ACTION[Emerge-0]: [r23p] tile 335/400 x=-1952 z=-1392 y_min=-192 y_max=768 us=38301069319
ACTION[Emerge-0]: [r23p] tile 336/400 x=-1872 z=-1392 y_min=-192 y_max=768 us=38302194398
ACTION[Emerge-0]: [r23p] tile 337/400 x=-1792 z=-1392 y_min=-192 y_max=768 us=38303518146
ACTION[Emerge-0]: [r23p] tile 338/400 x=-1712 z=-1392 y_min=-192 y_max=768 us=38305210929
ACTION[Emerge-0]: [r23p] tile 339/400 x=-1632 z=-1392 y_min=-192 y_max=768 us=38308278795
ACTION[Emerge-0]: [r23p] tile 340/400 x=-1552 z=-1392 y_min=-192 y_max=768 us=38310442735
ACTION[Emerge-0]: [r23p] tile 341/400 x=-3072 z=-1312 y_min=-272 y_max=768 us=38311345434
ACTION[Emerge-0]: [r23p] tile 342/400 x=-2992 z=-1312 y_min=-272 y_max=768 us=38312250764
ACTION[Emerge-0]: [r23p] tile 343/400 x=-2912 z=-1312 y_min=-272 y_max=768 us=38313063700
ACTION[Emerge-0]: [r23p] tile 344/400 x=-2832 z=-1312 y_min=-272 y_max=768 us=38313993542
ACTION[Emerge-0]: [r23p] tile 345/400 x=-2752 z=-1312 y_min=-272 y_max=768 us=38314784042
ACTION[Emerge-0]: [r23p] tile 346/400 x=-2672 z=-1312 y_min=-272 y_max=768 us=38315848944
ACTION[Emerge-0]: [r23p] tile 347/400 x=-2592 z=-1312 y_min=-272 y_max=768 us=38316993878
ACTION[Emerge-0]: [r23p] tile 348/400 x=-2512 z=-1312 y_min=-272 y_max=768 us=38318467063
ACTION[Emerge-0]: [r23p] tile 349/400 x=-2432 z=-1312 y_min=-272 y_max=768 us=38319676205
ACTION[Emerge-0]: [r23p] tile 350/400 x=-2352 z=-1312 y_min=-192 y_max=768 us=38321222773
ACTION[Emerge-0]: [r23p] tile 351/400 x=-2272 z=-1312 y_min=-192 y_max=768 us=38323299685
ACTION[Emerge-0]: [r23p] tile 352/400 x=-2192 z=-1312 y_min=-192 y_max=768 us=38325557309
ACTION[Emerge-0]: [r23p] tile 353/400 x=-2112 z=-1312 y_min=-192 y_max=768 us=38327726119
ACTION[Server]: [r23s] t=601.0 completed=353/400
ACTION[Emerge-0]: [r23p] tile 354/400 x=-2032 z=-1312 y_min=-192 y_max=768 us=38329892288
ACTION[Emerge-0]: [r23p] tile 355/400 x=-1952 z=-1312 y_min=-192 y_max=768 us=38331981155
ACTION[Emerge-0]: [r23p] tile 356/400 x=-1872 z=-1312 y_min=-192 y_max=768 us=38334134211
ACTION[Emerge-0]: [r23p] tile 357/400 x=-1792 z=-1312 y_min=-192 y_max=768 us=38336603922
ACTION[Emerge-0]: [r23p] tile 358/400 x=-1712 z=-1312 y_min=-192 y_max=768 us=38338929952
ACTION[Emerge-0]: [r23p] tile 359/400 x=-1632 z=-1312 y_min=-192 y_max=768 us=38341356994
ACTION[Emerge-0]: [r23p] tile 360/400 x=-1552 z=-1312 y_min=-192 y_max=768 us=38344369003
ACTION[Emerge-0]: [r23p] tile 361/400 x=-3072 z=-1232 y_min=-272 y_max=768 us=38345268400
ACTION[Emerge-0]: [r23p] tile 362/400 x=-2992 z=-1232 y_min=-272 y_max=768 us=38346176462
ACTION[Emerge-0]: [r23p] tile 363/400 x=-2912 z=-1232 y_min=-272 y_max=768 us=38347082250
ACTION[Emerge-0]: [r23p] tile 364/400 x=-2832 z=-1232 y_min=-272 y_max=768 us=38348010839
ACTION[Emerge-0]: [r23p] tile 365/400 x=-2752 z=-1232 y_min=-272 y_max=768 us=38348824748
ACTION[Emerge-0]: [r23p] tile 366/400 x=-2672 z=-1232 y_min=-272 y_max=768 us=38349637474
ACTION[Emerge-0]: [r23p] tile 367/400 x=-2592 z=-1232 y_min=-272 y_max=768 us=38350542207
ACTION[Emerge-0]: [r23p] tile 368/400 x=-2512 z=-1232 y_min=-272 y_max=768 us=38352648169
ACTION[Emerge-0]: [r23p] tile 369/400 x=-2432 z=-1232 y_min=-272 y_max=768 us=38355237937
ACTION[Emerge-0]: [r23p] tile 370/400 x=-2352 z=-1232 y_min=-192 y_max=768 us=38357133923
ACTION[Server]: [r23s] t=631.0 completed=370/400
ACTION[Emerge-0]: [r23p] tile 371/400 x=-2272 z=-1232 y_min=-192 y_max=768 us=38359537945
ACTION[Emerge-0]: [r23p] tile 372/400 x=-2192 z=-1232 y_min=-192 y_max=768 us=38362096426
ACTION[Emerge-0]: [r23p] tile 373/400 x=-2112 z=-1232 y_min=-192 y_max=768 us=38364622897
ACTION[Emerge-0]: [r23p] tile 374/400 x=-2032 z=-1232 y_min=-192 y_max=768 us=38367119977
ACTION[Emerge-0]: [r23p] tile 375/400 x=-1952 z=-1232 y_min=-192 y_max=768 us=38369588042
ACTION[Emerge-0]: [r23p] tile 376/400 x=-1872 z=-1232 y_min=-192 y_max=768 us=38372444114
ACTION[Emerge-0]: [r23p] tile 377/400 x=-1792 z=-1232 y_min=-192 y_max=768 us=38374980428
ACTION[Emerge-0]: [r23p] tile 378/400 x=-1712 z=-1232 y_min=-192 y_max=768 us=38378343078
ACTION[Emerge-0]: [r23p] tile 379/400 x=-1632 z=-1232 y_min=-192 y_max=768 us=38380747716
ACTION[Emerge-0]: [r23p] tile 380/400 x=-1552 z=-1232 y_min=-192 y_max=768 us=38383033406
ACTION[Emerge-0]: [r23p] tile 381/400 x=-3072 z=-1152 y_min=-272 y_max=768 us=38383935940
ACTION[Emerge-0]: [r23p] tile 382/400 x=-2992 z=-1152 y_min=-272 y_max=768 us=38384969343
ACTION[Emerge-0]: [r23p] tile 383/400 x=-2912 z=-1152 y_min=-272 y_max=768 us=38385873942
ACTION[Emerge-0]: [r23p] tile 384/400 x=-2832 z=-1152 y_min=-272 y_max=768 us=38386775043
ACTION[Emerge-0]: [r23p] tile 385/400 x=-2752 z=-1152 y_min=-272 y_max=768 us=38387679300
ACTION[Emerge-0]: [r23p] tile 386/400 x=-2672 z=-1152 y_min=-272 y_max=768 us=38388642967
ACTION[Server]: [r23s] t=661.1 completed=386/400
ACTION[Emerge-0]: [r23p] tile 387/400 x=-2592 z=-1152 y_min=-272 y_max=768 us=38389729163
ACTION[Emerge-0]: [r23p] tile 388/400 x=-2512 z=-1152 y_min=-272 y_max=768 us=38392593824
ACTION[Emerge-0]: [r23p] tile 389/400 x=-2432 z=-1152 y_min=-272 y_max=768 us=38395560894
ACTION[Emerge-0]: [r23p] tile 390/400 x=-2352 z=-1152 y_min=-192 y_max=768 us=38398278083
ACTION[Emerge-0]: [r23p] tile 391/400 x=-2272 z=-1152 y_min=-192 y_max=768 us=38401202241
ACTION[Emerge-0]: [r23p] tile 392/400 x=-2192 z=-1152 y_min=-192 y_max=768 us=38404144918
ACTION[Emerge-0]: [r23p] tile 393/400 x=-2112 z=-1152 y_min=-192 y_max=768 us=38407305444
ACTION[Emerge-0]: [r23p] tile 394/400 x=-2032 z=-1152 y_min=-192 y_max=768 us=38410223270
ACTION[Emerge-0]: [r23p] tile 395/400 x=-1952 z=-1152 y_min=-192 y_max=768 us=38413052340
ACTION[Emerge-0]: [r23p] tile 396/400 x=-1872 z=-1152 y_min=-192 y_max=768 us=38416601223
ACTION[Server]: [r23s] t=691.1 completed=396/400
ACTION[Emerge-0]: [r23p] tile 397/400 x=-1792 z=-1152 y_min=-192 y_max=768 us=38419037868
ACTION[Emerge-0]: [r23p] tile 398/400 x=-1712 z=-1152 y_min=-192 y_max=768 us=38421504891
ACTION[Emerge-0]: [r23p] tile 399/400 x=-1632 z=-1152 y_min=-192 y_max=768 us=38423909379
ACTION[Emerge-0]: [r23p] tile 400/400 x=-1552 z=-1152 y_min=-192 y_max=768 us=38426286803
ACTION[Server]: [r23s] stop t=698.4 completed=400/400 ready=true
ACTION[Main]: Server: Shutting down
