mods/BASE/player_api/api.lua
2	[1]	SETGLOBAL	0 -1	; player_api
mods/ENTITIES/grug_projectiles/init.lua
2	[3]	SETGLOBAL	0 -1	; grug_projectiles
mods/ITEMS/grug_gear/init.lua
2	[32]	SETGLOBAL	0 -1	; grug_gear
tools/r9_mounts/mounts_kat.lua
62	[41]	SETGLOBAL	13 -23	; ItemStack
156	[228]	SETGLOBAL	16 -30	; core
174	[257]	SETGLOBAL	16 -61	; vector
180	[258]	SETGLOBAL	16 -67	; player_api
193	[274]	SETGLOBAL	16 -70	; grug_core
197	[281]	SETGLOBAL	16 -75	; grug_visuals
201	[282]	SETGLOBAL	16 -77	; grug_xp
207	[290]	SETGLOBAL	16 -79	; grug_money
218	[301]	SETGLOBAL	16 -82	; grug_factions
224	[303]	SETGLOBAL	16 -87	; grug_mobs
231	[307]	SETGLOBAL	16 -90	; grug_classes
233	[308]	SETGLOBAL	16 -93	; grug_jobs
247	[347]	SETGLOBAL	16 -94	; grug_zones
1286	[564]	SETGLOBAL	52 -94	; grug_zones
1332	[572]	SETGLOBAL	51 -94	; grug_zones
1877	[692]	SETGLOBAL	59 -294	; grug_projectiles
tools/r11_followup/arrow_visual_kat.lua
26	[20]	SETGLOBAL	6 -4	; minetest
162	[63]	SETGLOBAL	8 -53	; vector
233	[106]	SETGLOBAL	13 -62	; core
239	[110]	SETGLOBAL	13 -77	; grug_core
245	[111]	SETGLOBAL	13 -80	; grug_factions
249	[112]	SETGLOBAL	13 -83	; grug_mobs
