cold	16	16	16
trainer	socket	placed	profession_cooking	rightclick_opened
door_facing	door_turned_on_second_tag	line_keeps_first_tag	bench_kept	elder_turned
spare	unplaced	unmarked	walker_ring_5	static_ring_2
nametags	Vale Dwarf	Dur Brannoc Citizen	Highcourt Elder
restart	16	16	0
lost_entities	12	12	12
death_respawn	not_before_due	refilled_after_window
second_gate	no_twin	marker_restored
capital_display	plain_entity	objectref_yaw	configured_once	mob_pending_yaw_preserved
capital	8	8	2	loops_separate	markers_separate
wanderer	24	24	24	10_heartbeats
out_of_range	24	24	no_strike
twins	25	24	claim_refused
census	hearthpine	start	16	16	spare_1
amble	moved_at_22	spots_4_and_4_of_5	spare_reached	10:-16.0/4.0 20:-16.0/4.0 30:-7.8/9.5 40:-5.0/11.3 50:-5.0/11.3 60:-5.0/11.3
amble_blocked	at_least_2_targets_in_40s
no_jump	0	0	model_reproduces_defect
stuck_route	path_at_20	skip_at_45	quiet_after_3_lines	no_snap_in_sight	snap_out_of_sight_after_backoff
noncombatant	declared	installed_on_activate	chained	all_2_defs_correct	prey_unchanged
walker_split	residents_10	walkers_2	share_20.0	idle_a=true idle_b=false idle_c=false idle_d=false idle_e=false idle_f=true forge_work=false bench_work=false shrine_work=false yard_work=false
static_idle	still_after_150s	state_stand
work	smith_work_anim	sit_anim	writes_1_in_120s	swing_7_in_30s	no_path	step_vetoed_120	home_at_9s_unwatched	resumed_when_watched
animation	stand=0..79 walk=168..187 punch=189..198 work=189..198 sit=81..160	work_speed_10
activities	smith=work/default:pick_bronze fish=stand/grug_fishing:rod farm=work/default:shovel_stone chop=work/default:axe_stone tend=stand pray=stand stall=stand sit=sit sweep=walk mine=work/default:pick_bronze brew=stand/default:stick carve=work/default:axe_stone mourn=stand/bow spar=work/sword@1 forage=stand
wave2_activities	mourn_bow_writes_1	spar_grug_gear:sword_bronze	tag_mourn/work	lines_mine,brew,carve,mourn,spar,forage,shade
tag_carrier	elder=Vale Elder walker=Vale Dwarf work=Vale Dwarf	central_observers
restyle_hook	calls_23	start_and_capital	after_install
real_starts	hearthpine=1/6:work_2:ring_4 dawnmere=1/6:work_2:ring_3 silverleaf=1/6:work_2:ring_4 stillgrave=1/6:work_2:ring_3 sunscar=1/6:work_2:ring_3 kapok=1/6:work_2:ring_5	min_walker_ring_3
capital_pending	anchor_latched	outer_trainer_placed
capital_restart	marker_restored_readiness	outer_trainer_placed
capital_direct_outer	socket_block_authenticated	outer_trainer_placed
